app/(dashboard)/dashboard/campaigns/[id]/page.tsx(18,47): error TS2322: Type '{ campaign: CampaignWithStats; stats: CampaignStats | undefined; pricing: CampaignPricing | undefined; deliverables: never[] | CampaignDeliverableResponse[]; performance: CampaignPerformance[]; enrollments: never[] | EnrollmentWithRelations[]; platforms: Platform[]; } | undefined' is not assignable to type '(CampaignWithStats & { stats?: CampaignStats | undefined; pricing?: CampaignPricing | undefined; deliverables?: CampaignDeliverableResponse[] | undefined; performance?: CampaignPerformance[] | undefined; enrollments?: EnrollmentWithRelations[] | undefined; platforms?: Platform[] | undefined; }) | undefined'.
app/(dashboard)/dashboard/products/products-client.tsx(1056,42): error TS2339: Property 'error' does not exist on type 'Result<BulkImportResult>'.
app/(dashboard)/dashboard/products/products-client.tsx(1056,76): error TS2339: Property 'error' does not exist on type 'Result<BulkImportResult>'.
app/(onboarding)/onboarding/page.tsx(233,14): error TS2339: Property 'loadOnboardingDraft' does not exist on type 'typeof import("C:/Users/Shivam Gupta/Downloads/BACKEND+FRONTEND/Hypedrive Brand/features/organizations/actions/onboarding")'.
app/(onboarding)/onboarding/page.tsx(241,40): error TS2307: Cannot find module '@/lib/error-logger-simple' or its corresponding type declarations.
app/(onboarding)/onboarding/page.tsx(262,40): error TS2307: Cannot find module '@/lib/error-logger-simple' or its corresponding type declarations.
app/(onboarding)/onboarding/page.tsx(292,50): error TS2307: Cannot find module '@/lib/error-logger-simple' or its corresponding type declarations.
app/(onboarding)/onboarding/page.tsx(366,14): error TS2339: Property 'saveOnboardingDraft' does not exist on type 'typeof import("C:/Users/Shivam Gupta/Downloads/BACKEND+FRONTEND/Hypedrive Brand/features/organizations/actions/onboarding")'.
app/(onboarding)/onboarding/page.tsx(695,12): error TS2339: Property 'submitOnboarding' does not exist on type 'typeof import("C:/Users/Shivam Gupta/Downloads/BACKEND+FRONTEND/Hypedrive Brand/app/actions/index")'.
app/actions/index.ts(57,2): error TS2724: '"@/features/settings"' has no exported member named 'verifyGST'. Did you mean 'useVerifyGst'?
app/auth/callback/[provider]/page.tsx(60,69): error TS2307: Cannot find module '@/app/actions/auth' or its corresponding type declarations.
app/auth/callback/[provider]/page.tsx(94,42): error TS2307: Cannot find module '@/lib/error-logger-simple' or its corresponding type declarations.
app/global-error.tsx(17,10): error TS2307: Cannot find module '@/lib/error-logger-simple' or its corresponding type declarations.
app/invitations/[id]/accept/page.tsx(40,41): error TS2307: Cannot find module '@/app/actions/auth' or its corresponding type declarations.
app/invitations/[id]/accept/page.tsx(68,52): error TS2307: Cannot find module '@/lib/encore-browser' or its corresponding type declarations.
app/providers.tsx(7,14): error TS2307: Cannot find module '@/lib/debug-navigation' or its corresponding type declarations.
app/reset-password/page.tsx(73,43): error TS2307: Cannot find module '@/app/actions/auth' or its corresponding type declarations.
app/verify-email/page.tsx(31,42): error TS2307: Cannot find module '@/app/actions/auth' or its corresponding type declarations.
components/dashboard/activity-feed.tsx(181,21): error TS7006: Parameter 'activity' implicitly has an 'any' type.
components/dashboard/activity-feed.tsx(244,20): error TS7006: Parameter 'activity' implicitly has an 'any' type.
components/dashboard/activity-feed.tsx(245,20): error TS7053: Element implicitly has an 'any' type because expression of type 'any' can't be used to index type 'Record<OrganizationActivityType, { icon: ElementType<any, keyof IntrinsicElements>; color: string; bgColor: string; }>'.
components/dashboard/novu-preferences.tsx(145,83): error TS2552: Cannot find name 'preferenceId'. Did you mean 'preference'?
components/ui/data-display/charts.tsx(126,54): error TS2322: Type 'readonly LegendPayload[] | undefined' is not assignable to type 'ChartLegendPayload[] | undefined'.
components/ui/data-display/charts.tsx(215,54): error TS2322: Type 'readonly LegendPayload[] | undefined' is not assignable to type 'ChartLegendPayload[] | undefined'.
components/ui/data-display/charts.tsx(349,54): error TS2322: Type 'readonly LegendPayload[] | undefined' is not assignable to type 'ChartLegendPayload[] | undefined'.
components/ui/data-display/charts.tsx(447,54): error TS2322: Type 'readonly LegendPayload[] | undefined' is not assignable to type 'ChartLegendPayload[] | undefined'.
components/ui/data-display/charts.tsx(530,54): error TS2322: Type 'readonly LegendPayload[] | undefined' is not assignable to type 'ChartLegendPayload[] | undefined'.
components/ui/data-display/charts.tsx(592,54): error TS2322: Type 'readonly LegendPayload[] | undefined' is not assignable to type 'ChartLegendPayload[] | undefined'.
components/ui/data-display/index.ts(4,1): error TS2308: Module "./table" has already exported a member named 'Header'. Consider explicitly re-exporting to resolve the ambiguity.
components/ui/data-display/index.ts(4,1): error TS2308: Module "./table" has already exported a member named 'Root'. Consider explicitly re-exporting to resolve the ambiguity.
components/ui/data-display/index.ts(5,1): error TS2308: Module "./table" has already exported a member named 'Root'. Consider explicitly re-exporting to resolve the ambiguity.
components/ui/data-display/index.ts(6,1): error TS2308: Module "./badge" has already exported a member named 'Dot'. Consider explicitly re-exporting to resolve the ambiguity.
components/ui/data-display/index.ts(6,1): error TS2308: Module "./badge" has already exported a member named 'Icon'. Consider explicitly re-exporting to resolve the ambiguity.
components/ui/data-display/index.ts(6,1): error TS2308: Module "./table" has already exported a member named 'Root'. Consider explicitly re-exporting to resolve the ambiguity.
components/ui/data-display/index.ts(7,1): error TS2308: Module "./badge" has already exported a member named 'Icon'. Consider explicitly re-exporting to resolve the ambiguity.
components/ui/data-display/index.ts(7,1): error TS2308: Module "./table" has already exported a member named 'Root'. Consider explicitly re-exporting to resolve the ambiguity.
components/ui/data-display/index.ts(13,1): error TS2308: Module "./table" has already exported a member named 'Root'. Consider explicitly re-exporting to resolve the ambiguity.
components/ui/feedback/index.ts(4,1): error TS2308: Module "./alert" has already exported a member named 'Root'. Consider explicitly re-exporting to resolve the ambiguity.
components/ui/feedback/index.ts(6,1): error TS2308: Module "./alert" has already exported a member named 'Icon'. Consider explicitly re-exporting to resolve the ambiguity.
components/ui/feedback/index.ts(6,1): error TS2308: Module "./alert" has already exported a member named 'Root'. Consider explicitly re-exporting to resolve the ambiguity.
components/ui/feedback/index.ts(7,1): error TS2308: Module "./alert" has already exported a member named 'Icon'. Consider explicitly re-exporting to resolve the ambiguity.
components/ui/feedback/index.ts(7,1): error TS2308: Module "./alert" has already exported a member named 'Root'. Consider explicitly re-exporting to resolve the ambiguity.
components/ui/forms/index.ts(3,1): error TS2308: Module "./input" has already exported a member named 'Root'. Consider explicitly re-exporting to resolve the ambiguity.
components/ui/forms/index.ts(4,1): error TS2308: Module "./input" has already exported a member named 'Root'. Consider explicitly re-exporting to resolve the ambiguity.
components/ui/forms/index.ts(5,1): error TS2308: Module "./input" has already exported a member named 'Root'. Consider explicitly re-exporting to resolve the ambiguity.
components/ui/forms/index.ts(6,1): error TS2308: Module "./select" has already exported a member named 'Group'. Consider explicitly re-exporting to resolve the ambiguity.
components/ui/forms/index.ts(6,1): error TS2308: Module "./select" has already exported a member named 'Item'. Consider explicitly re-exporting to resolve the ambiguity.
components/ui/forms/index.ts(7,1): error TS2308: Module "./input" has already exported a member named 'Root'. Consider explicitly re-exporting to resolve the ambiguity.
components/ui/forms/index.ts(9,1): error TS2308: Module "./input" has already exported a member named 'NumberInput'. Consider explicitly re-exporting to resolve the ambiguity.
components/ui/forms/index.ts(9,1): error TS2308: Module "./input" has already exported a member named 'NumberInputProps'. Consider explicitly re-exporting to resolve the ambiguity.
components/ui/forms/index.ts(10,1): error TS2308: Module "./input" has already exported a member named 'Root'. Consider explicitly re-exporting to resolve the ambiguity.
components/ui/forms/index.ts(12,1): error TS2308: Module "./input" has already exported a member named 'Icon'. Consider explicitly re-exporting to resolve the ambiguity.
components/ui/forms/index.ts(12,1): error TS2308: Module "./input" has already exported a member named 'Root'. Consider explicitly re-exporting to resolve the ambiguity.
components/ui/forms/index.ts(14,1): error TS2308: Module "./input" has already exported a member named 'Root'. Consider explicitly re-exporting to resolve the ambiguity.
components/ui/forms/index.ts(15,1): error TS2308: Module "./input" has already exported a member named 'Root'. Consider explicitly re-exporting to resolve the ambiguity.
components/ui/forms/index.ts(16,1): error TS2308: Module "./input" has already exported a member named 'Root'. Consider explicitly re-exporting to resolve the ambiguity.
components/ui/forms/index.ts(16,1): error TS2308: Module "./slider" has already exported a member named 'Thumb'. Consider explicitly re-exporting to resolve the ambiguity.
components/ui/forms/index.ts(17,1): error TS2308: Module "./input" has already exported a member named 'Root'. Consider explicitly re-exporting to resolve the ambiguity.
components/ui/forms/index.ts(17,1): error TS2308: Module "./select" has already exported a member named 'Group'. Consider explicitly re-exporting to resolve the ambiguity.
components/ui/forms/index.ts(17,1): error TS2308: Module "./select" has already exported a member named 'Separator'. Consider explicitly re-exporting to resolve the ambiguity.
components/ui/forms/index.ts(18,1): error TS2308: Module "./input" has already exported a member named 'Root'. Consider explicitly re-exporting to resolve the ambiguity.
components/ui/forms/index.ts(18,1): error TS2308: Module "./pin-input" has already exported a member named 'Label'. Consider explicitly re-exporting to resolve the ambiguity.
components/ui/layout/index.ts(4,1): error TS2308: Module "./divider" has already exported a member named 'Root'. Consider explicitly re-exporting to resolve the ambiguity.
components/ui/layout/index.ts(5,1): error TS2308: Module "./accordion" has already exported a member named 'Content'. Consider explicitly re-exporting to resolve the ambiguity.
components/ui/layout/index.ts(5,1): error TS2308: Module "./accordion" has already exported a member named 'Header'. Consider explicitly re-exporting to resolve the ambiguity.
components/ui/layout/index.ts(5,1): error TS2308: Module "./accordion" has already exported a member named 'Trigger'. Consider explicitly re-exporting to resolve the ambiguity.
components/ui/layout/index.ts(5,1): error TS2308: Module "./divider" has already exported a member named 'Root'. Consider explicitly re-exporting to resolve the ambiguity.
components/ui/layout/index.ts(6,1): error TS2308: Module "./accordion" has already exported a member named 'Content'. Consider explicitly re-exporting to resolve the ambiguity.
components/ui/layout/index.ts(6,1): error TS2308: Module "./accordion" has already exported a member named 'Header'. Consider explicitly re-exporting to resolve the ambiguity.
components/ui/layout/index.ts(6,1): error TS2308: Module "./accordion" has already exported a member named 'Trigger'. Consider explicitly re-exporting to resolve the ambiguity.
components/ui/layout/index.ts(6,1): error TS2308: Module "./divider" has already exported a member named 'Root'. Consider explicitly re-exporting to resolve the ambiguity.
components/ui/layout/index.ts(6,1): error TS2308: Module "./drawer" has already exported a member named 'Body'. Consider explicitly re-exporting to resolve the ambiguity.
components/ui/layout/index.ts(6,1): error TS2308: Module "./drawer" has already exported a member named 'Close'. Consider explicitly re-exporting to resolve the ambiguity.
components/ui/layout/index.ts(6,1): error TS2308: Module "./drawer" has already exported a member named 'Footer'. Consider explicitly re-exporting to resolve the ambiguity.
components/ui/layout/index.ts(6,1): error TS2308: Module "./drawer" has already exported a member named 'Title'. Consider explicitly re-exporting to resolve the ambiguity.
components/ui/layout/index.ts(7,1): error TS2308: Module "./accordion" has already exported a member named 'Content'. Consider explicitly re-exporting to resolve the ambiguity.
components/ui/layout/index.ts(7,1): error TS2308: Module "./accordion" has already exported a member named 'Header'. Consider explicitly re-exporting to resolve the ambiguity.
components/ui/layout/index.ts(7,1): error TS2308: Module "./accordion" has already exported a member named 'Trigger'. Consider explicitly re-exporting to resolve the ambiguity.
components/ui/layout/index.ts(7,1): error TS2308: Module "./divider" has already exported a member named 'Root'. Consider explicitly re-exporting to resolve the ambiguity.
components/ui/layout/index.ts(7,1): error TS2308: Module "./drawer" has already exported a member named 'Body'. Consider explicitly re-exporting to resolve the ambiguity.
components/ui/layout/index.ts(7,1): error TS2308: Module "./drawer" has already exported a member named 'Close'. Consider explicitly re-exporting to resolve the ambiguity.
components/ui/layout/index.ts(7,1): error TS2308: Module "./drawer" has already exported a member named 'Footer'. Consider explicitly re-exporting to resolve the ambiguity.
components/ui/layout/index.ts(7,1): error TS2308: Module "./drawer" has already exported a member named 'Title'. Consider explicitly re-exporting to resolve the ambiguity.
components/ui/layout/index.ts(7,1): error TS2308: Module "./modal" has already exported a member named 'Description'. Consider explicitly re-exporting to resolve the ambiguity.
components/ui/layout/index.ts(7,1): error TS2308: Module "./modal" has already exported a member named 'Overlay'. Consider explicitly re-exporting to resolve the ambiguity.
components/ui/layout/index.ts(7,1): error TS2308: Module "./modal" has already exported a member named 'Portal'. Consider explicitly re-exporting to resolve the ambiguity.
components/ui/layout/index.ts(8,1): error TS2308: Module "./accordion" has already exported a member named 'Content'. Consider explicitly re-exporting to resolve the ambiguity.
components/ui/layout/index.ts(8,1): error TS2308: Module "./accordion" has already exported a member named 'Header'. Consider explicitly re-exporting to resolve the ambiguity.
components/ui/layout/index.ts(8,1): error TS2308: Module "./accordion" has already exported a member named 'Trigger'. Consider explicitly re-exporting to resolve the ambiguity.
components/ui/layout/index.ts(8,1): error TS2308: Module "./divider" has already exported a member named 'Root'. Consider explicitly re-exporting to resolve the ambiguity.
components/ui/layout/index.ts(8,1): error TS2308: Module "./drawer" has already exported a member named 'Body'. Consider explicitly re-exporting to resolve the ambiguity.
components/ui/layout/index.ts(8,1): error TS2308: Module "./drawer" has already exported a member named 'Title'. Consider explicitly re-exporting to resolve the ambiguity.
components/ui/layout/index.ts(8,1): error TS2308: Module "./modal" has already exported a member named 'Description'. Consider explicitly re-exporting to resolve the ambiguity.
components/ui/layout/index.ts(9,1): error TS2308: Module "./accordion" has already exported a member named 'Content'. Consider explicitly re-exporting to resolve the ambiguity.
components/ui/layout/index.ts(9,1): error TS2308: Module "./accordion" has already exported a member named 'Trigger'. Consider explicitly re-exporting to resolve the ambiguity.
components/ui/layout/index.ts(9,1): error TS2308: Module "./divider" has already exported a member named 'Root'. Consider explicitly re-exporting to resolve the ambiguity.
components/ui/layout/index.ts(9,1): error TS2308: Module "./drawer" has already exported a member named 'Close'. Consider explicitly re-exporting to resolve the ambiguity.
components/ui/layout/index.ts(10,1): error TS2308: Module "./accordion" has already exported a member named 'Arrow'. Consider explicitly re-exporting to resolve the ambiguity.
components/ui/layout/index.ts(10,1): error TS2308: Module "./accordion" has already exported a member named 'Content'. Consider explicitly re-exporting to resolve the ambiguity.
components/ui/layout/index.ts(10,1): error TS2308: Module "./accordion" has already exported a member named 'Item'. Consider explicitly re-exporting to resolve the ambiguity.
components/ui/layout/index.ts(10,1): error TS2308: Module "./accordion" has already exported a member named 'Trigger'. Consider explicitly re-exporting to resolve the ambiguity.
components/ui/layout/index.ts(10,1): error TS2308: Module "./divider" has already exported a member named 'Root'. Consider explicitly re-exporting to resolve the ambiguity.
components/ui/layout/index.ts(10,1): error TS2308: Module "./modal" has already exported a member named 'Portal'. Consider explicitly re-exporting to resolve the ambiguity.
components/ui/layout/index.ts(11,1): error TS2308: Module "./accordion" has already exported a member named 'Content'. Consider explicitly re-exporting to resolve the ambiguity.
components/ui/layout/index.ts(11,1): error TS2308: Module "./accordion" has already exported a member named 'Trigger'. Consider explicitly re-exporting to resolve the ambiguity.
components/ui/layout/index.ts(11,1): error TS2308: Module "./divider" has already exported a member named 'Root'. Consider explicitly re-exporting to resolve the ambiguity.
components/ui/layout/index.ts(12,1): error TS2308: Module "./accordion" has already exported a member named 'Content'. Consider explicitly re-exporting to resolve the ambiguity.
components/ui/layout/index.ts(12,1): error TS2308: Module "./accordion" has already exported a member named 'Item'. Consider explicitly re-exporting to resolve the ambiguity.
components/ui/layout/index.ts(12,1): error TS2308: Module "./divider" has already exported a member named 'Root'. Consider explicitly re-exporting to resolve the ambiguity.
components/ui/navigation/index.ts(3,1): error TS2308: Module "./breadcrumb" has already exported a member named 'Item'. Consider explicitly re-exporting to resolve the ambiguity.
components/ui/navigation/index.ts(3,1): error TS2308: Module "./breadcrumb" has already exported a member named 'Root'. Consider explicitly re-exporting to resolve the ambiguity.
components/ui/navigation/index.ts(4,1): error TS2308: Module "./breadcrumb" has already exported a member named 'ArrowIcon'. Consider explicitly re-exporting to resolve the ambiguity.
components/ui/navigation/index.ts(4,1): error TS2308: Module "./breadcrumb" has already exported a member named 'Icon'. Consider explicitly re-exporting to resolve the ambiguity.
components/ui/navigation/index.ts(4,1): error TS2308: Module "./breadcrumb" has already exported a member named 'Root'. Consider explicitly re-exporting to resolve the ambiguity.
components/ui/navigation/index.ts(5,1): error TS2308: Module "./breadcrumb" has already exported a member named 'ArrowIcon'. Consider explicitly re-exporting to resolve the ambiguity.
components/ui/navigation/index.ts(5,1): error TS2308: Module "./breadcrumb" has already exported a member named 'Icon'. Consider explicitly re-exporting to resolve the ambiguity.
components/ui/navigation/index.ts(5,1): error TS2308: Module "./breadcrumb" has already exported a member named 'Root'. Consider explicitly re-exporting to resolve the ambiguity.
components/ui/navigation/index.ts(5,1): error TS2308: Module "./tab-menu-horizontal" has already exported a member named 'Content'. Consider explicitly re-exporting to resolve the ambiguity.
components/ui/navigation/index.ts(5,1): error TS2308: Module "./tab-menu-horizontal" has already exported a member named 'List'. Consider explicitly re-exporting to resolve the ambiguity.
components/ui/navigation/index.ts(5,1): error TS2308: Module "./tab-menu-horizontal" has already exported a member named 'Trigger'. Consider explicitly re-exporting to resolve the ambiguity.
components/ui/navigation/index.ts(6,1): error TS2308: Module "./breadcrumb" has already exported a member named 'Item'. Consider explicitly re-exporting to resolve the ambiguity.
components/ui/navigation/index.ts(6,1): error TS2308: Module "./tab-menu-horizontal" has already exported a member named 'List'. Consider explicitly re-exporting to resolve the ambiguity.
components/ui/navigation/index.ts(8,1): error TS2308: Module "./breadcrumb" has already exported a member named 'Root'. Consider explicitly re-exporting to resolve the ambiguity.
components/ui/navigation/index.ts(8,1): error TS2308: Module "./command-menu" has already exported a member named 'Footer'. Consider explicitly re-exporting to resolve the ambiguity.
components/ui/navigation/index.ts(8,1): error TS2308: Module "./tab-menu-horizontal" has already exported a member named 'Content'. Consider explicitly re-exporting to resolve the ambiguity.
components/ui/navigation/index.ts(9,1): error TS2308: Module "./breadcrumb" has already exported a member named 'Root'. Consider explicitly re-exporting to resolve the ambiguity.
components/ui/navigation/index.ts(10,1): error TS2308: Module "./breadcrumb" has already exported a member named 'Root'. Consider explicitly re-exporting to resolve the ambiguity.
components/ui/navigation/index.ts(10,1): error TS2308: Module "./command-menu" has already exported a member named 'Footer'. Consider explicitly re-exporting to resolve the ambiguity.
components/ui/navigation/index.ts(10,1): error TS2308: Module "./sidebar-navigation" has already exported a member named 'Header'. Consider explicitly re-exporting to resolve the ambiguity.
components/ui/navigation/index.ts(10,1): error TS2308: Module "./tab-menu-horizontal" has already exported a member named 'Content'. Consider explicitly re-exporting to resolve the ambiguity.
components/ui/navigation/index.ts(10,1): error TS2308: Module "./tab-menu-horizontal" has already exported a member named 'Trigger'. Consider explicitly re-exporting to resolve the ambiguity.
components/ui/navigation/slideout-menu.tsx(9,32): error TS2307: Cannot find module '@/components/ui/compact-button' or its corresponding type declarations.
components/ui/primitives/account-switcher.tsx(8,36): error TS2307: Cannot find module '@/components/ui/avatar' or its corresponding type declarations.
components/ui/primitives/index.ts(3,1): error TS2308: Module "./button" has already exported a member named 'Icon'. Consider explicitly re-exporting to resolve the ambiguity.
components/ui/primitives/index.ts(3,1): error TS2308: Module "./button" has already exported a member named 'Root'. Consider explicitly re-exporting to resolve the ambiguity.
components/ui/primitives/index.ts(4,1): error TS2308: Module "./button" has already exported a member named 'Icon'. Consider explicitly re-exporting to resolve the ambiguity.
components/ui/primitives/index.ts(4,1): error TS2308: Module "./button" has already exported a member named 'Root'. Consider explicitly re-exporting to resolve the ambiguity.
components/ui/primitives/index.ts(5,1): error TS2308: Module "./button" has already exported a member named 'Icon'. Consider explicitly re-exporting to resolve the ambiguity.
components/ui/primitives/index.ts(5,1): error TS2308: Module "./button" has already exported a member named 'Root'. Consider explicitly re-exporting to resolve the ambiguity.
components/ui/primitives/index.ts(6,1): error TS2308: Module "./button" has already exported a member named 'Icon'. Consider explicitly re-exporting to resolve the ambiguity.
components/ui/primitives/index.ts(6,1): error TS2308: Module "./button" has already exported a member named 'Root'. Consider explicitly re-exporting to resolve the ambiguity.
components/ui/primitives/index.ts(7,1): error TS2308: Module "./button" has already exported a member named 'Icon'. Consider explicitly re-exporting to resolve the ambiguity.
components/ui/primitives/index.ts(7,1): error TS2308: Module "./button" has already exported a member named 'Root'. Consider explicitly re-exporting to resolve the ambiguity.
components/ui/primitives/index.ts(8,1): error TS2308: Module "./button" has already exported a member named 'Root'. Consider explicitly re-exporting to resolve the ambiguity.
components/ui/primitives/index.ts(10,1): error TS2308: Module "./button" has already exported a member named 'Root'. Consider explicitly re-exporting to resolve the ambiguity.
components/ui/primitives/index.ts(10,1): error TS2308: Module "./button-group" has already exported a member named 'Item'. Consider explicitly re-exporting to resolve the ambiguity.
components/ui/primitives/index.ts(11,1): error TS2308: Module "./avatar-group" has already exported a member named 'Overflow'. Consider explicitly re-exporting to resolve the ambiguity.
components/ui/primitives/index.ts(11,1): error TS2308: Module "./button" has already exported a member named 'Root'. Consider explicitly re-exporting to resolve the ambiguity.
components/ui/primitives/index.ts(13,1): error TS2308: Module "./button" has already exported a member named 'Root'. Consider explicitly re-exporting to resolve the ambiguity.
components/ui/primitives/index.ts(14,1): error TS2308: Module "./button" has already exported a member named 'Root'. Consider explicitly re-exporting to resolve the ambiguity.
components/ui/primitives/index.ts(14,1): error TS2308: Module "./button-group" has already exported a member named 'Item'. Consider explicitly re-exporting to resolve the ambiguity.
components/ui/primitives/index.ts(15,1): error TS2308: Module "./button" has already exported a member named 'Root'. Consider explicitly re-exporting to resolve the ambiguity.
components/ui/primitives/index.ts(15,1): error TS2308: Module "./button-group" has already exported a member named 'Item'. Consider explicitly re-exporting to resolve the ambiguity.
components/ui/primitives/index.ts(16,1): error TS2308: Module "./button" has already exported a member named 'Root'. Consider explicitly re-exporting to resolve the ambiguity.
components/ui/primitives/index.ts(16,1): error TS2308: Module "./button-group" has already exported a member named 'Item'. Consider explicitly re-exporting to resolve the ambiguity.
components/ui/primitives/index.ts(16,1): error TS2308: Module "./horizontal-stepper" has already exported a member named 'ItemIndicator'. Consider explicitly re-exporting to resolve the ambiguity.
components/ui/primitives/index.ts(17,1): error TS2308: Module "./button" has already exported a member named 'Root'. Consider explicitly re-exporting to resolve the ambiguity.
components/ui/primitives/index.ts(18,1): error TS2308: Module "./button" has already exported a member named 'Root'. Consider explicitly re-exporting to resolve the ambiguity.
components/ui/primitives/index.ts(21,1): error TS2308: Module "./button" has already exported a member named 'Root'. Consider explicitly re-exporting to resolve the ambiguity.
components/ui/primitives/index.ts(22,1): error TS2308: Module "./avatar" has already exported a member named 'Indicator'. Consider explicitly re-exporting to resolve the ambiguity.
components/ui/primitives/index.ts(22,1): error TS2308: Module "./button" has already exported a member named 'Root'. Consider explicitly re-exporting to resolve the ambiguity.
components/ui/primitives/index.ts(22,1): error TS2308: Module "./button-group" has already exported a member named 'Item'. Consider explicitly re-exporting to resolve the ambiguity.
components/ui/primitives/index.ts(22,1): error TS2308: Module "./segmented-control" has already exported a member named 'Content'. Consider explicitly re-exporting to resolve the ambiguity.
components/ui/primitives/index.ts(22,1): error TS2308: Module "./segmented-control" has already exported a member named 'Trigger'. Consider explicitly re-exporting to resolve the ambiguity.
features/auth/actions/auth-actions.ts(67,6): error TS2353: Object literal may only specify known properties, and 'orgId' does not exist in type 'ErrorContext'.
features/auth/actions/auth-actions.ts(82,4): error TS2353: Object literal may only specify known properties, and 'organizationId' does not exist in type 'ErrorContext'.
features/auth/actions/auth-actions.ts(94,4): error TS2353: Object literal may only specify known properties, and 'error' does not exist in type 'ErrorContext'.
features/auth/actions/auth-actions.ts(125,36): error TS2307: Cannot find module '@/lib/error-logger-simple' or its corresponding type declarations.
features/auth/actions/auth-actions.ts(156,53): error TS2353: Object literal may only specify known properties, and 'token' does not exist in type 'ErrorContext'.
features/auth/actions/auth-actions.ts(185,64): error TS2345: Argument of type 'unknown' is not assignable to parameter of type 'ErrorContext | undefined'.
features/auth/actions/auth-actions.ts(200,37): error TS2307: Cannot find module '@/lib/error-logger-simple' or its corresponding type declarations.
features/auth/actions/auth-actions.ts(219,45): error TS2307: Cannot find module '@/lib/error-logger-simple' or its corresponding type declarations.
features/auth/actions/auth-actions.ts(235,35): error TS2307: Cannot find module '@/lib/error-logger-simple' or its corresponding type declarations.
features/auth/actions/auth-actions.ts(280,64): error TS2345: Argument of type 'unknown' is not assignable to parameter of type 'ErrorContext | undefined'.
features/auth/actions/auth-actions.ts(366,37): error TS2307: Cannot find module '@/lib/error-logger-simple' or its corresponding type declarations.
features/auth/actions/auth-actions.ts(389,46): error TS2559: Type 'string' has no properties in common with type 'ErrorContext'.
features/auth/actions/auth-actions.ts(469,4): error TS2322: Type 'MeResponse' is not assignable to type '{ userID: string; email: string; name: string; image?: string | undefined; emailVerified: boolean; role: string; activeOrganizationId?: string | undefined; organizationRole?: string | undefined; ... 6 more ...; twoFactorEnabled: boolean; }'.
features/campaigns/lib/validation.ts(10,10): error TS2459: Module '"@/lib/types/constants"' declares 'VALIDATION_CONSTANTS' locally, but it is not exported.
features/enrollments/actions/enrollments.ts(64,28): error TS2739: Type '{ success: false; error: string; code?: ErrCode | undefined; status?: number | undefined; }' is missing the following properties from type 'Error': name, message
features/enrollments/actions/enrollments.ts(114,28): error TS2739: Type '{ success: false; error: string; code?: ErrCode | undefined; status?: number | undefined; }' is missing the following properties from type 'Error': name, message
features/organizations/index.ts(20,2): error TS2305: Module '"./actions"' has no exported member 'createBasicOrganization'.
features/organizations/index.ts(21,2): error TS2305: Module '"./actions"' has no exported member 'switchOrganization'.
features/organizations/lib/api.ts(20,3): error TS2322: Type 'OrganizationResponse[]' is not assignable to type 'Organization[]'.
features/products/actions/products.ts(52,28): error TS2739: Type '{ success: false; error: string; code?: ErrCode | undefined; status?: number | undefined; }' is missing the following properties from type 'Error': name, message
features/products/actions/products.ts(84,28): error TS2739: Type '{ success: false; error: string; code?: ErrCode | undefined; status?: number | undefined; }' is missing the following properties from type 'Error': name, message
features/products/actions/products.ts(105,28): error TS2739: Type '{ success: false; error: string; code?: ErrCode | undefined; status?: number | undefined; }' is missing the following properties from type 'Error': name, message
features/products/actions/products.ts(185,28): error TS2739: Type '{ success: false; error: string; code?: ErrCode | undefined; status?: number | undefined; }' is missing the following properties from type 'Error': name, message
features/settings/actions/settings.ts(79,43): error TS2307: Cannot find module '@/lib/encore' or its corresponding type declarations.
features/settings/actions/settings.ts(213,43): error TS2307: Cannot find module '@/lib/encore' or its corresponding type declarations.
features/settings/actions/settings.ts(267,43): error TS2307: Cannot find module '@/lib/encore' or its corresponding type declarations.
features/settings/actions/settings.ts(494,44): error TS2307: Cannot find module '@/lib/encore' or its corresponding type declarations.
features/settings/actions/settings.ts(540,24): error TS7006: Parameter 's' implicitly has an 'any' type.
features/settings/lib/api.ts(130,27): error TS2694: Namespace '"C:/Users/Shivam Gupta/Downloads/BACKEND+FRONTEND/Hypedrive Brand/lib/api/encore-client".organizations' has no exported member 'GetOrganizationActivityResponse'.
features/settings/lib/api.ts(153,2): error TS2322: Type '{ success: boolean; }' is not assignable to type 'void'.
features/settings/lib/api.ts(163,2): error TS2322: Type 'OrganizationBankAccount' is not assignable to type 'void'.
features/settings/lib/api.ts(172,78): error TS2694: Namespace '"C:/Users/Shivam Gupta/Downloads/BACKEND+FRONTEND/Hypedrive Brand/lib/api/encore-client".organizations' has no exported member 'VerifyGSTResponse'.
features/settings/lib/api.ts(183,87): error TS2694: Namespace '"C:/Users/Shivam Gupta/Downloads/BACKEND+FRONTEND/Hypedrive Brand/lib/api/encore-client".organizations' has no exported member 'VerifyBankAccountResponse'.
features/team/actions/team.ts(55,28): error TS2739: Type '{ success: false; error: string; code?: ErrCode | undefined; status?: number | undefined; }' is missing the following properties from type 'Error': name, message
features/team/actions/team.ts(81,28): error TS2739: Type '{ success: false; error: string; code?: ErrCode | undefined; status?: number | undefined; }' is missing the following properties from type 'Error': name, message
features/wallet/actions/wallet.ts(55,28): error TS2739: Type '{ success: false; error: string; code?: ErrCode | undefined; status?: number | undefined; }' is missing the following properties from type 'Error': name, message
features/wallet/actions/wallet.ts(96,28): error TS2739: Type '{ success: false; error: string; code?: ErrCode | undefined; status?: number | undefined; }' is missing the following properties from type 'Error': name, message
hooks/index.ts(17,1): error TS2308: Module '@/features/auth' has already exported a member named 'useOrganizations'. Consider explicitly re-exporting to resolve the ambiguity.
hooks/index.ts(17,1): error TS2308: Module '@/features/auth' has already exported a member named 'useSwitchOrganization'. Consider explicitly re-exporting to resolve the ambiguity.
hooks/ui/index.ts(10,15): error TS2306: File 'C:/Users/Shivam Gupta/Downloads/BACKEND+FRONTEND/Hypedrive Brand/hooks/ui/use-keyboard-shortcut.ts' is not a module.
hooks/ui/index.ts(16,37): error TS2306: File 'C:/Users/Shivam Gupta/Downloads/BACKEND+FRONTEND/Hypedrive Brand/hooks/ui/use-keyboard-shortcut.ts' is not a module.
lib/utils/index.ts(5,15): error TS2307: Cannot find module './debug' or its corresponding type declarations.
