.next/dev/types/validator.ts(6,59): error TS2307: Cannot find module 'next/types.js' or its corresponding type declarations.
.next/dev/types/validator.ts(7,34): error TS2307: Cannot find module 'next/server.js' or its corresponding type declarations.
.next/dev/types/validator.ts(10,12): error TS2503: Cannot find namespace 'React'.
.next/dev/types/validator.ts(10,134): error TS2503: Cannot find namespace 'React'.
.next/dev/types/validator.ts(10,160): error TS2503: Cannot find namespace 'React'.
.next/dev/types/validator.ts(25,12): error TS2503: Cannot find namespace 'React'.
.next/dev/types/validator.ts(25,86): error TS2503: Cannot find namespace 'React'.
.next/dev/types/validator.ts(25,112): error TS2503: Cannot find namespace 'React'.
.next/dev/types/validator.ts(314,39): error TS2307: Cannot find module '../../../app/api/auth/[...all]/route.js' or its corresponding type declarations.
.next/types/validator.ts(6,59): error TS2307: Cannot find module 'next/types.js' or its corresponding type declarations.
.next/types/validator.ts(7,34): error TS2307: Cannot find module 'next/server.js' or its corresponding type declarations.
.next/types/validator.ts(10,12): error TS2503: Cannot find namespace 'React'.
.next/types/validator.ts(10,134): error TS2503: Cannot find namespace 'React'.
.next/types/validator.ts(10,160): error TS2503: Cannot find namespace 'React'.
.next/types/validator.ts(25,12): error TS2503: Cannot find namespace 'React'.
.next/types/validator.ts(25,86): error TS2503: Cannot find namespace 'React'.
.next/types/validator.ts(25,112): error TS2503: Cannot find namespace 'React'.
.next/types/validator.ts(314,39): error TS2307: Cannot find module '../../app/api/auth/[...all]/route.js' or its corresponding type declarations.
app/(auth)/layout.tsx(1,18): error TS2307: Cannot find module 'next/link' or its corresponding type declarations.
app/(auth)/layout.tsx(11,13): error TS2503: Cannot find namespace 'React'.
app/(auth)/layout.tsx(14,5): error TS7026: JSX element implicitly has type 'any' because no interface 'JSX.IntrinsicElements' exists.
app/(auth)/layout.tsx(14,5): error TS2875: This JSX tag requires the module path 'react/jsx-runtime' to exist, but none could be found. Make sure you have types for the appropriate package installed.
app/(auth)/layout.tsx(16,7): error TS7026: JSX element implicitly has type 'any' because no interface 'JSX.IntrinsicElements' exists.
app/(auth)/layout.tsx(21,7): error TS7026: JSX element implicitly has type 'any' because no interface 'JSX.IntrinsicElements' exists.
app/(auth)/layout.tsx(24,7): error TS7026: JSX element implicitly has type 'any' because no interface 'JSX.IntrinsicElements' exists.
app/(auth)/layout.tsx(26,7): error TS7026: JSX element implicitly has type 'any' because no interface 'JSX.IntrinsicElements' exists.
app/(auth)/layout.tsx(29,7): error TS7026: JSX element implicitly has type 'any' because no interface 'JSX.IntrinsicElements' exists.
app/(auth)/layout.tsx(30,9): error TS7026: JSX element implicitly has type 'any' because no interface 'JSX.IntrinsicElements' exists.
app/(auth)/layout.tsx(39,9): error TS7026: JSX element implicitly has type 'any' because no interface 'JSX.IntrinsicElements' exists.
app/(auth)/layout.tsx(40,7): error TS7026: JSX element implicitly has type 'any' because no interface 'JSX.IntrinsicElements' exists.
app/(auth)/layout.tsx(41,5): error TS7026: JSX element implicitly has type 'any' because no interface 'JSX.IntrinsicElements' exists.
app/(auth)/sign-in/page.tsx(3,24): error TS2307: Cannot find module 'react' or its corresponding type declarations.
app/(auth)/sign-in/page.tsx(4,18): error TS2307: Cannot find module 'next/link' or its corresponding type declarations.
app/(auth)/sign-in/page.tsx(5,27): error TS2307: Cannot find module 'next/navigation' or its corresponding type declarations.
app/(auth)/sign-in/page.tsx(6,25): error TS2307: Cannot find module 'react-hook-form' or its corresponding type declarations.
app/(auth)/sign-in/page.tsx(7,29): error TS2307: Cannot find module '@hookform/resolvers/zod' or its corresponding type declarations.
app/(auth)/sign-in/page.tsx(14,87): error TS2307: Cannot find module '@phosphor-icons/react' or its corresponding type declarations.
app/(auth)/sign-in/page.tsx(90,5): error TS7026: JSX element implicitly has type 'any' because no interface 'JSX.IntrinsicElements' exists.
app/(auth)/sign-in/page.tsx(90,5): error TS2875: This JSX tag requires the module path 'react/jsx-runtime' to exist, but none could be found. Make sure you have types for the appropriate package installed.
app/(auth)/sign-in/page.tsx(91,7): error TS7026: JSX element implicitly has type 'any' because no interface 'JSX.IntrinsicElements' exists.
app/(auth)/sign-in/page.tsx(93,9): error TS7026: JSX element implicitly has type 'any' because no interface 'JSX.IntrinsicElements' exists.
app/(auth)/sign-in/page.tsx(94,11): error TS7026: JSX element implicitly has type 'any' because no interface 'JSX.IntrinsicElements' exists.
app/(auth)/sign-in/page.tsx(96,11): error TS7026: JSX element implicitly has type 'any' because no interface 'JSX.IntrinsicElements' exists.
app/(auth)/sign-in/page.tsx(97,11): error TS7026: JSX element implicitly has type 'any' because no interface 'JSX.IntrinsicElements' exists.
app/(auth)/sign-in/page.tsx(97,96): error TS7026: JSX element implicitly has type 'any' because no interface 'JSX.IntrinsicElements' exists.
app/(auth)/sign-in/page.tsx(98,11): error TS7026: JSX element implicitly has type 'any' because no interface 'JSX.IntrinsicElements' exists.
app/(auth)/sign-in/page.tsx(100,11): error TS7026: JSX element implicitly has type 'any' because no interface 'JSX.IntrinsicElements' exists.
app/(auth)/sign-in/page.tsx(101,9): error TS7026: JSX element implicitly has type 'any' because no interface 'JSX.IntrinsicElements' exists.
app/(auth)/sign-in/page.tsx(105,12): error TS2322: Type '{ children: any; variant: string; size: string; className: string; role: string; }' is not assignable to type 'CalloutProps'.
  Property 'children' does not exist on type 'CalloutProps'.
app/(auth)/sign-in/page.tsx(111,9): error TS7026: JSX element implicitly has type 'any' because no interface 'JSX.IntrinsicElements' exists.
app/(auth)/sign-in/page.tsx(112,11): error TS7026: JSX element implicitly has type 'any' because no interface 'JSX.IntrinsicElements' exists.
app/(auth)/sign-in/page.tsx(113,13): error TS7026: JSX element implicitly has type 'any' because no interface 'JSX.IntrinsicElements' exists.
app/(auth)/sign-in/page.tsx(115,13): error TS7026: JSX element implicitly has type 'any' because no interface 'JSX.IntrinsicElements' exists.
app/(auth)/sign-in/page.tsx(116,14): error TS2322: Type '{ children: any; hasError: boolean; }' is not assignable to type 'InputRootProps'.
  Property 'children' does not exist on type 'InputRootProps'.
app/(auth)/sign-in/page.tsx(131,15): error TS7026: JSX element implicitly has type 'any' because no interface 'JSX.IntrinsicElements' exists.
app/(auth)/sign-in/page.tsx(134,15): error TS7026: JSX element implicitly has type 'any' because no interface 'JSX.IntrinsicElements' exists.
app/(auth)/sign-in/page.tsx(136,11): error TS7026: JSX element implicitly has type 'any' because no interface 'JSX.IntrinsicElements' exists.
app/(auth)/sign-in/page.tsx(138,11): error TS7026: JSX element implicitly has type 'any' because no interface 'JSX.IntrinsicElements' exists.
app/(auth)/sign-in/page.tsx(139,13): error TS7026: JSX element implicitly has type 'any' because no interface 'JSX.IntrinsicElements' exists.
app/(auth)/sign-in/page.tsx(141,13): error TS7026: JSX element implicitly has type 'any' because no interface 'JSX.IntrinsicElements' exists.
app/(auth)/sign-in/page.tsx(142,14): error TS2322: Type '{ children: any; hasError: boolean; }' is not assignable to type 'InputRootProps'.
  Property 'children' does not exist on type 'InputRootProps'.
app/(auth)/sign-in/page.tsx(154,17): error TS7026: JSX element implicitly has type 'any' because no interface 'JSX.IntrinsicElements' exists.
app/(auth)/sign-in/page.tsx(165,17): error TS7026: JSX element implicitly has type 'any' because no interface 'JSX.IntrinsicElements' exists.
app/(auth)/sign-in/page.tsx(169,15): error TS7026: JSX element implicitly has type 'any' because no interface 'JSX.IntrinsicElements' exists.
app/(auth)/sign-in/page.tsx(172,15): error TS7026: JSX element implicitly has type 'any' because no interface 'JSX.IntrinsicElements' exists.
app/(auth)/sign-in/page.tsx(174,11): error TS7026: JSX element implicitly has type 'any' because no interface 'JSX.IntrinsicElements' exists.
app/(auth)/sign-in/page.tsx(176,11): error TS7026: JSX element implicitly has type 'any' because no interface 'JSX.IntrinsicElements' exists.
app/(auth)/sign-in/page.tsx(177,13): error TS7026: JSX element implicitly has type 'any' because no interface 'JSX.IntrinsicElements' exists.
app/(auth)/sign-in/page.tsx(182,15): error TS7026: JSX element implicitly has type 'any' because no interface 'JSX.IntrinsicElements' exists.
app/(auth)/sign-in/page.tsx(184,15): error TS7026: JSX element implicitly has type 'any' because no interface 'JSX.IntrinsicElements' exists.
app/(auth)/sign-in/page.tsx(185,13): error TS7026: JSX element implicitly has type 'any' because no interface 'JSX.IntrinsicElements' exists.
app/(auth)/sign-in/page.tsx(192,11): error TS7026: JSX element implicitly has type 'any' because no interface 'JSX.IntrinsicElements' exists.
app/(auth)/sign-in/page.tsx(202,9): error TS7026: JSX element implicitly has type 'any' because no interface 'JSX.IntrinsicElements' exists.
app/(auth)/sign-in/page.tsx(205,9): error TS7026: JSX element implicitly has type 'any' because no interface 'JSX.IntrinsicElements' exists.
app/(auth)/sign-in/page.tsx(207,13): error TS7026: JSX element implicitly has type 'any' because no interface 'JSX.IntrinsicElements' exists.
app/(auth)/sign-in/page.tsx(207,89): error TS7026: JSX element implicitly has type 'any' because no interface 'JSX.IntrinsicElements' exists.
app/(auth)/sign-in/page.tsx(209,9): error TS7026: JSX element implicitly has type 'any' because no interface 'JSX.IntrinsicElements' exists.
app/(auth)/sign-in/page.tsx(223,9): error TS7026: JSX element implicitly has type 'any' because no interface 'JSX.IntrinsicElements' exists.
app/(auth)/sign-in/page.tsx(228,9): error TS7026: JSX element implicitly has type 'any' because no interface 'JSX.IntrinsicElements' exists.
app/(auth)/sign-in/page.tsx(229,7): error TS7026: JSX element implicitly has type 'any' because no interface 'JSX.IntrinsicElements' exists.
app/(auth)/sign-in/page.tsx(230,5): error TS7026: JSX element implicitly has type 'any' because no interface 'JSX.IntrinsicElements' exists.
app/(auth)/sign-up/page.tsx(3,24): error TS2307: Cannot find module 'react' or its corresponding type declarations.
app/(auth)/sign-up/page.tsx(4,18): error TS2307: Cannot find module 'next/link' or its corresponding type declarations.
app/(auth)/sign-up/page.tsx(5,27): error TS2307: Cannot find module 'next/navigation' or its corresponding type declarations.
app/(auth)/sign-up/page.tsx(6,25): error TS2307: Cannot find module 'react-hook-form' or its corresponding type declarations.
app/(auth)/sign-up/page.tsx(7,29): error TS2307: Cannot find module '@hookform/resolvers/zod' or its corresponding type declarations.
app/(auth)/sign-up/page.tsx(13,79): error TS2307: Cannot find module '@phosphor-icons/react/dist/ssr' or its corresponding type declarations.
app/(auth)/sign-up/page.tsx(118,5): error TS7026: JSX element implicitly has type 'any' because no interface 'JSX.IntrinsicElements' exists.
app/(auth)/sign-up/page.tsx(118,5): error TS2875: This JSX tag requires the module path 'react/jsx-runtime' to exist, but none could be found. Make sure you have types for the appropriate package installed.
app/(auth)/sign-up/page.tsx(119,7): error TS7026: JSX element implicitly has type 'any' because no interface 'JSX.IntrinsicElements' exists.
app/(auth)/sign-up/page.tsx(121,9): error TS7026: JSX element implicitly has type 'any' because no interface 'JSX.IntrinsicElements' exists.
app/(auth)/sign-up/page.tsx(122,11): error TS7026: JSX element implicitly has type 'any' because no interface 'JSX.IntrinsicElements' exists.
app/(auth)/sign-up/page.tsx(124,11): error TS7026: JSX element implicitly has type 'any' because no interface 'JSX.IntrinsicElements' exists.
app/(auth)/sign-up/page.tsx(125,11): error TS7026: JSX element implicitly has type 'any' because no interface 'JSX.IntrinsicElements' exists.
app/(auth)/sign-up/page.tsx(125,103): error TS7026: JSX element implicitly has type 'any' because no interface 'JSX.IntrinsicElements' exists.
app/(auth)/sign-up/page.tsx(126,11): error TS7026: JSX element implicitly has type 'any' because no interface 'JSX.IntrinsicElements' exists.
app/(auth)/sign-up/page.tsx(128,11): error TS7026: JSX element implicitly has type 'any' because no interface 'JSX.IntrinsicElements' exists.
app/(auth)/sign-up/page.tsx(129,9): error TS7026: JSX element implicitly has type 'any' because no interface 'JSX.IntrinsicElements' exists.
app/(auth)/sign-up/page.tsx(133,12): error TS2322: Type '{ children: any; variant: string; size: string; className: string; }' is not assignable to type 'CalloutProps'.
  Property 'children' does not exist on type 'CalloutProps'.
app/(auth)/sign-up/page.tsx(139,9): error TS7026: JSX element implicitly has type 'any' because no interface 'JSX.IntrinsicElements' exists.
app/(auth)/sign-up/page.tsx(140,11): error TS7026: JSX element implicitly has type 'any' because no interface 'JSX.IntrinsicElements' exists.
app/(auth)/sign-up/page.tsx(141,13): error TS7026: JSX element implicitly has type 'any' because no interface 'JSX.IntrinsicElements' exists.
app/(auth)/sign-up/page.tsx(143,13): error TS7026: JSX element implicitly has type 'any' because no interface 'JSX.IntrinsicElements' exists.
app/(auth)/sign-up/page.tsx(144,14): error TS2322: Type '{ children: any; hasError: boolean; }' is not assignable to type 'InputRootProps'.
  Property 'children' does not exist on type 'InputRootProps'.
app/(auth)/sign-up/page.tsx(159,15): error TS7026: JSX element implicitly has type 'any' because no interface 'JSX.IntrinsicElements' exists.
app/(auth)/sign-up/page.tsx(162,15): error TS7026: JSX element implicitly has type 'any' because no interface 'JSX.IntrinsicElements' exists.
app/(auth)/sign-up/page.tsx(164,11): error TS7026: JSX element implicitly has type 'any' because no interface 'JSX.IntrinsicElements' exists.
app/(auth)/sign-up/page.tsx(166,11): error TS7026: JSX element implicitly has type 'any' because no interface 'JSX.IntrinsicElements' exists.
app/(auth)/sign-up/page.tsx(167,13): error TS7026: JSX element implicitly has type 'any' because no interface 'JSX.IntrinsicElements' exists.
app/(auth)/sign-up/page.tsx(169,13): error TS7026: JSX element implicitly has type 'any' because no interface 'JSX.IntrinsicElements' exists.
app/(auth)/sign-up/page.tsx(170,14): error TS2322: Type '{ children: any; hasError: boolean; }' is not assignable to type 'InputRootProps'.
  Property 'children' does not exist on type 'InputRootProps'.
app/(auth)/sign-up/page.tsx(182,17): error TS7026: JSX element implicitly has type 'any' because no interface 'JSX.IntrinsicElements' exists.
app/(auth)/sign-up/page.tsx(193,17): error TS7026: JSX element implicitly has type 'any' because no interface 'JSX.IntrinsicElements' exists.
app/(auth)/sign-up/page.tsx(197,15): error TS7026: JSX element implicitly has type 'any' because no interface 'JSX.IntrinsicElements' exists.
app/(auth)/sign-up/page.tsx(200,15): error TS7026: JSX element implicitly has type 'any' because no interface 'JSX.IntrinsicElements' exists.
app/(auth)/sign-up/page.tsx(205,15): error TS7026: JSX element implicitly has type 'any' because no interface 'JSX.IntrinsicElements' exists.
app/(auth)/sign-up/page.tsx(206,17): error TS7026: JSX element implicitly has type 'any' because no interface 'JSX.IntrinsicElements' exists.
app/(auth)/sign-up/page.tsx(207,19): error TS7026: JSX element implicitly has type 'any' because no interface 'JSX.IntrinsicElements' exists.
app/(auth)/sign-up/page.tsx(213,19): error TS7026: JSX element implicitly has type 'any' because no interface 'JSX.IntrinsicElements' exists.
app/(auth)/sign-up/page.tsx(214,19): error TS7026: JSX element implicitly has type 'any' because no interface 'JSX.IntrinsicElements' exists.
app/(auth)/sign-up/page.tsx(222,19): error TS7026: JSX element implicitly has type 'any' because no interface 'JSX.IntrinsicElements' exists.
app/(auth)/sign-up/page.tsx(223,17): error TS7026: JSX element implicitly has type 'any' because no interface 'JSX.IntrinsicElements' exists.
app/(auth)/sign-up/page.tsx(226,17): error TS7026: JSX element implicitly has type 'any' because no interface 'JSX.IntrinsicElements' exists.
app/(auth)/sign-up/page.tsx(231,17): error TS7026: JSX element implicitly has type 'any' because no interface 'JSX.IntrinsicElements' exists.
app/(auth)/sign-up/page.tsx(232,15): error TS7026: JSX element implicitly has type 'any' because no interface 'JSX.IntrinsicElements' exists.
app/(auth)/sign-up/page.tsx(234,11): error TS7026: JSX element implicitly has type 'any' because no interface 'JSX.IntrinsicElements' exists.
app/(auth)/sign-up/page.tsx(236,11): error TS7026: JSX element implicitly has type 'any' because no interface 'JSX.IntrinsicElements' exists.
app/(auth)/sign-up/page.tsx(237,13): error TS7026: JSX element implicitly has type 'any' because no interface 'JSX.IntrinsicElements' exists.
app/(auth)/sign-up/page.tsx(239,13): error TS7026: JSX element implicitly has type 'any' because no interface 'JSX.IntrinsicElements' exists.
app/(auth)/sign-up/page.tsx(240,14): error TS2322: Type '{ children: any; hasError: boolean; }' is not assignable to type 'InputRootProps'.
  Property 'children' does not exist on type 'InputRootProps'.
app/(auth)/sign-up/page.tsx(252,17): error TS7026: JSX element implicitly has type 'any' because no interface 'JSX.IntrinsicElements' exists.
app/(auth)/sign-up/page.tsx(263,17): error TS7026: JSX element implicitly has type 'any' because no interface 'JSX.IntrinsicElements' exists.
app/(auth)/sign-up/page.tsx(267,15): error TS7026: JSX element implicitly has type 'any' because no interface 'JSX.IntrinsicElements' exists.
app/(auth)/sign-up/page.tsx(270,15): error TS7026: JSX element implicitly has type 'any' because no interface 'JSX.IntrinsicElements' exists.
app/(auth)/sign-up/page.tsx(272,11): error TS7026: JSX element implicitly has type 'any' because no interface 'JSX.IntrinsicElements' exists.
app/(auth)/sign-up/page.tsx(282,9): error TS7026: JSX element implicitly has type 'any' because no interface 'JSX.IntrinsicElements' exists.
app/(auth)/sign-up/page.tsx(285,9): error TS7026: JSX element implicitly has type 'any' because no interface 'JSX.IntrinsicElements' exists.
app/(auth)/sign-up/page.tsx(287,13): error TS7026: JSX element implicitly has type 'any' because no interface 'JSX.IntrinsicElements' exists.
app/(auth)/sign-up/page.tsx(287,89): error TS7026: JSX element implicitly has type 'any' because no interface 'JSX.IntrinsicElements' exists.
app/(auth)/sign-up/page.tsx(289,9): error TS7026: JSX element implicitly has type 'any' because no interface 'JSX.IntrinsicElements' exists.
app/(auth)/sign-up/page.tsx(303,9): error TS7026: JSX element implicitly has type 'any' because no interface 'JSX.IntrinsicElements' exists.
app/(auth)/sign-up/page.tsx(308,9): error TS7026: JSX element implicitly has type 'any' because no interface 'JSX.IntrinsicElements' exists.
app/(auth)/sign-up/page.tsx(309,7): error TS7026: JSX element implicitly has type 'any' because no interface 'JSX.IntrinsicElements' exists.
app/(auth)/sign-up/page.tsx(310,5): error TS7026: JSX element implicitly has type 'any' because no interface 'JSX.IntrinsicElements' exists.
app/(auth)/sign-up/page.tsx(317,5): error TS7026: JSX element implicitly has type 'any' because no interface 'JSX.IntrinsicElements' exists.
app/(auth)/sign-up/page.tsx(324,9): error TS7026: JSX element implicitly has type 'any' because no interface 'JSX.IntrinsicElements' exists.
app/(auth)/sign-up/page.tsx(326,7): error TS7026: JSX element implicitly has type 'any' because no interface 'JSX.IntrinsicElements' exists.
app/(auth)/sign-up/page.tsx(326,19): error TS7026: JSX element implicitly has type 'any' because no interface 'JSX.IntrinsicElements' exists.
app/(auth)/sign-up/page.tsx(327,5): error TS7026: JSX element implicitly has type 'any' because no interface 'JSX.IntrinsicElements' exists.
app/(auth)/verify/backup/backup-form.tsx(3,24): error TS2307: Cannot find module 'react' or its corresponding type declarations.
app/(auth)/verify/backup/backup-form.tsx(4,18): error TS2307: Cannot find module 'next/link' or its corresponding type declarations.
app/(auth)/verify/backup/backup-form.tsx(5,27): error TS2307: Cannot find module 'next/navigation' or its corresponding type declarations.
app/(auth)/verify/backup/backup-form.tsx(9,53): error TS2307: Cannot find module '@phosphor-icons/react' or its corresponding type declarations.
app/(auth)/verify/backup/backup-form.tsx(46,5): error TS7026: JSX element implicitly has type 'any' because no interface 'JSX.IntrinsicElements' exists.
app/(auth)/verify/backup/backup-form.tsx(46,5): error TS2875: This JSX tag requires the module path 'react/jsx-runtime' to exist, but none could be found. Make sure you have types for the appropriate package installed.
app/(auth)/verify/backup/backup-form.tsx(47,7): error TS7026: JSX element implicitly has type 'any' because no interface 'JSX.IntrinsicElements' exists.
app/(auth)/verify/backup/backup-form.tsx(49,9): error TS7026: JSX element implicitly has type 'any' because no interface 'JSX.IntrinsicElements' exists.
app/(auth)/verify/backup/backup-form.tsx(50,11): error TS7026: JSX element implicitly has type 'any' because no interface 'JSX.IntrinsicElements' exists.
app/(auth)/verify/backup/backup-form.tsx(52,11): error TS7026: JSX element implicitly has type 'any' because no interface 'JSX.IntrinsicElements' exists.
app/(auth)/verify/backup/backup-form.tsx(53,11): error TS7026: JSX element implicitly has type 'any' because no interface 'JSX.IntrinsicElements' exists.
app/(auth)/verify/backup/backup-form.tsx(55,11): error TS7026: JSX element implicitly has type 'any' because no interface 'JSX.IntrinsicElements' exists.
app/(auth)/verify/backup/backup-form.tsx(56,11): error TS7026: JSX element implicitly has type 'any' because no interface 'JSX.IntrinsicElements' exists.
app/(auth)/verify/backup/backup-form.tsx(58,11): error TS7026: JSX element implicitly has type 'any' because no interface 'JSX.IntrinsicElements' exists.
app/(auth)/verify/backup/backup-form.tsx(59,9): error TS7026: JSX element implicitly has type 'any' because no interface 'JSX.IntrinsicElements' exists.
app/(auth)/verify/backup/backup-form.tsx(62,10): error TS2322: Type '{ children: any; variant: string; size: string; className: string; }' is not assignable to type 'CalloutProps'.
  Property 'children' does not exist on type 'CalloutProps'.
app/(auth)/verify/backup/backup-form.tsx(63,11): error TS7026: JSX element implicitly has type 'any' because no interface 'JSX.IntrinsicElements' exists.
app/(auth)/verify/backup/backup-form.tsx(65,13): error TS7026: JSX element implicitly has type 'any' because no interface 'JSX.IntrinsicElements' exists.
app/(auth)/verify/backup/backup-form.tsx(65,89): error TS7026: JSX element implicitly has type 'any' because no interface 'JSX.IntrinsicElements' exists.
app/(auth)/verify/backup/backup-form.tsx(66,11): error TS7026: JSX element implicitly has type 'any' because no interface 'JSX.IntrinsicElements' exists.
app/(auth)/verify/backup/backup-form.tsx(71,12): error TS2322: Type '{ children: any; variant: string; size: string; className: string; }' is not assignable to type 'CalloutProps'.
  Property 'children' does not exist on type 'CalloutProps'.
app/(auth)/verify/backup/backup-form.tsx(77,9): error TS7026: JSX element implicitly has type 'any' because no interface 'JSX.IntrinsicElements' exists.
app/(auth)/verify/backup/backup-form.tsx(78,11): error TS7026: JSX element implicitly has type 'any' because no interface 'JSX.IntrinsicElements' exists.
app/(auth)/verify/backup/backup-form.tsx(79,13): error TS7026: JSX element implicitly has type 'any' because no interface 'JSX.IntrinsicElements' exists.
app/(auth)/verify/backup/backup-form.tsx(81,13): error TS7026: JSX element implicitly has type 'any' because no interface 'JSX.IntrinsicElements' exists.
app/(auth)/verify/backup/backup-form.tsx(82,14): error TS2559: Type '{ children: any; }' has no properties in common with type 'InputRootProps'.
app/(auth)/verify/backup/backup-form.tsx(90,30): error TS7006: Parameter 'e' implicitly has an 'any' type.
app/(auth)/verify/backup/backup-form.tsx(97,13): error TS7026: JSX element implicitly has type 'any' because no interface 'JSX.IntrinsicElements' exists.
app/(auth)/verify/backup/backup-form.tsx(99,13): error TS7026: JSX element implicitly has type 'any' because no interface 'JSX.IntrinsicElements' exists.
app/(auth)/verify/backup/backup-form.tsx(100,11): error TS7026: JSX element implicitly has type 'any' because no interface 'JSX.IntrinsicElements' exists.
app/(auth)/verify/backup/backup-form.tsx(110,9): error TS7026: JSX element implicitly has type 'any' because no interface 'JSX.IntrinsicElements' exists.
app/(auth)/verify/backup/backup-form.tsx(113,9): error TS7026: JSX element implicitly has type 'any' because no interface 'JSX.IntrinsicElements' exists.
app/(auth)/verify/backup/backup-form.tsx(116,9): error TS7026: JSX element implicitly has type 'any' because no interface 'JSX.IntrinsicElements' exists.
app/(auth)/verify/backup/backup-form.tsx(117,11): error TS7026: JSX element implicitly has type 'any' because no interface 'JSX.IntrinsicElements' exists.
app/(auth)/verify/backup/backup-form.tsx(118,13): error TS7026: JSX element implicitly has type 'any' because no interface 'JSX.IntrinsicElements' exists.
app/(auth)/verify/backup/backup-form.tsx(120,13): error TS7026: JSX element implicitly has type 'any' because no interface 'JSX.IntrinsicElements' exists.
app/(auth)/verify/backup/backup-form.tsx(121,13): error TS7026: JSX element implicitly has type 'any' because no interface 'JSX.IntrinsicElements' exists.
app/(auth)/verify/backup/backup-form.tsx(122,15): error TS7026: JSX element implicitly has type 'any' because no interface 'JSX.IntrinsicElements' exists.
app/(auth)/verify/backup/backup-form.tsx(124,15): error TS7026: JSX element implicitly has type 'any' because no interface 'JSX.IntrinsicElements' exists.
app/(auth)/verify/backup/backup-form.tsx(125,15): error TS7026: JSX element implicitly has type 'any' because no interface 'JSX.IntrinsicElements' exists.
app/(auth)/verify/backup/backup-form.tsx(127,15): error TS7026: JSX element implicitly has type 'any' because no interface 'JSX.IntrinsicElements' exists.
app/(auth)/verify/backup/backup-form.tsx(134,13): error TS7026: JSX element implicitly has type 'any' because no interface 'JSX.IntrinsicElements' exists.
app/(auth)/verify/backup/backup-form.tsx(135,11): error TS7026: JSX element implicitly has type 'any' because no interface 'JSX.IntrinsicElements' exists.
app/(auth)/verify/backup/backup-form.tsx(136,9): error TS7026: JSX element implicitly has type 'any' because no interface 'JSX.IntrinsicElements' exists.
app/(auth)/verify/backup/backup-form.tsx(139,9): error TS7026: JSX element implicitly has type 'any' because no interface 'JSX.IntrinsicElements' exists.
app/(auth)/verify/backup/backup-form.tsx(141,11): error TS7026: JSX element implicitly has type 'any' because no interface 'JSX.IntrinsicElements' exists.
app/(auth)/verify/backup/backup-form.tsx(143,13): error TS7026: JSX element implicitly has type 'any' because no interface 'JSX.IntrinsicElements' exists.
app/(auth)/verify/backup/backup-form.tsx(145,13): error TS7026: JSX element implicitly has type 'any' because no interface 'JSX.IntrinsicElements' exists.
app/(auth)/verify/backup/backup-form.tsx(147,11): error TS7026: JSX element implicitly has type 'any' because no interface 'JSX.IntrinsicElements' exists.
app/(auth)/verify/backup/backup-form.tsx(148,9): error TS7026: JSX element implicitly has type 'any' because no interface 'JSX.IntrinsicElements' exists.
app/(auth)/verify/backup/backup-form.tsx(149,7): error TS7026: JSX element implicitly has type 'any' because no interface 'JSX.IntrinsicElements' exists.
app/(auth)/verify/backup/backup-form.tsx(150,5): error TS7026: JSX element implicitly has type 'any' because no interface 'JSX.IntrinsicElements' exists.
app/(auth)/verify/backup/page.tsx(4,10): error TS2875: This JSX tag requires the module path 'react/jsx-runtime' to exist, but none could be found. Make sure you have types for the appropriate package installed.
app/(auth)/verify/page.tsx(3,24): error TS2307: Cannot find module 'react' or its corresponding type declarations.
app/(auth)/verify/page.tsx(4,18): error TS2307: Cannot find module 'next/link' or its corresponding type declarations.
app/(auth)/verify/page.tsx(5,44): error TS2307: Cannot find module 'next/navigation' or its corresponding type declarations.
app/(auth)/verify/page.tsx(9,50): error TS2307: Cannot find module '@phosphor-icons/react' or its corresponding type declarations.
app/(auth)/verify/page.tsx(85,5): error TS7026: JSX element implicitly has type 'any' because no interface 'JSX.IntrinsicElements' exists.
app/(auth)/verify/page.tsx(85,5): error TS2875: This JSX tag requires the module path 'react/jsx-runtime' to exist, but none could be found. Make sure you have types for the appropriate package installed.
app/(auth)/verify/page.tsx(86,7): error TS7026: JSX element implicitly has type 'any' because no interface 'JSX.IntrinsicElements' exists.
app/(auth)/verify/page.tsx(88,9): error TS7026: JSX element implicitly has type 'any' because no interface 'JSX.IntrinsicElements' exists.
app/(auth)/verify/page.tsx(89,11): error TS7026: JSX element implicitly has type 'any' because no interface 'JSX.IntrinsicElements' exists.
app/(auth)/verify/page.tsx(91,11): error TS7026: JSX element implicitly has type 'any' because no interface 'JSX.IntrinsicElements' exists.
app/(auth)/verify/page.tsx(92,11): error TS7026: JSX element implicitly has type 'any' because no interface 'JSX.IntrinsicElements' exists.
app/(auth)/verify/page.tsx(94,11): error TS7026: JSX element implicitly has type 'any' because no interface 'JSX.IntrinsicElements' exists.
app/(auth)/verify/page.tsx(95,11): error TS7026: JSX element implicitly has type 'any' because no interface 'JSX.IntrinsicElements' exists.
app/(auth)/verify/page.tsx(97,11): error TS7026: JSX element implicitly has type 'any' because no interface 'JSX.IntrinsicElements' exists.
app/(auth)/verify/page.tsx(98,9): error TS7026: JSX element implicitly has type 'any' because no interface 'JSX.IntrinsicElements' exists.
app/(auth)/verify/page.tsx(102,12): error TS2322: Type '{ children: any; variant: string; size: string; className: string; }' is not assignable to type 'CalloutProps'.
  Property 'children' does not exist on type 'CalloutProps'.
app/(auth)/verify/page.tsx(108,9): error TS7026: JSX element implicitly has type 'any' because no interface 'JSX.IntrinsicElements' exists.
app/(auth)/verify/page.tsx(110,11): error TS7026: JSX element implicitly has type 'any' because no interface 'JSX.IntrinsicElements' exists.
app/(auth)/verify/page.tsx(116,13): error TS7026: JSX element implicitly has type 'any' because no interface 'JSX.IntrinsicElements' exists.
app/(auth)/verify/page.tsx(118,13): error TS7026: JSX element implicitly has type 'any' because no interface 'JSX.IntrinsicElements' exists.
app/(auth)/verify/page.tsx(119,11): error TS7026: JSX element implicitly has type 'any' because no interface 'JSX.IntrinsicElements' exists.
app/(auth)/verify/page.tsx(132,11): error TS7026: JSX element implicitly has type 'any' because no interface 'JSX.IntrinsicElements' exists.
app/(auth)/verify/page.tsx(133,13): error TS7026: JSX element implicitly has type 'any' because no interface 'JSX.IntrinsicElements' exists.
app/(auth)/verify/page.tsx(141,13): error TS7026: JSX element implicitly has type 'any' because no interface 'JSX.IntrinsicElements' exists.
app/(auth)/verify/page.tsx(142,11): error TS7026: JSX element implicitly has type 'any' because no interface 'JSX.IntrinsicElements' exists.
app/(auth)/verify/page.tsx(143,9): error TS7026: JSX element implicitly has type 'any' because no interface 'JSX.IntrinsicElements' exists.
app/(auth)/verify/page.tsx(146,9): error TS7026: JSX element implicitly has type 'any' because no interface 'JSX.IntrinsicElements' exists.
app/(auth)/verify/page.tsx(149,9): error TS7026: JSX element implicitly has type 'any' because no interface 'JSX.IntrinsicElements' exists.
app/(auth)/verify/page.tsx(150,11): error TS7026: JSX element implicitly has type 'any' because no interface 'JSX.IntrinsicElements' exists.
app/(auth)/verify/page.tsx(151,13): error TS7026: JSX element implicitly has type 'any' because no interface 'JSX.IntrinsicElements' exists.
app/(auth)/verify/page.tsx(153,13): error TS7026: JSX element implicitly has type 'any' because no interface 'JSX.IntrinsicElements' exists.
app/(auth)/verify/page.tsx(154,13): error TS7026: JSX element implicitly has type 'any' because no interface 'JSX.IntrinsicElements' exists.
app/(auth)/verify/page.tsx(155,15): error TS7026: JSX element implicitly has type 'any' because no interface 'JSX.IntrinsicElements' exists.
app/(auth)/verify/page.tsx(157,15): error TS7026: JSX element implicitly has type 'any' because no interface 'JSX.IntrinsicElements' exists.
app/(auth)/verify/page.tsx(158,15): error TS7026: JSX element implicitly has type 'any' because no interface 'JSX.IntrinsicElements' exists.
app/(auth)/verify/page.tsx(160,15): error TS7026: JSX element implicitly has type 'any' because no interface 'JSX.IntrinsicElements' exists.
app/(auth)/verify/page.tsx(167,13): error TS7026: JSX element implicitly has type 'any' because no interface 'JSX.IntrinsicElements' exists.
app/(auth)/verify/page.tsx(168,11): error TS7026: JSX element implicitly has type 'any' because no interface 'JSX.IntrinsicElements' exists.
app/(auth)/verify/page.tsx(169,9): error TS7026: JSX element implicitly has type 'any' because no interface 'JSX.IntrinsicElements' exists.
app/(auth)/verify/page.tsx(170,7): error TS7026: JSX element implicitly has type 'any' because no interface 'JSX.IntrinsicElements' exists.
app/(auth)/verify/page.tsx(171,5): error TS7026: JSX element implicitly has type 'any' because no interface 'JSX.IntrinsicElements' exists.
app/(dashboard)/dashboard/campaigns/[id]/campaign-detail-client.tsx(3,24): error TS2307: Cannot find module 'react' or its corresponding type declarations.
app/(dashboard)/dashboard/campaigns/[id]/campaign-detail-client.tsx(4,27): error TS2307: Cannot find module 'next/navigation' or its corresponding type declarations.
app/(dashboard)/dashboard/campaigns/[id]/campaign-detail-client.tsx(5,18): error TS2307: Cannot find module 'next/link' or its corresponding type declarations.
app/(dashboard)/dashboard/campaigns/[id]/campaign-detail-client.tsx(40,8): error TS2307: Cannot find module '@phosphor-icons/react/dist/ssr' or its corresponding type declarations.
app/(dashboard)/dashboard/campaigns/[id]/campaign-detail-client.tsx(48,23): error TS2307: Cannot find module 'sonner' or its corresponding type declarations.
app/(dashboard)/dashboard/campaigns/[id]/campaign-detail-client.tsx(60,19): error TS2503: Cannot find namespace 'enrollments'.
app/(dashboard)/dashboard/campaigns/[id]/campaign-detail-client.tsx(70,24): error TS2352: Conversion of type '{ id: string; name: string; }[] | undefined' to type 'CampaignDeliverableResponse[]' may be a mistake because neither type sufficiently overlaps with the other. If this was intentional, convert the expression to 'unknown' first.
  Type '{ id: string; name: string; }[]' is not comparable to type 'CampaignDeliverableResponse[]'.
    Type '{ id: string; name: string; }' is missing the following properties from type 'CampaignDeliverableResponse': campaignId, deliverableId, quantity, isRequired, and 2 more.
app/(dashboard)/dashboard/campaigns/[id]/campaign-detail-client.tsx(71,27): error TS2352: Conversion of type 'CampaignPerformance | undefined' to type 'CampaignPerformance[]' may be a mistake because neither type sufficiently overlaps with the other. If this was intentional, convert the expression to 'unknown' first.
  Type 'CampaignPerformance' is missing the following properties from type 'CampaignPerformance[]': length, pop, push, concat, and 35 more.
app/(dashboard)/dashboard/campaigns/[id]/campaign-detail-client.tsx(211,7): error TS7026: JSX element implicitly has type 'any' because no interface 'JSX.IntrinsicElements' exists.
app/(dashboard)/dashboard/campaigns/[id]/campaign-detail-client.tsx(211,7): error TS2875: This JSX tag requires the module path 'react/jsx-runtime' to exist, but none could be found. Make sure you have types for the appropriate package installed.
app/(dashboard)/dashboard/campaigns/[id]/campaign-detail-client.tsx(212,9): error TS7026: JSX element implicitly has type 'any' because no interface 'JSX.IntrinsicElements' exists.
app/(dashboard)/dashboard/campaigns/[id]/campaign-detail-client.tsx(213,11): error TS7026: JSX element implicitly has type 'any' because no interface 'JSX.IntrinsicElements' exists.
app/(dashboard)/dashboard/campaigns/[id]/campaign-detail-client.tsx(213,80): error TS7026: JSX element implicitly has type 'any' because no interface 'JSX.IntrinsicElements' exists.
app/(dashboard)/dashboard/campaigns/[id]/campaign-detail-client.tsx(214,11): error TS7026: JSX element implicitly has type 'any' because no interface 'JSX.IntrinsicElements' exists.
app/(dashboard)/dashboard/campaigns/[id]/campaign-detail-client.tsx(214,139): error TS7026: JSX element implicitly has type 'any' because no interface 'JSX.IntrinsicElements' exists.
app/(dashboard)/dashboard/campaigns/[id]/campaign-detail-client.tsx(219,9): error TS7026: JSX element implicitly has type 'any' because no interface 'JSX.IntrinsicElements' exists.
app/(dashboard)/dashboard/campaigns/[id]/campaign-detail-client.tsx(220,7): error TS7026: JSX element implicitly has type 'any' because no interface 'JSX.IntrinsicElements' exists.
app/(dashboard)/dashboard/campaigns/[id]/campaign-detail-client.tsx(225,5): error TS7026: JSX element implicitly has type 'any' because no interface 'JSX.IntrinsicElements' exists.
app/(dashboard)/dashboard/campaigns/[id]/campaign-detail-client.tsx(227,7): error TS7026: JSX element implicitly has type 'any' because no interface 'JSX.IntrinsicElements' exists.
app/(dashboard)/dashboard/campaigns/[id]/campaign-detail-client.tsx(229,9): error TS7026: JSX element implicitly has type 'any' because no interface 'JSX.IntrinsicElements' exists.
app/(dashboard)/dashboard/campaigns/[id]/campaign-detail-client.tsx(230,11): error TS7026: JSX element implicitly has type 'any' because no interface 'JSX.IntrinsicElements' exists.
app/(dashboard)/dashboard/campaigns/[id]/campaign-detail-client.tsx(236,13): error TS7026: JSX element implicitly has type 'any' because no interface 'JSX.IntrinsicElements' exists.
app/(dashboard)/dashboard/campaigns/[id]/campaign-detail-client.tsx(236,49): error TS7026: JSX element implicitly has type 'any' because no interface 'JSX.IntrinsicElements' exists.
app/(dashboard)/dashboard/campaigns/[id]/campaign-detail-client.tsx(237,11): error TS7026: JSX element implicitly has type 'any' because no interface 'JSX.IntrinsicElements' exists.
app/(dashboard)/dashboard/campaigns/[id]/campaign-detail-client.tsx(240,11): error TS7026: JSX element implicitly has type 'any' because no interface 'JSX.IntrinsicElements' exists.
app/(dashboard)/dashboard/campaigns/[id]/campaign-detail-client.tsx(244,17): error TS7026: JSX element implicitly has type 'any' because no interface 'JSX.IntrinsicElements' exists.
app/(dashboard)/dashboard/campaigns/[id]/campaign-detail-client.tsx(244,57): error TS7026: JSX element implicitly has type 'any' because no interface 'JSX.IntrinsicElements' exists.
app/(dashboard)/dashboard/campaigns/[id]/campaign-detail-client.tsx(250,17): error TS7026: JSX element implicitly has type 'any' because no interface 'JSX.IntrinsicElements' exists.
app/(dashboard)/dashboard/campaigns/[id]/campaign-detail-client.tsx(250,58): error TS7026: JSX element implicitly has type 'any' because no interface 'JSX.IntrinsicElements' exists.
app/(dashboard)/dashboard/campaigns/[id]/campaign-detail-client.tsx(258,21): error TS7026: JSX element implicitly has type 'any' because no interface 'JSX.IntrinsicElements' exists.
app/(dashboard)/dashboard/campaigns/[id]/campaign-detail-client.tsx(258,60): error TS7026: JSX element implicitly has type 'any' because no interface 'JSX.IntrinsicElements' exists.
app/(dashboard)/dashboard/campaigns/[id]/campaign-detail-client.tsx(281,11): error TS7026: JSX element implicitly has type 'any' because no interface 'JSX.IntrinsicElements' exists.
app/(dashboard)/dashboard/campaigns/[id]/campaign-detail-client.tsx(282,9): error TS7026: JSX element implicitly has type 'any' because no interface 'JSX.IntrinsicElements' exists.
app/(dashboard)/dashboard/campaigns/[id]/campaign-detail-client.tsx(285,9): error TS7026: JSX element implicitly has type 'any' because no interface 'JSX.IntrinsicElements' exists.
app/(dashboard)/dashboard/campaigns/[id]/campaign-detail-client.tsx(286,11): error TS7026: JSX element implicitly has type 'any' because no interface 'JSX.IntrinsicElements' exists.
app/(dashboard)/dashboard/campaigns/[id]/campaign-detail-client.tsx(286,95): error TS7026: JSX element implicitly has type 'any' because no interface 'JSX.IntrinsicElements' exists.
app/(dashboard)/dashboard/campaigns/[id]/campaign-detail-client.tsx(291,9): error TS7026: JSX element implicitly has type 'any' because no interface 'JSX.IntrinsicElements' exists.
app/(dashboard)/dashboard/campaigns/[id]/campaign-detail-client.tsx(294,9): error TS7026: JSX element implicitly has type 'any' because no interface 'JSX.IntrinsicElements' exists.
app/(dashboard)/dashboard/campaigns/[id]/campaign-detail-client.tsx(296,9): error TS7026: JSX element implicitly has type 'any' because no interface 'JSX.IntrinsicElements' exists.
app/(dashboard)/dashboard/campaigns/[id]/campaign-detail-client.tsx(299,9): error TS7026: JSX element implicitly has type 'any' because no interface 'JSX.IntrinsicElements' exists.
app/(dashboard)/dashboard/campaigns/[id]/campaign-detail-client.tsx(300,11): error TS7026: JSX element implicitly has type 'any' because no interface 'JSX.IntrinsicElements' exists.
app/(dashboard)/dashboard/campaigns/[id]/campaign-detail-client.tsx(303,11): error TS7026: JSX element implicitly has type 'any' because no interface 'JSX.IntrinsicElements' exists.
app/(dashboard)/dashboard/campaigns/[id]/campaign-detail-client.tsx(304,11): error TS7026: JSX element implicitly has type 'any' because no interface 'JSX.IntrinsicElements' exists.
app/(dashboard)/dashboard/campaigns/[id]/campaign-detail-client.tsx(307,11): error TS7026: JSX element implicitly has type 'any' because no interface 'JSX.IntrinsicElements' exists.
app/(dashboard)/dashboard/campaigns/[id]/campaign-detail-client.tsx(308,11): error TS7026: JSX element implicitly has type 'any' because no interface 'JSX.IntrinsicElements' exists.
app/(dashboard)/dashboard/campaigns/[id]/campaign-detail-client.tsx(311,11): error TS7026: JSX element implicitly has type 'any' because no interface 'JSX.IntrinsicElements' exists.
app/(dashboard)/dashboard/campaigns/[id]/campaign-detail-client.tsx(312,9): error TS7026: JSX element implicitly has type 'any' because no interface 'JSX.IntrinsicElements' exists.
app/(dashboard)/dashboard/campaigns/[id]/campaign-detail-client.tsx(313,7): error TS7026: JSX element implicitly has type 'any' because no interface 'JSX.IntrinsicElements' exists.
app/(dashboard)/dashboard/campaigns/[id]/campaign-detail-client.tsx(316,55): error TS7006: Parameter 'v' implicitly has an 'any' type.
app/(dashboard)/dashboard/campaigns/[id]/campaign-detail-client.tsx(332,22): error TS2304: Cannot find name 'platforms'.
app/(dashboard)/dashboard/campaigns/[id]/campaign-detail-client.tsx(371,5): error TS7026: JSX element implicitly has type 'any' because no interface 'JSX.IntrinsicElements' exists.
app/(dashboard)/dashboard/campaigns/[id]/campaign-detail-client.tsx(448,5): error TS7026: JSX element implicitly has type 'any' because no interface 'JSX.IntrinsicElements' exists.
app/(dashboard)/dashboard/campaigns/[id]/campaign-detail-client.tsx(450,7): error TS7026: JSX element implicitly has type 'any' because no interface 'JSX.IntrinsicElements' exists.
app/(dashboard)/dashboard/campaigns/[id]/campaign-detail-client.tsx(451,9): error TS7026: JSX element implicitly has type 'any' because no interface 'JSX.IntrinsicElements' exists.
app/(dashboard)/dashboard/campaigns/[id]/campaign-detail-client.tsx(451,81): error TS7026: JSX element implicitly has type 'any' because no interface 'JSX.IntrinsicElements' exists.
app/(dashboard)/dashboard/campaigns/[id]/campaign-detail-client.tsx(452,10): error TS2322: Type '{ children: any[]; columns: 4; className: string; }' is not assignable to type 'MetricGroupProps'.
  Property 'children' does not exist on type 'MetricGroupProps'.
app/(dashboard)/dashboard/campaigns/[id]/campaign-detail-client.tsx(457,13): error TS2322: Type '{ label: string; value: number; description: string; size: string; }' is not assignable to type 'MetricProps'.
  Property 'size' does not exist on type 'MetricProps'.
app/(dashboard)/dashboard/campaigns/[id]/campaign-detail-client.tsx(465,13): error TS2322: Type '{ label: string; value: string; delta: string; deltaType: "increase" | "decrease"; description: string; size: string; }' is not assignable to type 'MetricProps'.
  Property 'size' does not exist on type 'MetricProps'.
app/(dashboard)/dashboard/campaigns/[id]/campaign-detail-client.tsx(471,13): error TS2322: Type '{ label: string; value: string; description: string; size: string; }' is not assignable to type 'MetricProps'.
  Property 'size' does not exist on type 'MetricProps'.
app/(dashboard)/dashboard/campaigns/[id]/campaign-detail-client.tsx(477,13): error TS2322: Type '{ label: string; value: string; description: string; size: string; }' is not assignable to type 'MetricProps'.
  Property 'size' does not exist on type 'MetricProps'.
app/(dashboard)/dashboard/campaigns/[id]/campaign-detail-client.tsx(480,7): error TS7026: JSX element implicitly has type 'any' because no interface 'JSX.IntrinsicElements' exists.
app/(dashboard)/dashboard/campaigns/[id]/campaign-detail-client.tsx(483,7): error TS7026: JSX element implicitly has type 'any' because no interface 'JSX.IntrinsicElements' exists.
app/(dashboard)/dashboard/campaigns/[id]/campaign-detail-client.tsx(485,9): error TS7026: JSX element implicitly has type 'any' because no interface 'JSX.IntrinsicElements' exists.
app/(dashboard)/dashboard/campaigns/[id]/campaign-detail-client.tsx(486,11): error TS7026: JSX element implicitly has type 'any' because no interface 'JSX.IntrinsicElements' exists.
app/(dashboard)/dashboard/campaigns/[id]/campaign-detail-client.tsx(486,92): error TS7026: JSX element implicitly has type 'any' because no interface 'JSX.IntrinsicElements' exists.
app/(dashboard)/dashboard/campaigns/[id]/campaign-detail-client.tsx(487,11): error TS7026: JSX element implicitly has type 'any' because no interface 'JSX.IntrinsicElements' exists.
app/(dashboard)/dashboard/campaigns/[id]/campaign-detail-client.tsx(488,13): error TS7026: JSX element implicitly has type 'any' because no interface 'JSX.IntrinsicElements' exists.
app/(dashboard)/dashboard/campaigns/[id]/campaign-detail-client.tsx(489,15): error TS7026: JSX element implicitly has type 'any' because no interface 'JSX.IntrinsicElements' exists.
app/(dashboard)/dashboard/campaigns/[id]/campaign-detail-client.tsx(490,17): error TS7026: JSX element implicitly has type 'any' because no interface 'JSX.IntrinsicElements' exists.
app/(dashboard)/dashboard/campaigns/[id]/campaign-detail-client.tsx(490,97): error TS7026: JSX element implicitly has type 'any' because no interface 'JSX.IntrinsicElements' exists.
app/(dashboard)/dashboard/campaigns/[id]/campaign-detail-client.tsx(491,17): error TS7026: JSX element implicitly has type 'any' because no interface 'JSX.IntrinsicElements' exists.
app/(dashboard)/dashboard/campaigns/[id]/campaign-detail-client.tsx(491,117): error TS7026: JSX element implicitly has type 'any' because no interface 'JSX.IntrinsicElements' exists.
app/(dashboard)/dashboard/campaigns/[id]/campaign-detail-client.tsx(492,15): error TS7026: JSX element implicitly has type 'any' because no interface 'JSX.IntrinsicElements' exists.
app/(dashboard)/dashboard/campaigns/[id]/campaign-detail-client.tsx(494,15): error TS7026: JSX element implicitly has type 'any' because no interface 'JSX.IntrinsicElements' exists.
app/(dashboard)/dashboard/campaigns/[id]/campaign-detail-client.tsx(496,15): error TS7026: JSX element implicitly has type 'any' because no interface 'JSX.IntrinsicElements' exists.
app/(dashboard)/dashboard/campaigns/[id]/campaign-detail-client.tsx(497,13): error TS7026: JSX element implicitly has type 'any' because no interface 'JSX.IntrinsicElements' exists.
app/(dashboard)/dashboard/campaigns/[id]/campaign-detail-client.tsx(498,13): error TS7026: JSX element implicitly has type 'any' because no interface 'JSX.IntrinsicElements' exists.
app/(dashboard)/dashboard/campaigns/[id]/campaign-detail-client.tsx(499,15): error TS7026: JSX element implicitly has type 'any' because no interface 'JSX.IntrinsicElements' exists.
app/(dashboard)/dashboard/campaigns/[id]/campaign-detail-client.tsx(500,17): error TS7026: JSX element implicitly has type 'any' because no interface 'JSX.IntrinsicElements' exists.
app/(dashboard)/dashboard/campaigns/[id]/campaign-detail-client.tsx(500,103): error TS7026: JSX element implicitly has type 'any' because no interface 'JSX.IntrinsicElements' exists.
app/(dashboard)/dashboard/campaigns/[id]/campaign-detail-client.tsx(501,17): error TS7026: JSX element implicitly has type 'any' because no interface 'JSX.IntrinsicElements' exists.
app/(dashboard)/dashboard/campaigns/[id]/campaign-detail-client.tsx(503,17): error TS7026: JSX element implicitly has type 'any' because no interface 'JSX.IntrinsicElements' exists.
app/(dashboard)/dashboard/campaigns/[id]/campaign-detail-client.tsx(504,15): error TS7026: JSX element implicitly has type 'any' because no interface 'JSX.IntrinsicElements' exists.
app/(dashboard)/dashboard/campaigns/[id]/campaign-detail-client.tsx(506,15): error TS7026: JSX element implicitly has type 'any' because no interface 'JSX.IntrinsicElements' exists.
app/(dashboard)/dashboard/campaigns/[id]/campaign-detail-client.tsx(508,15): error TS7026: JSX element implicitly has type 'any' because no interface 'JSX.IntrinsicElements' exists.
app/(dashboard)/dashboard/campaigns/[id]/campaign-detail-client.tsx(509,13): error TS7026: JSX element implicitly has type 'any' because no interface 'JSX.IntrinsicElements' exists.
app/(dashboard)/dashboard/campaigns/[id]/campaign-detail-client.tsx(510,11): error TS7026: JSX element implicitly has type 'any' because no interface 'JSX.IntrinsicElements' exists.
app/(dashboard)/dashboard/campaigns/[id]/campaign-detail-client.tsx(511,9): error TS7026: JSX element implicitly has type 'any' because no interface 'JSX.IntrinsicElements' exists.
app/(dashboard)/dashboard/campaigns/[id]/campaign-detail-client.tsx(514,9): error TS7026: JSX element implicitly has type 'any' because no interface 'JSX.IntrinsicElements' exists.
app/(dashboard)/dashboard/campaigns/[id]/campaign-detail-client.tsx(515,11): error TS7026: JSX element implicitly has type 'any' because no interface 'JSX.IntrinsicElements' exists.
app/(dashboard)/dashboard/campaigns/[id]/campaign-detail-client.tsx(515,98): error TS7026: JSX element implicitly has type 'any' because no interface 'JSX.IntrinsicElements' exists.
app/(dashboard)/dashboard/campaigns/[id]/campaign-detail-client.tsx(518,11): error TS7026: JSX element implicitly has type 'any' because no interface 'JSX.IntrinsicElements' exists.
app/(dashboard)/dashboard/campaigns/[id]/campaign-detail-client.tsx(519,41): error TS2322: Type '{ data: any; size: string; }' is not assignable to type 'TrackerProps'.
  Property 'size' does not exist on type 'TrackerProps'.
app/(dashboard)/dashboard/campaigns/[id]/campaign-detail-client.tsx(520,13): error TS7026: JSX element implicitly has type 'any' because no interface 'JSX.IntrinsicElements' exists.
app/(dashboard)/dashboard/campaigns/[id]/campaign-detail-client.tsx(521,15): error TS7026: JSX element implicitly has type 'any' because no interface 'JSX.IntrinsicElements' exists.
app/(dashboard)/dashboard/campaigns/[id]/campaign-detail-client.tsx(522,17): error TS7026: JSX element implicitly has type 'any' because no interface 'JSX.IntrinsicElements' exists.
app/(dashboard)/dashboard/campaigns/[id]/campaign-detail-client.tsx(523,15): error TS7026: JSX element implicitly has type 'any' because no interface 'JSX.IntrinsicElements' exists.
app/(dashboard)/dashboard/campaigns/[id]/campaign-detail-client.tsx(524,15): error TS7026: JSX element implicitly has type 'any' because no interface 'JSX.IntrinsicElements' exists.
app/(dashboard)/dashboard/campaigns/[id]/campaign-detail-client.tsx(525,17): error TS7026: JSX element implicitly has type 'any' because no interface 'JSX.IntrinsicElements' exists.
app/(dashboard)/dashboard/campaigns/[id]/campaign-detail-client.tsx(526,15): error TS7026: JSX element implicitly has type 'any' because no interface 'JSX.IntrinsicElements' exists.
app/(dashboard)/dashboard/campaigns/[id]/campaign-detail-client.tsx(527,15): error TS7026: JSX element implicitly has type 'any' because no interface 'JSX.IntrinsicElements' exists.
app/(dashboard)/dashboard/campaigns/[id]/campaign-detail-client.tsx(528,17): error TS7026: JSX element implicitly has type 'any' because no interface 'JSX.IntrinsicElements' exists.
app/(dashboard)/dashboard/campaigns/[id]/campaign-detail-client.tsx(529,15): error TS7026: JSX element implicitly has type 'any' because no interface 'JSX.IntrinsicElements' exists.
app/(dashboard)/dashboard/campaigns/[id]/campaign-detail-client.tsx(530,13): error TS7026: JSX element implicitly has type 'any' because no interface 'JSX.IntrinsicElements' exists.
app/(dashboard)/dashboard/campaigns/[id]/campaign-detail-client.tsx(531,11): error TS7026: JSX element implicitly has type 'any' because no interface 'JSX.IntrinsicElements' exists.
app/(dashboard)/dashboard/campaigns/[id]/campaign-detail-client.tsx(539,9): error TS7026: JSX element implicitly has type 'any' because no interface 'JSX.IntrinsicElements' exists.
app/(dashboard)/dashboard/campaigns/[id]/campaign-detail-client.tsx(540,7): error TS7026: JSX element implicitly has type 'any' because no interface 'JSX.IntrinsicElements' exists.
app/(dashboard)/dashboard/campaigns/[id]/campaign-detail-client.tsx(543,7): error TS7026: JSX element implicitly has type 'any' because no interface 'JSX.IntrinsicElements' exists.
app/(dashboard)/dashboard/campaigns/[id]/campaign-detail-client.tsx(544,9): error TS7026: JSX element implicitly has type 'any' because no interface 'JSX.IntrinsicElements' exists.
app/(dashboard)/dashboard/campaigns/[id]/campaign-detail-client.tsx(544,98): error TS7026: JSX element implicitly has type 'any' because no interface 'JSX.IntrinsicElements' exists.
app/(dashboard)/dashboard/campaigns/[id]/campaign-detail-client.tsx(545,9): error TS7026: JSX element implicitly has type 'any' because no interface 'JSX.IntrinsicElements' exists.
app/(dashboard)/dashboard/campaigns/[id]/campaign-detail-client.tsx(553,17): error TS7026: JSX element implicitly has type 'any' because no interface 'JSX.IntrinsicElements' exists.
app/(dashboard)/dashboard/campaigns/[id]/campaign-detail-client.tsx(553,133): error TS7026: JSX element implicitly has type 'any' because no interface 'JSX.IntrinsicElements' exists.
app/(dashboard)/dashboard/campaigns/[id]/campaign-detail-client.tsx(562,17): error TS7026: JSX element implicitly has type 'any' because no interface 'JSX.IntrinsicElements' exists.
app/(dashboard)/dashboard/campaigns/[id]/campaign-detail-client.tsx(562,155): error TS7026: JSX element implicitly has type 'any' because no interface 'JSX.IntrinsicElements' exists.
app/(dashboard)/dashboard/campaigns/[id]/campaign-detail-client.tsx(571,17): error TS7026: JSX element implicitly has type 'any' because no interface 'JSX.IntrinsicElements' exists.
app/(dashboard)/dashboard/campaigns/[id]/campaign-detail-client.tsx(571,112): error TS7026: JSX element implicitly has type 'any' because no interface 'JSX.IntrinsicElements' exists.
app/(dashboard)/dashboard/campaigns/[id]/campaign-detail-client.tsx(580,17): error TS7026: JSX element implicitly has type 'any' because no interface 'JSX.IntrinsicElements' exists.
app/(dashboard)/dashboard/campaigns/[id]/campaign-detail-client.tsx(580,111): error TS7026: JSX element implicitly has type 'any' because no interface 'JSX.IntrinsicElements' exists.
app/(dashboard)/dashboard/campaigns/[id]/campaign-detail-client.tsx(590,19): error TS7026: JSX element implicitly has type 'any' because no interface 'JSX.IntrinsicElements' exists.
app/(dashboard)/dashboard/campaigns/[id]/campaign-detail-client.tsx(590,123): error TS7026: JSX element implicitly has type 'any' because no interface 'JSX.IntrinsicElements' exists.
app/(dashboard)/dashboard/campaigns/[id]/campaign-detail-client.tsx(596,11): error TS7026: JSX element implicitly has type 'any' because no interface 'JSX.IntrinsicElements' exists.
app/(dashboard)/dashboard/campaigns/[id]/campaign-detail-client.tsx(597,13): error TS7026: JSX element implicitly has type 'any' because no interface 'JSX.IntrinsicElements' exists.
app/(dashboard)/dashboard/campaigns/[id]/campaign-detail-client.tsx(597,105): error TS7026: JSX element implicitly has type 'any' because no interface 'JSX.IntrinsicElements' exists.
app/(dashboard)/dashboard/campaigns/[id]/campaign-detail-client.tsx(604,19): error TS7026: JSX element implicitly has type 'any' because no interface 'JSX.IntrinsicElements' exists.
app/(dashboard)/dashboard/campaigns/[id]/campaign-detail-client.tsx(604,134): error TS7026: JSX element implicitly has type 'any' because no interface 'JSX.IntrinsicElements' exists.
app/(dashboard)/dashboard/campaigns/[id]/campaign-detail-client.tsx(612,19): error TS7026: JSX element implicitly has type 'any' because no interface 'JSX.IntrinsicElements' exists.
app/(dashboard)/dashboard/campaigns/[id]/campaign-detail-client.tsx(612,169): error TS7026: JSX element implicitly has type 'any' because no interface 'JSX.IntrinsicElements' exists.
app/(dashboard)/dashboard/campaigns/[id]/campaign-detail-client.tsx(620,19): error TS7026: JSX element implicitly has type 'any' because no interface 'JSX.IntrinsicElements' exists.
app/(dashboard)/dashboard/campaigns/[id]/campaign-detail-client.tsx(620,123): error TS7026: JSX element implicitly has type 'any' because no interface 'JSX.IntrinsicElements' exists.
app/(dashboard)/dashboard/campaigns/[id]/campaign-detail-client.tsx(624,13): error TS7026: JSX element implicitly has type 'any' because no interface 'JSX.IntrinsicElements' exists.
app/(dashboard)/dashboard/campaigns/[id]/campaign-detail-client.tsx(625,15): error TS7026: JSX element implicitly has type 'any' because no interface 'JSX.IntrinsicElements' exists.
app/(dashboard)/dashboard/campaigns/[id]/campaign-detail-client.tsx(625,93): error TS7026: JSX element implicitly has type 'any' because no interface 'JSX.IntrinsicElements' exists.
app/(dashboard)/dashboard/campaigns/[id]/campaign-detail-client.tsx(626,15): error TS7026: JSX element implicitly has type 'any' because no interface 'JSX.IntrinsicElements' exists.
app/(dashboard)/dashboard/campaigns/[id]/campaign-detail-client.tsx(632,15): error TS7026: JSX element implicitly has type 'any' because no interface 'JSX.IntrinsicElements' exists.
app/(dashboard)/dashboard/campaigns/[id]/campaign-detail-client.tsx(633,13): error TS7026: JSX element implicitly has type 'any' because no interface 'JSX.IntrinsicElements' exists.
app/(dashboard)/dashboard/campaigns/[id]/campaign-detail-client.tsx(634,11): error TS7026: JSX element implicitly has type 'any' because no interface 'JSX.IntrinsicElements' exists.
app/(dashboard)/dashboard/campaigns/[id]/campaign-detail-client.tsx(635,9): error TS7026: JSX element implicitly has type 'any' because no interface 'JSX.IntrinsicElements' exists.
app/(dashboard)/dashboard/campaigns/[id]/campaign-detail-client.tsx(637,9): error TS7026: JSX element implicitly has type 'any' because no interface 'JSX.IntrinsicElements' exists.
app/(dashboard)/dashboard/campaigns/[id]/campaign-detail-client.tsx(639,11): error TS7026: JSX element implicitly has type 'any' because no interface 'JSX.IntrinsicElements' exists.
app/(dashboard)/dashboard/campaigns/[id]/campaign-detail-client.tsx(641,11): error TS7026: JSX element implicitly has type 'any' because no interface 'JSX.IntrinsicElements' exists.
app/(dashboard)/dashboard/campaigns/[id]/campaign-detail-client.tsx(642,9): error TS7026: JSX element implicitly has type 'any' because no interface 'JSX.IntrinsicElements' exists.
app/(dashboard)/dashboard/campaigns/[id]/campaign-detail-client.tsx(643,7): error TS7026: JSX element implicitly has type 'any' because no interface 'JSX.IntrinsicElements' exists.
app/(dashboard)/dashboard/campaigns/[id]/campaign-detail-client.tsx(646,7): error TS7026: JSX element implicitly has type 'any' because no interface 'JSX.IntrinsicElements' exists.
app/(dashboard)/dashboard/campaigns/[id]/campaign-detail-client.tsx(647,9): error TS7026: JSX element implicitly has type 'any' because no interface 'JSX.IntrinsicElements' exists.
app/(dashboard)/dashboard/campaigns/[id]/campaign-detail-client.tsx(650,9): error TS7026: JSX element implicitly has type 'any' because no interface 'JSX.IntrinsicElements' exists.
app/(dashboard)/dashboard/campaigns/[id]/campaign-detail-client.tsx(678,15): error TS7026: JSX element implicitly has type 'any' because no interface 'JSX.IntrinsicElements' exists.
app/(dashboard)/dashboard/campaigns/[id]/campaign-detail-client.tsx(682,21): error TS7026: JSX element implicitly has type 'any' because no interface 'JSX.IntrinsicElements' exists.
app/(dashboard)/dashboard/campaigns/[id]/campaign-detail-client.tsx(683,23): error TS7026: JSX element implicitly has type 'any' because no interface 'JSX.IntrinsicElements' exists.
app/(dashboard)/dashboard/campaigns/[id]/campaign-detail-client.tsx(684,25): error TS7026: JSX element implicitly has type 'any' because no interface 'JSX.IntrinsicElements' exists.
app/(dashboard)/dashboard/campaigns/[id]/campaign-detail-client.tsx(686,23): error TS7026: JSX element implicitly has type 'any' because no interface 'JSX.IntrinsicElements' exists.
app/(dashboard)/dashboard/campaigns/[id]/campaign-detail-client.tsx(687,23): error TS7026: JSX element implicitly has type 'any' because no interface 'JSX.IntrinsicElements' exists.
app/(dashboard)/dashboard/campaigns/[id]/campaign-detail-client.tsx(691,29): error TS7026: JSX element implicitly has type 'any' because no interface 'JSX.IntrinsicElements' exists.
app/(dashboard)/dashboard/campaigns/[id]/campaign-detail-client.tsx(695,31): error TS7026: JSX element implicitly has type 'any' because no interface 'JSX.IntrinsicElements' exists.
app/(dashboard)/dashboard/campaigns/[id]/campaign-detail-client.tsx(697,31): error TS7026: JSX element implicitly has type 'any' because no interface 'JSX.IntrinsicElements' exists.
app/(dashboard)/dashboard/campaigns/[id]/campaign-detail-client.tsx(698,31): error TS7026: JSX element implicitly has type 'any' because no interface 'JSX.IntrinsicElements' exists.
app/(dashboard)/dashboard/campaigns/[id]/campaign-detail-client.tsx(699,33): error TS7026: JSX element implicitly has type 'any' because no interface 'JSX.IntrinsicElements' exists.
app/(dashboard)/dashboard/campaigns/[id]/campaign-detail-client.tsx(700,35): error TS7026: JSX element implicitly has type 'any' because no interface 'JSX.IntrinsicElements' exists.
app/(dashboard)/dashboard/campaigns/[id]/campaign-detail-client.tsx(702,35): error TS7026: JSX element implicitly has type 'any' because no interface 'JSX.IntrinsicElements' exists.
app/(dashboard)/dashboard/campaigns/[id]/campaign-detail-client.tsx(704,37): error TS7026: JSX element implicitly has type 'any' because no interface 'JSX.IntrinsicElements' exists.
app/(dashboard)/dashboard/campaigns/[id]/campaign-detail-client.tsx(706,37): error TS7026: JSX element implicitly has type 'any' because no interface 'JSX.IntrinsicElements' exists.
app/(dashboard)/dashboard/campaigns/[id]/campaign-detail-client.tsx(708,37): error TS7026: JSX element implicitly has type 'any' because no interface 'JSX.IntrinsicElements' exists.
app/(dashboard)/dashboard/campaigns/[id]/campaign-detail-client.tsx(710,37): error TS7026: JSX element implicitly has type 'any' because no interface 'JSX.IntrinsicElements' exists.
app/(dashboard)/dashboard/campaigns/[id]/campaign-detail-client.tsx(712,33): error TS7026: JSX element implicitly has type 'any' because no interface 'JSX.IntrinsicElements' exists.
app/(dashboard)/dashboard/campaigns/[id]/campaign-detail-client.tsx(714,35): error TS7026: JSX element implicitly has type 'any' because no interface 'JSX.IntrinsicElements' exists.
app/(dashboard)/dashboard/campaigns/[id]/campaign-detail-client.tsx(716,35): error TS7026: JSX element implicitly has type 'any' because no interface 'JSX.IntrinsicElements' exists.
app/(dashboard)/dashboard/campaigns/[id]/campaign-detail-client.tsx(719,35): error TS7026: JSX element implicitly has type 'any' because no interface 'JSX.IntrinsicElements' exists.
app/(dashboard)/dashboard/campaigns/[id]/campaign-detail-client.tsx(722,35): error TS7026: JSX element implicitly has type 'any' because no interface 'JSX.IntrinsicElements' exists.
app/(dashboard)/dashboard/campaigns/[id]/campaign-detail-client.tsx(724,31): error TS7026: JSX element implicitly has type 'any' because no interface 'JSX.IntrinsicElements' exists.
app/(dashboard)/dashboard/campaigns/[id]/campaign-detail-client.tsx(725,31): error TS7026: JSX element implicitly has type 'any' because no interface 'JSX.IntrinsicElements' exists.
app/(dashboard)/dashboard/campaigns/[id]/campaign-detail-client.tsx(727,31): error TS7026: JSX element implicitly has type 'any' because no interface 'JSX.IntrinsicElements' exists.
app/(dashboard)/dashboard/campaigns/[id]/campaign-detail-client.tsx(728,29): error TS7026: JSX element implicitly has type 'any' because no interface 'JSX.IntrinsicElements' exists.
app/(dashboard)/dashboard/campaigns/[id]/campaign-detail-client.tsx(731,23): error TS7026: JSX element implicitly has type 'any' because no interface 'JSX.IntrinsicElements' exists.
app/(dashboard)/dashboard/campaigns/[id]/campaign-detail-client.tsx(732,21): error TS7026: JSX element implicitly has type 'any' because no interface 'JSX.IntrinsicElements' exists.
app/(dashboard)/dashboard/campaigns/[id]/campaign-detail-client.tsx(735,15): error TS7026: JSX element implicitly has type 'any' because no interface 'JSX.IntrinsicElements' exists.
app/(dashboard)/dashboard/campaigns/[id]/campaign-detail-client.tsx(739,11): error TS7026: JSX element implicitly has type 'any' because no interface 'JSX.IntrinsicElements' exists.
app/(dashboard)/dashboard/campaigns/[id]/campaign-detail-client.tsx(741,13): error TS7026: JSX element implicitly has type 'any' because no interface 'JSX.IntrinsicElements' exists.
app/(dashboard)/dashboard/campaigns/[id]/campaign-detail-client.tsx(741,72): error TS7026: JSX element implicitly has type 'any' because no interface 'JSX.IntrinsicElements' exists.
app/(dashboard)/dashboard/campaigns/[id]/campaign-detail-client.tsx(742,13): error TS7026: JSX element implicitly has type 'any' because no interface 'JSX.IntrinsicElements' exists.
app/(dashboard)/dashboard/campaigns/[id]/campaign-detail-client.tsx(744,13): error TS7026: JSX element implicitly has type 'any' because no interface 'JSX.IntrinsicElements' exists.
app/(dashboard)/dashboard/campaigns/[id]/campaign-detail-client.tsx(745,11): error TS7026: JSX element implicitly has type 'any' because no interface 'JSX.IntrinsicElements' exists.
app/(dashboard)/dashboard/campaigns/[id]/campaign-detail-client.tsx(747,7): error TS7026: JSX element implicitly has type 'any' because no interface 'JSX.IntrinsicElements' exists.
app/(dashboard)/dashboard/campaigns/[id]/campaign-detail-client.tsx(748,5): error TS7026: JSX element implicitly has type 'any' because no interface 'JSX.IntrinsicElements' exists.
app/(dashboard)/dashboard/campaigns/[id]/campaign-detail-client.tsx(777,5): error TS7026: JSX element implicitly has type 'any' because no interface 'JSX.IntrinsicElements' exists.
app/(dashboard)/dashboard/campaigns/[id]/campaign-detail-client.tsx(778,7): error TS7026: JSX element implicitly has type 'any' because no interface 'JSX.IntrinsicElements' exists.
app/(dashboard)/dashboard/campaigns/[id]/campaign-detail-client.tsx(779,9): error TS7026: JSX element implicitly has type 'any' because no interface 'JSX.IntrinsicElements' exists.
app/(dashboard)/dashboard/campaigns/[id]/campaign-detail-client.tsx(781,9): error TS7026: JSX element implicitly has type 'any' because no interface 'JSX.IntrinsicElements' exists.
app/(dashboard)/dashboard/campaigns/[id]/campaign-detail-client.tsx(782,9): error TS7026: JSX element implicitly has type 'any' because no interface 'JSX.IntrinsicElements' exists.
app/(dashboard)/dashboard/campaigns/[id]/campaign-detail-client.tsx(797,9): error TS7026: JSX element implicitly has type 'any' because no interface 'JSX.IntrinsicElements' exists.
app/(dashboard)/dashboard/campaigns/[id]/campaign-detail-client.tsx(798,7): error TS7026: JSX element implicitly has type 'any' because no interface 'JSX.IntrinsicElements' exists.
app/(dashboard)/dashboard/campaigns/[id]/campaign-detail-client.tsx(799,7): error TS7026: JSX element implicitly has type 'any' because no interface 'JSX.IntrinsicElements' exists.
app/(dashboard)/dashboard/campaigns/[id]/campaign-detail-client.tsx(802,13): error TS2322: Type '{ key: string; enrollment: Enrollment; onReview: () => void; onView: () => void; }' is not assignable to type 'EnrollmentCardProps'.
  Property 'key' does not exist on type 'EnrollmentCardProps'.
app/(dashboard)/dashboard/campaigns/[id]/campaign-detail-client.tsx(808,7): error TS7026: JSX element implicitly has type 'any' because no interface 'JSX.IntrinsicElements' exists.
app/(dashboard)/dashboard/campaigns/[id]/campaign-detail-client.tsx(809,5): error TS7026: JSX element implicitly has type 'any' because no interface 'JSX.IntrinsicElements' exists.
app/(dashboard)/dashboard/campaigns/[id]/campaign-detail-client.tsx(832,5): error TS7026: JSX element implicitly has type 'any' because no interface 'JSX.IntrinsicElements' exists.
app/(dashboard)/dashboard/campaigns/[id]/campaign-detail-client.tsx(834,7): error TS7026: JSX element implicitly has type 'any' because no interface 'JSX.IntrinsicElements' exists.
app/(dashboard)/dashboard/campaigns/[id]/campaign-detail-client.tsx(835,9): error TS7026: JSX element implicitly has type 'any' because no interface 'JSX.IntrinsicElements' exists.
app/(dashboard)/dashboard/campaigns/[id]/campaign-detail-client.tsx(835,89): error TS7026: JSX element implicitly has type 'any' because no interface 'JSX.IntrinsicElements' exists.
app/(dashboard)/dashboard/campaigns/[id]/campaign-detail-client.tsx(836,9): error TS7026: JSX element implicitly has type 'any' because no interface 'JSX.IntrinsicElements' exists.
app/(dashboard)/dashboard/campaigns/[id]/campaign-detail-client.tsx(837,11): error TS7026: JSX element implicitly has type 'any' because no interface 'JSX.IntrinsicElements' exists.
app/(dashboard)/dashboard/campaigns/[id]/campaign-detail-client.tsx(841,17): error TS2322: Type '{ data: any; categories: string[]; index: string; colors: string[]; yAxisWidth: number; className: string; }' is not assignable to type 'LineChartProps'.
  Property 'categories' does not exist on type 'LineChartProps'.
app/(dashboard)/dashboard/campaigns/[id]/campaign-detail-client.tsx(848,15): error TS7026: JSX element implicitly has type 'any' because no interface 'JSX.IntrinsicElements' exists.
app/(dashboard)/dashboard/campaigns/[id]/campaign-detail-client.tsx(850,15): error TS7026: JSX element implicitly has type 'any' because no interface 'JSX.IntrinsicElements' exists.
app/(dashboard)/dashboard/campaigns/[id]/campaign-detail-client.tsx(852,11): error TS7026: JSX element implicitly has type 'any' because no interface 'JSX.IntrinsicElements' exists.
app/(dashboard)/dashboard/campaigns/[id]/campaign-detail-client.tsx(853,9): error TS7026: JSX element implicitly has type 'any' because no interface 'JSX.IntrinsicElements' exists.
app/(dashboard)/dashboard/campaigns/[id]/campaign-detail-client.tsx(854,7): error TS7026: JSX element implicitly has type 'any' because no interface 'JSX.IntrinsicElements' exists.
app/(dashboard)/dashboard/campaigns/[id]/campaign-detail-client.tsx(855,5): error TS7026: JSX element implicitly has type 'any' because no interface 'JSX.IntrinsicElements' exists.
app/(dashboard)/dashboard/campaigns/[id]/page.tsx(14,10): error TS2875: This JSX tag requires the module path 'react/jsx-runtime' to exist, but none could be found. Make sure you have types for the appropriate package installed.
app/(dashboard)/dashboard/campaigns/[id]/page.tsx(14,48): error TS2322: Type '{ stats: campaigns.CampaignStats | undefined; pricing: campaigns.CampaignPricing | undefined; deliverables: campaigns.CampaignDeliverableResponse[] | never[]; ... 27 more ...; updatedAt: string; }' is not assignable to type 'CampaignWithStats & { stats?: CampaignStats | undefined; pricing?: CampaignPricing | undefined; deliverables?: { id: string; name: string; }[] | undefined; performance?: CampaignPerformance | undefined; enrollments?: enrollments.EnrollmentWithRelations[] | undefined; }'.
  Type '{ stats: campaigns.CampaignStats | undefined; pricing: campaigns.CampaignPricing | undefined; deliverables: campaigns.CampaignDeliverableResponse[] | never[]; ... 27 more ...; updatedAt: string; }' is not assignable to type '{ stats?: CampaignStats | undefined; pricing?: CampaignPricing | undefined; deliverables?: { id: string; name: string; }[] | undefined; performance?: CampaignPerformance | undefined; enrollments?: enrollments.EnrollmentWithRelations[] | undefined; }'.
    Types of property 'deliverables' are incompatible.
      Type 'CampaignDeliverableResponse[] | never[]' is not assignable to type '{ id: string; name: string; }[] | undefined'.
        Type 'CampaignDeliverableResponse[]' is not assignable to type '{ id: string; name: string; }[]'.
          Property 'name' is missing in type 'CampaignDeliverableResponse' but required in type '{ id: string; name: string; }'.
app/(dashboard)/dashboard/campaigns/[id]/settings-tab.tsx(3,24): error TS2307: Cannot find module 'react' or its corresponding type declarations.
app/(dashboard)/dashboard/campaigns/[id]/settings-tab.tsx(8,23): error TS2307: Cannot find module 'sonner' or its corresponding type declarations.
app/(dashboard)/dashboard/campaigns/[id]/settings-tab.tsx(46,5): error TS7026: JSX element implicitly has type 'any' because no interface 'JSX.IntrinsicElements' exists.
app/(dashboard)/dashboard/campaigns/[id]/settings-tab.tsx(46,5): error TS2875: This JSX tag requires the module path 'react/jsx-runtime' to exist, but none could be found. Make sure you have types for the appropriate package installed.
app/(dashboard)/dashboard/campaigns/[id]/settings-tab.tsx(47,7): error TS7026: JSX element implicitly has type 'any' because no interface 'JSX.IntrinsicElements' exists.
app/(dashboard)/dashboard/campaigns/[id]/settings-tab.tsx(48,9): error TS7026: JSX element implicitly has type 'any' because no interface 'JSX.IntrinsicElements' exists.
app/(dashboard)/dashboard/campaigns/[id]/settings-tab.tsx(48,81): error TS7026: JSX element implicitly has type 'any' because no interface 'JSX.IntrinsicElements' exists.
app/(dashboard)/dashboard/campaigns/[id]/settings-tab.tsx(50,9): error TS7026: JSX element implicitly has type 'any' because no interface 'JSX.IntrinsicElements' exists.
app/(dashboard)/dashboard/campaigns/[id]/settings-tab.tsx(51,11): error TS7026: JSX element implicitly has type 'any' because no interface 'JSX.IntrinsicElements' exists.
app/(dashboard)/dashboard/campaigns/[id]/settings-tab.tsx(52,13): error TS7026: JSX element implicitly has type 'any' because no interface 'JSX.IntrinsicElements' exists.
app/(dashboard)/dashboard/campaigns/[id]/settings-tab.tsx(54,13): error TS7026: JSX element implicitly has type 'any' because no interface 'JSX.IntrinsicElements' exists.
app/(dashboard)/dashboard/campaigns/[id]/settings-tab.tsx(55,14): error TS2559: Type '{ children: any; }' has no properties in common with type 'InputRootProps'.
app/(dashboard)/dashboard/campaigns/[id]/settings-tab.tsx(59,32): error TS7006: Parameter 'e' implicitly has an 'any' type.
app/(dashboard)/dashboard/campaigns/[id]/settings-tab.tsx(63,11): error TS7026: JSX element implicitly has type 'any' because no interface 'JSX.IntrinsicElements' exists.
app/(dashboard)/dashboard/campaigns/[id]/settings-tab.tsx(65,11): error TS7026: JSX element implicitly has type 'any' because no interface 'JSX.IntrinsicElements' exists.
app/(dashboard)/dashboard/campaigns/[id]/settings-tab.tsx(66,14): error TS7026: JSX element implicitly has type 'any' because no interface 'JSX.IntrinsicElements' exists.
app/(dashboard)/dashboard/campaigns/[id]/settings-tab.tsx(68,13): error TS7026: JSX element implicitly has type 'any' because no interface 'JSX.IntrinsicElements' exists.
app/(dashboard)/dashboard/campaigns/[id]/settings-tab.tsx(71,28): error TS7006: Parameter 'e' implicitly has an 'any' type.
app/(dashboard)/dashboard/campaigns/[id]/settings-tab.tsx(74,11): error TS7026: JSX element implicitly has type 'any' because no interface 'JSX.IntrinsicElements' exists.
app/(dashboard)/dashboard/campaigns/[id]/settings-tab.tsx(76,11): error TS7026: JSX element implicitly has type 'any' because no interface 'JSX.IntrinsicElements' exists.
app/(dashboard)/dashboard/campaigns/[id]/settings-tab.tsx(80,11): error TS7026: JSX element implicitly has type 'any' because no interface 'JSX.IntrinsicElements' exists.
app/(dashboard)/dashboard/campaigns/[id]/settings-tab.tsx(81,9): error TS7026: JSX element implicitly has type 'any' because no interface 'JSX.IntrinsicElements' exists.
app/(dashboard)/dashboard/campaigns/[id]/settings-tab.tsx(82,7): error TS7026: JSX element implicitly has type 'any' because no interface 'JSX.IntrinsicElements' exists.
app/(dashboard)/dashboard/campaigns/[id]/settings-tab.tsx(83,5): error TS7026: JSX element implicitly has type 'any' because no interface 'JSX.IntrinsicElements' exists.
app/(dashboard)/dashboard/campaigns/campaigns-client.tsx(3,24): error TS2307: Cannot find module 'react' or its corresponding type declarations.
app/(dashboard)/dashboard/campaigns/campaigns-client.tsx(4,18): error TS2307: Cannot find module 'next/link' or its corresponding type declarations.
app/(dashboard)/dashboard/campaigns/campaigns-client.tsx(5,27): error TS2307: Cannot find module 'next/navigation' or its corresponding type declarations.
app/(dashboard)/dashboard/campaigns/campaigns-client.tsx(12,88): error TS2307: Cannot find module '@phosphor-icons/react' or its corresponding type declarations.
app/(dashboard)/dashboard/campaigns/campaigns-client.tsx(13,23): error TS2307: Cannot find module 'sonner' or its corresponding type declarations.
app/(dashboard)/dashboard/campaigns/campaigns-client.tsx(16,10): error TS2305: Module '"@/hooks/use-campaigns"' has no exported member 'useCampaignsData'.
app/(dashboard)/dashboard/campaigns/campaigns-client.tsx(16,28): error TS2305: Module '"@/hooks/use-campaigns"' has no exported member 'useSearchCampaigns'.
app/(dashboard)/dashboard/campaigns/campaigns-client.tsx(71,47): error TS2304: Cannot find name 'data'.
app/(dashboard)/dashboard/campaigns/campaigns-client.tsx(75,45): error TS2304: Cannot find name 'data'.
app/(dashboard)/dashboard/campaigns/campaigns-client.tsx(76,17): error TS2304: Cannot find name 'data'.
app/(dashboard)/dashboard/campaigns/campaigns-client.tsx(89,46): error TS2345: Argument of type 'CampaignStatus' is not assignable to parameter of type '"submit" | "activate" | "cancel" | "end" | "complete" | "archive" | "unarchive"'.
  Type '"approved"' is not assignable to type '"submit" | "activate" | "cancel" | "end" | "complete" | "archive" | "unarchive"'.
app/(dashboard)/dashboard/campaigns/campaigns-client.tsx(105,36): error TS2339: Property 'newId' does not exist on type '{ success: boolean; campaign: Campaign; message: string; error?: undefined; } | { success: boolean; error: any; campaign?: undefined; message?: undefined; }'.
  Property 'newId' does not exist on type '{ success: boolean; campaign: Campaign; message: string; error?: undefined; }'.
app/(dashboard)/dashboard/campaigns/campaigns-client.tsx(106,52): error TS2339: Property 'newId' does not exist on type '{ success: boolean; campaign: Campaign; message: string; error?: undefined; } | { success: boolean; error: any; campaign?: undefined; message?: undefined; }'.
  Property 'newId' does not exist on type '{ success: boolean; campaign: Campaign; message: string; error?: undefined; }'.
app/(dashboard)/dashboard/campaigns/campaigns-client.tsx(137,5): error TS2875: This JSX tag requires the module path 'react/jsx-runtime' to exist, but none could be found. Make sure you have types for the appropriate package installed.
app/(dashboard)/dashboard/campaigns/campaigns-client.tsx(138,7): error TS7026: JSX element implicitly has type 'any' because no interface 'JSX.IntrinsicElements' exists.
app/(dashboard)/dashboard/campaigns/campaigns-client.tsx(140,9): error TS7026: JSX element implicitly has type 'any' because no interface 'JSX.IntrinsicElements' exists.
app/(dashboard)/dashboard/campaigns/campaigns-client.tsx(141,11): error TS7026: JSX element implicitly has type 'any' because no interface 'JSX.IntrinsicElements' exists.
app/(dashboard)/dashboard/campaigns/campaigns-client.tsx(142,13): error TS7026: JSX element implicitly has type 'any' because no interface 'JSX.IntrinsicElements' exists.
app/(dashboard)/dashboard/campaigns/campaigns-client.tsx(142,90): error TS7026: JSX element implicitly has type 'any' because no interface 'JSX.IntrinsicElements' exists.
app/(dashboard)/dashboard/campaigns/campaigns-client.tsx(143,13): error TS7026: JSX element implicitly has type 'any' because no interface 'JSX.IntrinsicElements' exists.
app/(dashboard)/dashboard/campaigns/campaigns-client.tsx(145,13): error TS7026: JSX element implicitly has type 'any' because no interface 'JSX.IntrinsicElements' exists.
app/(dashboard)/dashboard/campaigns/campaigns-client.tsx(146,11): error TS7026: JSX element implicitly has type 'any' because no interface 'JSX.IntrinsicElements' exists.
app/(dashboard)/dashboard/campaigns/campaigns-client.tsx(147,11): error TS7026: JSX element implicitly has type 'any' because no interface 'JSX.IntrinsicElements' exists.
app/(dashboard)/dashboard/campaigns/campaigns-client.tsx(152,19): error TS7026: JSX element implicitly has type 'any' because no interface 'JSX.IntrinsicElements' exists.
app/(dashboard)/dashboard/campaigns/campaigns-client.tsx(152,60): error TS7026: JSX element implicitly has type 'any' because no interface 'JSX.IntrinsicElements' exists.
app/(dashboard)/dashboard/campaigns/campaigns-client.tsx(159,15): error TS7026: JSX element implicitly has type 'any' because no interface 'JSX.IntrinsicElements' exists.
app/(dashboard)/dashboard/campaigns/campaigns-client.tsx(159,65): error TS7026: JSX element implicitly has type 'any' because no interface 'JSX.IntrinsicElements' exists.
app/(dashboard)/dashboard/campaigns/campaigns-client.tsx(160,15): error TS7026: JSX element implicitly has type 'any' because no interface 'JSX.IntrinsicElements' exists.
app/(dashboard)/dashboard/campaigns/campaigns-client.tsx(160,49): error TS7026: JSX element implicitly has type 'any' because no interface 'JSX.IntrinsicElements' exists.
app/(dashboard)/dashboard/campaigns/campaigns-client.tsx(162,11): error TS7026: JSX element implicitly has type 'any' because no interface 'JSX.IntrinsicElements' exists.
app/(dashboard)/dashboard/campaigns/campaigns-client.tsx(163,9): error TS7026: JSX element implicitly has type 'any' because no interface 'JSX.IntrinsicElements' exists.
app/(dashboard)/dashboard/campaigns/campaigns-client.tsx(166,9): error TS7026: JSX element implicitly has type 'any' because no interface 'JSX.IntrinsicElements' exists.
app/(dashboard)/dashboard/campaigns/campaigns-client.tsx(167,11): error TS7026: JSX element implicitly has type 'any' because no interface 'JSX.IntrinsicElements' exists.
app/(dashboard)/dashboard/campaigns/campaigns-client.tsx(168,13): error TS7026: JSX element implicitly has type 'any' because no interface 'JSX.IntrinsicElements' exists.
app/(dashboard)/dashboard/campaigns/campaigns-client.tsx(170,13): error TS7026: JSX element implicitly has type 'any' because no interface 'JSX.IntrinsicElements' exists.
app/(dashboard)/dashboard/campaigns/campaigns-client.tsx(171,13): error TS7026: JSX element implicitly has type 'any' because no interface 'JSX.IntrinsicElements' exists.
app/(dashboard)/dashboard/campaigns/campaigns-client.tsx(172,15): error TS7026: JSX element implicitly has type 'any' because no interface 'JSX.IntrinsicElements' exists.
app/(dashboard)/dashboard/campaigns/campaigns-client.tsx(172,81): error TS7026: JSX element implicitly has type 'any' because no interface 'JSX.IntrinsicElements' exists.
app/(dashboard)/dashboard/campaigns/campaigns-client.tsx(173,15): error TS7026: JSX element implicitly has type 'any' because no interface 'JSX.IntrinsicElements' exists.
app/(dashboard)/dashboard/campaigns/campaigns-client.tsx(173,112): error TS7026: JSX element implicitly has type 'any' because no interface 'JSX.IntrinsicElements' exists.
app/(dashboard)/dashboard/campaigns/campaigns-client.tsx(174,13): error TS7026: JSX element implicitly has type 'any' because no interface 'JSX.IntrinsicElements' exists.
app/(dashboard)/dashboard/campaigns/campaigns-client.tsx(175,11): error TS7026: JSX element implicitly has type 'any' because no interface 'JSX.IntrinsicElements' exists.
app/(dashboard)/dashboard/campaigns/campaigns-client.tsx(176,11): error TS7026: JSX element implicitly has type 'any' because no interface 'JSX.IntrinsicElements' exists.
app/(dashboard)/dashboard/campaigns/campaigns-client.tsx(177,13): error TS7026: JSX element implicitly has type 'any' because no interface 'JSX.IntrinsicElements' exists.
app/(dashboard)/dashboard/campaigns/campaigns-client.tsx(179,13): error TS7026: JSX element implicitly has type 'any' because no interface 'JSX.IntrinsicElements' exists.
app/(dashboard)/dashboard/campaigns/campaigns-client.tsx(180,13): error TS7026: JSX element implicitly has type 'any' because no interface 'JSX.IntrinsicElements' exists.
app/(dashboard)/dashboard/campaigns/campaigns-client.tsx(181,15): error TS7026: JSX element implicitly has type 'any' because no interface 'JSX.IntrinsicElements' exists.
app/(dashboard)/dashboard/campaigns/campaigns-client.tsx(181,82): error TS7026: JSX element implicitly has type 'any' because no interface 'JSX.IntrinsicElements' exists.
app/(dashboard)/dashboard/campaigns/campaigns-client.tsx(182,15): error TS7026: JSX element implicitly has type 'any' because no interface 'JSX.IntrinsicElements' exists.
app/(dashboard)/dashboard/campaigns/campaigns-client.tsx(182,110): error TS7026: JSX element implicitly has type 'any' because no interface 'JSX.IntrinsicElements' exists.
app/(dashboard)/dashboard/campaigns/campaigns-client.tsx(183,13): error TS7026: JSX element implicitly has type 'any' because no interface 'JSX.IntrinsicElements' exists.
app/(dashboard)/dashboard/campaigns/campaigns-client.tsx(184,11): error TS7026: JSX element implicitly has type 'any' because no interface 'JSX.IntrinsicElements' exists.
app/(dashboard)/dashboard/campaigns/campaigns-client.tsx(185,11): error TS7026: JSX element implicitly has type 'any' because no interface 'JSX.IntrinsicElements' exists.
app/(dashboard)/dashboard/campaigns/campaigns-client.tsx(191,13): error TS7026: JSX element implicitly has type 'any' because no interface 'JSX.IntrinsicElements' exists.
app/(dashboard)/dashboard/campaigns/campaigns-client.tsx(196,13): error TS7026: JSX element implicitly has type 'any' because no interface 'JSX.IntrinsicElements' exists.
app/(dashboard)/dashboard/campaigns/campaigns-client.tsx(197,13): error TS7026: JSX element implicitly has type 'any' because no interface 'JSX.IntrinsicElements' exists.
app/(dashboard)/dashboard/campaigns/campaigns-client.tsx(198,15): error TS7026: JSX element implicitly has type 'any' because no interface 'JSX.IntrinsicElements' exists.
app/(dashboard)/dashboard/campaigns/campaigns-client.tsx(198,87): error TS7026: JSX element implicitly has type 'any' because no interface 'JSX.IntrinsicElements' exists.
app/(dashboard)/dashboard/campaigns/campaigns-client.tsx(199,15): error TS7026: JSX element implicitly has type 'any' because no interface 'JSX.IntrinsicElements' exists.
app/(dashboard)/dashboard/campaigns/campaigns-client.tsx(202,36): error TS7026: JSX element implicitly has type 'any' because no interface 'JSX.IntrinsicElements' exists.
app/(dashboard)/dashboard/campaigns/campaigns-client.tsx(203,13): error TS7026: JSX element implicitly has type 'any' because no interface 'JSX.IntrinsicElements' exists.
app/(dashboard)/dashboard/campaigns/campaigns-client.tsx(204,11): error TS7026: JSX element implicitly has type 'any' because no interface 'JSX.IntrinsicElements' exists.
app/(dashboard)/dashboard/campaigns/campaigns-client.tsx(205,11): error TS7026: JSX element implicitly has type 'any' because no interface 'JSX.IntrinsicElements' exists.
app/(dashboard)/dashboard/campaigns/campaigns-client.tsx(206,13): error TS7026: JSX element implicitly has type 'any' because no interface 'JSX.IntrinsicElements' exists.
app/(dashboard)/dashboard/campaigns/campaigns-client.tsx(208,13): error TS7026: JSX element implicitly has type 'any' because no interface 'JSX.IntrinsicElements' exists.
app/(dashboard)/dashboard/campaigns/campaigns-client.tsx(209,13): error TS7026: JSX element implicitly has type 'any' because no interface 'JSX.IntrinsicElements' exists.
app/(dashboard)/dashboard/campaigns/campaigns-client.tsx(210,15): error TS7026: JSX element implicitly has type 'any' because no interface 'JSX.IntrinsicElements' exists.
app/(dashboard)/dashboard/campaigns/campaigns-client.tsx(210,87): error TS7026: JSX element implicitly has type 'any' because no interface 'JSX.IntrinsicElements' exists.
app/(dashboard)/dashboard/campaigns/campaigns-client.tsx(211,15): error TS7026: JSX element implicitly has type 'any' because no interface 'JSX.IntrinsicElements' exists.
app/(dashboard)/dashboard/campaigns/campaigns-client.tsx(211,140): error TS7026: JSX element implicitly has type 'any' because no interface 'JSX.IntrinsicElements' exists.
app/(dashboard)/dashboard/campaigns/campaigns-client.tsx(212,13): error TS7026: JSX element implicitly has type 'any' because no interface 'JSX.IntrinsicElements' exists.
app/(dashboard)/dashboard/campaigns/campaigns-client.tsx(213,11): error TS7026: JSX element implicitly has type 'any' because no interface 'JSX.IntrinsicElements' exists.
app/(dashboard)/dashboard/campaigns/campaigns-client.tsx(214,9): error TS7026: JSX element implicitly has type 'any' because no interface 'JSX.IntrinsicElements' exists.
app/(dashboard)/dashboard/campaigns/campaigns-client.tsx(217,9): error TS7026: JSX element implicitly has type 'any' because no interface 'JSX.IntrinsicElements' exists.
app/(dashboard)/dashboard/campaigns/campaigns-client.tsx(219,11): error TS7026: JSX element implicitly has type 'any' because no interface 'JSX.IntrinsicElements' exists.
app/(dashboard)/dashboard/campaigns/campaigns-client.tsx(221,13): error TS7026: JSX element implicitly has type 'any' because no interface 'JSX.IntrinsicElements' exists.
app/(dashboard)/dashboard/campaigns/campaigns-client.tsx(225,26): error TS7006: Parameter 'e' implicitly has an 'any' type.
app/(dashboard)/dashboard/campaigns/campaigns-client.tsx(229,15): error TS7026: JSX element implicitly has type 'any' because no interface 'JSX.IntrinsicElements' exists.
app/(dashboard)/dashboard/campaigns/campaigns-client.tsx(235,15): error TS7026: JSX element implicitly has type 'any' because no interface 'JSX.IntrinsicElements' exists.
app/(dashboard)/dashboard/campaigns/campaigns-client.tsx(238,15): error TS7026: JSX element implicitly has type 'any' because no interface 'JSX.IntrinsicElements' exists.
app/(dashboard)/dashboard/campaigns/campaigns-client.tsx(239,17): error TS7026: JSX element implicitly has type 'any' because no interface 'JSX.IntrinsicElements' exists.
app/(dashboard)/dashboard/campaigns/campaigns-client.tsx(240,15): error TS7026: JSX element implicitly has type 'any' because no interface 'JSX.IntrinsicElements' exists.
app/(dashboard)/dashboard/campaigns/campaigns-client.tsx(242,11): error TS7026: JSX element implicitly has type 'any' because no interface 'JSX.IntrinsicElements' exists.
app/(dashboard)/dashboard/campaigns/campaigns-client.tsx(245,11): error TS7026: JSX element implicitly has type 'any' because no interface 'JSX.IntrinsicElements' exists.
app/(dashboard)/dashboard/campaigns/campaigns-client.tsx(246,13): error TS7026: JSX element implicitly has type 'any' because no interface 'JSX.IntrinsicElements' exists.
app/(dashboard)/dashboard/campaigns/campaigns-client.tsx(251,17): error TS7026: JSX element implicitly has type 'any' because no interface 'JSX.IntrinsicElements' exists.
app/(dashboard)/dashboard/campaigns/campaigns-client.tsx(263,19): error TS7026: JSX element implicitly has type 'any' because no interface 'JSX.IntrinsicElements' exists.
app/(dashboard)/dashboard/campaigns/campaigns-client.tsx(268,19): error TS7026: JSX element implicitly has type 'any' because no interface 'JSX.IntrinsicElements' exists.
app/(dashboard)/dashboard/campaigns/campaigns-client.tsx(269,17): error TS7026: JSX element implicitly has type 'any' because no interface 'JSX.IntrinsicElements' exists.
app/(dashboard)/dashboard/campaigns/campaigns-client.tsx(272,13): error TS7026: JSX element implicitly has type 'any' because no interface 'JSX.IntrinsicElements' exists.
app/(dashboard)/dashboard/campaigns/campaigns-client.tsx(273,11): error TS7026: JSX element implicitly has type 'any' because no interface 'JSX.IntrinsicElements' exists.
app/(dashboard)/dashboard/campaigns/campaigns-client.tsx(274,9): error TS7026: JSX element implicitly has type 'any' because no interface 'JSX.IntrinsicElements' exists.
app/(dashboard)/dashboard/campaigns/campaigns-client.tsx(278,11): error TS7026: JSX element implicitly has type 'any' because no interface 'JSX.IntrinsicElements' exists.
app/(dashboard)/dashboard/campaigns/campaigns-client.tsx(279,14): error TS2322: Type '{ children: any[]; variant: string; size: string; dismissible: true; }' is not assignable to type 'CalloutProps'.
  Property 'children' does not exist on type 'CalloutProps'.
app/(dashboard)/dashboard/campaigns/campaigns-client.tsx(280,15): error TS7026: JSX element implicitly has type 'any' because no interface 'JSX.IntrinsicElements' exists.
app/(dashboard)/dashboard/campaigns/campaigns-client.tsx(280,27): error TS7026: JSX element implicitly has type 'any' because no interface 'JSX.IntrinsicElements' exists.
app/(dashboard)/dashboard/campaigns/campaigns-client.tsx(282,11): error TS7026: JSX element implicitly has type 'any' because no interface 'JSX.IntrinsicElements' exists.
app/(dashboard)/dashboard/campaigns/campaigns-client.tsx(320,11): error TS7026: JSX element implicitly has type 'any' because no interface 'JSX.IntrinsicElements' exists.
app/(dashboard)/dashboard/campaigns/campaigns-client.tsx(339,11): error TS7026: JSX element implicitly has type 'any' because no interface 'JSX.IntrinsicElements' exists.
app/(dashboard)/dashboard/campaigns/campaigns-client.tsx(341,7): error TS7026: JSX element implicitly has type 'any' because no interface 'JSX.IntrinsicElements' exists.
app/(dashboard)/dashboard/campaigns/create/page.tsx(3,24): error TS2307: Cannot find module 'react' or its corresponding type declarations.
app/(dashboard)/dashboard/campaigns/create/page.tsx(4,18): error TS2307: Cannot find module 'next/link' or its corresponding type declarations.
app/(dashboard)/dashboard/campaigns/create/page.tsx(5,27): error TS2307: Cannot find module 'next/navigation' or its corresponding type declarations.
app/(dashboard)/dashboard/campaigns/create/page.tsx(6,23): error TS2307: Cannot find module 'sonner' or its corresponding type declarations.
app/(dashboard)/dashboard/campaigns/create/page.tsx(34,8): error TS2307: Cannot find module '@phosphor-icons/react/dist/ssr' or its corresponding type declarations.
app/(dashboard)/dashboard/campaigns/create/page.tsx(38,10): error TS2305: Module '"@/hooks/use-products"' has no exported member 'useProducts'.
app/(dashboard)/dashboard/campaigns/create/page.tsx(69,18): error TS7006: Parameter 'prev' implicitly has an 'any' type.
app/(dashboard)/dashboard/campaigns/create/page.tsx(143,83): error TS2345: Argument of type '"pending_approval"' is not assignable to parameter of type '"submit" | "activate" | "cancel" | "end" | "complete" | "archive" | "unarchive"'.
app/(dashboard)/dashboard/campaigns/create/page.tsx(176,5): error TS7026: JSX element implicitly has type 'any' because no interface 'JSX.IntrinsicElements' exists.
app/(dashboard)/dashboard/campaigns/create/page.tsx(176,5): error TS2875: This JSX tag requires the module path 'react/jsx-runtime' to exist, but none could be found. Make sure you have types for the appropriate package installed.
app/(dashboard)/dashboard/campaigns/create/page.tsx(178,7): error TS7026: JSX element implicitly has type 'any' because no interface 'JSX.IntrinsicElements' exists.
app/(dashboard)/dashboard/campaigns/create/page.tsx(179,9): error TS7026: JSX element implicitly has type 'any' because no interface 'JSX.IntrinsicElements' exists.
app/(dashboard)/dashboard/campaigns/create/page.tsx(180,11): error TS7026: JSX element implicitly has type 'any' because no interface 'JSX.IntrinsicElements' exists.
app/(dashboard)/dashboard/campaigns/create/page.tsx(181,13): error TS7026: JSX element implicitly has type 'any' because no interface 'JSX.IntrinsicElements' exists.
app/(dashboard)/dashboard/campaigns/create/page.tsx(189,17): error TS7026: JSX element implicitly has type 'any' because no interface 'JSX.IntrinsicElements' exists.
app/(dashboard)/dashboard/campaigns/create/page.tsx(189,56): error TS7026: JSX element implicitly has type 'any' because no interface 'JSX.IntrinsicElements' exists.
app/(dashboard)/dashboard/campaigns/create/page.tsx(192,15): error TS7026: JSX element implicitly has type 'any' because no interface 'JSX.IntrinsicElements' exists.
app/(dashboard)/dashboard/campaigns/create/page.tsx(202,15): error TS7026: JSX element implicitly has type 'any' because no interface 'JSX.IntrinsicElements' exists.
app/(dashboard)/dashboard/campaigns/create/page.tsx(202,93): error TS7026: JSX element implicitly has type 'any' because no interface 'JSX.IntrinsicElements' exists.
app/(dashboard)/dashboard/campaigns/create/page.tsx(203,13): error TS7026: JSX element implicitly has type 'any' because no interface 'JSX.IntrinsicElements' exists.
app/(dashboard)/dashboard/campaigns/create/page.tsx(205,13): error TS7026: JSX element implicitly has type 'any' because no interface 'JSX.IntrinsicElements' exists.
app/(dashboard)/dashboard/campaigns/create/page.tsx(206,15): error TS7026: JSX element implicitly has type 'any' because no interface 'JSX.IntrinsicElements' exists.
app/(dashboard)/dashboard/campaigns/create/page.tsx(207,17): error TS7026: JSX element implicitly has type 'any' because no interface 'JSX.IntrinsicElements' exists.
app/(dashboard)/dashboard/campaigns/create/page.tsx(207,72): error TS7026: JSX element implicitly has type 'any' because no interface 'JSX.IntrinsicElements' exists.
app/(dashboard)/dashboard/campaigns/create/page.tsx(208,17): error TS7026: JSX element implicitly has type 'any' because no interface 'JSX.IntrinsicElements' exists.
app/(dashboard)/dashboard/campaigns/create/page.tsx(208,94): error TS7026: JSX element implicitly has type 'any' because no interface 'JSX.IntrinsicElements' exists.
app/(dashboard)/dashboard/campaigns/create/page.tsx(209,17): error TS7026: JSX element implicitly has type 'any' because no interface 'JSX.IntrinsicElements' exists.
app/(dashboard)/dashboard/campaigns/create/page.tsx(209,72): error TS7026: JSX element implicitly has type 'any' because no interface 'JSX.IntrinsicElements' exists.
app/(dashboard)/dashboard/campaigns/create/page.tsx(210,15): error TS7026: JSX element implicitly has type 'any' because no interface 'JSX.IntrinsicElements' exists.
app/(dashboard)/dashboard/campaigns/create/page.tsx(221,13): error TS7026: JSX element implicitly has type 'any' because no interface 'JSX.IntrinsicElements' exists.
app/(dashboard)/dashboard/campaigns/create/page.tsx(222,11): error TS7026: JSX element implicitly has type 'any' because no interface 'JSX.IntrinsicElements' exists.
app/(dashboard)/dashboard/campaigns/create/page.tsx(223,9): error TS7026: JSX element implicitly has type 'any' because no interface 'JSX.IntrinsicElements' exists.
app/(dashboard)/dashboard/campaigns/create/page.tsx(224,7): error TS7026: JSX element implicitly has type 'any' because no interface 'JSX.IntrinsicElements' exists.
app/(dashboard)/dashboard/campaigns/create/page.tsx(227,7): error TS7026: JSX element implicitly has type 'any' because no interface 'JSX.IntrinsicElements' exists.
app/(dashboard)/dashboard/campaigns/create/page.tsx(228,9): error TS7026: JSX element implicitly has type 'any' because no interface 'JSX.IntrinsicElements' exists.
app/(dashboard)/dashboard/campaigns/create/page.tsx(229,11): error TS7026: JSX element implicitly has type 'any' because no interface 'JSX.IntrinsicElements' exists.
app/(dashboard)/dashboard/campaigns/create/page.tsx(229,84): error TS7026: JSX element implicitly has type 'any' because no interface 'JSX.IntrinsicElements' exists.
app/(dashboard)/dashboard/campaigns/create/page.tsx(230,11): error TS7026: JSX element implicitly has type 'any' because no interface 'JSX.IntrinsicElements' exists.
app/(dashboard)/dashboard/campaigns/create/page.tsx(230,92): error TS7026: JSX element implicitly has type 'any' because no interface 'JSX.IntrinsicElements' exists.
app/(dashboard)/dashboard/campaigns/create/page.tsx(231,9): error TS7026: JSX element implicitly has type 'any' because no interface 'JSX.IntrinsicElements' exists.
app/(dashboard)/dashboard/campaigns/create/page.tsx(232,9): error TS7026: JSX element implicitly has type 'any' because no interface 'JSX.IntrinsicElements' exists.
app/(dashboard)/dashboard/campaigns/create/page.tsx(233,11): error TS7026: JSX element implicitly has type 'any' because no interface 'JSX.IntrinsicElements' exists.
app/(dashboard)/dashboard/campaigns/create/page.tsx(237,9): error TS7026: JSX element implicitly has type 'any' because no interface 'JSX.IntrinsicElements' exists.
app/(dashboard)/dashboard/campaigns/create/page.tsx(238,7): error TS7026: JSX element implicitly has type 'any' because no interface 'JSX.IntrinsicElements' exists.
app/(dashboard)/dashboard/campaigns/create/page.tsx(241,7): error TS7026: JSX element implicitly has type 'any' because no interface 'JSX.IntrinsicElements' exists.
app/(dashboard)/dashboard/campaigns/create/page.tsx(242,9): error TS7026: JSX element implicitly has type 'any' because no interface 'JSX.IntrinsicElements' exists.
app/(dashboard)/dashboard/campaigns/create/page.tsx(244,9): error TS7026: JSX element implicitly has type 'any' because no interface 'JSX.IntrinsicElements' exists.
app/(dashboard)/dashboard/campaigns/create/page.tsx(245,11): error TS7026: JSX element implicitly has type 'any' because no interface 'JSX.IntrinsicElements' exists.
app/(dashboard)/dashboard/campaigns/create/page.tsx(246,13): error TS7026: JSX element implicitly has type 'any' because no interface 'JSX.IntrinsicElements' exists.
app/(dashboard)/dashboard/campaigns/create/page.tsx(248,13): error TS7026: JSX element implicitly has type 'any' because no interface 'JSX.IntrinsicElements' exists.
app/(dashboard)/dashboard/campaigns/create/page.tsx(249,13): error TS7026: JSX element implicitly has type 'any' because no interface 'JSX.IntrinsicElements' exists.
app/(dashboard)/dashboard/campaigns/create/page.tsx(250,15): error TS7026: JSX element implicitly has type 'any' because no interface 'JSX.IntrinsicElements' exists.
app/(dashboard)/dashboard/campaigns/create/page.tsx(250,81): error TS7026: JSX element implicitly has type 'any' because no interface 'JSX.IntrinsicElements' exists.
app/(dashboard)/dashboard/campaigns/create/page.tsx(251,15): error TS7026: JSX element implicitly has type 'any' because no interface 'JSX.IntrinsicElements' exists.
app/(dashboard)/dashboard/campaigns/create/page.tsx(253,15): error TS7026: JSX element implicitly has type 'any' because no interface 'JSX.IntrinsicElements' exists.
app/(dashboard)/dashboard/campaigns/create/page.tsx(254,13): error TS7026: JSX element implicitly has type 'any' because no interface 'JSX.IntrinsicElements' exists.
app/(dashboard)/dashboard/campaigns/create/page.tsx(255,11): error TS7026: JSX element implicitly has type 'any' because no interface 'JSX.IntrinsicElements' exists.
app/(dashboard)/dashboard/campaigns/create/page.tsx(256,9): error TS7026: JSX element implicitly has type 'any' because no interface 'JSX.IntrinsicElements' exists.
app/(dashboard)/dashboard/campaigns/create/page.tsx(259,9): error TS7026: JSX element implicitly has type 'any' because no interface 'JSX.IntrinsicElements' exists.
app/(dashboard)/dashboard/campaigns/create/page.tsx(260,11): error TS7026: JSX element implicitly has type 'any' because no interface 'JSX.IntrinsicElements' exists.
app/(dashboard)/dashboard/campaigns/create/page.tsx(268,19): error TS7026: JSX element implicitly has type 'any' because no interface 'JSX.IntrinsicElements' exists.
app/(dashboard)/dashboard/campaigns/create/page.tsx(278,21): error TS7026: JSX element implicitly has type 'any' because no interface 'JSX.IntrinsicElements' exists.
app/(dashboard)/dashboard/campaigns/create/page.tsx(289,21): error TS7026: JSX element implicitly has type 'any' because no interface 'JSX.IntrinsicElements' exists.
app/(dashboard)/dashboard/campaigns/create/page.tsx(290,21): error TS7026: JSX element implicitly has type 'any' because no interface 'JSX.IntrinsicElements' exists.
app/(dashboard)/dashboard/campaigns/create/page.tsx(291,23): error TS7026: JSX element implicitly has type 'any' because no interface 'JSX.IntrinsicElements' exists.
app/(dashboard)/dashboard/campaigns/create/page.tsx(296,23): error TS7026: JSX element implicitly has type 'any' because no interface 'JSX.IntrinsicElements' exists.
app/(dashboard)/dashboard/campaigns/create/page.tsx(297,21): error TS7026: JSX element implicitly has type 'any' because no interface 'JSX.IntrinsicElements' exists.
app/(dashboard)/dashboard/campaigns/create/page.tsx(298,19): error TS7026: JSX element implicitly has type 'any' because no interface 'JSX.IntrinsicElements' exists.
app/(dashboard)/dashboard/campaigns/create/page.tsx(301,21): error TS7026: JSX element implicitly has type 'any' because no interface 'JSX.IntrinsicElements' exists.
app/(dashboard)/dashboard/campaigns/create/page.tsx(310,11): error TS7026: JSX element implicitly has type 'any' because no interface 'JSX.IntrinsicElements' exists.
app/(dashboard)/dashboard/campaigns/create/page.tsx(311,9): error TS7026: JSX element implicitly has type 'any' because no interface 'JSX.IntrinsicElements' exists.
app/(dashboard)/dashboard/campaigns/create/page.tsx(314,9): error TS7026: JSX element implicitly has type 'any' because no interface 'JSX.IntrinsicElements' exists.
app/(dashboard)/dashboard/campaigns/create/page.tsx(315,11): error TS7026: JSX element implicitly has type 'any' because no interface 'JSX.IntrinsicElements' exists.
app/(dashboard)/dashboard/campaigns/create/page.tsx(333,11): error TS7026: JSX element implicitly has type 'any' because no interface 'JSX.IntrinsicElements' exists.
app/(dashboard)/dashboard/campaigns/create/page.tsx(334,9): error TS7026: JSX element implicitly has type 'any' because no interface 'JSX.IntrinsicElements' exists.
app/(dashboard)/dashboard/campaigns/create/page.tsx(335,7): error TS7026: JSX element implicitly has type 'any' because no interface 'JSX.IntrinsicElements' exists.
app/(dashboard)/dashboard/campaigns/create/page.tsx(336,7): error TS7026: JSX element implicitly has type 'any' because no interface 'JSX.IntrinsicElements' exists.
app/(dashboard)/dashboard/campaigns/create/page.tsx(339,7): error TS7026: JSX element implicitly has type 'any' because no interface 'JSX.IntrinsicElements' exists.
app/(dashboard)/dashboard/campaigns/create/page.tsx(340,9): error TS7026: JSX element implicitly has type 'any' because no interface 'JSX.IntrinsicElements' exists.
app/(dashboard)/dashboard/campaigns/create/page.tsx(341,11): error TS7026: JSX element implicitly has type 'any' because no interface 'JSX.IntrinsicElements' exists.
app/(dashboard)/dashboard/campaigns/create/page.tsx(345,17): error TS7026: JSX element implicitly has type 'any' because no interface 'JSX.IntrinsicElements' exists.
app/(dashboard)/dashboard/campaigns/create/page.tsx(345,56): error TS7026: JSX element implicitly has type 'any' because no interface 'JSX.IntrinsicElements' exists.
app/(dashboard)/dashboard/campaigns/create/page.tsx(348,11): error TS7026: JSX element implicitly has type 'any' because no interface 'JSX.IntrinsicElements' exists.
app/(dashboard)/dashboard/campaigns/create/page.tsx(350,11): error TS7026: JSX element implicitly has type 'any' because no interface 'JSX.IntrinsicElements' exists.
app/(dashboard)/dashboard/campaigns/create/page.tsx(368,17): error TS7026: JSX element implicitly has type 'any' because no interface 'JSX.IntrinsicElements' exists.
app/(dashboard)/dashboard/campaigns/create/page.tsx(368,60): error TS7026: JSX element implicitly has type 'any' because no interface 'JSX.IntrinsicElements' exists.
app/(dashboard)/dashboard/campaigns/create/page.tsx(369,17): error TS7026: JSX element implicitly has type 'any' because no interface 'JSX.IntrinsicElements' exists.
app/(dashboard)/dashboard/campaigns/create/page.tsx(369,49): error TS7026: JSX element implicitly has type 'any' because no interface 'JSX.IntrinsicElements' exists.
app/(dashboard)/dashboard/campaigns/create/page.tsx(382,11): error TS7026: JSX element implicitly has type 'any' because no interface 'JSX.IntrinsicElements' exists.
app/(dashboard)/dashboard/campaigns/create/page.tsx(383,9): error TS7026: JSX element implicitly has type 'any' because no interface 'JSX.IntrinsicElements' exists.
app/(dashboard)/dashboard/campaigns/create/page.tsx(384,7): error TS7026: JSX element implicitly has type 'any' because no interface 'JSX.IntrinsicElements' exists.
app/(dashboard)/dashboard/campaigns/create/page.tsx(385,5): error TS7026: JSX element implicitly has type 'any' because no interface 'JSX.IntrinsicElements' exists.
app/(dashboard)/dashboard/campaigns/create/page.tsx(402,5): error TS7026: JSX element implicitly has type 'any' because no interface 'JSX.IntrinsicElements' exists.
app/(dashboard)/dashboard/campaigns/create/page.tsx(404,7): error TS7026: JSX element implicitly has type 'any' because no interface 'JSX.IntrinsicElements' exists.
app/(dashboard)/dashboard/campaigns/create/page.tsx(405,9): error TS7026: JSX element implicitly has type 'any' because no interface 'JSX.IntrinsicElements' exists.
app/(dashboard)/dashboard/campaigns/create/page.tsx(405,82): error TS7026: JSX element implicitly has type 'any' because no interface 'JSX.IntrinsicElements' exists.
app/(dashboard)/dashboard/campaigns/create/page.tsx(406,9): error TS7026: JSX element implicitly has type 'any' because no interface 'JSX.IntrinsicElements' exists.
app/(dashboard)/dashboard/campaigns/create/page.tsx(408,9): error TS7026: JSX element implicitly has type 'any' because no interface 'JSX.IntrinsicElements' exists.
app/(dashboard)/dashboard/campaigns/create/page.tsx(409,7): error TS7026: JSX element implicitly has type 'any' because no interface 'JSX.IntrinsicElements' exists.
app/(dashboard)/dashboard/campaigns/create/page.tsx(412,7): error TS7026: JSX element implicitly has type 'any' because no interface 'JSX.IntrinsicElements' exists.
app/(dashboard)/dashboard/campaigns/create/page.tsx(413,9): error TS7026: JSX element implicitly has type 'any' because no interface 'JSX.IntrinsicElements' exists.
app/(dashboard)/dashboard/campaigns/create/page.tsx(415,11): error TS7026: JSX element implicitly has type 'any' because no interface 'JSX.IntrinsicElements' exists.
app/(dashboard)/dashboard/campaigns/create/page.tsx(415,46): error TS7026: JSX element implicitly has type 'any' because no interface 'JSX.IntrinsicElements' exists.
app/(dashboard)/dashboard/campaigns/create/page.tsx(416,9): error TS7026: JSX element implicitly has type 'any' because no interface 'JSX.IntrinsicElements' exists.
app/(dashboard)/dashboard/campaigns/create/page.tsx(418,9): error TS7026: JSX element implicitly has type 'any' because no interface 'JSX.IntrinsicElements' exists.
app/(dashboard)/dashboard/campaigns/create/page.tsx(423,17): error TS7026: JSX element implicitly has type 'any' because no interface 'JSX.IntrinsicElements' exists.
app/(dashboard)/dashboard/campaigns/create/page.tsx(427,19): error TS7026: JSX element implicitly has type 'any' because no interface 'JSX.IntrinsicElements' exists.
app/(dashboard)/dashboard/campaigns/create/page.tsx(428,19): error TS7026: JSX element implicitly has type 'any' because no interface 'JSX.IntrinsicElements' exists.
app/(dashboard)/dashboard/campaigns/create/page.tsx(429,21): error TS7026: JSX element implicitly has type 'any' because no interface 'JSX.IntrinsicElements' exists.
app/(dashboard)/dashboard/campaigns/create/page.tsx(430,21): error TS7026: JSX element implicitly has type 'any' because no interface 'JSX.IntrinsicElements' exists.
app/(dashboard)/dashboard/campaigns/create/page.tsx(431,19): error TS7026: JSX element implicitly has type 'any' because no interface 'JSX.IntrinsicElements' exists.
app/(dashboard)/dashboard/campaigns/create/page.tsx(432,17): error TS7026: JSX element implicitly has type 'any' because no interface 'JSX.IntrinsicElements' exists.
app/(dashboard)/dashboard/campaigns/create/page.tsx(436,13): error TS7026: JSX element implicitly has type 'any' because no interface 'JSX.IntrinsicElements' exists.
app/(dashboard)/dashboard/campaigns/create/page.tsx(438,15): error TS7026: JSX element implicitly has type 'any' because no interface 'JSX.IntrinsicElements' exists.
app/(dashboard)/dashboard/campaigns/create/page.tsx(438,65): error TS7026: JSX element implicitly has type 'any' because no interface 'JSX.IntrinsicElements' exists.
app/(dashboard)/dashboard/campaigns/create/page.tsx(439,15): error TS7026: JSX element implicitly has type 'any' because no interface 'JSX.IntrinsicElements' exists.
app/(dashboard)/dashboard/campaigns/create/page.tsx(439,82): error TS7026: JSX element implicitly has type 'any' because no interface 'JSX.IntrinsicElements' exists.
app/(dashboard)/dashboard/campaigns/create/page.tsx(440,13): error TS7026: JSX element implicitly has type 'any' because no interface 'JSX.IntrinsicElements' exists.
app/(dashboard)/dashboard/campaigns/create/page.tsx(443,15): error TS7026: JSX element implicitly has type 'any' because no interface 'JSX.IntrinsicElements' exists.
app/(dashboard)/dashboard/campaigns/create/page.tsx(455,17): error TS7026: JSX element implicitly has type 'any' because no interface 'JSX.IntrinsicElements' exists.
app/(dashboard)/dashboard/campaigns/create/page.tsx(457,17): error TS7026: JSX element implicitly has type 'any' because no interface 'JSX.IntrinsicElements' exists.
app/(dashboard)/dashboard/campaigns/create/page.tsx(458,17): error TS7026: JSX element implicitly has type 'any' because no interface 'JSX.IntrinsicElements' exists.
app/(dashboard)/dashboard/campaigns/create/page.tsx(459,19): error TS7026: JSX element implicitly has type 'any' because no interface 'JSX.IntrinsicElements' exists.
app/(dashboard)/dashboard/campaigns/create/page.tsx(459,94): error TS7026: JSX element implicitly has type 'any' because no interface 'JSX.IntrinsicElements' exists.
app/(dashboard)/dashboard/campaigns/create/page.tsx(460,19): error TS7026: JSX element implicitly has type 'any' because no interface 'JSX.IntrinsicElements' exists.
app/(dashboard)/dashboard/campaigns/create/page.tsx(460,86): error TS7026: JSX element implicitly has type 'any' because no interface 'JSX.IntrinsicElements' exists.
app/(dashboard)/dashboard/campaigns/create/page.tsx(461,17): error TS7026: JSX element implicitly has type 'any' because no interface 'JSX.IntrinsicElements' exists.
app/(dashboard)/dashboard/campaigns/create/page.tsx(462,15): error TS7026: JSX element implicitly has type 'any' because no interface 'JSX.IntrinsicElements' exists.
app/(dashboard)/dashboard/campaigns/create/page.tsx(465,9): error TS7026: JSX element implicitly has type 'any' because no interface 'JSX.IntrinsicElements' exists.
app/(dashboard)/dashboard/campaigns/create/page.tsx(474,7): error TS7026: JSX element implicitly has type 'any' because no interface 'JSX.IntrinsicElements' exists.
app/(dashboard)/dashboard/campaigns/create/page.tsx(477,7): error TS7026: JSX element implicitly has type 'any' because no interface 'JSX.IntrinsicElements' exists.
app/(dashboard)/dashboard/campaigns/create/page.tsx(478,9): error TS7026: JSX element implicitly has type 'any' because no interface 'JSX.IntrinsicElements' exists.
app/(dashboard)/dashboard/campaigns/create/page.tsx(480,11): error TS7026: JSX element implicitly has type 'any' because no interface 'JSX.IntrinsicElements' exists.
app/(dashboard)/dashboard/campaigns/create/page.tsx(480,46): error TS7026: JSX element implicitly has type 'any' because no interface 'JSX.IntrinsicElements' exists.
app/(dashboard)/dashboard/campaigns/create/page.tsx(481,9): error TS7026: JSX element implicitly has type 'any' because no interface 'JSX.IntrinsicElements' exists.
app/(dashboard)/dashboard/campaigns/create/page.tsx(482,10): error TS2559: Type '{ children: any; }' has no properties in common with type 'InputRootProps'.
app/(dashboard)/dashboard/campaigns/create/page.tsx(487,26): error TS7006: Parameter 'e' implicitly has an 'any' type.
app/(dashboard)/dashboard/campaigns/create/page.tsx(491,7): error TS7026: JSX element implicitly has type 'any' because no interface 'JSX.IntrinsicElements' exists.
app/(dashboard)/dashboard/campaigns/create/page.tsx(494,7): error TS7026: JSX element implicitly has type 'any' because no interface 'JSX.IntrinsicElements' exists.
app/(dashboard)/dashboard/campaigns/create/page.tsx(495,9): error TS7026: JSX element implicitly has type 'any' because no interface 'JSX.IntrinsicElements' exists.
app/(dashboard)/dashboard/campaigns/create/page.tsx(497,11): error TS7026: JSX element implicitly has type 'any' because no interface 'JSX.IntrinsicElements' exists.
app/(dashboard)/dashboard/campaigns/create/page.tsx(497,81): error TS7026: JSX element implicitly has type 'any' because no interface 'JSX.IntrinsicElements' exists.
app/(dashboard)/dashboard/campaigns/create/page.tsx(498,9): error TS7026: JSX element implicitly has type 'any' because no interface 'JSX.IntrinsicElements' exists.
app/(dashboard)/dashboard/campaigns/create/page.tsx(502,22): error TS7006: Parameter 'e' implicitly has an 'any' type.
app/(dashboard)/dashboard/campaigns/create/page.tsx(505,7): error TS7026: JSX element implicitly has type 'any' because no interface 'JSX.IntrinsicElements' exists.
app/(dashboard)/dashboard/campaigns/create/page.tsx(508,7): error TS7026: JSX element implicitly has type 'any' because no interface 'JSX.IntrinsicElements' exists.
app/(dashboard)/dashboard/campaigns/create/page.tsx(509,9): error TS7026: JSX element implicitly has type 'any' because no interface 'JSX.IntrinsicElements' exists.
app/(dashboard)/dashboard/campaigns/create/page.tsx(511,11): error TS7026: JSX element implicitly has type 'any' because no interface 'JSX.IntrinsicElements' exists.
app/(dashboard)/dashboard/campaigns/create/page.tsx(511,46): error TS7026: JSX element implicitly has type 'any' because no interface 'JSX.IntrinsicElements' exists.
app/(dashboard)/dashboard/campaigns/create/page.tsx(512,9): error TS7026: JSX element implicitly has type 'any' because no interface 'JSX.IntrinsicElements' exists.
app/(dashboard)/dashboard/campaigns/create/page.tsx(515,27): error TS7006: Parameter 'value' implicitly has an 'any' type.
app/(dashboard)/dashboard/campaigns/create/page.tsx(519,13): error TS7026: JSX element implicitly has type 'any' because no interface 'JSX.IntrinsicElements' exists.
app/(dashboard)/dashboard/campaigns/create/page.tsx(529,15): error TS7026: JSX element implicitly has type 'any' because no interface 'JSX.IntrinsicElements' exists.
app/(dashboard)/dashboard/campaigns/create/page.tsx(531,17): error TS7026: JSX element implicitly has type 'any' because no interface 'JSX.IntrinsicElements' exists.
app/(dashboard)/dashboard/campaigns/create/page.tsx(531,96): error TS7026: JSX element implicitly has type 'any' because no interface 'JSX.IntrinsicElements' exists.
app/(dashboard)/dashboard/campaigns/create/page.tsx(532,15): error TS7026: JSX element implicitly has type 'any' because no interface 'JSX.IntrinsicElements' exists.
app/(dashboard)/dashboard/campaigns/create/page.tsx(533,15): error TS7026: JSX element implicitly has type 'any' because no interface 'JSX.IntrinsicElements' exists.
app/(dashboard)/dashboard/campaigns/create/page.tsx(535,15): error TS7026: JSX element implicitly has type 'any' because no interface 'JSX.IntrinsicElements' exists.
app/(dashboard)/dashboard/campaigns/create/page.tsx(536,13): error TS7026: JSX element implicitly has type 'any' because no interface 'JSX.IntrinsicElements' exists.
app/(dashboard)/dashboard/campaigns/create/page.tsx(539,7): error TS7026: JSX element implicitly has type 'any' because no interface 'JSX.IntrinsicElements' exists.
app/(dashboard)/dashboard/campaigns/create/page.tsx(542,7): error TS7026: JSX element implicitly has type 'any' because no interface 'JSX.IntrinsicElements' exists.
app/(dashboard)/dashboard/campaigns/create/page.tsx(543,9): error TS7026: JSX element implicitly has type 'any' because no interface 'JSX.IntrinsicElements' exists.
app/(dashboard)/dashboard/campaigns/create/page.tsx(546,31): error TS7006: Parameter 'checked' implicitly has an 'any' type.
app/(dashboard)/dashboard/campaigns/create/page.tsx(549,11): error TS7026: JSX element implicitly has type 'any' because no interface 'JSX.IntrinsicElements' exists.
app/(dashboard)/dashboard/campaigns/create/page.tsx(550,13): error TS7026: JSX element implicitly has type 'any' because no interface 'JSX.IntrinsicElements' exists.
app/(dashboard)/dashboard/campaigns/create/page.tsx(556,15): error TS7026: JSX element implicitly has type 'any' because no interface 'JSX.IntrinsicElements' exists.
app/(dashboard)/dashboard/campaigns/create/page.tsx(558,15): error TS7026: JSX element implicitly has type 'any' because no interface 'JSX.IntrinsicElements' exists.
app/(dashboard)/dashboard/campaigns/create/page.tsx(559,13): error TS7026: JSX element implicitly has type 'any' because no interface 'JSX.IntrinsicElements' exists.
app/(dashboard)/dashboard/campaigns/create/page.tsx(560,13): error TS7026: JSX element implicitly has type 'any' because no interface 'JSX.IntrinsicElements' exists.
app/(dashboard)/dashboard/campaigns/create/page.tsx(564,13): error TS7026: JSX element implicitly has type 'any' because no interface 'JSX.IntrinsicElements' exists.
app/(dashboard)/dashboard/campaigns/create/page.tsx(565,11): error TS7026: JSX element implicitly has type 'any' because no interface 'JSX.IntrinsicElements' exists.
app/(dashboard)/dashboard/campaigns/create/page.tsx(566,9): error TS7026: JSX element implicitly has type 'any' because no interface 'JSX.IntrinsicElements' exists.
app/(dashboard)/dashboard/campaigns/create/page.tsx(567,7): error TS7026: JSX element implicitly has type 'any' because no interface 'JSX.IntrinsicElements' exists.
app/(dashboard)/dashboard/campaigns/create/page.tsx(568,5): error TS7026: JSX element implicitly has type 'any' because no interface 'JSX.IntrinsicElements' exists.
app/(dashboard)/dashboard/campaigns/create/page.tsx(588,5): error TS7026: JSX element implicitly has type 'any' because no interface 'JSX.IntrinsicElements' exists.
app/(dashboard)/dashboard/campaigns/create/page.tsx(590,7): error TS7026: JSX element implicitly has type 'any' because no interface 'JSX.IntrinsicElements' exists.
app/(dashboard)/dashboard/campaigns/create/page.tsx(591,9): error TS7026: JSX element implicitly has type 'any' because no interface 'JSX.IntrinsicElements' exists.
app/(dashboard)/dashboard/campaigns/create/page.tsx(591,82): error TS7026: JSX element implicitly has type 'any' because no interface 'JSX.IntrinsicElements' exists.
app/(dashboard)/dashboard/campaigns/create/page.tsx(592,9): error TS7026: JSX element implicitly has type 'any' because no interface 'JSX.IntrinsicElements' exists.
app/(dashboard)/dashboard/campaigns/create/page.tsx(594,9): error TS7026: JSX element implicitly has type 'any' because no interface 'JSX.IntrinsicElements' exists.
app/(dashboard)/dashboard/campaigns/create/page.tsx(595,7): error TS7026: JSX element implicitly has type 'any' because no interface 'JSX.IntrinsicElements' exists.
app/(dashboard)/dashboard/campaigns/create/page.tsx(598,7): error TS7026: JSX element implicitly has type 'any' because no interface 'JSX.IntrinsicElements' exists.
app/(dashboard)/dashboard/campaigns/create/page.tsx(599,9): error TS7026: JSX element implicitly has type 'any' because no interface 'JSX.IntrinsicElements' exists.
app/(dashboard)/dashboard/campaigns/create/page.tsx(602,11): error TS7026: JSX element implicitly has type 'any' because no interface 'JSX.IntrinsicElements' exists.
app/(dashboard)/dashboard/campaigns/create/page.tsx(602,46): error TS7026: JSX element implicitly has type 'any' because no interface 'JSX.IntrinsicElements' exists.
app/(dashboard)/dashboard/campaigns/create/page.tsx(603,9): error TS7026: JSX element implicitly has type 'any' because no interface 'JSX.IntrinsicElements' exists.
app/(dashboard)/dashboard/campaigns/create/page.tsx(605,9): error TS7026: JSX element implicitly has type 'any' because no interface 'JSX.IntrinsicElements' exists.
app/(dashboard)/dashboard/campaigns/create/page.tsx(607,13): error TS7026: JSX element implicitly has type 'any' because no interface 'JSX.IntrinsicElements' exists.
app/(dashboard)/dashboard/campaigns/create/page.tsx(608,15): error TS7026: JSX element implicitly has type 'any' because no interface 'JSX.IntrinsicElements' exists.
app/(dashboard)/dashboard/campaigns/create/page.tsx(608,75): error TS7026: JSX element implicitly has type 'any' because no interface 'JSX.IntrinsicElements' exists.
app/(dashboard)/dashboard/campaigns/create/page.tsx(610,17): error TS7026: JSX element implicitly has type 'any' because no interface 'JSX.IntrinsicElements' exists.
app/(dashboard)/dashboard/campaigns/create/page.tsx(612,19): error TS7026: JSX element implicitly has type 'any' because no interface 'JSX.IntrinsicElements' exists.
app/(dashboard)/dashboard/campaigns/create/page.tsx(617,19): error TS7026: JSX element implicitly has type 'any' because no interface 'JSX.IntrinsicElements' exists.
app/(dashboard)/dashboard/campaigns/create/page.tsx(618,17): error TS7026: JSX element implicitly has type 'any' because no interface 'JSX.IntrinsicElements' exists.
app/(dashboard)/dashboard/campaigns/create/page.tsx(620,13): error TS7026: JSX element implicitly has type 'any' because no interface 'JSX.IntrinsicElements' exists.
app/(dashboard)/dashboard/campaigns/create/page.tsx(625,28): error TS7006: Parameter 'date' implicitly has an 'any' type.
app/(dashboard)/dashboard/campaigns/create/page.tsx(629,28): error TS7006: Parameter 'date' implicitly has an 'any' type.
app/(dashboard)/dashboard/campaigns/create/page.tsx(635,13): error TS7026: JSX element implicitly has type 'any' because no interface 'JSX.IntrinsicElements' exists.
app/(dashboard)/dashboard/campaigns/create/page.tsx(636,15): error TS7026: JSX element implicitly has type 'any' because no interface 'JSX.IntrinsicElements' exists.
app/(dashboard)/dashboard/campaigns/create/page.tsx(636,73): error TS7026: JSX element implicitly has type 'any' because no interface 'JSX.IntrinsicElements' exists.
app/(dashboard)/dashboard/campaigns/create/page.tsx(638,17): error TS7026: JSX element implicitly has type 'any' because no interface 'JSX.IntrinsicElements' exists.
app/(dashboard)/dashboard/campaigns/create/page.tsx(640,19): error TS7026: JSX element implicitly has type 'any' because no interface 'JSX.IntrinsicElements' exists.
app/(dashboard)/dashboard/campaigns/create/page.tsx(645,19): error TS7026: JSX element implicitly has type 'any' because no interface 'JSX.IntrinsicElements' exists.
app/(dashboard)/dashboard/campaigns/create/page.tsx(646,17): error TS7026: JSX element implicitly has type 'any' because no interface 'JSX.IntrinsicElements' exists.
app/(dashboard)/dashboard/campaigns/create/page.tsx(648,13): error TS7026: JSX element implicitly has type 'any' because no interface 'JSX.IntrinsicElements' exists.
app/(dashboard)/dashboard/campaigns/create/page.tsx(653,28): error TS7006: Parameter 'date' implicitly has an 'any' type.
app/(dashboard)/dashboard/campaigns/create/page.tsx(657,28): error TS7006: Parameter 'date' implicitly has an 'any' type.
app/(dashboard)/dashboard/campaigns/create/page.tsx(661,9): error TS7026: JSX element implicitly has type 'any' because no interface 'JSX.IntrinsicElements' exists.
app/(dashboard)/dashboard/campaigns/create/page.tsx(662,7): error TS7026: JSX element implicitly has type 'any' because no interface 'JSX.IntrinsicElements' exists.
app/(dashboard)/dashboard/campaigns/create/page.tsx(665,7): error TS7026: JSX element implicitly has type 'any' because no interface 'JSX.IntrinsicElements' exists.
app/(dashboard)/dashboard/campaigns/create/page.tsx(666,9): error TS7026: JSX element implicitly has type 'any' because no interface 'JSX.IntrinsicElements' exists.
app/(dashboard)/dashboard/campaigns/create/page.tsx(667,11): error TS7026: JSX element implicitly has type 'any' because no interface 'JSX.IntrinsicElements' exists.
app/(dashboard)/dashboard/campaigns/create/page.tsx(670,13): error TS7026: JSX element implicitly has type 'any' because no interface 'JSX.IntrinsicElements' exists.
app/(dashboard)/dashboard/campaigns/create/page.tsx(670,48): error TS7026: JSX element implicitly has type 'any' because no interface 'JSX.IntrinsicElements' exists.
app/(dashboard)/dashboard/campaigns/create/page.tsx(671,11): error TS7026: JSX element implicitly has type 'any' because no interface 'JSX.IntrinsicElements' exists.
app/(dashboard)/dashboard/campaigns/create/page.tsx(678,11): error TS7026: JSX element implicitly has type 'any' because no interface 'JSX.IntrinsicElements' exists.
app/(dashboard)/dashboard/campaigns/create/page.tsx(680,11): error TS7026: JSX element implicitly has type 'any' because no interface 'JSX.IntrinsicElements' exists.
app/(dashboard)/dashboard/campaigns/create/page.tsx(681,9): error TS7026: JSX element implicitly has type 'any' because no interface 'JSX.IntrinsicElements' exists.
app/(dashboard)/dashboard/campaigns/create/page.tsx(683,9): error TS7026: JSX element implicitly has type 'any' because no interface 'JSX.IntrinsicElements' exists.
app/(dashboard)/dashboard/campaigns/create/page.tsx(684,11): error TS7026: JSX element implicitly has type 'any' because no interface 'JSX.IntrinsicElements' exists.
app/(dashboard)/dashboard/campaigns/create/page.tsx(687,11): error TS7026: JSX element implicitly has type 'any' because no interface 'JSX.IntrinsicElements' exists.
app/(dashboard)/dashboard/campaigns/create/page.tsx(695,11): error TS7026: JSX element implicitly has type 'any' because no interface 'JSX.IntrinsicElements' exists.
app/(dashboard)/dashboard/campaigns/create/page.tsx(697,11): error TS7026: JSX element implicitly has type 'any' because no interface 'JSX.IntrinsicElements' exists.
app/(dashboard)/dashboard/campaigns/create/page.tsx(698,9): error TS7026: JSX element implicitly has type 'any' because no interface 'JSX.IntrinsicElements' exists.
app/(dashboard)/dashboard/campaigns/create/page.tsx(699,7): error TS7026: JSX element implicitly has type 'any' because no interface 'JSX.IntrinsicElements' exists.
app/(dashboard)/dashboard/campaigns/create/page.tsx(702,7): error TS7026: JSX element implicitly has type 'any' because no interface 'JSX.IntrinsicElements' exists.
app/(dashboard)/dashboard/campaigns/create/page.tsx(704,9): error TS7026: JSX element implicitly has type 'any' because no interface 'JSX.IntrinsicElements' exists.
app/(dashboard)/dashboard/campaigns/create/page.tsx(705,11): error TS7026: JSX element implicitly has type 'any' because no interface 'JSX.IntrinsicElements' exists.
app/(dashboard)/dashboard/campaigns/create/page.tsx(705,57): error TS7026: JSX element implicitly has type 'any' because no interface 'JSX.IntrinsicElements' exists.
app/(dashboard)/dashboard/campaigns/create/page.tsx(706,9): error TS7026: JSX element implicitly has type 'any' because no interface 'JSX.IntrinsicElements' exists.
app/(dashboard)/dashboard/campaigns/create/page.tsx(707,7): error TS7026: JSX element implicitly has type 'any' because no interface 'JSX.IntrinsicElements' exists.
app/(dashboard)/dashboard/campaigns/create/page.tsx(708,5): error TS7026: JSX element implicitly has type 'any' because no interface 'JSX.IntrinsicElements' exists.
app/(dashboard)/dashboard/campaigns/create/page.tsx(738,5): error TS7026: JSX element implicitly has type 'any' because no interface 'JSX.IntrinsicElements' exists.
app/(dashboard)/dashboard/campaigns/create/page.tsx(740,7): error TS7026: JSX element implicitly has type 'any' because no interface 'JSX.IntrinsicElements' exists.
app/(dashboard)/dashboard/campaigns/create/page.tsx(741,9): error TS7026: JSX element implicitly has type 'any' because no interface 'JSX.IntrinsicElements' exists.
app/(dashboard)/dashboard/campaigns/create/page.tsx(741,86): error TS7026: JSX element implicitly has type 'any' because no interface 'JSX.IntrinsicElements' exists.
app/(dashboard)/dashboard/campaigns/create/page.tsx(742,9): error TS7026: JSX element implicitly has type 'any' because no interface 'JSX.IntrinsicElements' exists.
app/(dashboard)/dashboard/campaigns/create/page.tsx(744,9): error TS7026: JSX element implicitly has type 'any' because no interface 'JSX.IntrinsicElements' exists.
app/(dashboard)/dashboard/campaigns/create/page.tsx(745,7): error TS7026: JSX element implicitly has type 'any' because no interface 'JSX.IntrinsicElements' exists.
app/(dashboard)/dashboard/campaigns/create/page.tsx(748,7): error TS7026: JSX element implicitly has type 'any' because no interface 'JSX.IntrinsicElements' exists.
app/(dashboard)/dashboard/campaigns/create/page.tsx(750,9): error TS7026: JSX element implicitly has type 'any' because no interface 'JSX.IntrinsicElements' exists.
app/(dashboard)/dashboard/campaigns/create/page.tsx(751,11): error TS7026: JSX element implicitly has type 'any' because no interface 'JSX.IntrinsicElements' exists.
app/(dashboard)/dashboard/campaigns/create/page.tsx(751,65): error TS7026: JSX element implicitly has type 'any' because no interface 'JSX.IntrinsicElements' exists.
app/(dashboard)/dashboard/campaigns/create/page.tsx(752,9): error TS7026: JSX element implicitly has type 'any' because no interface 'JSX.IntrinsicElements' exists.
app/(dashboard)/dashboard/campaigns/create/page.tsx(753,7): error TS7026: JSX element implicitly has type 'any' because no interface 'JSX.IntrinsicElements' exists.
app/(dashboard)/dashboard/campaigns/create/page.tsx(756,7): error TS7026: JSX element implicitly has type 'any' because no interface 'JSX.IntrinsicElements' exists.
app/(dashboard)/dashboard/campaigns/create/page.tsx(758,11): error TS7026: JSX element implicitly has type 'any' because no interface 'JSX.IntrinsicElements' exists.
app/(dashboard)/dashboard/campaigns/create/page.tsx(768,13): error TS7026: JSX element implicitly has type 'any' because no interface 'JSX.IntrinsicElements' exists.
app/(dashboard)/dashboard/campaigns/create/page.tsx(769,15): error TS7026: JSX element implicitly has type 'any' because no interface 'JSX.IntrinsicElements' exists.
app/(dashboard)/dashboard/campaigns/create/page.tsx(770,17): error TS7026: JSX element implicitly has type 'any' because no interface 'JSX.IntrinsicElements' exists.
app/(dashboard)/dashboard/campaigns/create/page.tsx(775,17): error TS7026: JSX element implicitly has type 'any' because no interface 'JSX.IntrinsicElements' exists.
app/(dashboard)/dashboard/campaigns/create/page.tsx(776,17): error TS7026: JSX element implicitly has type 'any' because no interface 'JSX.IntrinsicElements' exists.
app/(dashboard)/dashboard/campaigns/create/page.tsx(777,19): error TS7026: JSX element implicitly has type 'any' because no interface 'JSX.IntrinsicElements' exists.
app/(dashboard)/dashboard/campaigns/create/page.tsx(779,19): error TS7026: JSX element implicitly has type 'any' because no interface 'JSX.IntrinsicElements' exists.
app/(dashboard)/dashboard/campaigns/create/page.tsx(781,21): error TS7026: JSX element implicitly has type 'any' because no interface 'JSX.IntrinsicElements' exists.
app/(dashboard)/dashboard/campaigns/create/page.tsx(781,95): error TS7026: JSX element implicitly has type 'any' because no interface 'JSX.IntrinsicElements' exists.
app/(dashboard)/dashboard/campaigns/create/page.tsx(783,17): error TS7026: JSX element implicitly has type 'any' because no interface 'JSX.IntrinsicElements' exists.
app/(dashboard)/dashboard/campaigns/create/page.tsx(784,15): error TS7026: JSX element implicitly has type 'any' because no interface 'JSX.IntrinsicElements' exists.
app/(dashboard)/dashboard/campaigns/create/page.tsx(786,15): error TS7026: JSX element implicitly has type 'any' because no interface 'JSX.IntrinsicElements' exists.
app/(dashboard)/dashboard/campaigns/create/page.tsx(788,19): error TS7026: JSX element implicitly has type 'any' because no interface 'JSX.IntrinsicElements' exists.
app/(dashboard)/dashboard/campaigns/create/page.tsx(791,41): error TS7006: Parameter 'checked' implicitly has an 'any' type.
app/(dashboard)/dashboard/campaigns/create/page.tsx(795,21): error TS7026: JSX element implicitly has type 'any' because no interface 'JSX.IntrinsicElements' exists.
app/(dashboard)/dashboard/campaigns/create/page.tsx(797,21): error TS7026: JSX element implicitly has type 'any' because no interface 'JSX.IntrinsicElements' exists.
app/(dashboard)/dashboard/campaigns/create/page.tsx(798,19): error TS7026: JSX element implicitly has type 'any' because no interface 'JSX.IntrinsicElements' exists.
app/(dashboard)/dashboard/campaigns/create/page.tsx(810,15): error TS7026: JSX element implicitly has type 'any' because no interface 'JSX.IntrinsicElements' exists.
app/(dashboard)/dashboard/campaigns/create/page.tsx(811,13): error TS7026: JSX element implicitly has type 'any' because no interface 'JSX.IntrinsicElements' exists.
app/(dashboard)/dashboard/campaigns/create/page.tsx(814,13): error TS7026: JSX element implicitly has type 'any' because no interface 'JSX.IntrinsicElements' exists.
app/(dashboard)/dashboard/campaigns/create/page.tsx(815,15): error TS7026: JSX element implicitly has type 'any' because no interface 'JSX.IntrinsicElements' exists.
app/(dashboard)/dashboard/campaigns/create/page.tsx(816,17): error TS7026: JSX element implicitly has type 'any' because no interface 'JSX.IntrinsicElements' exists.
app/(dashboard)/dashboard/campaigns/create/page.tsx(816,72): error TS7026: JSX element implicitly has type 'any' because no interface 'JSX.IntrinsicElements' exists.
app/(dashboard)/dashboard/campaigns/create/page.tsx(819,35): error TS7006: Parameter 'value' implicitly has an 'any' type.
app/(dashboard)/dashboard/campaigns/create/page.tsx(835,15): error TS7026: JSX element implicitly has type 'any' because no interface 'JSX.IntrinsicElements' exists.
app/(dashboard)/dashboard/campaigns/create/page.tsx(836,15): error TS7026: JSX element implicitly has type 'any' because no interface 'JSX.IntrinsicElements' exists.
app/(dashboard)/dashboard/campaigns/create/page.tsx(837,17): error TS7026: JSX element implicitly has type 'any' because no interface 'JSX.IntrinsicElements' exists.
app/(dashboard)/dashboard/campaigns/create/page.tsx(837,80): error TS7026: JSX element implicitly has type 'any' because no interface 'JSX.IntrinsicElements' exists.
app/(dashboard)/dashboard/campaigns/create/page.tsx(838,18): error TS2559: Type '{ children: any; }' has no properties in common with type 'InputRootProps'.
app/(dashboard)/dashboard/campaigns/create/page.tsx(843,34): error TS7006: Parameter 'e' implicitly has an 'any' type.
app/(dashboard)/dashboard/campaigns/create/page.tsx(849,15): error TS7026: JSX element implicitly has type 'any' because no interface 'JSX.IntrinsicElements' exists.
app/(dashboard)/dashboard/campaigns/create/page.tsx(850,13): error TS7026: JSX element implicitly has type 'any' because no interface 'JSX.IntrinsicElements' exists.
app/(dashboard)/dashboard/campaigns/create/page.tsx(851,11): error TS7026: JSX element implicitly has type 'any' because no interface 'JSX.IntrinsicElements' exists.
app/(dashboard)/dashboard/campaigns/create/page.tsx(853,7): error TS7026: JSX element implicitly has type 'any' because no interface 'JSX.IntrinsicElements' exists.
app/(dashboard)/dashboard/campaigns/create/page.tsx(859,5): error TS7026: JSX element implicitly has type 'any' because no interface 'JSX.IntrinsicElements' exists.
app/(dashboard)/dashboard/campaigns/create/page.tsx(884,5): error TS7026: JSX element implicitly has type 'any' because no interface 'JSX.IntrinsicElements' exists.
app/(dashboard)/dashboard/campaigns/create/page.tsx(885,7): error TS7026: JSX element implicitly has type 'any' because no interface 'JSX.IntrinsicElements' exists.
app/(dashboard)/dashboard/campaigns/create/page.tsx(886,9): error TS7026: JSX element implicitly has type 'any' because no interface 'JSX.IntrinsicElements' exists.
app/(dashboard)/dashboard/campaigns/create/page.tsx(886,79): error TS7026: JSX element implicitly has type 'any' because no interface 'JSX.IntrinsicElements' exists.
app/(dashboard)/dashboard/campaigns/create/page.tsx(890,7): error TS7026: JSX element implicitly has type 'any' because no interface 'JSX.IntrinsicElements' exists.
app/(dashboard)/dashboard/campaigns/create/page.tsx(891,7): error TS7026: JSX element implicitly has type 'any' because no interface 'JSX.IntrinsicElements' exists.
app/(dashboard)/dashboard/campaigns/create/page.tsx(893,7): error TS7026: JSX element implicitly has type 'any' because no interface 'JSX.IntrinsicElements' exists.
app/(dashboard)/dashboard/campaigns/create/page.tsx(894,5): error TS7026: JSX element implicitly has type 'any' because no interface 'JSX.IntrinsicElements' exists.
app/(dashboard)/dashboard/campaigns/create/page.tsx(898,5): error TS7026: JSX element implicitly has type 'any' because no interface 'JSX.IntrinsicElements' exists.
app/(dashboard)/dashboard/campaigns/create/page.tsx(899,7): error TS7026: JSX element implicitly has type 'any' because no interface 'JSX.IntrinsicElements' exists.
app/(dashboard)/dashboard/campaigns/create/page.tsx(899,50): error TS7026: JSX element implicitly has type 'any' because no interface 'JSX.IntrinsicElements' exists.
app/(dashboard)/dashboard/campaigns/create/page.tsx(900,7): error TS7026: JSX element implicitly has type 'any' because no interface 'JSX.IntrinsicElements' exists.
app/(dashboard)/dashboard/campaigns/create/page.tsx(900,64): error TS7026: JSX element implicitly has type 'any' because no interface 'JSX.IntrinsicElements' exists.
app/(dashboard)/dashboard/campaigns/create/page.tsx(901,5): error TS7026: JSX element implicitly has type 'any' because no interface 'JSX.IntrinsicElements' exists.
app/(dashboard)/dashboard/campaigns/create/page.tsx(905,5): error TS7026: JSX element implicitly has type 'any' because no interface 'JSX.IntrinsicElements' exists.
app/(dashboard)/dashboard/campaigns/create/page.tsx(907,7): error TS7026: JSX element implicitly has type 'any' because no interface 'JSX.IntrinsicElements' exists.
app/(dashboard)/dashboard/campaigns/create/page.tsx(908,9): error TS7026: JSX element implicitly has type 'any' because no interface 'JSX.IntrinsicElements' exists.
app/(dashboard)/dashboard/campaigns/create/page.tsx(908,80): error TS7026: JSX element implicitly has type 'any' because no interface 'JSX.IntrinsicElements' exists.
app/(dashboard)/dashboard/campaigns/create/page.tsx(909,9): error TS7026: JSX element implicitly has type 'any' because no interface 'JSX.IntrinsicElements' exists.
app/(dashboard)/dashboard/campaigns/create/page.tsx(911,9): error TS7026: JSX element implicitly has type 'any' because no interface 'JSX.IntrinsicElements' exists.
app/(dashboard)/dashboard/campaigns/create/page.tsx(912,7): error TS7026: JSX element implicitly has type 'any' because no interface 'JSX.IntrinsicElements' exists.
app/(dashboard)/dashboard/campaigns/create/page.tsx(915,7): error TS7026: JSX element implicitly has type 'any' because no interface 'JSX.IntrinsicElements' exists.
app/(dashboard)/dashboard/campaigns/create/page.tsx(932,15): error TS2322: Type '{ key: number; label: string; value: string; }' is not assignable to type '{ label: string; value: React.ReactNode; }'.
  Property 'key' does not exist on type '{ label: string; value: React.ReactNode; }'.
app/(dashboard)/dashboard/campaigns/create/page.tsx(938,7): error TS7026: JSX element implicitly has type 'any' because no interface 'JSX.IntrinsicElements' exists.
app/(dashboard)/dashboard/campaigns/create/page.tsx(941,7): error TS7026: JSX element implicitly has type 'any' because no interface 'JSX.IntrinsicElements' exists.
app/(dashboard)/dashboard/campaigns/create/page.tsx(942,9): error TS7026: JSX element implicitly has type 'any' because no interface 'JSX.IntrinsicElements' exists.
app/(dashboard)/dashboard/campaigns/create/page.tsx(945,31): error TS7006: Parameter 'checked' implicitly has an 'any' type.
app/(dashboard)/dashboard/campaigns/create/page.tsx(948,11): error TS7026: JSX element implicitly has type 'any' because no interface 'JSX.IntrinsicElements' exists.
app/(dashboard)/dashboard/campaigns/create/page.tsx(950,13): error TS7026: JSX element implicitly has type 'any' because no interface 'JSX.IntrinsicElements' exists.
app/(dashboard)/dashboard/campaigns/create/page.tsx(952,13): error TS7026: JSX element implicitly has type 'any' because no interface 'JSX.IntrinsicElements' exists.
app/(dashboard)/dashboard/campaigns/create/page.tsx(954,13): error TS7026: JSX element implicitly has type 'any' because no interface 'JSX.IntrinsicElements' exists.
app/(dashboard)/dashboard/campaigns/create/page.tsx(956,13): error TS7026: JSX element implicitly has type 'any' because no interface 'JSX.IntrinsicElements' exists.
app/(dashboard)/dashboard/campaigns/create/page.tsx(957,11): error TS7026: JSX element implicitly has type 'any' because no interface 'JSX.IntrinsicElements' exists.
app/(dashboard)/dashboard/campaigns/create/page.tsx(958,9): error TS7026: JSX element implicitly has type 'any' because no interface 'JSX.IntrinsicElements' exists.
app/(dashboard)/dashboard/campaigns/create/page.tsx(959,7): error TS7026: JSX element implicitly has type 'any' because no interface 'JSX.IntrinsicElements' exists.
app/(dashboard)/dashboard/campaigns/create/page.tsx(960,5): error TS7026: JSX element implicitly has type 'any' because no interface 'JSX.IntrinsicElements' exists.
app/(dashboard)/dashboard/campaigns/loading.tsx(4,10): error TS2875: This JSX tag requires the module path 'react/jsx-runtime' to exist, but none could be found. Make sure you have types for the appropriate package installed.
app/(dashboard)/dashboard/campaigns/page.tsx(17,10): error TS2875: This JSX tag requires the module path 'react/jsx-runtime' to exist, but none could be found. Make sure you have types for the appropriate package installed.
app/(dashboard)/dashboard/components/dashboard-client-islands.tsx(3,37): error TS2307: Cannot find module 'react' or its corresponding type declarations.
app/(dashboard)/dashboard/components/dashboard-client-islands.tsx(4,18): error TS2307: Cannot find module 'next/link' or its corresponding type declarations.
app/(dashboard)/dashboard/components/dashboard-client-islands.tsx(5,19): error TS2307: Cannot find module 'next/image' or its corresponding type declarations.
app/(dashboard)/dashboard/components/dashboard-client-islands.tsx(8,22): error TS2307: Cannot find module '@phosphor-icons/react' or its corresponding type declarations.
app/(dashboard)/dashboard/components/dashboard-client-islands.tsx(28,5): error TS7026: JSX element implicitly has type 'any' because no interface 'JSX.IntrinsicElements' exists.
app/(dashboard)/dashboard/components/dashboard-client-islands.tsx(28,5): error TS2875: This JSX tag requires the module path 'react/jsx-runtime' to exist, but none could be found. Make sure you have types for the appropriate package installed.
app/(dashboard)/dashboard/components/dashboard-client-islands.tsx(29,7): error TS7026: JSX element implicitly has type 'any' because no interface 'JSX.IntrinsicElements' exists.
app/(dashboard)/dashboard/components/dashboard-client-islands.tsx(30,9): error TS7026: JSX element implicitly has type 'any' because no interface 'JSX.IntrinsicElements' exists.
app/(dashboard)/dashboard/components/dashboard-client-islands.tsx(30,86): error TS7026: JSX element implicitly has type 'any' because no interface 'JSX.IntrinsicElements' exists.
app/(dashboard)/dashboard/components/dashboard-client-islands.tsx(31,9): error TS7026: JSX element implicitly has type 'any' because no interface 'JSX.IntrinsicElements' exists.
app/(dashboard)/dashboard/components/dashboard-client-islands.tsx(32,26): error TS7026: JSX element implicitly has type 'any' because no interface 'JSX.IntrinsicElements' exists.
app/(dashboard)/dashboard/components/dashboard-client-islands.tsx(32,64): error TS7026: JSX element implicitly has type 'any' because no interface 'JSX.IntrinsicElements' exists.
app/(dashboard)/dashboard/components/dashboard-client-islands.tsx(33,9): error TS7026: JSX element implicitly has type 'any' because no interface 'JSX.IntrinsicElements' exists.
app/(dashboard)/dashboard/components/dashboard-client-islands.tsx(34,7): error TS7026: JSX element implicitly has type 'any' because no interface 'JSX.IntrinsicElements' exists.
app/(dashboard)/dashboard/components/dashboard-client-islands.tsx(38,11): error TS7026: JSX element implicitly has type 'any' because no interface 'JSX.IntrinsicElements' exists.
app/(dashboard)/dashboard/components/dashboard-client-islands.tsx(38,58): error TS7026: JSX element implicitly has type 'any' because no interface 'JSX.IntrinsicElements' exists.
app/(dashboard)/dashboard/components/dashboard-client-islands.tsx(41,5): error TS7026: JSX element implicitly has type 'any' because no interface 'JSX.IntrinsicElements' exists.
app/(dashboard)/dashboard/components/dashboard-client-islands.tsx(87,5): error TS7026: JSX element implicitly has type 'any' because no interface 'JSX.IntrinsicElements' exists.
app/(dashboard)/dashboard/components/dashboard-client-islands.tsx(94,7): error TS7026: JSX element implicitly has type 'any' because no interface 'JSX.IntrinsicElements' exists.
app/(dashboard)/dashboard/components/dashboard-client-islands.tsx(95,9): error TS7026: JSX element implicitly has type 'any' because no interface 'JSX.IntrinsicElements' exists.
app/(dashboard)/dashboard/components/dashboard-client-islands.tsx(99,9): error TS7026: JSX element implicitly has type 'any' because no interface 'JSX.IntrinsicElements' exists.
app/(dashboard)/dashboard/components/dashboard-client-islands.tsx(100,9): error TS7026: JSX element implicitly has type 'any' because no interface 'JSX.IntrinsicElements' exists.
app/(dashboard)/dashboard/components/dashboard-client-islands.tsx(101,11): error TS7026: JSX element implicitly has type 'any' because no interface 'JSX.IntrinsicElements' exists.
app/(dashboard)/dashboard/components/dashboard-client-islands.tsx(102,13): error TS7026: JSX element implicitly has type 'any' because no interface 'JSX.IntrinsicElements' exists.
app/(dashboard)/dashboard/components/dashboard-client-islands.tsx(104,13): error TS7026: JSX element implicitly has type 'any' because no interface 'JSX.IntrinsicElements' exists.
app/(dashboard)/dashboard/components/dashboard-client-islands.tsx(106,15): error TS7026: JSX element implicitly has type 'any' because no interface 'JSX.IntrinsicElements' exists.
app/(dashboard)/dashboard/components/dashboard-client-islands.tsx(108,15): error TS7026: JSX element implicitly has type 'any' because no interface 'JSX.IntrinsicElements' exists.
app/(dashboard)/dashboard/components/dashboard-client-islands.tsx(110,11): error TS7026: JSX element implicitly has type 'any' because no interface 'JSX.IntrinsicElements' exists.
app/(dashboard)/dashboard/components/dashboard-client-islands.tsx(111,11): error TS7026: JSX element implicitly has type 'any' because no interface 'JSX.IntrinsicElements' exists.
app/(dashboard)/dashboard/components/dashboard-client-islands.tsx(112,13): error TS7026: JSX element implicitly has type 'any' because no interface 'JSX.IntrinsicElements' exists.
app/(dashboard)/dashboard/components/dashboard-client-islands.tsx(112,45): error TS7026: JSX element implicitly has type 'any' because no interface 'JSX.IntrinsicElements' exists.
app/(dashboard)/dashboard/components/dashboard-client-islands.tsx(113,13): error TS7026: JSX element implicitly has type 'any' because no interface 'JSX.IntrinsicElements' exists.
app/(dashboard)/dashboard/components/dashboard-client-islands.tsx(113,20): error TS7026: JSX element implicitly has type 'any' because no interface 'JSX.IntrinsicElements' exists.
app/(dashboard)/dashboard/components/dashboard-client-islands.tsx(114,13): error TS7026: JSX element implicitly has type 'any' because no interface 'JSX.IntrinsicElements' exists.
app/(dashboard)/dashboard/components/dashboard-client-islands.tsx(114,119): error TS7026: JSX element implicitly has type 'any' because no interface 'JSX.IntrinsicElements' exists.
app/(dashboard)/dashboard/components/dashboard-client-islands.tsx(115,11): error TS7026: JSX element implicitly has type 'any' because no interface 'JSX.IntrinsicElements' exists.
app/(dashboard)/dashboard/components/dashboard-client-islands.tsx(116,11): error TS7026: JSX element implicitly has type 'any' because no interface 'JSX.IntrinsicElements' exists.
app/(dashboard)/dashboard/components/dashboard-client-islands.tsx(117,13): error TS7026: JSX element implicitly has type 'any' because no interface 'JSX.IntrinsicElements' exists.
app/(dashboard)/dashboard/components/dashboard-client-islands.tsx(117,89): error TS7026: JSX element implicitly has type 'any' because no interface 'JSX.IntrinsicElements' exists.
app/(dashboard)/dashboard/components/dashboard-client-islands.tsx(121,11): error TS7026: JSX element implicitly has type 'any' because no interface 'JSX.IntrinsicElements' exists.
app/(dashboard)/dashboard/components/dashboard-client-islands.tsx(122,9): error TS7026: JSX element implicitly has type 'any' because no interface 'JSX.IntrinsicElements' exists.
app/(dashboard)/dashboard/components/dashboard-client-islands.tsx(123,7): error TS7026: JSX element implicitly has type 'any' because no interface 'JSX.IntrinsicElements' exists.
app/(dashboard)/dashboard/components/dashboard-client-islands.tsx(126,7): error TS7026: JSX element implicitly has type 'any' because no interface 'JSX.IntrinsicElements' exists.
app/(dashboard)/dashboard/components/dashboard-client-islands.tsx(127,9): error TS7026: JSX element implicitly has type 'any' because no interface 'JSX.IntrinsicElements' exists.
app/(dashboard)/dashboard/components/dashboard-client-islands.tsx(131,9): error TS7026: JSX element implicitly has type 'any' because no interface 'JSX.IntrinsicElements' exists.
app/(dashboard)/dashboard/components/dashboard-client-islands.tsx(133,9): error TS7026: JSX element implicitly has type 'any' because no interface 'JSX.IntrinsicElements' exists.
app/(dashboard)/dashboard/components/dashboard-client-islands.tsx(134,11): error TS7026: JSX element implicitly has type 'any' because no interface 'JSX.IntrinsicElements' exists.
app/(dashboard)/dashboard/components/dashboard-client-islands.tsx(135,13): error TS7026: JSX element implicitly has type 'any' because no interface 'JSX.IntrinsicElements' exists.
app/(dashboard)/dashboard/components/dashboard-client-islands.tsx(137,13): error TS7026: JSX element implicitly has type 'any' because no interface 'JSX.IntrinsicElements' exists.
app/(dashboard)/dashboard/components/dashboard-client-islands.tsx(139,15): error TS7026: JSX element implicitly has type 'any' because no interface 'JSX.IntrinsicElements' exists.
app/(dashboard)/dashboard/components/dashboard-client-islands.tsx(141,15): error TS7026: JSX element implicitly has type 'any' because no interface 'JSX.IntrinsicElements' exists.
app/(dashboard)/dashboard/components/dashboard-client-islands.tsx(144,15): error TS7026: JSX element implicitly has type 'any' because no interface 'JSX.IntrinsicElements' exists.
app/(dashboard)/dashboard/components/dashboard-client-islands.tsx(146,15): error TS7026: JSX element implicitly has type 'any' because no interface 'JSX.IntrinsicElements' exists.
app/(dashboard)/dashboard/components/dashboard-client-islands.tsx(148,11): error TS7026: JSX element implicitly has type 'any' because no interface 'JSX.IntrinsicElements' exists.
app/(dashboard)/dashboard/components/dashboard-client-islands.tsx(149,11): error TS7026: JSX element implicitly has type 'any' because no interface 'JSX.IntrinsicElements' exists.
app/(dashboard)/dashboard/components/dashboard-client-islands.tsx(150,13): error TS7026: JSX element implicitly has type 'any' because no interface 'JSX.IntrinsicElements' exists.
app/(dashboard)/dashboard/components/dashboard-client-islands.tsx(150,45): error TS7026: JSX element implicitly has type 'any' because no interface 'JSX.IntrinsicElements' exists.
app/(dashboard)/dashboard/components/dashboard-client-islands.tsx(151,13): error TS7026: JSX element implicitly has type 'any' because no interface 'JSX.IntrinsicElements' exists.
app/(dashboard)/dashboard/components/dashboard-client-islands.tsx(151,20): error TS7026: JSX element implicitly has type 'any' because no interface 'JSX.IntrinsicElements' exists.
app/(dashboard)/dashboard/components/dashboard-client-islands.tsx(152,13): error TS7026: JSX element implicitly has type 'any' because no interface 'JSX.IntrinsicElements' exists.
app/(dashboard)/dashboard/components/dashboard-client-islands.tsx(152,75): error TS7026: JSX element implicitly has type 'any' because no interface 'JSX.IntrinsicElements' exists.
app/(dashboard)/dashboard/components/dashboard-client-islands.tsx(153,11): error TS7026: JSX element implicitly has type 'any' because no interface 'JSX.IntrinsicElements' exists.
app/(dashboard)/dashboard/components/dashboard-client-islands.tsx(154,9): error TS7026: JSX element implicitly has type 'any' because no interface 'JSX.IntrinsicElements' exists.
app/(dashboard)/dashboard/components/dashboard-client-islands.tsx(156,9): error TS7026: JSX element implicitly has type 'any' because no interface 'JSX.IntrinsicElements' exists.
app/(dashboard)/dashboard/components/dashboard-client-islands.tsx(157,11): error TS7026: JSX element implicitly has type 'any' because no interface 'JSX.IntrinsicElements' exists.
app/(dashboard)/dashboard/components/dashboard-client-islands.tsx(159,11): error TS7026: JSX element implicitly has type 'any' because no interface 'JSX.IntrinsicElements' exists.
app/(dashboard)/dashboard/components/dashboard-client-islands.tsx(160,11): error TS7026: JSX element implicitly has type 'any' because no interface 'JSX.IntrinsicElements' exists.
app/(dashboard)/dashboard/components/dashboard-client-islands.tsx(162,11): error TS7026: JSX element implicitly has type 'any' because no interface 'JSX.IntrinsicElements' exists.
app/(dashboard)/dashboard/components/dashboard-client-islands.tsx(163,9): error TS7026: JSX element implicitly has type 'any' because no interface 'JSX.IntrinsicElements' exists.
app/(dashboard)/dashboard/components/dashboard-client-islands.tsx(168,7): error TS7026: JSX element implicitly has type 'any' because no interface 'JSX.IntrinsicElements' exists.
app/(dashboard)/dashboard/components/dashboard-client-islands.tsx(169,5): error TS7026: JSX element implicitly has type 'any' because no interface 'JSX.IntrinsicElements' exists.
app/(dashboard)/dashboard/dashboard-client.tsx(3,46): error TS2307: Cannot find module 'react' or its corresponding type declarations.
app/(dashboard)/dashboard/dashboard-client.tsx(4,18): error TS2307: Cannot find module 'next/link' or its corresponding type declarations.
app/(dashboard)/dashboard/dashboard-client.tsx(5,19): error TS2307: Cannot find module 'next/image' or its corresponding type declarations.
app/(dashboard)/dashboard/dashboard-client.tsx(22,8): error TS2307: Cannot find module '@phosphor-icons/react' or its corresponding type declarations.
app/(dashboard)/dashboard/dashboard-client.tsx(82,5): error TS7026: JSX element implicitly has type 'any' because no interface 'JSX.IntrinsicElements' exists.
app/(dashboard)/dashboard/dashboard-client.tsx(84,7): error TS7026: JSX element implicitly has type 'any' because no interface 'JSX.IntrinsicElements' exists.
app/(dashboard)/dashboard/dashboard-client.tsx(85,9): error TS7026: JSX element implicitly has type 'any' because no interface 'JSX.IntrinsicElements' exists.
app/(dashboard)/dashboard/dashboard-client.tsx(86,21): error TS2322: Type '{ className: string; }' is not assignable to type 'SkeletonProps'.
  Property 'className' does not exist on type 'SkeletonProps'.
app/(dashboard)/dashboard/dashboard-client.tsx(87,21): error TS2322: Type '{ className: string; }' is not assignable to type 'SkeletonProps'.
  Property 'className' does not exist on type 'SkeletonProps'.
app/(dashboard)/dashboard/dashboard-client.tsx(88,9): error TS7026: JSX element implicitly has type 'any' because no interface 'JSX.IntrinsicElements' exists.
app/(dashboard)/dashboard/dashboard-client.tsx(89,19): error TS2322: Type '{ className: string; }' is not assignable to type 'SkeletonProps'.
  Property 'className' does not exist on type 'SkeletonProps'.
app/(dashboard)/dashboard/dashboard-client.tsx(90,7): error TS7026: JSX element implicitly has type 'any' because no interface 'JSX.IntrinsicElements' exists.
app/(dashboard)/dashboard/dashboard-client.tsx(93,7): error TS7026: JSX element implicitly has type 'any' because no interface 'JSX.IntrinsicElements' exists.
app/(dashboard)/dashboard/dashboard-client.tsx(94,19): error TS2322: Type '{ className: string; }' is not assignable to type 'SkeletonProps'.
  Property 'className' does not exist on type 'SkeletonProps'.
app/(dashboard)/dashboard/dashboard-client.tsx(95,19): error TS2322: Type '{ className: string; }' is not assignable to type 'SkeletonProps'.
  Property 'className' does not exist on type 'SkeletonProps'.
app/(dashboard)/dashboard/dashboard-client.tsx(96,19): error TS2322: Type '{ className: string; }' is not assignable to type 'SkeletonProps'.
  Property 'className' does not exist on type 'SkeletonProps'.
app/(dashboard)/dashboard/dashboard-client.tsx(97,7): error TS7026: JSX element implicitly has type 'any' because no interface 'JSX.IntrinsicElements' exists.
app/(dashboard)/dashboard/dashboard-client.tsx(100,7): error TS7026: JSX element implicitly has type 'any' because no interface 'JSX.IntrinsicElements' exists.
app/(dashboard)/dashboard/dashboard-client.tsx(101,19): error TS2322: Type '{ className: string; }' is not assignable to type 'SkeletonProps'.
  Property 'className' does not exist on type 'SkeletonProps'.
app/(dashboard)/dashboard/dashboard-client.tsx(102,19): error TS2322: Type '{ className: string; }' is not assignable to type 'SkeletonProps'.
  Property 'className' does not exist on type 'SkeletonProps'.
app/(dashboard)/dashboard/dashboard-client.tsx(103,7): error TS7026: JSX element implicitly has type 'any' because no interface 'JSX.IntrinsicElements' exists.
app/(dashboard)/dashboard/dashboard-client.tsx(106,17): error TS2322: Type '{ className: string; }' is not assignable to type 'SkeletonProps'.
  Property 'className' does not exist on type 'SkeletonProps'.
app/(dashboard)/dashboard/dashboard-client.tsx(107,5): error TS7026: JSX element implicitly has type 'any' because no interface 'JSX.IntrinsicElements' exists.
app/(dashboard)/dashboard/dashboard-client.tsx(135,12): error TS2875: This JSX tag requires the module path 'react/jsx-runtime' to exist, but none could be found. Make sure you have types for the appropriate package installed.
app/(dashboard)/dashboard/dashboard-client.tsx(192,5): error TS7026: JSX element implicitly has type 'any' because no interface 'JSX.IntrinsicElements' exists.
app/(dashboard)/dashboard/dashboard-client.tsx(194,7): error TS7026: JSX element implicitly has type 'any' because no interface 'JSX.IntrinsicElements' exists.
app/(dashboard)/dashboard/dashboard-client.tsx(195,9): error TS7026: JSX element implicitly has type 'any' because no interface 'JSX.IntrinsicElements' exists.
app/(dashboard)/dashboard/dashboard-client.tsx(196,11): error TS7026: JSX element implicitly has type 'any' because no interface 'JSX.IntrinsicElements' exists.
app/(dashboard)/dashboard/dashboard-client.tsx(196,88): error TS7026: JSX element implicitly has type 'any' because no interface 'JSX.IntrinsicElements' exists.
app/(dashboard)/dashboard/dashboard-client.tsx(197,11): error TS7026: JSX element implicitly has type 'any' because no interface 'JSX.IntrinsicElements' exists.
app/(dashboard)/dashboard/dashboard-client.tsx(198,31): error TS7026: JSX element implicitly has type 'any' because no interface 'JSX.IntrinsicElements' exists.
app/(dashboard)/dashboard/dashboard-client.tsx(198,69): error TS7026: JSX element implicitly has type 'any' because no interface 'JSX.IntrinsicElements' exists.
app/(dashboard)/dashboard/dashboard-client.tsx(199,11): error TS7026: JSX element implicitly has type 'any' because no interface 'JSX.IntrinsicElements' exists.
app/(dashboard)/dashboard/dashboard-client.tsx(200,9): error TS7026: JSX element implicitly has type 'any' because no interface 'JSX.IntrinsicElements' exists.
app/(dashboard)/dashboard/dashboard-client.tsx(204,13): error TS7026: JSX element implicitly has type 'any' because no interface 'JSX.IntrinsicElements' exists.
app/(dashboard)/dashboard/dashboard-client.tsx(204,60): error TS7026: JSX element implicitly has type 'any' because no interface 'JSX.IntrinsicElements' exists.
app/(dashboard)/dashboard/dashboard-client.tsx(207,7): error TS7026: JSX element implicitly has type 'any' because no interface 'JSX.IntrinsicElements' exists.
app/(dashboard)/dashboard/dashboard-client.tsx(211,9): error TS7026: JSX element implicitly has type 'any' because no interface 'JSX.IntrinsicElements' exists.
app/(dashboard)/dashboard/dashboard-client.tsx(217,11): error TS7026: JSX element implicitly has type 'any' because no interface 'JSX.IntrinsicElements' exists.
app/(dashboard)/dashboard/dashboard-client.tsx(222,11): error TS7026: JSX element implicitly has type 'any' because no interface 'JSX.IntrinsicElements' exists.
app/(dashboard)/dashboard/dashboard-client.tsx(223,11): error TS7026: JSX element implicitly has type 'any' because no interface 'JSX.IntrinsicElements' exists.
app/(dashboard)/dashboard/dashboard-client.tsx(224,13): error TS7026: JSX element implicitly has type 'any' because no interface 'JSX.IntrinsicElements' exists.
app/(dashboard)/dashboard/dashboard-client.tsx(232,13): error TS7026: JSX element implicitly has type 'any' because no interface 'JSX.IntrinsicElements' exists.
app/(dashboard)/dashboard/dashboard-client.tsx(233,13): error TS7026: JSX element implicitly has type 'any' because no interface 'JSX.IntrinsicElements' exists.
app/(dashboard)/dashboard/dashboard-client.tsx(238,13): error TS7026: JSX element implicitly has type 'any' because no interface 'JSX.IntrinsicElements' exists.
app/(dashboard)/dashboard/dashboard-client.tsx(239,11): error TS7026: JSX element implicitly has type 'any' because no interface 'JSX.IntrinsicElements' exists.
app/(dashboard)/dashboard/dashboard-client.tsx(245,9): error TS7026: JSX element implicitly has type 'any' because no interface 'JSX.IntrinsicElements' exists.
app/(dashboard)/dashboard/dashboard-client.tsx(249,7): error TS7026: JSX element implicitly has type 'any' because no interface 'JSX.IntrinsicElements' exists.
app/(dashboard)/dashboard/dashboard-client.tsx(260,11): error TS7026: JSX element implicitly has type 'any' because no interface 'JSX.IntrinsicElements' exists.
app/(dashboard)/dashboard/dashboard-client.tsx(261,13): error TS7026: JSX element implicitly has type 'any' because no interface 'JSX.IntrinsicElements' exists.
app/(dashboard)/dashboard/dashboard-client.tsx(262,15): error TS7026: JSX element implicitly has type 'any' because no interface 'JSX.IntrinsicElements' exists.
app/(dashboard)/dashboard/dashboard-client.tsx(267,15): error TS7026: JSX element implicitly has type 'any' because no interface 'JSX.IntrinsicElements' exists.
app/(dashboard)/dashboard/dashboard-client.tsx(268,15): error TS7026: JSX element implicitly has type 'any' because no interface 'JSX.IntrinsicElements' exists.
app/(dashboard)/dashboard/dashboard-client.tsx(269,17): error TS7026: JSX element implicitly has type 'any' because no interface 'JSX.IntrinsicElements' exists.
app/(dashboard)/dashboard/dashboard-client.tsx(271,17): error TS7026: JSX element implicitly has type 'any' because no interface 'JSX.IntrinsicElements' exists.
app/(dashboard)/dashboard/dashboard-client.tsx(272,17): error TS7026: JSX element implicitly has type 'any' because no interface 'JSX.IntrinsicElements' exists.
app/(dashboard)/dashboard/dashboard-client.tsx(272,79): error TS7026: JSX element implicitly has type 'any' because no interface 'JSX.IntrinsicElements' exists.
app/(dashboard)/dashboard/dashboard-client.tsx(273,15): error TS7026: JSX element implicitly has type 'any' because no interface 'JSX.IntrinsicElements' exists.
app/(dashboard)/dashboard/dashboard-client.tsx(274,13): error TS7026: JSX element implicitly has type 'any' because no interface 'JSX.IntrinsicElements' exists.
app/(dashboard)/dashboard/dashboard-client.tsx(275,13): error TS7026: JSX element implicitly has type 'any' because no interface 'JSX.IntrinsicElements' exists.
app/(dashboard)/dashboard/dashboard-client.tsx(276,15): error TS7026: JSX element implicitly has type 'any' because no interface 'JSX.IntrinsicElements' exists.
app/(dashboard)/dashboard/dashboard-client.tsx(281,15): error TS7026: JSX element implicitly has type 'any' because no interface 'JSX.IntrinsicElements' exists.
app/(dashboard)/dashboard/dashboard-client.tsx(282,15): error TS7026: JSX element implicitly has type 'any' because no interface 'JSX.IntrinsicElements' exists.
app/(dashboard)/dashboard/dashboard-client.tsx(282,71): error TS7026: JSX element implicitly has type 'any' because no interface 'JSX.IntrinsicElements' exists.
app/(dashboard)/dashboard/dashboard-client.tsx(283,13): error TS7026: JSX element implicitly has type 'any' because no interface 'JSX.IntrinsicElements' exists.
app/(dashboard)/dashboard/dashboard-client.tsx(284,11): error TS7026: JSX element implicitly has type 'any' because no interface 'JSX.IntrinsicElements' exists.
app/(dashboard)/dashboard/dashboard-client.tsx(285,11): error TS7026: JSX element implicitly has type 'any' because no interface 'JSX.IntrinsicElements' exists.
app/(dashboard)/dashboard/dashboard-client.tsx(286,13): error TS7026: JSX element implicitly has type 'any' because no interface 'JSX.IntrinsicElements' exists.
app/(dashboard)/dashboard/dashboard-client.tsx(286,88): error TS7026: JSX element implicitly has type 'any' because no interface 'JSX.IntrinsicElements' exists.
app/(dashboard)/dashboard/dashboard-client.tsx(288,15): error TS7026: JSX element implicitly has type 'any' because no interface 'JSX.IntrinsicElements' exists.
app/(dashboard)/dashboard/dashboard-client.tsx(290,15): error TS7026: JSX element implicitly has type 'any' because no interface 'JSX.IntrinsicElements' exists.
app/(dashboard)/dashboard/dashboard-client.tsx(292,11): error TS7026: JSX element implicitly has type 'any' because no interface 'JSX.IntrinsicElements' exists.
app/(dashboard)/dashboard/dashboard-client.tsx(305,11): error TS7026: JSX element implicitly has type 'any' because no interface 'JSX.IntrinsicElements' exists.
app/(dashboard)/dashboard/dashboard-client.tsx(306,13): error TS7026: JSX element implicitly has type 'any' because no interface 'JSX.IntrinsicElements' exists.
app/(dashboard)/dashboard/dashboard-client.tsx(311,13): error TS7026: JSX element implicitly has type 'any' because no interface 'JSX.IntrinsicElements' exists.
app/(dashboard)/dashboard/dashboard-client.tsx(313,15): error TS7026: JSX element implicitly has type 'any' because no interface 'JSX.IntrinsicElements' exists.
app/(dashboard)/dashboard/dashboard-client.tsx(315,15): error TS7026: JSX element implicitly has type 'any' because no interface 'JSX.IntrinsicElements' exists.
app/(dashboard)/dashboard/dashboard-client.tsx(317,11): error TS7026: JSX element implicitly has type 'any' because no interface 'JSX.IntrinsicElements' exists.
app/(dashboard)/dashboard/dashboard-client.tsx(318,11): error TS7026: JSX element implicitly has type 'any' because no interface 'JSX.IntrinsicElements' exists.
app/(dashboard)/dashboard/dashboard-client.tsx(320,11): error TS7026: JSX element implicitly has type 'any' because no interface 'JSX.IntrinsicElements' exists.
app/(dashboard)/dashboard/dashboard-client.tsx(321,11): error TS7026: JSX element implicitly has type 'any' because no interface 'JSX.IntrinsicElements' exists.
app/(dashboard)/dashboard/dashboard-client.tsx(321,71): error TS7026: JSX element implicitly has type 'any' because no interface 'JSX.IntrinsicElements' exists.
app/(dashboard)/dashboard/dashboard-client.tsx(322,11): error TS7026: JSX element implicitly has type 'any' because no interface 'JSX.IntrinsicElements' exists.
app/(dashboard)/dashboard/dashboard-client.tsx(323,13): error TS7026: JSX element implicitly has type 'any' because no interface 'JSX.IntrinsicElements' exists.
app/(dashboard)/dashboard/dashboard-client.tsx(323,82): error TS7026: JSX element implicitly has type 'any' because no interface 'JSX.IntrinsicElements' exists.
app/(dashboard)/dashboard/dashboard-client.tsx(324,13): error TS7026: JSX element implicitly has type 'any' because no interface 'JSX.IntrinsicElements' exists.
app/(dashboard)/dashboard/dashboard-client.tsx(327,13): error TS7026: JSX element implicitly has type 'any' because no interface 'JSX.IntrinsicElements' exists.
app/(dashboard)/dashboard/dashboard-client.tsx(328,11): error TS7026: JSX element implicitly has type 'any' because no interface 'JSX.IntrinsicElements' exists.
app/(dashboard)/dashboard/dashboard-client.tsx(332,9): error TS7026: JSX element implicitly has type 'any' because no interface 'JSX.IntrinsicElements' exists.
app/(dashboard)/dashboard/dashboard-client.tsx(333,11): error TS7026: JSX element implicitly has type 'any' because no interface 'JSX.IntrinsicElements' exists.
app/(dashboard)/dashboard/dashboard-client.tsx(334,13): error TS7026: JSX element implicitly has type 'any' because no interface 'JSX.IntrinsicElements' exists.
app/(dashboard)/dashboard/dashboard-client.tsx(336,13): error TS7026: JSX element implicitly has type 'any' because no interface 'JSX.IntrinsicElements' exists.
app/(dashboard)/dashboard/dashboard-client.tsx(337,13): error TS7026: JSX element implicitly has type 'any' because no interface 'JSX.IntrinsicElements' exists.
app/(dashboard)/dashboard/dashboard-client.tsx(345,13): error TS7026: JSX element implicitly has type 'any' because no interface 'JSX.IntrinsicElements' exists.
app/(dashboard)/dashboard/dashboard-client.tsx(346,11): error TS7026: JSX element implicitly has type 'any' because no interface 'JSX.IntrinsicElements' exists.
app/(dashboard)/dashboard/dashboard-client.tsx(347,11): error TS7026: JSX element implicitly has type 'any' because no interface 'JSX.IntrinsicElements' exists.
app/(dashboard)/dashboard/dashboard-client.tsx(349,11): error TS7026: JSX element implicitly has type 'any' because no interface 'JSX.IntrinsicElements' exists.
app/(dashboard)/dashboard/dashboard-client.tsx(350,11): error TS7026: JSX element implicitly has type 'any' because no interface 'JSX.IntrinsicElements' exists.
app/(dashboard)/dashboard/dashboard-client.tsx(350,77): error TS7026: JSX element implicitly has type 'any' because no interface 'JSX.IntrinsicElements' exists.
app/(dashboard)/dashboard/dashboard-client.tsx(351,11): error TS7026: JSX element implicitly has type 'any' because no interface 'JSX.IntrinsicElements' exists.
app/(dashboard)/dashboard/dashboard-client.tsx(352,13): error TS7026: JSX element implicitly has type 'any' because no interface 'JSX.IntrinsicElements' exists.
app/(dashboard)/dashboard/dashboard-client.tsx(353,15): error TS7026: JSX element implicitly has type 'any' because no interface 'JSX.IntrinsicElements' exists.
app/(dashboard)/dashboard/dashboard-client.tsx(355,13): error TS7026: JSX element implicitly has type 'any' because no interface 'JSX.IntrinsicElements' exists.
app/(dashboard)/dashboard/dashboard-client.tsx(356,13): error TS7026: JSX element implicitly has type 'any' because no interface 'JSX.IntrinsicElements' exists.
app/(dashboard)/dashboard/dashboard-client.tsx(357,15): error TS7026: JSX element implicitly has type 'any' because no interface 'JSX.IntrinsicElements' exists.
app/(dashboard)/dashboard/dashboard-client.tsx(359,13): error TS7026: JSX element implicitly has type 'any' because no interface 'JSX.IntrinsicElements' exists.
app/(dashboard)/dashboard/dashboard-client.tsx(360,11): error TS7026: JSX element implicitly has type 'any' because no interface 'JSX.IntrinsicElements' exists.
app/(dashboard)/dashboard/dashboard-client.tsx(361,9): error TS7026: JSX element implicitly has type 'any' because no interface 'JSX.IntrinsicElements' exists.
app/(dashboard)/dashboard/dashboard-client.tsx(362,7): error TS7026: JSX element implicitly has type 'any' because no interface 'JSX.IntrinsicElements' exists.
app/(dashboard)/dashboard/dashboard-client.tsx(365,7): error TS7026: JSX element implicitly has type 'any' because no interface 'JSX.IntrinsicElements' exists.
app/(dashboard)/dashboard/dashboard-client.tsx(367,9): error TS7026: JSX element implicitly has type 'any' because no interface 'JSX.IntrinsicElements' exists.
app/(dashboard)/dashboard/dashboard-client.tsx(368,11): error TS7026: JSX element implicitly has type 'any' because no interface 'JSX.IntrinsicElements' exists.
app/(dashboard)/dashboard/dashboard-client.tsx(369,13): error TS7026: JSX element implicitly has type 'any' because no interface 'JSX.IntrinsicElements' exists.
app/(dashboard)/dashboard/dashboard-client.tsx(371,15): error TS7026: JSX element implicitly has type 'any' because no interface 'JSX.IntrinsicElements' exists.
app/(dashboard)/dashboard/dashboard-client.tsx(371,87): error TS7026: JSX element implicitly has type 'any' because no interface 'JSX.IntrinsicElements' exists.
app/(dashboard)/dashboard/dashboard-client.tsx(372,13): error TS7026: JSX element implicitly has type 'any' because no interface 'JSX.IntrinsicElements' exists.
app/(dashboard)/dashboard/dashboard-client.tsx(376,11): error TS7026: JSX element implicitly has type 'any' because no interface 'JSX.IntrinsicElements' exists.
app/(dashboard)/dashboard/dashboard-client.tsx(378,11): error TS7026: JSX element implicitly has type 'any' because no interface 'JSX.IntrinsicElements' exists.
app/(dashboard)/dashboard/dashboard-client.tsx(379,13): error TS7026: JSX element implicitly has type 'any' because no interface 'JSX.IntrinsicElements' exists.
app/(dashboard)/dashboard/dashboard-client.tsx(380,15): error TS7026: JSX element implicitly has type 'any' because no interface 'JSX.IntrinsicElements' exists.
app/(dashboard)/dashboard/dashboard-client.tsx(380,103): error TS7026: JSX element implicitly has type 'any' because no interface 'JSX.IntrinsicElements' exists.
app/(dashboard)/dashboard/dashboard-client.tsx(381,15): error TS7026: JSX element implicitly has type 'any' because no interface 'JSX.IntrinsicElements' exists.
app/(dashboard)/dashboard/dashboard-client.tsx(381,94): error TS7026: JSX element implicitly has type 'any' because no interface 'JSX.IntrinsicElements' exists.
app/(dashboard)/dashboard/dashboard-client.tsx(382,13): error TS7026: JSX element implicitly has type 'any' because no interface 'JSX.IntrinsicElements' exists.
app/(dashboard)/dashboard/dashboard-client.tsx(383,13): error TS7026: JSX element implicitly has type 'any' because no interface 'JSX.IntrinsicElements' exists.
app/(dashboard)/dashboard/dashboard-client.tsx(384,15): error TS7026: JSX element implicitly has type 'any' because no interface 'JSX.IntrinsicElements' exists.
app/(dashboard)/dashboard/dashboard-client.tsx(384,98): error TS7026: JSX element implicitly has type 'any' because no interface 'JSX.IntrinsicElements' exists.
app/(dashboard)/dashboard/dashboard-client.tsx(385,15): error TS7026: JSX element implicitly has type 'any' because no interface 'JSX.IntrinsicElements' exists.
app/(dashboard)/dashboard/dashboard-client.tsx(385,94): error TS7026: JSX element implicitly has type 'any' because no interface 'JSX.IntrinsicElements' exists.
app/(dashboard)/dashboard/dashboard-client.tsx(386,13): error TS7026: JSX element implicitly has type 'any' because no interface 'JSX.IntrinsicElements' exists.
app/(dashboard)/dashboard/dashboard-client.tsx(387,13): error TS7026: JSX element implicitly has type 'any' because no interface 'JSX.IntrinsicElements' exists.
app/(dashboard)/dashboard/dashboard-client.tsx(388,15): error TS7026: JSX element implicitly has type 'any' because no interface 'JSX.IntrinsicElements' exists.
app/(dashboard)/dashboard/dashboard-client.tsx(388,104): error TS7026: JSX element implicitly has type 'any' because no interface 'JSX.IntrinsicElements' exists.
app/(dashboard)/dashboard/dashboard-client.tsx(389,15): error TS7026: JSX element implicitly has type 'any' because no interface 'JSX.IntrinsicElements' exists.
app/(dashboard)/dashboard/dashboard-client.tsx(389,94): error TS7026: JSX element implicitly has type 'any' because no interface 'JSX.IntrinsicElements' exists.
app/(dashboard)/dashboard/dashboard-client.tsx(390,13): error TS7026: JSX element implicitly has type 'any' because no interface 'JSX.IntrinsicElements' exists.
app/(dashboard)/dashboard/dashboard-client.tsx(391,11): error TS7026: JSX element implicitly has type 'any' because no interface 'JSX.IntrinsicElements' exists.
app/(dashboard)/dashboard/dashboard-client.tsx(393,11): error TS7026: JSX element implicitly has type 'any' because no interface 'JSX.IntrinsicElements' exists.
app/(dashboard)/dashboard/dashboard-client.tsx(400,17): error TS7026: JSX element implicitly has type 'any' because no interface 'JSX.IntrinsicElements' exists.
app/(dashboard)/dashboard/dashboard-client.tsx(404,21): error TS7026: JSX element implicitly has type 'any' because no interface 'JSX.IntrinsicElements' exists.
app/(dashboard)/dashboard/dashboard-client.tsx(406,21): error TS7026: JSX element implicitly has type 'any' because no interface 'JSX.IntrinsicElements' exists.
app/(dashboard)/dashboard/dashboard-client.tsx(408,17): error TS7026: JSX element implicitly has type 'any' because no interface 'JSX.IntrinsicElements' exists.
app/(dashboard)/dashboard/dashboard-client.tsx(409,17): error TS7026: JSX element implicitly has type 'any' because no interface 'JSX.IntrinsicElements' exists.
app/(dashboard)/dashboard/dashboard-client.tsx(410,19): error TS7026: JSX element implicitly has type 'any' because no interface 'JSX.IntrinsicElements' exists.
app/(dashboard)/dashboard/dashboard-client.tsx(412,19): error TS7026: JSX element implicitly has type 'any' because no interface 'JSX.IntrinsicElements' exists.
app/(dashboard)/dashboard/dashboard-client.tsx(413,19): error TS7026: JSX element implicitly has type 'any' because no interface 'JSX.IntrinsicElements' exists.
app/(dashboard)/dashboard/dashboard-client.tsx(414,21): error TS7026: JSX element implicitly has type 'any' because no interface 'JSX.IntrinsicElements' exists.
app/(dashboard)/dashboard/dashboard-client.tsx(414,58): error TS7026: JSX element implicitly has type 'any' because no interface 'JSX.IntrinsicElements' exists.
app/(dashboard)/dashboard/dashboard-client.tsx(415,21): error TS7026: JSX element implicitly has type 'any' because no interface 'JSX.IntrinsicElements' exists.
app/(dashboard)/dashboard/dashboard-client.tsx(415,28): error TS7026: JSX element implicitly has type 'any' because no interface 'JSX.IntrinsicElements' exists.
app/(dashboard)/dashboard/dashboard-client.tsx(416,21): error TS7026: JSX element implicitly has type 'any' because no interface 'JSX.IntrinsicElements' exists.
app/(dashboard)/dashboard/dashboard-client.tsx(416,81): error TS7026: JSX element implicitly has type 'any' because no interface 'JSX.IntrinsicElements' exists.
app/(dashboard)/dashboard/dashboard-client.tsx(417,19): error TS7026: JSX element implicitly has type 'any' because no interface 'JSX.IntrinsicElements' exists.
app/(dashboard)/dashboard/dashboard-client.tsx(418,17): error TS7026: JSX element implicitly has type 'any' because no interface 'JSX.IntrinsicElements' exists.
app/(dashboard)/dashboard/dashboard-client.tsx(420,19): error TS7026: JSX element implicitly has type 'any' because no interface 'JSX.IntrinsicElements' exists.
app/(dashboard)/dashboard/dashboard-client.tsx(422,19): error TS7026: JSX element implicitly has type 'any' because no interface 'JSX.IntrinsicElements' exists.
app/(dashboard)/dashboard/dashboard-client.tsx(428,11): error TS7026: JSX element implicitly has type 'any' because no interface 'JSX.IntrinsicElements' exists.
app/(dashboard)/dashboard/dashboard-client.tsx(429,9): error TS7026: JSX element implicitly has type 'any' because no interface 'JSX.IntrinsicElements' exists.
app/(dashboard)/dashboard/dashboard-client.tsx(432,9): error TS7026: JSX element implicitly has type 'any' because no interface 'JSX.IntrinsicElements' exists.
app/(dashboard)/dashboard/dashboard-client.tsx(433,11): error TS7026: JSX element implicitly has type 'any' because no interface 'JSX.IntrinsicElements' exists.
app/(dashboard)/dashboard/dashboard-client.tsx(434,13): error TS7026: JSX element implicitly has type 'any' because no interface 'JSX.IntrinsicElements' exists.
app/(dashboard)/dashboard/dashboard-client.tsx(436,15): error TS7026: JSX element implicitly has type 'any' because no interface 'JSX.IntrinsicElements' exists.
app/(dashboard)/dashboard/dashboard-client.tsx(436,94): error TS7026: JSX element implicitly has type 'any' because no interface 'JSX.IntrinsicElements' exists.
app/(dashboard)/dashboard/dashboard-client.tsx(437,13): error TS7026: JSX element implicitly has type 'any' because no interface 'JSX.IntrinsicElements' exists.
app/(dashboard)/dashboard/dashboard-client.tsx(438,13): error TS7026: JSX element implicitly has type 'any' because no interface 'JSX.IntrinsicElements' exists.
app/(dashboard)/dashboard/dashboard-client.tsx(438,95): error TS7026: JSX element implicitly has type 'any' because no interface 'JSX.IntrinsicElements' exists.
app/(dashboard)/dashboard/dashboard-client.tsx(439,11): error TS7026: JSX element implicitly has type 'any' because no interface 'JSX.IntrinsicElements' exists.
app/(dashboard)/dashboard/dashboard-client.tsx(441,11): error TS7026: JSX element implicitly has type 'any' because no interface 'JSX.IntrinsicElements' exists.
app/(dashboard)/dashboard/dashboard-client.tsx(442,13): error TS7026: JSX element implicitly has type 'any' because no interface 'JSX.IntrinsicElements' exists.
app/(dashboard)/dashboard/dashboard-client.tsx(443,15): error TS7026: JSX element implicitly has type 'any' because no interface 'JSX.IntrinsicElements' exists.
app/(dashboard)/dashboard/dashboard-client.tsx(444,17): error TS7026: JSX element implicitly has type 'any' because no interface 'JSX.IntrinsicElements' exists.
app/(dashboard)/dashboard/dashboard-client.tsx(445,15): error TS7026: JSX element implicitly has type 'any' because no interface 'JSX.IntrinsicElements' exists.
app/(dashboard)/dashboard/dashboard-client.tsx(446,15): error TS7026: JSX element implicitly has type 'any' because no interface 'JSX.IntrinsicElements' exists.
app/(dashboard)/dashboard/dashboard-client.tsx(447,17): error TS7026: JSX element implicitly has type 'any' because no interface 'JSX.IntrinsicElements' exists.
app/(dashboard)/dashboard/dashboard-client.tsx(448,15): error TS7026: JSX element implicitly has type 'any' because no interface 'JSX.IntrinsicElements' exists.
app/(dashboard)/dashboard/dashboard-client.tsx(449,15): error TS7026: JSX element implicitly has type 'any' because no interface 'JSX.IntrinsicElements' exists.
app/(dashboard)/dashboard/dashboard-client.tsx(450,17): error TS7026: JSX element implicitly has type 'any' because no interface 'JSX.IntrinsicElements' exists.
app/(dashboard)/dashboard/dashboard-client.tsx(451,15): error TS7026: JSX element implicitly has type 'any' because no interface 'JSX.IntrinsicElements' exists.
app/(dashboard)/dashboard/dashboard-client.tsx(452,13): error TS7026: JSX element implicitly has type 'any' because no interface 'JSX.IntrinsicElements' exists.
app/(dashboard)/dashboard/dashboard-client.tsx(453,41): error TS2322: Type '{ data: ({ status: "success"; count: number; } | { status: "warning"; count: number; } | { status: "error"; count: number; })[]; size: string; className: string; }' is not assignable to type 'TrackerProps'.
  Property 'size' does not exist on type 'TrackerProps'.
app/(dashboard)/dashboard/dashboard-client.tsx(458,15): error TS2322: Type '{ data: { value: number; }[]; variant: "area"; size: string; color: string; className: string; }' is not assignable to type 'SparkChartProps'.
  Property 'size' does not exist on type 'SparkAreaChartProps'.
app/(dashboard)/dashboard/dashboard-client.tsx(462,11): error TS7026: JSX element implicitly has type 'any' because no interface 'JSX.IntrinsicElements' exists.
app/(dashboard)/dashboard/dashboard-client.tsx(464,11): error TS7026: JSX element implicitly has type 'any' because no interface 'JSX.IntrinsicElements' exists.
app/(dashboard)/dashboard/dashboard-client.tsx(465,13): error TS7026: JSX element implicitly has type 'any' because no interface 'JSX.IntrinsicElements' exists.
app/(dashboard)/dashboard/dashboard-client.tsx(466,15): error TS7026: JSX element implicitly has type 'any' because no interface 'JSX.IntrinsicElements' exists.
app/(dashboard)/dashboard/dashboard-client.tsx(466,107): error TS7026: JSX element implicitly has type 'any' because no interface 'JSX.IntrinsicElements' exists.
app/(dashboard)/dashboard/dashboard-client.tsx(467,15): error TS7026: JSX element implicitly has type 'any' because no interface 'JSX.IntrinsicElements' exists.
app/(dashboard)/dashboard/dashboard-client.tsx(467,70): error TS7026: JSX element implicitly has type 'any' because no interface 'JSX.IntrinsicElements' exists.
app/(dashboard)/dashboard/dashboard-client.tsx(468,13): error TS7026: JSX element implicitly has type 'any' because no interface 'JSX.IntrinsicElements' exists.
app/(dashboard)/dashboard/dashboard-client.tsx(469,13): error TS7026: JSX element implicitly has type 'any' because no interface 'JSX.IntrinsicElements' exists.
app/(dashboard)/dashboard/dashboard-client.tsx(470,15): error TS7026: JSX element implicitly has type 'any' because no interface 'JSX.IntrinsicElements' exists.
app/(dashboard)/dashboard/dashboard-client.tsx(470,101): error TS7026: JSX element implicitly has type 'any' because no interface 'JSX.IntrinsicElements' exists.
app/(dashboard)/dashboard/dashboard-client.tsx(471,15): error TS7026: JSX element implicitly has type 'any' because no interface 'JSX.IntrinsicElements' exists.
app/(dashboard)/dashboard/dashboard-client.tsx(471,73): error TS7026: JSX element implicitly has type 'any' because no interface 'JSX.IntrinsicElements' exists.
app/(dashboard)/dashboard/dashboard-client.tsx(472,13): error TS7026: JSX element implicitly has type 'any' because no interface 'JSX.IntrinsicElements' exists.
app/(dashboard)/dashboard/dashboard-client.tsx(473,13): error TS7026: JSX element implicitly has type 'any' because no interface 'JSX.IntrinsicElements' exists.
app/(dashboard)/dashboard/dashboard-client.tsx(474,15): error TS7026: JSX element implicitly has type 'any' because no interface 'JSX.IntrinsicElements' exists.
app/(dashboard)/dashboard/dashboard-client.tsx(474,99): error TS7026: JSX element implicitly has type 'any' because no interface 'JSX.IntrinsicElements' exists.
app/(dashboard)/dashboard/dashboard-client.tsx(475,15): error TS7026: JSX element implicitly has type 'any' because no interface 'JSX.IntrinsicElements' exists.
app/(dashboard)/dashboard/dashboard-client.tsx(475,73): error TS7026: JSX element implicitly has type 'any' because no interface 'JSX.IntrinsicElements' exists.
app/(dashboard)/dashboard/dashboard-client.tsx(476,13): error TS7026: JSX element implicitly has type 'any' because no interface 'JSX.IntrinsicElements' exists.
app/(dashboard)/dashboard/dashboard-client.tsx(477,13): error TS7026: JSX element implicitly has type 'any' because no interface 'JSX.IntrinsicElements' exists.
app/(dashboard)/dashboard/dashboard-client.tsx(478,15): error TS7026: JSX element implicitly has type 'any' because no interface 'JSX.IntrinsicElements' exists.
app/(dashboard)/dashboard/dashboard-client.tsx(478,100): error TS7026: JSX element implicitly has type 'any' because no interface 'JSX.IntrinsicElements' exists.
app/(dashboard)/dashboard/dashboard-client.tsx(479,15): error TS7026: JSX element implicitly has type 'any' because no interface 'JSX.IntrinsicElements' exists.
app/(dashboard)/dashboard/dashboard-client.tsx(479,72): error TS7026: JSX element implicitly has type 'any' because no interface 'JSX.IntrinsicElements' exists.
app/(dashboard)/dashboard/dashboard-client.tsx(480,13): error TS7026: JSX element implicitly has type 'any' because no interface 'JSX.IntrinsicElements' exists.
app/(dashboard)/dashboard/dashboard-client.tsx(481,11): error TS7026: JSX element implicitly has type 'any' because no interface 'JSX.IntrinsicElements' exists.
app/(dashboard)/dashboard/dashboard-client.tsx(482,9): error TS7026: JSX element implicitly has type 'any' because no interface 'JSX.IntrinsicElements' exists.
app/(dashboard)/dashboard/dashboard-client.tsx(483,7): error TS7026: JSX element implicitly has type 'any' because no interface 'JSX.IntrinsicElements' exists.
app/(dashboard)/dashboard/dashboard-client.tsx(486,7): error TS7026: JSX element implicitly has type 'any' because no interface 'JSX.IntrinsicElements' exists.
app/(dashboard)/dashboard/dashboard-client.tsx(487,9): error TS7026: JSX element implicitly has type 'any' because no interface 'JSX.IntrinsicElements' exists.
app/(dashboard)/dashboard/dashboard-client.tsx(488,11): error TS7026: JSX element implicitly has type 'any' because no interface 'JSX.IntrinsicElements' exists.
app/(dashboard)/dashboard/dashboard-client.tsx(489,13): error TS7026: JSX element implicitly has type 'any' because no interface 'JSX.IntrinsicElements' exists.
app/(dashboard)/dashboard/dashboard-client.tsx(489,92): error TS7026: JSX element implicitly has type 'any' because no interface 'JSX.IntrinsicElements' exists.
app/(dashboard)/dashboard/dashboard-client.tsx(490,13): error TS7026: JSX element implicitly has type 'any' because no interface 'JSX.IntrinsicElements' exists.
app/(dashboard)/dashboard/dashboard-client.tsx(495,13): error TS7026: JSX element implicitly has type 'any' because no interface 'JSX.IntrinsicElements' exists.
app/(dashboard)/dashboard/dashboard-client.tsx(496,11): error TS7026: JSX element implicitly has type 'any' because no interface 'JSX.IntrinsicElements' exists.
app/(dashboard)/dashboard/dashboard-client.tsx(500,9): error TS7026: JSX element implicitly has type 'any' because no interface 'JSX.IntrinsicElements' exists.
app/(dashboard)/dashboard/dashboard-client.tsx(502,9): error TS7026: JSX element implicitly has type 'any' because no interface 'JSX.IntrinsicElements' exists.
app/(dashboard)/dashboard/dashboard-client.tsx(503,37): error TS7006: Parameter 'enrollment' implicitly has an 'any' type.
app/(dashboard)/dashboard/dashboard-client.tsx(508,15): error TS7026: JSX element implicitly has type 'any' because no interface 'JSX.IntrinsicElements' exists.
app/(dashboard)/dashboard/dashboard-client.tsx(516,17): error TS7026: JSX element implicitly has type 'any' because no interface 'JSX.IntrinsicElements' exists.
app/(dashboard)/dashboard/dashboard-client.tsx(517,19): error TS7026: JSX element implicitly has type 'any' because no interface 'JSX.IntrinsicElements' exists.
app/(dashboard)/dashboard/dashboard-client.tsx(521,19): error TS7026: JSX element implicitly has type 'any' because no interface 'JSX.IntrinsicElements' exists.
app/(dashboard)/dashboard/dashboard-client.tsx(522,19): error TS7026: JSX element implicitly has type 'any' because no interface 'JSX.IntrinsicElements' exists.
app/(dashboard)/dashboard/dashboard-client.tsx(523,21): error TS7026: JSX element implicitly has type 'any' because no interface 'JSX.IntrinsicElements' exists.
app/(dashboard)/dashboard/dashboard-client.tsx(524,23): error TS7026: JSX element implicitly has type 'any' because no interface 'JSX.IntrinsicElements' exists.
app/(dashboard)/dashboard/dashboard-client.tsx(526,23): error TS7026: JSX element implicitly has type 'any' because no interface 'JSX.IntrinsicElements' exists.
app/(dashboard)/dashboard/dashboard-client.tsx(528,25): error TS7026: JSX element implicitly has type 'any' because no interface 'JSX.IntrinsicElements' exists.
app/(dashboard)/dashboard/dashboard-client.tsx(530,25): error TS7026: JSX element implicitly has type 'any' because no interface 'JSX.IntrinsicElements' exists.
app/(dashboard)/dashboard/dashboard-client.tsx(532,21): error TS7026: JSX element implicitly has type 'any' because no interface 'JSX.IntrinsicElements' exists.
app/(dashboard)/dashboard/dashboard-client.tsx(533,21): error TS7026: JSX element implicitly has type 'any' because no interface 'JSX.IntrinsicElements' exists.
app/(dashboard)/dashboard/dashboard-client.tsx(534,23): error TS7026: JSX element implicitly has type 'any' because no interface 'JSX.IntrinsicElements' exists.
app/(dashboard)/dashboard/dashboard-client.tsx(534,55): error TS7026: JSX element implicitly has type 'any' because no interface 'JSX.IntrinsicElements' exists.
app/(dashboard)/dashboard/dashboard-client.tsx(535,23): error TS7026: JSX element implicitly has type 'any' because no interface 'JSX.IntrinsicElements' exists.
app/(dashboard)/dashboard/dashboard-client.tsx(535,30): error TS7026: JSX element implicitly has type 'any' because no interface 'JSX.IntrinsicElements' exists.
app/(dashboard)/dashboard/dashboard-client.tsx(536,23): error TS7026: JSX element implicitly has type 'any' because no interface 'JSX.IntrinsicElements' exists.
app/(dashboard)/dashboard/dashboard-client.tsx(536,129): error TS7026: JSX element implicitly has type 'any' because no interface 'JSX.IntrinsicElements' exists.
app/(dashboard)/dashboard/dashboard-client.tsx(537,21): error TS7026: JSX element implicitly has type 'any' because no interface 'JSX.IntrinsicElements' exists.
app/(dashboard)/dashboard/dashboard-client.tsx(538,21): error TS7026: JSX element implicitly has type 'any' because no interface 'JSX.IntrinsicElements' exists.
app/(dashboard)/dashboard/dashboard-client.tsx(539,23): error TS7026: JSX element implicitly has type 'any' because no interface 'JSX.IntrinsicElements' exists.
app/(dashboard)/dashboard/dashboard-client.tsx(539,110): error TS7026: JSX element implicitly has type 'any' because no interface 'JSX.IntrinsicElements' exists.
app/(dashboard)/dashboard/dashboard-client.tsx(543,21): error TS7026: JSX element implicitly has type 'any' because no interface 'JSX.IntrinsicElements' exists.
app/(dashboard)/dashboard/dashboard-client.tsx(544,19): error TS7026: JSX element implicitly has type 'any' because no interface 'JSX.IntrinsicElements' exists.
app/(dashboard)/dashboard/dashboard-client.tsx(545,17): error TS7026: JSX element implicitly has type 'any' because no interface 'JSX.IntrinsicElements' exists.
app/(dashboard)/dashboard/dashboard-client.tsx(548,17): error TS7026: JSX element implicitly has type 'any' because no interface 'JSX.IntrinsicElements' exists.
app/(dashboard)/dashboard/dashboard-client.tsx(549,19): error TS7026: JSX element implicitly has type 'any' because no interface 'JSX.IntrinsicElements' exists.
app/(dashboard)/dashboard/dashboard-client.tsx(553,19): error TS7026: JSX element implicitly has type 'any' because no interface 'JSX.IntrinsicElements' exists.
app/(dashboard)/dashboard/dashboard-client.tsx(555,19): error TS7026: JSX element implicitly has type 'any' because no interface 'JSX.IntrinsicElements' exists.
app/(dashboard)/dashboard/dashboard-client.tsx(556,21): error TS7026: JSX element implicitly has type 'any' because no interface 'JSX.IntrinsicElements' exists.
app/(dashboard)/dashboard/dashboard-client.tsx(557,23): error TS7026: JSX element implicitly has type 'any' because no interface 'JSX.IntrinsicElements' exists.
app/(dashboard)/dashboard/dashboard-client.tsx(559,23): error TS7026: JSX element implicitly has type 'any' because no interface 'JSX.IntrinsicElements' exists.
app/(dashboard)/dashboard/dashboard-client.tsx(561,25): error TS7026: JSX element implicitly has type 'any' because no interface 'JSX.IntrinsicElements' exists.
app/(dashboard)/dashboard/dashboard-client.tsx(563,25): error TS7026: JSX element implicitly has type 'any' because no interface 'JSX.IntrinsicElements' exists.
app/(dashboard)/dashboard/dashboard-client.tsx(566,25): error TS7026: JSX element implicitly has type 'any' because no interface 'JSX.IntrinsicElements' exists.
app/(dashboard)/dashboard/dashboard-client.tsx(568,25): error TS7026: JSX element implicitly has type 'any' because no interface 'JSX.IntrinsicElements' exists.
app/(dashboard)/dashboard/dashboard-client.tsx(570,21): error TS7026: JSX element implicitly has type 'any' because no interface 'JSX.IntrinsicElements' exists.
app/(dashboard)/dashboard/dashboard-client.tsx(571,21): error TS7026: JSX element implicitly has type 'any' because no interface 'JSX.IntrinsicElements' exists.
app/(dashboard)/dashboard/dashboard-client.tsx(572,23): error TS7026: JSX element implicitly has type 'any' because no interface 'JSX.IntrinsicElements' exists.
app/(dashboard)/dashboard/dashboard-client.tsx(572,55): error TS7026: JSX element implicitly has type 'any' because no interface 'JSX.IntrinsicElements' exists.
app/(dashboard)/dashboard/dashboard-client.tsx(573,23): error TS7026: JSX element implicitly has type 'any' because no interface 'JSX.IntrinsicElements' exists.
app/(dashboard)/dashboard/dashboard-client.tsx(573,30): error TS7026: JSX element implicitly has type 'any' because no interface 'JSX.IntrinsicElements' exists.
app/(dashboard)/dashboard/dashboard-client.tsx(574,23): error TS7026: JSX element implicitly has type 'any' because no interface 'JSX.IntrinsicElements' exists.
app/(dashboard)/dashboard/dashboard-client.tsx(574,96): error TS7026: JSX element implicitly has type 'any' because no interface 'JSX.IntrinsicElements' exists.
app/(dashboard)/dashboard/dashboard-client.tsx(575,21): error TS7026: JSX element implicitly has type 'any' because no interface 'JSX.IntrinsicElements' exists.
app/(dashboard)/dashboard/dashboard-client.tsx(576,19): error TS7026: JSX element implicitly has type 'any' because no interface 'JSX.IntrinsicElements' exists.
app/(dashboard)/dashboard/dashboard-client.tsx(578,19): error TS7026: JSX element implicitly has type 'any' because no interface 'JSX.IntrinsicElements' exists.
app/(dashboard)/dashboard/dashboard-client.tsx(579,21): error TS7026: JSX element implicitly has type 'any' because no interface 'JSX.IntrinsicElements' exists.
app/(dashboard)/dashboard/dashboard-client.tsx(581,21): error TS7026: JSX element implicitly has type 'any' because no interface 'JSX.IntrinsicElements' exists.
app/(dashboard)/dashboard/dashboard-client.tsx(582,21): error TS7026: JSX element implicitly has type 'any' because no interface 'JSX.IntrinsicElements' exists.
app/(dashboard)/dashboard/dashboard-client.tsx(584,21): error TS7026: JSX element implicitly has type 'any' because no interface 'JSX.IntrinsicElements' exists.
app/(dashboard)/dashboard/dashboard-client.tsx(585,19): error TS7026: JSX element implicitly has type 'any' because no interface 'JSX.IntrinsicElements' exists.
app/(dashboard)/dashboard/dashboard-client.tsx(590,17): error TS7026: JSX element implicitly has type 'any' because no interface 'JSX.IntrinsicElements' exists.
app/(dashboard)/dashboard/dashboard-client.tsx(591,15): error TS7026: JSX element implicitly has type 'any' because no interface 'JSX.IntrinsicElements' exists.
app/(dashboard)/dashboard/dashboard-client.tsx(594,9): error TS7026: JSX element implicitly has type 'any' because no interface 'JSX.IntrinsicElements' exists.
app/(dashboard)/dashboard/dashboard-client.tsx(605,7): error TS7026: JSX element implicitly has type 'any' because no interface 'JSX.IntrinsicElements' exists.
app/(dashboard)/dashboard/dashboard-client.tsx(606,5): error TS7026: JSX element implicitly has type 'any' because no interface 'JSX.IntrinsicElements' exists.
app/(dashboard)/dashboard/enrollments/[id]/enrollment-detail-client.tsx(3,24): error TS2307: Cannot find module 'react' or its corresponding type declarations.
app/(dashboard)/dashboard/enrollments/[id]/enrollment-detail-client.tsx(4,27): error TS2307: Cannot find module 'next/navigation' or its corresponding type declarations.
app/(dashboard)/dashboard/enrollments/[id]/enrollment-detail-client.tsx(5,23): error TS2307: Cannot find module 'sonner' or its corresponding type declarations.
app/(dashboard)/dashboard/enrollments/[id]/enrollment-detail-client.tsx(21,8): error TS2307: Cannot find module '@phosphor-icons/react/dist/ssr' or its corresponding type declarations.
app/(dashboard)/dashboard/enrollments/[id]/enrollment-detail-client.tsx(25,3): error TS2305: Module '"@/hooks/use-enrollments"' has no exported member 'useApproveEnrollment'.
app/(dashboard)/dashboard/enrollments/[id]/enrollment-detail-client.tsx(26,3): error TS2305: Module '"@/hooks/use-enrollments"' has no exported member 'useRejectEnrollment'.
app/(dashboard)/dashboard/enrollments/[id]/enrollment-detail-client.tsx(27,3): error TS2305: Module '"@/hooks/use-enrollments"' has no exported member 'useRequestEnrollmentChanges'.
app/(dashboard)/dashboard/enrollments/[id]/enrollment-detail-client.tsx(139,7): error TS7026: JSX element implicitly has type 'any' because no interface 'JSX.IntrinsicElements' exists.
app/(dashboard)/dashboard/enrollments/[id]/enrollment-detail-client.tsx(139,7): error TS2875: This JSX tag requires the module path 'react/jsx-runtime' to exist, but none could be found. Make sure you have types for the appropriate package installed.
app/(dashboard)/dashboard/enrollments/[id]/enrollment-detail-client.tsx(140,9): error TS7026: JSX element implicitly has type 'any' because no interface 'JSX.IntrinsicElements' exists.
app/(dashboard)/dashboard/enrollments/[id]/enrollment-detail-client.tsx(141,11): error TS7026: JSX element implicitly has type 'any' because no interface 'JSX.IntrinsicElements' exists.
app/(dashboard)/dashboard/enrollments/[id]/enrollment-detail-client.tsx(142,11): error TS7026: JSX element implicitly has type 'any' because no interface 'JSX.IntrinsicElements' exists.
app/(dashboard)/dashboard/enrollments/[id]/enrollment-detail-client.tsx(143,13): error TS7026: JSX element implicitly has type 'any' because no interface 'JSX.IntrinsicElements' exists.
app/(dashboard)/dashboard/enrollments/[id]/enrollment-detail-client.tsx(144,13): error TS7026: JSX element implicitly has type 'any' because no interface 'JSX.IntrinsicElements' exists.
app/(dashboard)/dashboard/enrollments/[id]/enrollment-detail-client.tsx(145,15): error TS7026: JSX element implicitly has type 'any' because no interface 'JSX.IntrinsicElements' exists.
app/(dashboard)/dashboard/enrollments/[id]/enrollment-detail-client.tsx(146,15): error TS7026: JSX element implicitly has type 'any' because no interface 'JSX.IntrinsicElements' exists.
app/(dashboard)/dashboard/enrollments/[id]/enrollment-detail-client.tsx(147,13): error TS7026: JSX element implicitly has type 'any' because no interface 'JSX.IntrinsicElements' exists.
app/(dashboard)/dashboard/enrollments/[id]/enrollment-detail-client.tsx(148,11): error TS7026: JSX element implicitly has type 'any' because no interface 'JSX.IntrinsicElements' exists.
app/(dashboard)/dashboard/enrollments/[id]/enrollment-detail-client.tsx(149,9): error TS7026: JSX element implicitly has type 'any' because no interface 'JSX.IntrinsicElements' exists.
app/(dashboard)/dashboard/enrollments/[id]/enrollment-detail-client.tsx(150,7): error TS7026: JSX element implicitly has type 'any' because no interface 'JSX.IntrinsicElements' exists.
app/(dashboard)/dashboard/enrollments/[id]/enrollment-detail-client.tsx(157,7): error TS7026: JSX element implicitly has type 'any' because no interface 'JSX.IntrinsicElements' exists.
app/(dashboard)/dashboard/enrollments/[id]/enrollment-detail-client.tsx(158,9): error TS7026: JSX element implicitly has type 'any' because no interface 'JSX.IntrinsicElements' exists.
app/(dashboard)/dashboard/enrollments/[id]/enrollment-detail-client.tsx(160,11): error TS7026: JSX element implicitly has type 'any' because no interface 'JSX.IntrinsicElements' exists.
app/(dashboard)/dashboard/enrollments/[id]/enrollment-detail-client.tsx(160,86): error TS7026: JSX element implicitly has type 'any' because no interface 'JSX.IntrinsicElements' exists.
app/(dashboard)/dashboard/enrollments/[id]/enrollment-detail-client.tsx(161,11): error TS7026: JSX element implicitly has type 'any' because no interface 'JSX.IntrinsicElements' exists.
app/(dashboard)/dashboard/enrollments/[id]/enrollment-detail-client.tsx(162,14): error TS2358: The left-hand side of an 'instanceof' expression must be of type 'any', an object type or a type parameter.
app/(dashboard)/dashboard/enrollments/[id]/enrollment-detail-client.tsx(162,45): error TS2339: Property 'message' does not exist on type 'never'.
app/(dashboard)/dashboard/enrollments/[id]/enrollment-detail-client.tsx(163,11): error TS7026: JSX element implicitly has type 'any' because no interface 'JSX.IntrinsicElements' exists.
app/(dashboard)/dashboard/enrollments/[id]/enrollment-detail-client.tsx(168,9): error TS7026: JSX element implicitly has type 'any' because no interface 'JSX.IntrinsicElements' exists.
app/(dashboard)/dashboard/enrollments/[id]/enrollment-detail-client.tsx(169,7): error TS7026: JSX element implicitly has type 'any' because no interface 'JSX.IntrinsicElements' exists.
app/(dashboard)/dashboard/enrollments/[id]/enrollment-detail-client.tsx(176,7): error TS7026: JSX element implicitly has type 'any' because no interface 'JSX.IntrinsicElements' exists.
app/(dashboard)/dashboard/enrollments/[id]/enrollment-detail-client.tsx(177,9): error TS7026: JSX element implicitly has type 'any' because no interface 'JSX.IntrinsicElements' exists.
app/(dashboard)/dashboard/enrollments/[id]/enrollment-detail-client.tsx(179,11): error TS7026: JSX element implicitly has type 'any' because no interface 'JSX.IntrinsicElements' exists.
app/(dashboard)/dashboard/enrollments/[id]/enrollment-detail-client.tsx(179,83): error TS7026: JSX element implicitly has type 'any' because no interface 'JSX.IntrinsicElements' exists.
app/(dashboard)/dashboard/enrollments/[id]/enrollment-detail-client.tsx(180,11): error TS7026: JSX element implicitly has type 'any' because no interface 'JSX.IntrinsicElements' exists.
app/(dashboard)/dashboard/enrollments/[id]/enrollment-detail-client.tsx(180,106): error TS7026: JSX element implicitly has type 'any' because no interface 'JSX.IntrinsicElements' exists.
app/(dashboard)/dashboard/enrollments/[id]/enrollment-detail-client.tsx(185,9): error TS7026: JSX element implicitly has type 'any' because no interface 'JSX.IntrinsicElements' exists.
app/(dashboard)/dashboard/enrollments/[id]/enrollment-detail-client.tsx(186,7): error TS7026: JSX element implicitly has type 'any' because no interface 'JSX.IntrinsicElements' exists.
app/(dashboard)/dashboard/enrollments/[id]/enrollment-detail-client.tsx(191,5): error TS7026: JSX element implicitly has type 'any' because no interface 'JSX.IntrinsicElements' exists.
app/(dashboard)/dashboard/enrollments/[id]/enrollment-detail-client.tsx(193,7): error TS7026: JSX element implicitly has type 'any' because no interface 'JSX.IntrinsicElements' exists.
app/(dashboard)/dashboard/enrollments/[id]/enrollment-detail-client.tsx(195,9): error TS7026: JSX element implicitly has type 'any' because no interface 'JSX.IntrinsicElements' exists.
app/(dashboard)/dashboard/enrollments/[id]/enrollment-detail-client.tsx(196,11): error TS7026: JSX element implicitly has type 'any' because no interface 'JSX.IntrinsicElements' exists.
app/(dashboard)/dashboard/enrollments/[id]/enrollment-detail-client.tsx(202,13): error TS7026: JSX element implicitly has type 'any' because no interface 'JSX.IntrinsicElements' exists.
app/(dashboard)/dashboard/enrollments/[id]/enrollment-detail-client.tsx(202,49): error TS7026: JSX element implicitly has type 'any' because no interface 'JSX.IntrinsicElements' exists.
app/(dashboard)/dashboard/enrollments/[id]/enrollment-detail-client.tsx(203,11): error TS7026: JSX element implicitly has type 'any' because no interface 'JSX.IntrinsicElements' exists.
app/(dashboard)/dashboard/enrollments/[id]/enrollment-detail-client.tsx(209,9): error TS7026: JSX element implicitly has type 'any' because no interface 'JSX.IntrinsicElements' exists.
app/(dashboard)/dashboard/enrollments/[id]/enrollment-detail-client.tsx(212,9): error TS7026: JSX element implicitly has type 'any' because no interface 'JSX.IntrinsicElements' exists.
app/(dashboard)/dashboard/enrollments/[id]/enrollment-detail-client.tsx(216,11): error TS7026: JSX element implicitly has type 'any' because no interface 'JSX.IntrinsicElements' exists.
app/(dashboard)/dashboard/enrollments/[id]/enrollment-detail-client.tsx(217,13): error TS7026: JSX element implicitly has type 'any' because no interface 'JSX.IntrinsicElements' exists.
app/(dashboard)/dashboard/enrollments/[id]/enrollment-detail-client.tsx(218,15): error TS7026: JSX element implicitly has type 'any' because no interface 'JSX.IntrinsicElements' exists.
app/(dashboard)/dashboard/enrollments/[id]/enrollment-detail-client.tsx(220,15): error TS7026: JSX element implicitly has type 'any' because no interface 'JSX.IntrinsicElements' exists.
app/(dashboard)/dashboard/enrollments/[id]/enrollment-detail-client.tsx(221,13): error TS7026: JSX element implicitly has type 'any' because no interface 'JSX.IntrinsicElements' exists.
app/(dashboard)/dashboard/enrollments/[id]/enrollment-detail-client.tsx(222,13): error TS7026: JSX element implicitly has type 'any' because no interface 'JSX.IntrinsicElements' exists.
app/(dashboard)/dashboard/enrollments/[id]/enrollment-detail-client.tsx(223,15): error TS7026: JSX element implicitly has type 'any' because no interface 'JSX.IntrinsicElements' exists.
app/(dashboard)/dashboard/enrollments/[id]/enrollment-detail-client.tsx(225,15): error TS7026: JSX element implicitly has type 'any' because no interface 'JSX.IntrinsicElements' exists.
app/(dashboard)/dashboard/enrollments/[id]/enrollment-detail-client.tsx(226,13): error TS7026: JSX element implicitly has type 'any' because no interface 'JSX.IntrinsicElements' exists.
app/(dashboard)/dashboard/enrollments/[id]/enrollment-detail-client.tsx(227,11): error TS7026: JSX element implicitly has type 'any' because no interface 'JSX.IntrinsicElements' exists.
app/(dashboard)/dashboard/enrollments/[id]/enrollment-detail-client.tsx(228,11): error TS7026: JSX element implicitly has type 'any' because no interface 'JSX.IntrinsicElements' exists.
app/(dashboard)/dashboard/enrollments/[id]/enrollment-detail-client.tsx(229,13): error TS7026: JSX element implicitly has type 'any' because no interface 'JSX.IntrinsicElements' exists.
app/(dashboard)/dashboard/enrollments/[id]/enrollment-detail-client.tsx(229,125): error TS7026: JSX element implicitly has type 'any' because no interface 'JSX.IntrinsicElements' exists.
app/(dashboard)/dashboard/enrollments/[id]/enrollment-detail-client.tsx(230,13): error TS7026: JSX element implicitly has type 'any' because no interface 'JSX.IntrinsicElements' exists.
app/(dashboard)/dashboard/enrollments/[id]/enrollment-detail-client.tsx(230,78): error TS7026: JSX element implicitly has type 'any' because no interface 'JSX.IntrinsicElements' exists.
app/(dashboard)/dashboard/enrollments/[id]/enrollment-detail-client.tsx(231,11): error TS7026: JSX element implicitly has type 'any' because no interface 'JSX.IntrinsicElements' exists.
app/(dashboard)/dashboard/enrollments/[id]/enrollment-detail-client.tsx(232,9): error TS7026: JSX element implicitly has type 'any' because no interface 'JSX.IntrinsicElements' exists.
app/(dashboard)/dashboard/enrollments/[id]/enrollment-detail-client.tsx(233,7): error TS7026: JSX element implicitly has type 'any' because no interface 'JSX.IntrinsicElements' exists.
app/(dashboard)/dashboard/enrollments/[id]/enrollment-detail-client.tsx(239,11): error TS7026: JSX element implicitly has type 'any' because no interface 'JSX.IntrinsicElements' exists.
app/(dashboard)/dashboard/enrollments/[id]/enrollment-detail-client.tsx(251,11): error TS7026: JSX element implicitly has type 'any' because no interface 'JSX.IntrinsicElements' exists.
app/(dashboard)/dashboard/enrollments/[id]/enrollment-detail-client.tsx(256,7): error TS7026: JSX element implicitly has type 'any' because no interface 'JSX.IntrinsicElements' exists.
app/(dashboard)/dashboard/enrollments/[id]/enrollment-detail-client.tsx(258,9): error TS7026: JSX element implicitly has type 'any' because no interface 'JSX.IntrinsicElements' exists.
app/(dashboard)/dashboard/enrollments/[id]/enrollment-detail-client.tsx(259,11): error TS7026: JSX element implicitly has type 'any' because no interface 'JSX.IntrinsicElements' exists.
app/(dashboard)/dashboard/enrollments/[id]/enrollment-detail-client.tsx(262,11): error TS7026: JSX element implicitly has type 'any' because no interface 'JSX.IntrinsicElements' exists.
app/(dashboard)/dashboard/enrollments/[id]/enrollment-detail-client.tsx(263,11): error TS7026: JSX element implicitly has type 'any' because no interface 'JSX.IntrinsicElements' exists.
app/(dashboard)/dashboard/enrollments/[id]/enrollment-detail-client.tsx(269,11): error TS7026: JSX element implicitly has type 'any' because no interface 'JSX.IntrinsicElements' exists.
app/(dashboard)/dashboard/enrollments/[id]/enrollment-detail-client.tsx(270,9): error TS7026: JSX element implicitly has type 'any' because no interface 'JSX.IntrinsicElements' exists.
app/(dashboard)/dashboard/enrollments/[id]/enrollment-detail-client.tsx(273,9): error TS7026: JSX element implicitly has type 'any' because no interface 'JSX.IntrinsicElements' exists.
app/(dashboard)/dashboard/enrollments/[id]/enrollment-detail-client.tsx(274,11): error TS7026: JSX element implicitly has type 'any' because no interface 'JSX.IntrinsicElements' exists.
app/(dashboard)/dashboard/enrollments/[id]/enrollment-detail-client.tsx(277,11): error TS7026: JSX element implicitly has type 'any' because no interface 'JSX.IntrinsicElements' exists.
app/(dashboard)/dashboard/enrollments/[id]/enrollment-detail-client.tsx(278,11): error TS7026: JSX element implicitly has type 'any' because no interface 'JSX.IntrinsicElements' exists.
app/(dashboard)/dashboard/enrollments/[id]/enrollment-detail-client.tsx(286,11): error TS7026: JSX element implicitly has type 'any' because no interface 'JSX.IntrinsicElements' exists.
app/(dashboard)/dashboard/enrollments/[id]/enrollment-detail-client.tsx(287,9): error TS7026: JSX element implicitly has type 'any' because no interface 'JSX.IntrinsicElements' exists.
app/(dashboard)/dashboard/enrollments/[id]/enrollment-detail-client.tsx(288,7): error TS7026: JSX element implicitly has type 'any' because no interface 'JSX.IntrinsicElements' exists.
app/(dashboard)/dashboard/enrollments/[id]/enrollment-detail-client.tsx(294,11): error TS7026: JSX element implicitly has type 'any' because no interface 'JSX.IntrinsicElements' exists.
app/(dashboard)/dashboard/enrollments/[id]/enrollment-detail-client.tsx(295,13): error TS7026: JSX element implicitly has type 'any' because no interface 'JSX.IntrinsicElements' exists.
app/(dashboard)/dashboard/enrollments/[id]/enrollment-detail-client.tsx(295,87): error TS7026: JSX element implicitly has type 'any' because no interface 'JSX.IntrinsicElements' exists.
app/(dashboard)/dashboard/enrollments/[id]/enrollment-detail-client.tsx(296,13): error TS7026: JSX element implicitly has type 'any' because no interface 'JSX.IntrinsicElements' exists.
app/(dashboard)/dashboard/enrollments/[id]/enrollment-detail-client.tsx(297,15): error TS7026: JSX element implicitly has type 'any' because no interface 'JSX.IntrinsicElements' exists.
app/(dashboard)/dashboard/enrollments/[id]/enrollment-detail-client.tsx(301,15): error TS7026: JSX element implicitly has type 'any' because no interface 'JSX.IntrinsicElements' exists.
app/(dashboard)/dashboard/enrollments/[id]/enrollment-detail-client.tsx(302,15): error TS7026: JSX element implicitly has type 'any' because no interface 'JSX.IntrinsicElements' exists.
app/(dashboard)/dashboard/enrollments/[id]/enrollment-detail-client.tsx(303,17): error TS7026: JSX element implicitly has type 'any' because no interface 'JSX.IntrinsicElements' exists.
app/(dashboard)/dashboard/enrollments/[id]/enrollment-detail-client.tsx(303,79): error TS7026: JSX element implicitly has type 'any' because no interface 'JSX.IntrinsicElements' exists.
app/(dashboard)/dashboard/enrollments/[id]/enrollment-detail-client.tsx(304,17): error TS7026: JSX element implicitly has type 'any' because no interface 'JSX.IntrinsicElements' exists.
app/(dashboard)/dashboard/enrollments/[id]/enrollment-detail-client.tsx(304,101): error TS7026: JSX element implicitly has type 'any' because no interface 'JSX.IntrinsicElements' exists.
app/(dashboard)/dashboard/enrollments/[id]/enrollment-detail-client.tsx(305,15): error TS7026: JSX element implicitly has type 'any' because no interface 'JSX.IntrinsicElements' exists.
app/(dashboard)/dashboard/enrollments/[id]/enrollment-detail-client.tsx(306,13): error TS7026: JSX element implicitly has type 'any' because no interface 'JSX.IntrinsicElements' exists.
app/(dashboard)/dashboard/enrollments/[id]/enrollment-detail-client.tsx(307,11): error TS7026: JSX element implicitly has type 'any' because no interface 'JSX.IntrinsicElements' exists.
app/(dashboard)/dashboard/enrollments/[id]/enrollment-detail-client.tsx(312,7): error TS7026: JSX element implicitly has type 'any' because no interface 'JSX.IntrinsicElements' exists.
app/(dashboard)/dashboard/enrollments/[id]/enrollment-detail-client.tsx(317,7): error TS7026: JSX element implicitly has type 'any' because no interface 'JSX.IntrinsicElements' exists.
app/(dashboard)/dashboard/enrollments/[id]/enrollment-detail-client.tsx(323,11): error TS7026: JSX element implicitly has type 'any' because no interface 'JSX.IntrinsicElements' exists.
app/(dashboard)/dashboard/enrollments/[id]/enrollment-detail-client.tsx(324,13): error TS7026: JSX element implicitly has type 'any' because no interface 'JSX.IntrinsicElements' exists.
app/(dashboard)/dashboard/enrollments/[id]/enrollment-detail-client.tsx(325,15): error TS7026: JSX element implicitly has type 'any' because no interface 'JSX.IntrinsicElements' exists.
app/(dashboard)/dashboard/enrollments/[id]/enrollment-detail-client.tsx(326,17): error TS7026: JSX element implicitly has type 'any' because no interface 'JSX.IntrinsicElements' exists.
app/(dashboard)/dashboard/enrollments/[id]/enrollment-detail-client.tsx(326,88): error TS7026: JSX element implicitly has type 'any' because no interface 'JSX.IntrinsicElements' exists.
app/(dashboard)/dashboard/enrollments/[id]/enrollment-detail-client.tsx(327,17): error TS7026: JSX element implicitly has type 'any' because no interface 'JSX.IntrinsicElements' exists.
app/(dashboard)/dashboard/enrollments/[id]/enrollment-detail-client.tsx(328,34): error TS7026: JSX element implicitly has type 'any' because no interface 'JSX.IntrinsicElements' exists.
app/(dashboard)/dashboard/enrollments/[id]/enrollment-detail-client.tsx(328,126): error TS7026: JSX element implicitly has type 'any' because no interface 'JSX.IntrinsicElements' exists.
app/(dashboard)/dashboard/enrollments/[id]/enrollment-detail-client.tsx(329,17): error TS7026: JSX element implicitly has type 'any' because no interface 'JSX.IntrinsicElements' exists.
app/(dashboard)/dashboard/enrollments/[id]/enrollment-detail-client.tsx(330,15): error TS7026: JSX element implicitly has type 'any' because no interface 'JSX.IntrinsicElements' exists.
app/(dashboard)/dashboard/enrollments/[id]/enrollment-detail-client.tsx(331,15): error TS7026: JSX element implicitly has type 'any' because no interface 'JSX.IntrinsicElements' exists.
app/(dashboard)/dashboard/enrollments/[id]/enrollment-detail-client.tsx(355,15): error TS7026: JSX element implicitly has type 'any' because no interface 'JSX.IntrinsicElements' exists.
app/(dashboard)/dashboard/enrollments/[id]/enrollment-detail-client.tsx(356,13): error TS7026: JSX element implicitly has type 'any' because no interface 'JSX.IntrinsicElements' exists.
app/(dashboard)/dashboard/enrollments/[id]/enrollment-detail-client.tsx(357,11): error TS7026: JSX element implicitly has type 'any' because no interface 'JSX.IntrinsicElements' exists.
app/(dashboard)/dashboard/enrollments/[id]/enrollment-detail-client.tsx(360,11): error TS7026: JSX element implicitly has type 'any' because no interface 'JSX.IntrinsicElements' exists.
app/(dashboard)/dashboard/enrollments/[id]/enrollment-detail-client.tsx(361,13): error TS7026: JSX element implicitly has type 'any' because no interface 'JSX.IntrinsicElements' exists.
app/(dashboard)/dashboard/enrollments/[id]/enrollment-detail-client.tsx(388,13): error TS7026: JSX element implicitly has type 'any' because no interface 'JSX.IntrinsicElements' exists.
app/(dashboard)/dashboard/enrollments/[id]/enrollment-detail-client.tsx(389,11): error TS7026: JSX element implicitly has type 'any' because no interface 'JSX.IntrinsicElements' exists.
app/(dashboard)/dashboard/enrollments/[id]/enrollment-detail-client.tsx(392,11): error TS7026: JSX element implicitly has type 'any' because no interface 'JSX.IntrinsicElements' exists.
app/(dashboard)/dashboard/enrollments/[id]/enrollment-detail-client.tsx(406,17): error TS7026: JSX element implicitly has type 'any' because no interface 'JSX.IntrinsicElements' exists.
app/(dashboard)/dashboard/enrollments/[id]/enrollment-detail-client.tsx(407,19): error TS7026: JSX element implicitly has type 'any' because no interface 'JSX.IntrinsicElements' exists.
app/(dashboard)/dashboard/enrollments/[id]/enrollment-detail-client.tsx(409,19): error TS7026: JSX element implicitly has type 'any' because no interface 'JSX.IntrinsicElements' exists.
app/(dashboard)/dashboard/enrollments/[id]/enrollment-detail-client.tsx(410,19): error TS7026: JSX element implicitly has type 'any' because no interface 'JSX.IntrinsicElements' exists.
app/(dashboard)/dashboard/enrollments/[id]/enrollment-detail-client.tsx(411,53): error TS7026: JSX element implicitly has type 'any' because no interface 'JSX.IntrinsicElements' exists.
app/(dashboard)/dashboard/enrollments/[id]/enrollment-detail-client.tsx(411,127): error TS7026: JSX element implicitly has type 'any' because no interface 'JSX.IntrinsicElements' exists.
app/(dashboard)/dashboard/enrollments/[id]/enrollment-detail-client.tsx(412,19): error TS7026: JSX element implicitly has type 'any' because no interface 'JSX.IntrinsicElements' exists.
app/(dashboard)/dashboard/enrollments/[id]/enrollment-detail-client.tsx(413,19): error TS7026: JSX element implicitly has type 'any' because no interface 'JSX.IntrinsicElements' exists.
app/(dashboard)/dashboard/enrollments/[id]/enrollment-detail-client.tsx(414,21): error TS7026: JSX element implicitly has type 'any' because no interface 'JSX.IntrinsicElements' exists.
app/(dashboard)/dashboard/enrollments/[id]/enrollment-detail-client.tsx(415,23): error TS7026: JSX element implicitly has type 'any' because no interface 'JSX.IntrinsicElements' exists.
app/(dashboard)/dashboard/enrollments/[id]/enrollment-detail-client.tsx(415,70): error TS7026: JSX element implicitly has type 'any' because no interface 'JSX.IntrinsicElements' exists.
app/(dashboard)/dashboard/enrollments/[id]/enrollment-detail-client.tsx(416,23): error TS7026: JSX element implicitly has type 'any' because no interface 'JSX.IntrinsicElements' exists.
app/(dashboard)/dashboard/enrollments/[id]/enrollment-detail-client.tsx(416,96): error TS7026: JSX element implicitly has type 'any' because no interface 'JSX.IntrinsicElements' exists.
app/(dashboard)/dashboard/enrollments/[id]/enrollment-detail-client.tsx(417,21): error TS7026: JSX element implicitly has type 'any' because no interface 'JSX.IntrinsicElements' exists.
app/(dashboard)/dashboard/enrollments/[id]/enrollment-detail-client.tsx(418,21): error TS7026: JSX element implicitly has type 'any' because no interface 'JSX.IntrinsicElements' exists.
app/(dashboard)/dashboard/enrollments/[id]/enrollment-detail-client.tsx(419,23): error TS7026: JSX element implicitly has type 'any' because no interface 'JSX.IntrinsicElements' exists.
app/(dashboard)/dashboard/enrollments/[id]/enrollment-detail-client.tsx(419,62): error TS7026: JSX element implicitly has type 'any' because no interface 'JSX.IntrinsicElements' exists.
app/(dashboard)/dashboard/enrollments/[id]/enrollment-detail-client.tsx(420,23): error TS7026: JSX element implicitly has type 'any' because no interface 'JSX.IntrinsicElements' exists.
app/(dashboard)/dashboard/enrollments/[id]/enrollment-detail-client.tsx(420,95): error TS7026: JSX element implicitly has type 'any' because no interface 'JSX.IntrinsicElements' exists.
app/(dashboard)/dashboard/enrollments/[id]/enrollment-detail-client.tsx(421,21): error TS7026: JSX element implicitly has type 'any' because no interface 'JSX.IntrinsicElements' exists.
app/(dashboard)/dashboard/enrollments/[id]/enrollment-detail-client.tsx(422,21): error TS7026: JSX element implicitly has type 'any' because no interface 'JSX.IntrinsicElements' exists.
app/(dashboard)/dashboard/enrollments/[id]/enrollment-detail-client.tsx(423,23): error TS7026: JSX element implicitly has type 'any' because no interface 'JSX.IntrinsicElements' exists.
app/(dashboard)/dashboard/enrollments/[id]/enrollment-detail-client.tsx(423,71): error TS7026: JSX element implicitly has type 'any' because no interface 'JSX.IntrinsicElements' exists.
app/(dashboard)/dashboard/enrollments/[id]/enrollment-detail-client.tsx(424,23): error TS7026: JSX element implicitly has type 'any' because no interface 'JSX.IntrinsicElements' exists.
app/(dashboard)/dashboard/enrollments/[id]/enrollment-detail-client.tsx(424,97): error TS7026: JSX element implicitly has type 'any' because no interface 'JSX.IntrinsicElements' exists.
app/(dashboard)/dashboard/enrollments/[id]/enrollment-detail-client.tsx(425,21): error TS7026: JSX element implicitly has type 'any' because no interface 'JSX.IntrinsicElements' exists.
app/(dashboard)/dashboard/enrollments/[id]/enrollment-detail-client.tsx(426,21): error TS7026: JSX element implicitly has type 'any' because no interface 'JSX.IntrinsicElements' exists.
app/(dashboard)/dashboard/enrollments/[id]/enrollment-detail-client.tsx(427,23): error TS7026: JSX element implicitly has type 'any' because no interface 'JSX.IntrinsicElements' exists.
app/(dashboard)/dashboard/enrollments/[id]/enrollment-detail-client.tsx(427,67): error TS7026: JSX element implicitly has type 'any' because no interface 'JSX.IntrinsicElements' exists.
app/(dashboard)/dashboard/enrollments/[id]/enrollment-detail-client.tsx(428,23): error TS7026: JSX element implicitly has type 'any' because no interface 'JSX.IntrinsicElements' exists.
app/(dashboard)/dashboard/enrollments/[id]/enrollment-detail-client.tsx(428,92): error TS7026: JSX element implicitly has type 'any' because no interface 'JSX.IntrinsicElements' exists.
app/(dashboard)/dashboard/enrollments/[id]/enrollment-detail-client.tsx(429,21): error TS7026: JSX element implicitly has type 'any' because no interface 'JSX.IntrinsicElements' exists.
app/(dashboard)/dashboard/enrollments/[id]/enrollment-detail-client.tsx(430,19): error TS7026: JSX element implicitly has type 'any' because no interface 'JSX.IntrinsicElements' exists.
app/(dashboard)/dashboard/enrollments/[id]/enrollment-detail-client.tsx(431,17): error TS7026: JSX element implicitly has type 'any' because no interface 'JSX.IntrinsicElements' exists.
app/(dashboard)/dashboard/enrollments/[id]/enrollment-detail-client.tsx(453,13): error TS7026: JSX element implicitly has type 'any' because no interface 'JSX.IntrinsicElements' exists.
app/(dashboard)/dashboard/enrollments/[id]/enrollment-detail-client.tsx(455,15): error TS7026: JSX element implicitly has type 'any' because no interface 'JSX.IntrinsicElements' exists.
app/(dashboard)/dashboard/enrollments/[id]/enrollment-detail-client.tsx(457,15): error TS7026: JSX element implicitly has type 'any' because no interface 'JSX.IntrinsicElements' exists.
app/(dashboard)/dashboard/enrollments/[id]/enrollment-detail-client.tsx(458,13): error TS7026: JSX element implicitly has type 'any' because no interface 'JSX.IntrinsicElements' exists.
app/(dashboard)/dashboard/enrollments/[id]/enrollment-detail-client.tsx(459,13): error TS7026: JSX element implicitly has type 'any' because no interface 'JSX.IntrinsicElements' exists.
app/(dashboard)/dashboard/enrollments/[id]/enrollment-detail-client.tsx(460,15): error TS7026: JSX element implicitly has type 'any' because no interface 'JSX.IntrinsicElements' exists.
app/(dashboard)/dashboard/enrollments/[id]/enrollment-detail-client.tsx(460,100): error TS7026: JSX element implicitly has type 'any' because no interface 'JSX.IntrinsicElements' exists.
app/(dashboard)/dashboard/enrollments/[id]/enrollment-detail-client.tsx(461,15): error TS7026: JSX element implicitly has type 'any' because no interface 'JSX.IntrinsicElements' exists.
app/(dashboard)/dashboard/enrollments/[id]/enrollment-detail-client.tsx(464,28): error TS7006: Parameter 'e' implicitly has an 'any' type.
app/(dashboard)/dashboard/enrollments/[id]/enrollment-detail-client.tsx(466,17): error TS7026: JSX element implicitly has type 'any' because no interface 'JSX.IntrinsicElements' exists.
app/(dashboard)/dashboard/enrollments/[id]/enrollment-detail-client.tsx(466,52): error TS7026: JSX element implicitly has type 'any' because no interface 'JSX.IntrinsicElements' exists.
app/(dashboard)/dashboard/enrollments/[id]/enrollment-detail-client.tsx(468,19): error TS7026: JSX element implicitly has type 'any' because no interface 'JSX.IntrinsicElements' exists.
app/(dashboard)/dashboard/enrollments/[id]/enrollment-detail-client.tsx(468,75): error TS7026: JSX element implicitly has type 'any' because no interface 'JSX.IntrinsicElements' exists.
app/(dashboard)/dashboard/enrollments/[id]/enrollment-detail-client.tsx(470,15): error TS7026: JSX element implicitly has type 'any' because no interface 'JSX.IntrinsicElements' exists.
app/(dashboard)/dashboard/enrollments/[id]/enrollment-detail-client.tsx(471,13): error TS7026: JSX element implicitly has type 'any' because no interface 'JSX.IntrinsicElements' exists.
app/(dashboard)/dashboard/enrollments/[id]/enrollment-detail-client.tsx(491,13): error TS7026: JSX element implicitly has type 'any' because no interface 'JSX.IntrinsicElements' exists.
app/(dashboard)/dashboard/enrollments/[id]/enrollment-detail-client.tsx(493,13): error TS7026: JSX element implicitly has type 'any' because no interface 'JSX.IntrinsicElements' exists.
app/(dashboard)/dashboard/enrollments/[id]/enrollment-detail-client.tsx(494,13): error TS7026: JSX element implicitly has type 'any' because no interface 'JSX.IntrinsicElements' exists.
app/(dashboard)/dashboard/enrollments/[id]/enrollment-detail-client.tsx(495,15): error TS7026: JSX element implicitly has type 'any' because no interface 'JSX.IntrinsicElements' exists.
app/(dashboard)/dashboard/enrollments/[id]/enrollment-detail-client.tsx(495,96): error TS7026: JSX element implicitly has type 'any' because no interface 'JSX.IntrinsicElements' exists.
app/(dashboard)/dashboard/enrollments/[id]/enrollment-detail-client.tsx(499,28): error TS7006: Parameter 'e' implicitly has an 'any' type.
app/(dashboard)/dashboard/enrollments/[id]/enrollment-detail-client.tsx(502,13): error TS7026: JSX element implicitly has type 'any' because no interface 'JSX.IntrinsicElements' exists.
app/(dashboard)/dashboard/enrollments/[id]/enrollment-detail-client.tsx(514,5): error TS7026: JSX element implicitly has type 'any' because no interface 'JSX.IntrinsicElements' exists.
app/(dashboard)/dashboard/enrollments/[id]/enrollment-detail-client.tsx(531,5): error TS7026: JSX element implicitly has type 'any' because no interface 'JSX.IntrinsicElements' exists.
app/(dashboard)/dashboard/enrollments/[id]/enrollment-detail-client.tsx(537,7): error TS7026: JSX element implicitly has type 'any' because no interface 'JSX.IntrinsicElements' exists.
app/(dashboard)/dashboard/enrollments/[id]/enrollment-detail-client.tsx(540,17): error TS7026: JSX element implicitly has type 'any' because no interface 'JSX.IntrinsicElements' exists.
app/(dashboard)/dashboard/enrollments/[id]/enrollment-detail-client.tsx(541,7): error TS7026: JSX element implicitly has type 'any' because no interface 'JSX.IntrinsicElements' exists.
app/(dashboard)/dashboard/enrollments/[id]/enrollment-detail-client.tsx(544,17): error TS7026: JSX element implicitly has type 'any' because no interface 'JSX.IntrinsicElements' exists.
app/(dashboard)/dashboard/enrollments/[id]/enrollment-detail-client.tsx(545,5): error TS7026: JSX element implicitly has type 'any' because no interface 'JSX.IntrinsicElements' exists.
app/(dashboard)/dashboard/enrollments/[id]/enrollment-detail-client.tsx(562,5): error TS7026: JSX element implicitly has type 'any' because no interface 'JSX.IntrinsicElements' exists.
app/(dashboard)/dashboard/enrollments/[id]/enrollment-detail-client.tsx(563,7): error TS7026: JSX element implicitly has type 'any' because no interface 'JSX.IntrinsicElements' exists.
app/(dashboard)/dashboard/enrollments/[id]/enrollment-detail-client.tsx(563,54): error TS7026: JSX element implicitly has type 'any' because no interface 'JSX.IntrinsicElements' exists.
app/(dashboard)/dashboard/enrollments/[id]/enrollment-detail-client.tsx(564,7): error TS7026: JSX element implicitly has type 'any' because no interface 'JSX.IntrinsicElements' exists.
app/(dashboard)/dashboard/enrollments/[id]/enrollment-detail-client.tsx(570,7): error TS7026: JSX element implicitly has type 'any' because no interface 'JSX.IntrinsicElements' exists.
app/(dashboard)/dashboard/enrollments/[id]/enrollment-detail-client.tsx(571,5): error TS7026: JSX element implicitly has type 'any' because no interface 'JSX.IntrinsicElements' exists.
app/(dashboard)/dashboard/enrollments/[id]/page.tsx(14,10): error TS2875: This JSX tag requires the module path 'react/jsx-runtime' to exist, but none could be found. Make sure you have types for the appropriate package installed.
app/(dashboard)/dashboard/enrollments/enrollments-client.tsx(3,24): error TS2307: Cannot find module 'react' or its corresponding type declarations.
app/(dashboard)/dashboard/enrollments/enrollments-client.tsx(4,27): error TS2307: Cannot find module 'next/navigation' or its corresponding type declarations.
app/(dashboard)/dashboard/enrollments/enrollments-client.tsx(5,23): error TS2307: Cannot find module 'sonner' or its corresponding type declarations.
app/(dashboard)/dashboard/enrollments/enrollments-client.tsx(28,8): error TS2307: Cannot find module '@phosphor-icons/react/dist/ssr' or its corresponding type declarations.
app/(dashboard)/dashboard/enrollments/enrollments-client.tsx(32,34): error TS2307: Cannot find module 'usehooks-ts' or its corresponding type declarations.
app/(dashboard)/dashboard/enrollments/enrollments-client.tsx(48,8): error TS2307: Cannot find module '@tanstack/react-table' or its corresponding type declarations.
app/(dashboard)/dashboard/enrollments/enrollments-client.tsx(136,26): error TS1361: 'enrollments' cannot be used as a value because it was imported using 'import type'.
app/(dashboard)/dashboard/enrollments/enrollments-client.tsx(160,25): error TS2345: Argument of type 'typeof enrollments' is not assignable to parameter of type 'Enrollment[]'.
  Type 'typeof enrollments' is missing the following properties from type 'Enrollment[]': length, pop, push, concat, and 35 more.
app/(dashboard)/dashboard/enrollments/enrollments-client.tsx(209,27): error TS2339: Property 'filter' does not exist on type 'typeof enrollments'.
app/(dashboard)/dashboard/enrollments/enrollments-client.tsx(209,35): error TS7006: Parameter 'e' implicitly has an 'any' type.
app/(dashboard)/dashboard/enrollments/enrollments-client.tsx(218,8): error TS7006: Parameter 'e' implicitly has an 'any' type.
app/(dashboard)/dashboard/enrollments/enrollments-client.tsx(226,27): error TS2339: Property 'map' does not exist on type 'typeof enrollments'.
app/(dashboard)/dashboard/enrollments/enrollments-client.tsx(247,49): error TS2339: Property 'length' does not exist on type 'typeof enrollments'.
app/(dashboard)/dashboard/enrollments/enrollments-client.tsx(248,27): error TS2339: Property 'filter' does not exist on type 'typeof enrollments'.
app/(dashboard)/dashboard/enrollments/enrollments-client.tsx(248,35): error TS7006: Parameter 'e' implicitly has an 'any' type.
app/(dashboard)/dashboard/enrollments/enrollments-client.tsx(264,18): error TS7031: Binding element 'table' implicitly has an 'any' type.
app/(dashboard)/dashboard/enrollments/enrollments-client.tsx(265,60): error TS7006: Parameter 'e' implicitly has an 'any' type.
app/(dashboard)/dashboard/enrollments/enrollments-client.tsx(270,31): error TS7006: Parameter 'checked' implicitly has an 'any' type.
app/(dashboard)/dashboard/enrollments/enrollments-client.tsx(273,27): error TS7006: Parameter 'e' implicitly has an 'any' type.
app/(dashboard)/dashboard/enrollments/enrollments-client.tsx(274,24): error TS7006: Parameter 'e' implicitly has an 'any' type.
app/(dashboard)/dashboard/enrollments/enrollments-client.tsx(284,16): error TS7031: Binding element 'row' implicitly has an 'any' type.
app/(dashboard)/dashboard/enrollments/enrollments-client.tsx(289,31): error TS7006: Parameter 'checked' implicitly has an 'any' type.
app/(dashboard)/dashboard/enrollments/enrollments-client.tsx(293,51): error TS7006: Parameter 'id' implicitly has an 'any' type.
app/(dashboard)/dashboard/enrollments/enrollments-client.tsx(307,18): error TS7031: Binding element 'column' implicitly has an 'any' type.
app/(dashboard)/dashboard/enrollments/enrollments-client.tsx(309,11): error TS7026: JSX element implicitly has type 'any' because no interface 'JSX.IntrinsicElements' exists.
app/(dashboard)/dashboard/enrollments/enrollments-client.tsx(322,11): error TS7026: JSX element implicitly has type 'any' because no interface 'JSX.IntrinsicElements' exists.
app/(dashboard)/dashboard/enrollments/enrollments-client.tsx(325,16): error TS7031: Binding element 'row' implicitly has an 'any' type.
app/(dashboard)/dashboard/enrollments/enrollments-client.tsx(329,11): error TS7026: JSX element implicitly has type 'any' because no interface 'JSX.IntrinsicElements' exists.
app/(dashboard)/dashboard/enrollments/enrollments-client.tsx(333,13): error TS7026: JSX element implicitly has type 'any' because no interface 'JSX.IntrinsicElements' exists.
app/(dashboard)/dashboard/enrollments/enrollments-client.tsx(334,15): error TS7026: JSX element implicitly has type 'any' because no interface 'JSX.IntrinsicElements' exists.
app/(dashboard)/dashboard/enrollments/enrollments-client.tsx(336,15): error TS7026: JSX element implicitly has type 'any' because no interface 'JSX.IntrinsicElements' exists.
app/(dashboard)/dashboard/enrollments/enrollments-client.tsx(337,15): error TS7026: JSX element implicitly has type 'any' because no interface 'JSX.IntrinsicElements' exists.
app/(dashboard)/dashboard/enrollments/enrollments-client.tsx(339,15): error TS7026: JSX element implicitly has type 'any' because no interface 'JSX.IntrinsicElements' exists.
app/(dashboard)/dashboard/enrollments/enrollments-client.tsx(340,13): error TS7026: JSX element implicitly has type 'any' because no interface 'JSX.IntrinsicElements' exists.
app/(dashboard)/dashboard/enrollments/enrollments-client.tsx(341,11): error TS7026: JSX element implicitly has type 'any' because no interface 'JSX.IntrinsicElements' exists.
app/(dashboard)/dashboard/enrollments/enrollments-client.tsx(349,16): error TS7031: Binding element 'row' implicitly has an 'any' type.
app/(dashboard)/dashboard/enrollments/enrollments-client.tsx(352,11): error TS7026: JSX element implicitly has type 'any' because no interface 'JSX.IntrinsicElements' exists.
app/(dashboard)/dashboard/enrollments/enrollments-client.tsx(354,11): error TS7026: JSX element implicitly has type 'any' because no interface 'JSX.IntrinsicElements' exists.
app/(dashboard)/dashboard/enrollments/enrollments-client.tsx(361,18): error TS7031: Binding element 'column' implicitly has an 'any' type.
app/(dashboard)/dashboard/enrollments/enrollments-client.tsx(363,11): error TS7026: JSX element implicitly has type 'any' because no interface 'JSX.IntrinsicElements' exists.
app/(dashboard)/dashboard/enrollments/enrollments-client.tsx(376,11): error TS7026: JSX element implicitly has type 'any' because no interface 'JSX.IntrinsicElements' exists.
app/(dashboard)/dashboard/enrollments/enrollments-client.tsx(379,16): error TS7031: Binding element 'row' implicitly has an 'any' type.
app/(dashboard)/dashboard/enrollments/enrollments-client.tsx(383,11): error TS7026: JSX element implicitly has type 'any' because no interface 'JSX.IntrinsicElements' exists.
app/(dashboard)/dashboard/enrollments/enrollments-client.tsx(388,15): error TS7026: JSX element implicitly has type 'any' because no interface 'JSX.IntrinsicElements' exists.
app/(dashboard)/dashboard/enrollments/enrollments-client.tsx(391,15): error TS7026: JSX element implicitly has type 'any' because no interface 'JSX.IntrinsicElements' exists.
app/(dashboard)/dashboard/enrollments/enrollments-client.tsx(393,11): error TS7026: JSX element implicitly has type 'any' because no interface 'JSX.IntrinsicElements' exists.
app/(dashboard)/dashboard/enrollments/enrollments-client.tsx(400,18): error TS7031: Binding element 'column' implicitly has an 'any' type.
app/(dashboard)/dashboard/enrollments/enrollments-client.tsx(402,11): error TS7026: JSX element implicitly has type 'any' because no interface 'JSX.IntrinsicElements' exists.
app/(dashboard)/dashboard/enrollments/enrollments-client.tsx(415,11): error TS7026: JSX element implicitly has type 'any' because no interface 'JSX.IntrinsicElements' exists.
app/(dashboard)/dashboard/enrollments/enrollments-client.tsx(418,16): error TS7031: Binding element 'row' implicitly has an 'any' type.
app/(dashboard)/dashboard/enrollments/enrollments-client.tsx(420,11): error TS7026: JSX element implicitly has type 'any' because no interface 'JSX.IntrinsicElements' exists.
app/(dashboard)/dashboard/enrollments/enrollments-client.tsx(422,11): error TS7026: JSX element implicitly has type 'any' because no interface 'JSX.IntrinsicElements' exists.
app/(dashboard)/dashboard/enrollments/enrollments-client.tsx(429,18): error TS7031: Binding element 'column' implicitly has an 'any' type.
app/(dashboard)/dashboard/enrollments/enrollments-client.tsx(431,11): error TS7026: JSX element implicitly has type 'any' because no interface 'JSX.IntrinsicElements' exists.
app/(dashboard)/dashboard/enrollments/enrollments-client.tsx(444,11): error TS7026: JSX element implicitly has type 'any' because no interface 'JSX.IntrinsicElements' exists.
app/(dashboard)/dashboard/enrollments/enrollments-client.tsx(447,16): error TS7031: Binding element 'row' implicitly has an 'any' type.
app/(dashboard)/dashboard/enrollments/enrollments-client.tsx(449,11): error TS7026: JSX element implicitly has type 'any' because no interface 'JSX.IntrinsicElements' exists.
app/(dashboard)/dashboard/enrollments/enrollments-client.tsx(450,13): error TS7026: JSX element implicitly has type 'any' because no interface 'JSX.IntrinsicElements' exists.
app/(dashboard)/dashboard/enrollments/enrollments-client.tsx(452,13): error TS7026: JSX element implicitly has type 'any' because no interface 'JSX.IntrinsicElements' exists.
app/(dashboard)/dashboard/enrollments/enrollments-client.tsx(453,13): error TS7026: JSX element implicitly has type 'any' because no interface 'JSX.IntrinsicElements' exists.
app/(dashboard)/dashboard/enrollments/enrollments-client.tsx(455,13): error TS7026: JSX element implicitly has type 'any' because no interface 'JSX.IntrinsicElements' exists.
app/(dashboard)/dashboard/enrollments/enrollments-client.tsx(456,11): error TS7026: JSX element implicitly has type 'any' because no interface 'JSX.IntrinsicElements' exists.
app/(dashboard)/dashboard/enrollments/enrollments-client.tsx(464,16): error TS7031: Binding element 'row' implicitly has an 'any' type.
app/(dashboard)/dashboard/enrollments/enrollments-client.tsx(510,5): error TS2875: This JSX tag requires the module path 'react/jsx-runtime' to exist, but none could be found. Make sure you have types for the appropriate package installed.
app/(dashboard)/dashboard/enrollments/enrollments-client.tsx(511,5): error TS7026: JSX element implicitly has type 'any' because no interface 'JSX.IntrinsicElements' exists.
app/(dashboard)/dashboard/enrollments/enrollments-client.tsx(514,9): error TS7026: JSX element implicitly has type 'any' because no interface 'JSX.IntrinsicElements' exists.
app/(dashboard)/dashboard/enrollments/enrollments-client.tsx(515,11): error TS7026: JSX element implicitly has type 'any' because no interface 'JSX.IntrinsicElements' exists.
app/(dashboard)/dashboard/enrollments/enrollments-client.tsx(517,11): error TS7026: JSX element implicitly has type 'any' because no interface 'JSX.IntrinsicElements' exists.
app/(dashboard)/dashboard/enrollments/enrollments-client.tsx(518,11): error TS7026: JSX element implicitly has type 'any' because no interface 'JSX.IntrinsicElements' exists.
app/(dashboard)/dashboard/enrollments/enrollments-client.tsx(519,13): error TS7026: JSX element implicitly has type 'any' because no interface 'JSX.IntrinsicElements' exists.
app/(dashboard)/dashboard/enrollments/enrollments-client.tsx(521,13): error TS7026: JSX element implicitly has type 'any' because no interface 'JSX.IntrinsicElements' exists.
app/(dashboard)/dashboard/enrollments/enrollments-client.tsx(522,13): error TS7026: JSX element implicitly has type 'any' because no interface 'JSX.IntrinsicElements' exists.
app/(dashboard)/dashboard/enrollments/enrollments-client.tsx(524,13): error TS7026: JSX element implicitly has type 'any' because no interface 'JSX.IntrinsicElements' exists.
app/(dashboard)/dashboard/enrollments/enrollments-client.tsx(525,11): error TS7026: JSX element implicitly has type 'any' because no interface 'JSX.IntrinsicElements' exists.
app/(dashboard)/dashboard/enrollments/enrollments-client.tsx(529,9): error TS7026: JSX element implicitly has type 'any' because no interface 'JSX.IntrinsicElements' exists.
app/(dashboard)/dashboard/enrollments/enrollments-client.tsx(533,7): error TS7026: JSX element implicitly has type 'any' because no interface 'JSX.IntrinsicElements' exists.
app/(dashboard)/dashboard/enrollments/enrollments-client.tsx(534,9): error TS7026: JSX element implicitly has type 'any' because no interface 'JSX.IntrinsicElements' exists.
app/(dashboard)/dashboard/enrollments/enrollments-client.tsx(535,11): error TS7026: JSX element implicitly has type 'any' because no interface 'JSX.IntrinsicElements' exists.
app/(dashboard)/dashboard/enrollments/enrollments-client.tsx(535,90): error TS7026: JSX element implicitly has type 'any' because no interface 'JSX.IntrinsicElements' exists.
app/(dashboard)/dashboard/enrollments/enrollments-client.tsx(536,11): error TS7026: JSX element implicitly has type 'any' because no interface 'JSX.IntrinsicElements' exists.
app/(dashboard)/dashboard/enrollments/enrollments-client.tsx(538,11): error TS7026: JSX element implicitly has type 'any' because no interface 'JSX.IntrinsicElements' exists.
app/(dashboard)/dashboard/enrollments/enrollments-client.tsx(539,9): error TS7026: JSX element implicitly has type 'any' because no interface 'JSX.IntrinsicElements' exists.
app/(dashboard)/dashboard/enrollments/enrollments-client.tsx(544,15): error TS7026: JSX element implicitly has type 'any' because no interface 'JSX.IntrinsicElements' exists.
app/(dashboard)/dashboard/enrollments/enrollments-client.tsx(544,56): error TS7026: JSX element implicitly has type 'any' because no interface 'JSX.IntrinsicElements' exists.
app/(dashboard)/dashboard/enrollments/enrollments-client.tsx(549,7): error TS7026: JSX element implicitly has type 'any' because no interface 'JSX.IntrinsicElements' exists.
app/(dashboard)/dashboard/enrollments/enrollments-client.tsx(552,7): error TS7026: JSX element implicitly has type 'any' because no interface 'JSX.IntrinsicElements' exists.
app/(dashboard)/dashboard/enrollments/enrollments-client.tsx(553,9): error TS7026: JSX element implicitly has type 'any' because no interface 'JSX.IntrinsicElements' exists.
app/(dashboard)/dashboard/enrollments/enrollments-client.tsx(554,11): error TS7026: JSX element implicitly has type 'any' because no interface 'JSX.IntrinsicElements' exists.
app/(dashboard)/dashboard/enrollments/enrollments-client.tsx(555,13): error TS7026: JSX element implicitly has type 'any' because no interface 'JSX.IntrinsicElements' exists.
app/(dashboard)/dashboard/enrollments/enrollments-client.tsx(556,11): error TS7026: JSX element implicitly has type 'any' because no interface 'JSX.IntrinsicElements' exists.
app/(dashboard)/dashboard/enrollments/enrollments-client.tsx(557,11): error TS7026: JSX element implicitly has type 'any' because no interface 'JSX.IntrinsicElements' exists.
app/(dashboard)/dashboard/enrollments/enrollments-client.tsx(558,13): error TS7026: JSX element implicitly has type 'any' because no interface 'JSX.IntrinsicElements' exists.
app/(dashboard)/dashboard/enrollments/enrollments-client.tsx(559,11): error TS7026: JSX element implicitly has type 'any' because no interface 'JSX.IntrinsicElements' exists.
app/(dashboard)/dashboard/enrollments/enrollments-client.tsx(560,11): error TS7026: JSX element implicitly has type 'any' because no interface 'JSX.IntrinsicElements' exists.
app/(dashboard)/dashboard/enrollments/enrollments-client.tsx(561,13): error TS7026: JSX element implicitly has type 'any' because no interface 'JSX.IntrinsicElements' exists.
app/(dashboard)/dashboard/enrollments/enrollments-client.tsx(562,11): error TS7026: JSX element implicitly has type 'any' because no interface 'JSX.IntrinsicElements' exists.
app/(dashboard)/dashboard/enrollments/enrollments-client.tsx(563,9): error TS7026: JSX element implicitly has type 'any' because no interface 'JSX.IntrinsicElements' exists.
app/(dashboard)/dashboard/enrollments/enrollments-client.tsx(564,37): error TS2322: Type '{ data: any; size: string; className: string; }' is not assignable to type 'TrackerProps'.
  Property 'size' does not exist on type 'TrackerProps'.
app/(dashboard)/dashboard/enrollments/enrollments-client.tsx(565,9): error TS7026: JSX element implicitly has type 'any' because no interface 'JSX.IntrinsicElements' exists.
app/(dashboard)/dashboard/enrollments/enrollments-client.tsx(566,11): error TS7026: JSX element implicitly has type 'any' because no interface 'JSX.IntrinsicElements' exists.
app/(dashboard)/dashboard/enrollments/enrollments-client.tsx(567,13): error TS7026: JSX element implicitly has type 'any' because no interface 'JSX.IntrinsicElements' exists.
app/(dashboard)/dashboard/enrollments/enrollments-client.tsx(567,79): error TS7026: JSX element implicitly has type 'any' because no interface 'JSX.IntrinsicElements' exists.
app/(dashboard)/dashboard/enrollments/enrollments-client.tsx(568,13): error TS7026: JSX element implicitly has type 'any' because no interface 'JSX.IntrinsicElements' exists.
app/(dashboard)/dashboard/enrollments/enrollments-client.tsx(568,93): error TS7026: JSX element implicitly has type 'any' because no interface 'JSX.IntrinsicElements' exists.
app/(dashboard)/dashboard/enrollments/enrollments-client.tsx(569,11): error TS7026: JSX element implicitly has type 'any' because no interface 'JSX.IntrinsicElements' exists.
app/(dashboard)/dashboard/enrollments/enrollments-client.tsx(570,11): error TS7026: JSX element implicitly has type 'any' because no interface 'JSX.IntrinsicElements' exists.
app/(dashboard)/dashboard/enrollments/enrollments-client.tsx(571,13): error TS7026: JSX element implicitly has type 'any' because no interface 'JSX.IntrinsicElements' exists.
app/(dashboard)/dashboard/enrollments/enrollments-client.tsx(571,81): error TS7026: JSX element implicitly has type 'any' because no interface 'JSX.IntrinsicElements' exists.
app/(dashboard)/dashboard/enrollments/enrollments-client.tsx(572,13): error TS7026: JSX element implicitly has type 'any' because no interface 'JSX.IntrinsicElements' exists.
app/(dashboard)/dashboard/enrollments/enrollments-client.tsx(572,92): error TS7026: JSX element implicitly has type 'any' because no interface 'JSX.IntrinsicElements' exists.
app/(dashboard)/dashboard/enrollments/enrollments-client.tsx(573,11): error TS7026: JSX element implicitly has type 'any' because no interface 'JSX.IntrinsicElements' exists.
app/(dashboard)/dashboard/enrollments/enrollments-client.tsx(574,11): error TS7026: JSX element implicitly has type 'any' because no interface 'JSX.IntrinsicElements' exists.
app/(dashboard)/dashboard/enrollments/enrollments-client.tsx(575,13): error TS7026: JSX element implicitly has type 'any' because no interface 'JSX.IntrinsicElements' exists.
app/(dashboard)/dashboard/enrollments/enrollments-client.tsx(575,81): error TS7026: JSX element implicitly has type 'any' because no interface 'JSX.IntrinsicElements' exists.
app/(dashboard)/dashboard/enrollments/enrollments-client.tsx(576,13): error TS7026: JSX element implicitly has type 'any' because no interface 'JSX.IntrinsicElements' exists.
app/(dashboard)/dashboard/enrollments/enrollments-client.tsx(576,142): error TS7026: JSX element implicitly has type 'any' because no interface 'JSX.IntrinsicElements' exists.
app/(dashboard)/dashboard/enrollments/enrollments-client.tsx(577,11): error TS7026: JSX element implicitly has type 'any' because no interface 'JSX.IntrinsicElements' exists.
app/(dashboard)/dashboard/enrollments/enrollments-client.tsx(578,11): error TS7026: JSX element implicitly has type 'any' because no interface 'JSX.IntrinsicElements' exists.
app/(dashboard)/dashboard/enrollments/enrollments-client.tsx(579,13): error TS7026: JSX element implicitly has type 'any' because no interface 'JSX.IntrinsicElements' exists.
app/(dashboard)/dashboard/enrollments/enrollments-client.tsx(579,82): error TS7026: JSX element implicitly has type 'any' because no interface 'JSX.IntrinsicElements' exists.
app/(dashboard)/dashboard/enrollments/enrollments-client.tsx(580,13): error TS7026: JSX element implicitly has type 'any' because no interface 'JSX.IntrinsicElements' exists.
app/(dashboard)/dashboard/enrollments/enrollments-client.tsx(580,93): error TS7026: JSX element implicitly has type 'any' because no interface 'JSX.IntrinsicElements' exists.
app/(dashboard)/dashboard/enrollments/enrollments-client.tsx(581,11): error TS7026: JSX element implicitly has type 'any' because no interface 'JSX.IntrinsicElements' exists.
app/(dashboard)/dashboard/enrollments/enrollments-client.tsx(582,11): error TS7026: JSX element implicitly has type 'any' because no interface 'JSX.IntrinsicElements' exists.
app/(dashboard)/dashboard/enrollments/enrollments-client.tsx(583,13): error TS7026: JSX element implicitly has type 'any' because no interface 'JSX.IntrinsicElements' exists.
app/(dashboard)/dashboard/enrollments/enrollments-client.tsx(583,85): error TS7026: JSX element implicitly has type 'any' because no interface 'JSX.IntrinsicElements' exists.
app/(dashboard)/dashboard/enrollments/enrollments-client.tsx(584,13): error TS7026: JSX element implicitly has type 'any' because no interface 'JSX.IntrinsicElements' exists.
app/(dashboard)/dashboard/enrollments/enrollments-client.tsx(584,114): error TS7026: JSX element implicitly has type 'any' because no interface 'JSX.IntrinsicElements' exists.
app/(dashboard)/dashboard/enrollments/enrollments-client.tsx(585,11): error TS7026: JSX element implicitly has type 'any' because no interface 'JSX.IntrinsicElements' exists.
app/(dashboard)/dashboard/enrollments/enrollments-client.tsx(586,9): error TS7026: JSX element implicitly has type 'any' because no interface 'JSX.IntrinsicElements' exists.
app/(dashboard)/dashboard/enrollments/enrollments-client.tsx(587,7): error TS7026: JSX element implicitly has type 'any' because no interface 'JSX.IntrinsicElements' exists.
app/(dashboard)/dashboard/enrollments/enrollments-client.tsx(590,7): error TS7026: JSX element implicitly has type 'any' because no interface 'JSX.IntrinsicElements' exists.
app/(dashboard)/dashboard/enrollments/enrollments-client.tsx(592,9): error TS7026: JSX element implicitly has type 'any' because no interface 'JSX.IntrinsicElements' exists.
app/(dashboard)/dashboard/enrollments/enrollments-client.tsx(593,11): error TS7026: JSX element implicitly has type 'any' because no interface 'JSX.IntrinsicElements' exists.
app/(dashboard)/dashboard/enrollments/enrollments-client.tsx(598,17): error TS7026: JSX element implicitly has type 'any' because no interface 'JSX.IntrinsicElements' exists.
app/(dashboard)/dashboard/enrollments/enrollments-client.tsx(610,19): error TS7026: JSX element implicitly has type 'any' because no interface 'JSX.IntrinsicElements' exists.
app/(dashboard)/dashboard/enrollments/enrollments-client.tsx(615,19): error TS7026: JSX element implicitly has type 'any' because no interface 'JSX.IntrinsicElements' exists.
app/(dashboard)/dashboard/enrollments/enrollments-client.tsx(616,17): error TS7026: JSX element implicitly has type 'any' because no interface 'JSX.IntrinsicElements' exists.
app/(dashboard)/dashboard/enrollments/enrollments-client.tsx(619,11): error TS7026: JSX element implicitly has type 'any' because no interface 'JSX.IntrinsicElements' exists.
app/(dashboard)/dashboard/enrollments/enrollments-client.tsx(620,9): error TS7026: JSX element implicitly has type 'any' because no interface 'JSX.IntrinsicElements' exists.
app/(dashboard)/dashboard/enrollments/enrollments-client.tsx(623,9): error TS7026: JSX element implicitly has type 'any' because no interface 'JSX.IntrinsicElements' exists.
app/(dashboard)/dashboard/enrollments/enrollments-client.tsx(624,11): error TS7026: JSX element implicitly has type 'any' because no interface 'JSX.IntrinsicElements' exists.
app/(dashboard)/dashboard/enrollments/enrollments-client.tsx(626,13): error TS7026: JSX element implicitly has type 'any' because no interface 'JSX.IntrinsicElements' exists.
app/(dashboard)/dashboard/enrollments/enrollments-client.tsx(630,26): error TS7006: Parameter 'e' implicitly has an 'any' type.
app/(dashboard)/dashboard/enrollments/enrollments-client.tsx(633,11): error TS7026: JSX element implicitly has type 'any' because no interface 'JSX.IntrinsicElements' exists.
app/(dashboard)/dashboard/enrollments/enrollments-client.tsx(634,11): error TS7026: JSX element implicitly has type 'any' because no interface 'JSX.IntrinsicElements' exists.
app/(dashboard)/dashboard/enrollments/enrollments-client.tsx(635,13): error TS7026: JSX element implicitly has type 'any' because no interface 'JSX.IntrinsicElements' exists.
app/(dashboard)/dashboard/enrollments/enrollments-client.tsx(644,13): error TS7026: JSX element implicitly has type 'any' because no interface 'JSX.IntrinsicElements' exists.
app/(dashboard)/dashboard/enrollments/enrollments-client.tsx(645,13): error TS7026: JSX element implicitly has type 'any' because no interface 'JSX.IntrinsicElements' exists.
app/(dashboard)/dashboard/enrollments/enrollments-client.tsx(654,13): error TS7026: JSX element implicitly has type 'any' because no interface 'JSX.IntrinsicElements' exists.
app/(dashboard)/dashboard/enrollments/enrollments-client.tsx(655,11): error TS7026: JSX element implicitly has type 'any' because no interface 'JSX.IntrinsicElements' exists.
app/(dashboard)/dashboard/enrollments/enrollments-client.tsx(656,9): error TS7026: JSX element implicitly has type 'any' because no interface 'JSX.IntrinsicElements' exists.
app/(dashboard)/dashboard/enrollments/enrollments-client.tsx(657,7): error TS7026: JSX element implicitly has type 'any' because no interface 'JSX.IntrinsicElements' exists.
app/(dashboard)/dashboard/enrollments/enrollments-client.tsx(661,9): error TS7026: JSX element implicitly has type 'any' because no interface 'JSX.IntrinsicElements' exists.
app/(dashboard)/dashboard/enrollments/enrollments-client.tsx(662,11): error TS7026: JSX element implicitly has type 'any' because no interface 'JSX.IntrinsicElements' exists.
app/(dashboard)/dashboard/enrollments/enrollments-client.tsx(662,90): error TS7026: JSX element implicitly has type 'any' because no interface 'JSX.IntrinsicElements' exists.
app/(dashboard)/dashboard/enrollments/enrollments-client.tsx(663,11): error TS7026: JSX element implicitly has type 'any' because no interface 'JSX.IntrinsicElements' exists.
app/(dashboard)/dashboard/enrollments/enrollments-client.tsx(682,11): error TS7026: JSX element implicitly has type 'any' because no interface 'JSX.IntrinsicElements' exists.
app/(dashboard)/dashboard/enrollments/enrollments-client.tsx(683,9): error TS7026: JSX element implicitly has type 'any' because no interface 'JSX.IntrinsicElements' exists.
app/(dashboard)/dashboard/enrollments/enrollments-client.tsx(688,9): error TS7026: JSX element implicitly has type 'any' because no interface 'JSX.IntrinsicElements' exists.
app/(dashboard)/dashboard/enrollments/enrollments-client.tsx(689,11): error TS7026: JSX element implicitly has type 'any' because no interface 'JSX.IntrinsicElements' exists.
app/(dashboard)/dashboard/enrollments/enrollments-client.tsx(692,47): error TS7006: Parameter 'headerGroup' implicitly has an 'any' type.
app/(dashboard)/dashboard/enrollments/enrollments-client.tsx(694,47): error TS7006: Parameter 'header' implicitly has an 'any' type.
app/(dashboard)/dashboard/enrollments/enrollments-client.tsx(714,49): error TS7006: Parameter 'row' implicitly has an 'any' type.
app/(dashboard)/dashboard/enrollments/enrollments-client.tsx(726,51): error TS7006: Parameter 'cell' implicitly has an 'any' type.
app/(dashboard)/dashboard/enrollments/enrollments-client.tsx(733,37): error TS7006: Parameter 'e' implicitly has an 'any' type.
app/(dashboard)/dashboard/enrollments/enrollments-client.tsx(755,11): error TS7026: JSX element implicitly has type 'any' because no interface 'JSX.IntrinsicElements' exists.
app/(dashboard)/dashboard/enrollments/enrollments-client.tsx(759,13): error TS7026: JSX element implicitly has type 'any' because no interface 'JSX.IntrinsicElements' exists.
app/(dashboard)/dashboard/enrollments/enrollments-client.tsx(760,15): error TS7026: JSX element implicitly has type 'any' because no interface 'JSX.IntrinsicElements' exists.
app/(dashboard)/dashboard/enrollments/enrollments-client.tsx(761,25): error TS7026: JSX element implicitly has type 'any' because no interface 'JSX.IntrinsicElements' exists.
app/(dashboard)/dashboard/enrollments/enrollments-client.tsx(761,109): error TS7026: JSX element implicitly has type 'any' because no interface 'JSX.IntrinsicElements' exists.
app/(dashboard)/dashboard/enrollments/enrollments-client.tsx(762,17): error TS7026: JSX element implicitly has type 'any' because no interface 'JSX.IntrinsicElements' exists.
app/(dashboard)/dashboard/enrollments/enrollments-client.tsx(762,96): error TS7026: JSX element implicitly has type 'any' because no interface 'JSX.IntrinsicElements' exists.
app/(dashboard)/dashboard/enrollments/enrollments-client.tsx(763,15): error TS7026: JSX element implicitly has type 'any' because no interface 'JSX.IntrinsicElements' exists.
app/(dashboard)/dashboard/enrollments/enrollments-client.tsx(764,15): error TS7026: JSX element implicitly has type 'any' because no interface 'JSX.IntrinsicElements' exists.
app/(dashboard)/dashboard/enrollments/enrollments-client.tsx(774,17): error TS7026: JSX element implicitly has type 'any' because no interface 'JSX.IntrinsicElements' exists.
app/(dashboard)/dashboard/enrollments/enrollments-client.tsx(775,24): error TS7026: JSX element implicitly has type 'any' because no interface 'JSX.IntrinsicElements' exists.
app/(dashboard)/dashboard/enrollments/enrollments-client.tsx(775,118): error TS7026: JSX element implicitly has type 'any' because no interface 'JSX.IntrinsicElements' exists.
app/(dashboard)/dashboard/enrollments/enrollments-client.tsx(776,19): error TS7026: JSX element implicitly has type 'any' because no interface 'JSX.IntrinsicElements' exists.
app/(dashboard)/dashboard/enrollments/enrollments-client.tsx(776,92): error TS7026: JSX element implicitly has type 'any' because no interface 'JSX.IntrinsicElements' exists.
app/(dashboard)/dashboard/enrollments/enrollments-client.tsx(777,17): error TS7026: JSX element implicitly has type 'any' because no interface 'JSX.IntrinsicElements' exists.
app/(dashboard)/dashboard/enrollments/enrollments-client.tsx(787,15): error TS7026: JSX element implicitly has type 'any' because no interface 'JSX.IntrinsicElements' exists.
app/(dashboard)/dashboard/enrollments/enrollments-client.tsx(788,13): error TS7026: JSX element implicitly has type 'any' because no interface 'JSX.IntrinsicElements' exists.
app/(dashboard)/dashboard/enrollments/enrollments-client.tsx(790,9): error TS7026: JSX element implicitly has type 'any' because no interface 'JSX.IntrinsicElements' exists.
app/(dashboard)/dashboard/enrollments/enrollments-client.tsx(792,9): error TS7026: JSX element implicitly has type 'any' because no interface 'JSX.IntrinsicElements' exists.
app/(dashboard)/dashboard/enrollments/enrollments-client.tsx(793,37): error TS7006: Parameter 'enrollment' implicitly has an 'any' type.
app/(dashboard)/dashboard/enrollments/enrollments-client.tsx(795,15): error TS2322: Type '{ key: any; enrollment: any; formatCurrency: (amount: number) => string; onClick: () => any; }' is not assignable to type 'EnrollmentCardItemProps'.
  Property 'key' does not exist on type 'EnrollmentCardItemProps'.
app/(dashboard)/dashboard/enrollments/enrollments-client.tsx(801,9): error TS7026: JSX element implicitly has type 'any' because no interface 'JSX.IntrinsicElements' exists.
app/(dashboard)/dashboard/enrollments/enrollments-client.tsx(803,5): error TS7026: JSX element implicitly has type 'any' because no interface 'JSX.IntrinsicElements' exists.
app/(dashboard)/dashboard/enrollments/enrollments-client.tsx(824,5): error TS7026: JSX element implicitly has type 'any' because no interface 'JSX.IntrinsicElements' exists.
app/(dashboard)/dashboard/enrollments/enrollments-client.tsx(835,7): error TS7026: JSX element implicitly has type 'any' because no interface 'JSX.IntrinsicElements' exists.
app/(dashboard)/dashboard/enrollments/enrollments-client.tsx(842,11): error TS7026: JSX element implicitly has type 'any' because no interface 'JSX.IntrinsicElements' exists.
app/(dashboard)/dashboard/enrollments/enrollments-client.tsx(844,7): error TS7026: JSX element implicitly has type 'any' because no interface 'JSX.IntrinsicElements' exists.
app/(dashboard)/dashboard/enrollments/enrollments-client.tsx(847,7): error TS7026: JSX element implicitly has type 'any' because no interface 'JSX.IntrinsicElements' exists.
app/(dashboard)/dashboard/enrollments/enrollments-client.tsx(849,9): error TS7026: JSX element implicitly has type 'any' because no interface 'JSX.IntrinsicElements' exists.
app/(dashboard)/dashboard/enrollments/enrollments-client.tsx(853,9): error TS7026: JSX element implicitly has type 'any' because no interface 'JSX.IntrinsicElements' exists.
app/(dashboard)/dashboard/enrollments/enrollments-client.tsx(856,9): error TS7026: JSX element implicitly has type 'any' because no interface 'JSX.IntrinsicElements' exists.
app/(dashboard)/dashboard/enrollments/enrollments-client.tsx(857,11): error TS7026: JSX element implicitly has type 'any' because no interface 'JSX.IntrinsicElements' exists.
app/(dashboard)/dashboard/enrollments/enrollments-client.tsx(858,13): error TS7026: JSX element implicitly has type 'any' because no interface 'JSX.IntrinsicElements' exists.
app/(dashboard)/dashboard/enrollments/enrollments-client.tsx(860,13): error TS7026: JSX element implicitly has type 'any' because no interface 'JSX.IntrinsicElements' exists.
app/(dashboard)/dashboard/enrollments/enrollments-client.tsx(865,15): error TS7026: JSX element implicitly has type 'any' because no interface 'JSX.IntrinsicElements' exists.
app/(dashboard)/dashboard/enrollments/enrollments-client.tsx(868,15): error TS7026: JSX element implicitly has type 'any' because no interface 'JSX.IntrinsicElements' exists.
app/(dashboard)/dashboard/enrollments/enrollments-client.tsx(870,11): error TS7026: JSX element implicitly has type 'any' because no interface 'JSX.IntrinsicElements' exists.
app/(dashboard)/dashboard/enrollments/enrollments-client.tsx(871,11): error TS7026: JSX element implicitly has type 'any' because no interface 'JSX.IntrinsicElements' exists.
app/(dashboard)/dashboard/enrollments/enrollments-client.tsx(872,13): error TS7026: JSX element implicitly has type 'any' because no interface 'JSX.IntrinsicElements' exists.
app/(dashboard)/dashboard/enrollments/enrollments-client.tsx(872,88): error TS7026: JSX element implicitly has type 'any' because no interface 'JSX.IntrinsicElements' exists.
app/(dashboard)/dashboard/enrollments/enrollments-client.tsx(873,13): error TS7026: JSX element implicitly has type 'any' because no interface 'JSX.IntrinsicElements' exists.
app/(dashboard)/dashboard/enrollments/enrollments-client.tsx(873,51): error TS7026: JSX element implicitly has type 'any' because no interface 'JSX.IntrinsicElements' exists.
app/(dashboard)/dashboard/enrollments/enrollments-client.tsx(874,13): error TS7026: JSX element implicitly has type 'any' because no interface 'JSX.IntrinsicElements' exists.
app/(dashboard)/dashboard/enrollments/enrollments-client.tsx(874,84): error TS7026: JSX element implicitly has type 'any' because no interface 'JSX.IntrinsicElements' exists.
app/(dashboard)/dashboard/enrollments/enrollments-client.tsx(875,11): error TS7026: JSX element implicitly has type 'any' because no interface 'JSX.IntrinsicElements' exists.
app/(dashboard)/dashboard/enrollments/enrollments-client.tsx(876,9): error TS7026: JSX element implicitly has type 'any' because no interface 'JSX.IntrinsicElements' exists.
app/(dashboard)/dashboard/enrollments/enrollments-client.tsx(879,9): error TS7026: JSX element implicitly has type 'any' because no interface 'JSX.IntrinsicElements' exists.
app/(dashboard)/dashboard/enrollments/enrollments-client.tsx(880,11): error TS7026: JSX element implicitly has type 'any' because no interface 'JSX.IntrinsicElements' exists.
app/(dashboard)/dashboard/enrollments/enrollments-client.tsx(881,13): error TS7026: JSX element implicitly has type 'any' because no interface 'JSX.IntrinsicElements' exists.
app/(dashboard)/dashboard/enrollments/enrollments-client.tsx(883,13): error TS7026: JSX element implicitly has type 'any' because no interface 'JSX.IntrinsicElements' exists.
app/(dashboard)/dashboard/enrollments/enrollments-client.tsx(884,13): error TS7026: JSX element implicitly has type 'any' because no interface 'JSX.IntrinsicElements' exists.
app/(dashboard)/dashboard/enrollments/enrollments-client.tsx(884,119): error TS7026: JSX element implicitly has type 'any' because no interface 'JSX.IntrinsicElements' exists.
app/(dashboard)/dashboard/enrollments/enrollments-client.tsx(885,11): error TS7026: JSX element implicitly has type 'any' because no interface 'JSX.IntrinsicElements' exists.
app/(dashboard)/dashboard/enrollments/enrollments-client.tsx(887,9): error TS7026: JSX element implicitly has type 'any' because no interface 'JSX.IntrinsicElements' exists.
app/(dashboard)/dashboard/enrollments/enrollments-client.tsx(888,7): error TS7026: JSX element implicitly has type 'any' because no interface 'JSX.IntrinsicElements' exists.
app/(dashboard)/dashboard/enrollments/enrollments-client.tsx(889,5): error TS7026: JSX element implicitly has type 'any' because no interface 'JSX.IntrinsicElements' exists.
app/(dashboard)/dashboard/enrollments/enrollments-client.tsx(904,5): error TS7026: JSX element implicitly has type 'any' because no interface 'JSX.IntrinsicElements' exists.
app/(dashboard)/dashboard/enrollments/enrollments-client.tsx(909,7): error TS7026: JSX element implicitly has type 'any' because no interface 'JSX.IntrinsicElements' exists.
app/(dashboard)/dashboard/enrollments/enrollments-client.tsx(910,9): error TS7026: JSX element implicitly has type 'any' because no interface 'JSX.IntrinsicElements' exists.
app/(dashboard)/dashboard/enrollments/enrollments-client.tsx(914,11): error TS7026: JSX element implicitly has type 'any' because no interface 'JSX.IntrinsicElements' exists.
app/(dashboard)/dashboard/enrollments/enrollments-client.tsx(915,13): error TS7026: JSX element implicitly has type 'any' because no interface 'JSX.IntrinsicElements' exists.
app/(dashboard)/dashboard/enrollments/enrollments-client.tsx(917,13): error TS7026: JSX element implicitly has type 'any' because no interface 'JSX.IntrinsicElements' exists.
app/(dashboard)/dashboard/enrollments/enrollments-client.tsx(918,13): error TS7026: JSX element implicitly has type 'any' because no interface 'JSX.IntrinsicElements' exists.
app/(dashboard)/dashboard/enrollments/enrollments-client.tsx(918,115): error TS7026: JSX element implicitly has type 'any' because no interface 'JSX.IntrinsicElements' exists.
app/(dashboard)/dashboard/enrollments/enrollments-client.tsx(919,11): error TS7026: JSX element implicitly has type 'any' because no interface 'JSX.IntrinsicElements' exists.
app/(dashboard)/dashboard/enrollments/enrollments-client.tsx(920,9): error TS7026: JSX element implicitly has type 'any' because no interface 'JSX.IntrinsicElements' exists.
app/(dashboard)/dashboard/enrollments/enrollments-client.tsx(924,7): error TS7026: JSX element implicitly has type 'any' because no interface 'JSX.IntrinsicElements' exists.
app/(dashboard)/dashboard/enrollments/enrollments-client.tsx(925,7): error TS7026: JSX element implicitly has type 'any' because no interface 'JSX.IntrinsicElements' exists.
app/(dashboard)/dashboard/enrollments/enrollments-client.tsx(926,9): error TS7026: JSX element implicitly has type 'any' because no interface 'JSX.IntrinsicElements' exists.
app/(dashboard)/dashboard/enrollments/enrollments-client.tsx(927,11): error TS7026: JSX element implicitly has type 'any' because no interface 'JSX.IntrinsicElements' exists.
app/(dashboard)/dashboard/enrollments/enrollments-client.tsx(927,83): error TS7026: JSX element implicitly has type 'any' because no interface 'JSX.IntrinsicElements' exists.
app/(dashboard)/dashboard/enrollments/enrollments-client.tsx(928,11): error TS7026: JSX element implicitly has type 'any' because no interface 'JSX.IntrinsicElements' exists.
app/(dashboard)/dashboard/enrollments/enrollments-client.tsx(928,117): error TS7026: JSX element implicitly has type 'any' because no interface 'JSX.IntrinsicElements' exists.
app/(dashboard)/dashboard/enrollments/enrollments-client.tsx(929,9): error TS7026: JSX element implicitly has type 'any' because no interface 'JSX.IntrinsicElements' exists.
app/(dashboard)/dashboard/enrollments/enrollments-client.tsx(930,9): error TS7026: JSX element implicitly has type 'any' because no interface 'JSX.IntrinsicElements' exists.
app/(dashboard)/dashboard/enrollments/enrollments-client.tsx(931,11): error TS7026: JSX element implicitly has type 'any' because no interface 'JSX.IntrinsicElements' exists.
app/(dashboard)/dashboard/enrollments/enrollments-client.tsx(931,80): error TS7026: JSX element implicitly has type 'any' because no interface 'JSX.IntrinsicElements' exists.
app/(dashboard)/dashboard/enrollments/enrollments-client.tsx(932,11): error TS7026: JSX element implicitly has type 'any' because no interface 'JSX.IntrinsicElements' exists.
app/(dashboard)/dashboard/enrollments/enrollments-client.tsx(932,100): error TS7026: JSX element implicitly has type 'any' because no interface 'JSX.IntrinsicElements' exists.
app/(dashboard)/dashboard/enrollments/enrollments-client.tsx(933,9): error TS7026: JSX element implicitly has type 'any' because no interface 'JSX.IntrinsicElements' exists.
app/(dashboard)/dashboard/enrollments/enrollments-client.tsx(934,7): error TS7026: JSX element implicitly has type 'any' because no interface 'JSX.IntrinsicElements' exists.
app/(dashboard)/dashboard/enrollments/enrollments-client.tsx(935,5): error TS7026: JSX element implicitly has type 'any' because no interface 'JSX.IntrinsicElements' exists.
app/(dashboard)/dashboard/enrollments/loading.tsx(4,10): error TS2875: This JSX tag requires the module path 'react/jsx-runtime' to exist, but none could be found. Make sure you have types for the appropriate package installed.
app/(dashboard)/dashboard/enrollments/page.tsx(17,10): error TS2875: This JSX tag requires the module path 'react/jsx-runtime' to exist, but none could be found. Make sure you have types for the appropriate package installed.
app/(dashboard)/dashboard/help/page.tsx(3,24): error TS2307: Cannot find module 'react' or its corresponding type declarations.
app/(dashboard)/dashboard/help/page.tsx(4,18): error TS2307: Cannot find module 'next/link' or its corresponding type declarations.
app/(dashboard)/dashboard/help/page.tsx(20,8): error TS2307: Cannot find module '@phosphor-icons/react/dist/ssr' or its corresponding type declarations.
app/(dashboard)/dashboard/help/page.tsx(181,5): error TS7026: JSX element implicitly has type 'any' because no interface 'JSX.IntrinsicElements' exists.
app/(dashboard)/dashboard/help/page.tsx(181,5): error TS2875: This JSX tag requires the module path 'react/jsx-runtime' to exist, but none could be found. Make sure you have types for the appropriate package installed.
app/(dashboard)/dashboard/help/page.tsx(183,7): error TS7026: JSX element implicitly has type 'any' because no interface 'JSX.IntrinsicElements' exists.
app/(dashboard)/dashboard/help/page.tsx(184,9): error TS7026: JSX element implicitly has type 'any' because no interface 'JSX.IntrinsicElements' exists.
app/(dashboard)/dashboard/help/page.tsx(184,74): error TS7026: JSX element implicitly has type 'any' because no interface 'JSX.IntrinsicElements' exists.
app/(dashboard)/dashboard/help/page.tsx(185,9): error TS7026: JSX element implicitly has type 'any' because no interface 'JSX.IntrinsicElements' exists.
app/(dashboard)/dashboard/help/page.tsx(187,9): error TS7026: JSX element implicitly has type 'any' because no interface 'JSX.IntrinsicElements' exists.
app/(dashboard)/dashboard/help/page.tsx(188,7): error TS7026: JSX element implicitly has type 'any' because no interface 'JSX.IntrinsicElements' exists.
app/(dashboard)/dashboard/help/page.tsx(191,7): error TS7026: JSX element implicitly has type 'any' because no interface 'JSX.IntrinsicElements' exists.
app/(dashboard)/dashboard/help/page.tsx(192,10): error TS2559: Type '{ children: any; }' has no properties in common with type 'InputRootProps'.
app/(dashboard)/dashboard/help/page.tsx(198,26): error TS7006: Parameter 'e' implicitly has an 'any' type.
app/(dashboard)/dashboard/help/page.tsx(202,7): error TS7026: JSX element implicitly has type 'any' because no interface 'JSX.IntrinsicElements' exists.
app/(dashboard)/dashboard/help/page.tsx(205,7): error TS7026: JSX element implicitly has type 'any' because no interface 'JSX.IntrinsicElements' exists.
app/(dashboard)/dashboard/help/page.tsx(206,9): error TS7026: JSX element implicitly has type 'any' because no interface 'JSX.IntrinsicElements' exists.
app/(dashboard)/dashboard/help/page.tsx(206,76): error TS7026: JSX element implicitly has type 'any' because no interface 'JSX.IntrinsicElements' exists.
app/(dashboard)/dashboard/help/page.tsx(207,9): error TS7026: JSX element implicitly has type 'any' because no interface 'JSX.IntrinsicElements' exists.
app/(dashboard)/dashboard/help/page.tsx(214,15): error TS7026: JSX element implicitly has type 'any' because no interface 'JSX.IntrinsicElements' exists.
app/(dashboard)/dashboard/help/page.tsx(215,17): error TS7026: JSX element implicitly has type 'any' because no interface 'JSX.IntrinsicElements' exists.
app/(dashboard)/dashboard/help/page.tsx(217,17): error TS7026: JSX element implicitly has type 'any' because no interface 'JSX.IntrinsicElements' exists.
app/(dashboard)/dashboard/help/page.tsx(218,17): error TS7026: JSX element implicitly has type 'any' because no interface 'JSX.IntrinsicElements' exists.
app/(dashboard)/dashboard/help/page.tsx(219,19): error TS7026: JSX element implicitly has type 'any' because no interface 'JSX.IntrinsicElements' exists.
app/(dashboard)/dashboard/help/page.tsx(220,21): error TS7026: JSX element implicitly has type 'any' because no interface 'JSX.IntrinsicElements' exists.
app/(dashboard)/dashboard/help/page.tsx(220,86): error TS7026: JSX element implicitly has type 'any' because no interface 'JSX.IntrinsicElements' exists.
app/(dashboard)/dashboard/help/page.tsx(224,19): error TS7026: JSX element implicitly has type 'any' because no interface 'JSX.IntrinsicElements' exists.
app/(dashboard)/dashboard/help/page.tsx(225,19): error TS7026: JSX element implicitly has type 'any' because no interface 'JSX.IntrinsicElements' exists.
app/(dashboard)/dashboard/help/page.tsx(227,19): error TS7026: JSX element implicitly has type 'any' because no interface 'JSX.IntrinsicElements' exists.
app/(dashboard)/dashboard/help/page.tsx(228,17): error TS7026: JSX element implicitly has type 'any' because no interface 'JSX.IntrinsicElements' exists.
app/(dashboard)/dashboard/help/page.tsx(230,15): error TS7026: JSX element implicitly has type 'any' because no interface 'JSX.IntrinsicElements' exists.
app/(dashboard)/dashboard/help/page.tsx(235,17): error TS7026: JSX element implicitly has type 'any' because no interface 'JSX.IntrinsicElements' exists.
app/(dashboard)/dashboard/help/page.tsx(237,17): error TS7026: JSX element implicitly has type 'any' because no interface 'JSX.IntrinsicElements' exists.
app/(dashboard)/dashboard/help/page.tsx(243,17): error TS7026: JSX element implicitly has type 'any' because no interface 'JSX.IntrinsicElements' exists.
app/(dashboard)/dashboard/help/page.tsx(245,17): error TS7026: JSX element implicitly has type 'any' because no interface 'JSX.IntrinsicElements' exists.
app/(dashboard)/dashboard/help/page.tsx(255,9): error TS7026: JSX element implicitly has type 'any' because no interface 'JSX.IntrinsicElements' exists.
app/(dashboard)/dashboard/help/page.tsx(256,7): error TS7026: JSX element implicitly has type 'any' because no interface 'JSX.IntrinsicElements' exists.
app/(dashboard)/dashboard/help/page.tsx(259,7): error TS7026: JSX element implicitly has type 'any' because no interface 'JSX.IntrinsicElements' exists.
app/(dashboard)/dashboard/help/page.tsx(260,9): error TS7026: JSX element implicitly has type 'any' because no interface 'JSX.IntrinsicElements' exists.
app/(dashboard)/dashboard/help/page.tsx(260,91): error TS7026: JSX element implicitly has type 'any' because no interface 'JSX.IntrinsicElements' exists.
app/(dashboard)/dashboard/help/page.tsx(263,11): error TS7026: JSX element implicitly has type 'any' because no interface 'JSX.IntrinsicElements' exists.
app/(dashboard)/dashboard/help/page.tsx(265,13): error TS7026: JSX element implicitly has type 'any' because no interface 'JSX.IntrinsicElements' exists.
app/(dashboard)/dashboard/help/page.tsx(267,13): error TS7026: JSX element implicitly has type 'any' because no interface 'JSX.IntrinsicElements' exists.
app/(dashboard)/dashboard/help/page.tsx(276,11): error TS7026: JSX element implicitly has type 'any' because no interface 'JSX.IntrinsicElements' exists.
app/(dashboard)/dashboard/help/page.tsx(279,32): error TS7006: Parameter 'faq' implicitly has an 'any' type.
app/(dashboard)/dashboard/help/page.tsx(287,19): error TS7026: JSX element implicitly has type 'any' because no interface 'JSX.IntrinsicElements' exists.
app/(dashboard)/dashboard/help/page.tsx(287,68): error TS7026: JSX element implicitly has type 'any' because no interface 'JSX.IntrinsicElements' exists.
app/(dashboard)/dashboard/help/page.tsx(295,11): error TS7026: JSX element implicitly has type 'any' because no interface 'JSX.IntrinsicElements' exists.
app/(dashboard)/dashboard/help/page.tsx(299,11): error TS7026: JSX element implicitly has type 'any' because no interface 'JSX.IntrinsicElements' exists.
app/(dashboard)/dashboard/help/page.tsx(301,7): error TS7026: JSX element implicitly has type 'any' because no interface 'JSX.IntrinsicElements' exists.
app/(dashboard)/dashboard/help/page.tsx(304,7): error TS7026: JSX element implicitly has type 'any' because no interface 'JSX.IntrinsicElements' exists.
app/(dashboard)/dashboard/help/page.tsx(305,9): error TS7026: JSX element implicitly has type 'any' because no interface 'JSX.IntrinsicElements' exists.
app/(dashboard)/dashboard/help/page.tsx(305,80): error TS7026: JSX element implicitly has type 'any' because no interface 'JSX.IntrinsicElements' exists.
app/(dashboard)/dashboard/help/page.tsx(306,9): error TS7026: JSX element implicitly has type 'any' because no interface 'JSX.IntrinsicElements' exists.
app/(dashboard)/dashboard/help/page.tsx(307,11): error TS7026: JSX element implicitly has type 'any' because no interface 'JSX.IntrinsicElements' exists.
app/(dashboard)/dashboard/help/page.tsx(308,13): error TS7026: JSX element implicitly has type 'any' because no interface 'JSX.IntrinsicElements' exists.
app/(dashboard)/dashboard/help/page.tsx(310,13): error TS7026: JSX element implicitly has type 'any' because no interface 'JSX.IntrinsicElements' exists.
app/(dashboard)/dashboard/help/page.tsx(311,13): error TS7026: JSX element implicitly has type 'any' because no interface 'JSX.IntrinsicElements' exists.
app/(dashboard)/dashboard/help/page.tsx(312,15): error TS7026: JSX element implicitly has type 'any' because no interface 'JSX.IntrinsicElements' exists.
app/(dashboard)/dashboard/help/page.tsx(312,72): error TS7026: JSX element implicitly has type 'any' because no interface 'JSX.IntrinsicElements' exists.
app/(dashboard)/dashboard/help/page.tsx(313,15): error TS7026: JSX element implicitly has type 'any' because no interface 'JSX.IntrinsicElements' exists.
app/(dashboard)/dashboard/help/page.tsx(318,15): error TS7026: JSX element implicitly has type 'any' because no interface 'JSX.IntrinsicElements' exists.
app/(dashboard)/dashboard/help/page.tsx(319,13): error TS7026: JSX element implicitly has type 'any' because no interface 'JSX.IntrinsicElements' exists.
app/(dashboard)/dashboard/help/page.tsx(320,11): error TS7026: JSX element implicitly has type 'any' because no interface 'JSX.IntrinsicElements' exists.
app/(dashboard)/dashboard/help/page.tsx(321,11): error TS7026: JSX element implicitly has type 'any' because no interface 'JSX.IntrinsicElements' exists.
app/(dashboard)/dashboard/help/page.tsx(322,13): error TS7026: JSX element implicitly has type 'any' because no interface 'JSX.IntrinsicElements' exists.
app/(dashboard)/dashboard/help/page.tsx(324,13): error TS7026: JSX element implicitly has type 'any' because no interface 'JSX.IntrinsicElements' exists.
app/(dashboard)/dashboard/help/page.tsx(325,13): error TS7026: JSX element implicitly has type 'any' because no interface 'JSX.IntrinsicElements' exists.
app/(dashboard)/dashboard/help/page.tsx(326,15): error TS7026: JSX element implicitly has type 'any' because no interface 'JSX.IntrinsicElements' exists.
app/(dashboard)/dashboard/help/page.tsx(326,72): error TS7026: JSX element implicitly has type 'any' because no interface 'JSX.IntrinsicElements' exists.
app/(dashboard)/dashboard/help/page.tsx(327,15): error TS7026: JSX element implicitly has type 'any' because no interface 'JSX.IntrinsicElements' exists.
app/(dashboard)/dashboard/help/page.tsx(329,15): error TS7026: JSX element implicitly has type 'any' because no interface 'JSX.IntrinsicElements' exists.
app/(dashboard)/dashboard/help/page.tsx(330,15): error TS7026: JSX element implicitly has type 'any' because no interface 'JSX.IntrinsicElements' exists.
app/(dashboard)/dashboard/help/page.tsx(332,15): error TS7026: JSX element implicitly has type 'any' because no interface 'JSX.IntrinsicElements' exists.
app/(dashboard)/dashboard/help/page.tsx(333,13): error TS7026: JSX element implicitly has type 'any' because no interface 'JSX.IntrinsicElements' exists.
app/(dashboard)/dashboard/help/page.tsx(334,11): error TS7026: JSX element implicitly has type 'any' because no interface 'JSX.IntrinsicElements' exists.
app/(dashboard)/dashboard/help/page.tsx(335,11): error TS7026: JSX element implicitly has type 'any' because no interface 'JSX.IntrinsicElements' exists.
app/(dashboard)/dashboard/help/page.tsx(336,13): error TS7026: JSX element implicitly has type 'any' because no interface 'JSX.IntrinsicElements' exists.
app/(dashboard)/dashboard/help/page.tsx(338,13): error TS7026: JSX element implicitly has type 'any' because no interface 'JSX.IntrinsicElements' exists.
app/(dashboard)/dashboard/help/page.tsx(339,13): error TS7026: JSX element implicitly has type 'any' because no interface 'JSX.IntrinsicElements' exists.
app/(dashboard)/dashboard/help/page.tsx(340,15): error TS7026: JSX element implicitly has type 'any' because no interface 'JSX.IntrinsicElements' exists.
app/(dashboard)/dashboard/help/page.tsx(340,76): error TS7026: JSX element implicitly has type 'any' because no interface 'JSX.IntrinsicElements' exists.
app/(dashboard)/dashboard/help/page.tsx(341,15): error TS7026: JSX element implicitly has type 'any' because no interface 'JSX.IntrinsicElements' exists.
app/(dashboard)/dashboard/help/page.tsx(343,15): error TS7026: JSX element implicitly has type 'any' because no interface 'JSX.IntrinsicElements' exists.
app/(dashboard)/dashboard/help/page.tsx(344,13): error TS7026: JSX element implicitly has type 'any' because no interface 'JSX.IntrinsicElements' exists.
app/(dashboard)/dashboard/help/page.tsx(345,11): error TS7026: JSX element implicitly has type 'any' because no interface 'JSX.IntrinsicElements' exists.
app/(dashboard)/dashboard/help/page.tsx(346,9): error TS7026: JSX element implicitly has type 'any' because no interface 'JSX.IntrinsicElements' exists.
app/(dashboard)/dashboard/help/page.tsx(347,9): error TS7026: JSX element implicitly has type 'any' because no interface 'JSX.IntrinsicElements' exists.
app/(dashboard)/dashboard/help/page.tsx(352,9): error TS7026: JSX element implicitly has type 'any' because no interface 'JSX.IntrinsicElements' exists.
app/(dashboard)/dashboard/help/page.tsx(353,7): error TS7026: JSX element implicitly has type 'any' because no interface 'JSX.IntrinsicElements' exists.
app/(dashboard)/dashboard/help/page.tsx(354,5): error TS7026: JSX element implicitly has type 'any' because no interface 'JSX.IntrinsicElements' exists.
app/(dashboard)/dashboard/invoices/invoices-client.tsx(3,24): error TS2307: Cannot find module 'react' or its corresponding type declarations.
app/(dashboard)/dashboard/invoices/invoices-client.tsx(21,8): error TS2307: Cannot find module '@phosphor-icons/react/dist/ssr' or its corresponding type declarations.
app/(dashboard)/dashboard/invoices/invoices-client.tsx(25,49): error TS2307: Cannot find module 'usehooks-ts' or its corresponding type declarations.
app/(dashboard)/dashboard/invoices/invoices-client.tsx(27,23): error TS2307: Cannot find module 'sonner' or its corresponding type declarations.
app/(dashboard)/dashboard/invoices/invoices-client.tsx(185,43): error TS7006: Parameter 'acc' implicitly has an 'any' type.
app/(dashboard)/dashboard/invoices/invoices-client.tsx(185,48): error TS7006: Parameter 'i' implicitly has an 'any' type.
app/(dashboard)/dashboard/invoices/invoices-client.tsx(186,40): error TS7006: Parameter 'acc' implicitly has an 'any' type.
app/(dashboard)/dashboard/invoices/invoices-client.tsx(186,45): error TS7006: Parameter 'i' implicitly has an 'any' type.
app/(dashboard)/dashboard/invoices/invoices-client.tsx(187,48): error TS7006: Parameter 'acc' implicitly has an 'any' type.
app/(dashboard)/dashboard/invoices/invoices-client.tsx(187,53): error TS7006: Parameter 'i' implicitly has an 'any' type.
app/(dashboard)/dashboard/invoices/invoices-client.tsx(191,5): error TS2875: This JSX tag requires the module path 'react/jsx-runtime' to exist, but none could be found. Make sure you have types for the appropriate package installed.
app/(dashboard)/dashboard/invoices/invoices-client.tsx(192,5): error TS7026: JSX element implicitly has type 'any' because no interface 'JSX.IntrinsicElements' exists.
app/(dashboard)/dashboard/invoices/invoices-client.tsx(194,7): error TS7026: JSX element implicitly has type 'any' because no interface 'JSX.IntrinsicElements' exists.
app/(dashboard)/dashboard/invoices/invoices-client.tsx(195,9): error TS7026: JSX element implicitly has type 'any' because no interface 'JSX.IntrinsicElements' exists.
app/(dashboard)/dashboard/invoices/invoices-client.tsx(196,11): error TS7026: JSX element implicitly has type 'any' because no interface 'JSX.IntrinsicElements' exists.
app/(dashboard)/dashboard/invoices/invoices-client.tsx(196,87): error TS7026: JSX element implicitly has type 'any' because no interface 'JSX.IntrinsicElements' exists.
app/(dashboard)/dashboard/invoices/invoices-client.tsx(197,11): error TS7026: JSX element implicitly has type 'any' because no interface 'JSX.IntrinsicElements' exists.
app/(dashboard)/dashboard/invoices/invoices-client.tsx(199,11): error TS7026: JSX element implicitly has type 'any' because no interface 'JSX.IntrinsicElements' exists.
app/(dashboard)/dashboard/invoices/invoices-client.tsx(200,9): error TS7026: JSX element implicitly has type 'any' because no interface 'JSX.IntrinsicElements' exists.
app/(dashboard)/dashboard/invoices/invoices-client.tsx(205,15): error TS7026: JSX element implicitly has type 'any' because no interface 'JSX.IntrinsicElements' exists.
app/(dashboard)/dashboard/invoices/invoices-client.tsx(205,56): error TS7026: JSX element implicitly has type 'any' because no interface 'JSX.IntrinsicElements' exists.
app/(dashboard)/dashboard/invoices/invoices-client.tsx(210,7): error TS7026: JSX element implicitly has type 'any' because no interface 'JSX.IntrinsicElements' exists.
app/(dashboard)/dashboard/invoices/invoices-client.tsx(213,7): error TS7026: JSX element implicitly has type 'any' because no interface 'JSX.IntrinsicElements' exists.
app/(dashboard)/dashboard/invoices/invoices-client.tsx(214,9): error TS7026: JSX element implicitly has type 'any' because no interface 'JSX.IntrinsicElements' exists.
app/(dashboard)/dashboard/invoices/invoices-client.tsx(221,13): error TS7026: JSX element implicitly has type 'any' because no interface 'JSX.IntrinsicElements' exists.
app/(dashboard)/dashboard/invoices/invoices-client.tsx(225,15): error TS7026: JSX element implicitly has type 'any' because no interface 'JSX.IntrinsicElements' exists.
app/(dashboard)/dashboard/invoices/invoices-client.tsx(225,121): error TS7026: JSX element implicitly has type 'any' because no interface 'JSX.IntrinsicElements' exists.
app/(dashboard)/dashboard/invoices/invoices-client.tsx(226,15): error TS7026: JSX element implicitly has type 'any' because no interface 'JSX.IntrinsicElements' exists.
app/(dashboard)/dashboard/invoices/invoices-client.tsx(226,118): error TS7026: JSX element implicitly has type 'any' because no interface 'JSX.IntrinsicElements' exists.
app/(dashboard)/dashboard/invoices/invoices-client.tsx(227,13): error TS7026: JSX element implicitly has type 'any' because no interface 'JSX.IntrinsicElements' exists.
app/(dashboard)/dashboard/invoices/invoices-client.tsx(229,9): error TS7026: JSX element implicitly has type 'any' because no interface 'JSX.IntrinsicElements' exists.
app/(dashboard)/dashboard/invoices/invoices-client.tsx(230,7): error TS7026: JSX element implicitly has type 'any' because no interface 'JSX.IntrinsicElements' exists.
app/(dashboard)/dashboard/invoices/invoices-client.tsx(233,7): error TS7026: JSX element implicitly has type 'any' because no interface 'JSX.IntrinsicElements' exists.
app/(dashboard)/dashboard/invoices/invoices-client.tsx(234,9): error TS7026: JSX element implicitly has type 'any' because no interface 'JSX.IntrinsicElements' exists.
app/(dashboard)/dashboard/invoices/invoices-client.tsx(236,13): error TS7026: JSX element implicitly has type 'any' because no interface 'JSX.IntrinsicElements' exists.
app/(dashboard)/dashboard/invoices/invoices-client.tsx(248,13): error TS7026: JSX element implicitly has type 'any' because no interface 'JSX.IntrinsicElements' exists.
app/(dashboard)/dashboard/invoices/invoices-client.tsx(250,9): error TS7026: JSX element implicitly has type 'any' because no interface 'JSX.IntrinsicElements' exists.
app/(dashboard)/dashboard/invoices/invoices-client.tsx(252,9): error TS7026: JSX element implicitly has type 'any' because no interface 'JSX.IntrinsicElements' exists.
app/(dashboard)/dashboard/invoices/invoices-client.tsx(253,12): error TS2322: Type '{ children: any; size: string; }' is not assignable to type 'InputRootProps'.
  Property 'children' does not exist on type 'InputRootProps'.
app/(dashboard)/dashboard/invoices/invoices-client.tsx(256,75): error TS7006: Parameter 'e' implicitly has an 'any' type.
app/(dashboard)/dashboard/invoices/invoices-client.tsx(259,9): error TS7026: JSX element implicitly has type 'any' because no interface 'JSX.IntrinsicElements' exists.
app/(dashboard)/dashboard/invoices/invoices-client.tsx(260,7): error TS7026: JSX element implicitly has type 'any' because no interface 'JSX.IntrinsicElements' exists.
app/(dashboard)/dashboard/invoices/invoices-client.tsx(276,9): error TS7026: JSX element implicitly has type 'any' because no interface 'JSX.IntrinsicElements' exists.
app/(dashboard)/dashboard/invoices/invoices-client.tsx(277,34): error TS7006: Parameter 'invoice' implicitly has an 'any' type.
app/(dashboard)/dashboard/invoices/invoices-client.tsx(279,15): error TS2322: Type '{ key: any; invoice: any; formatCurrency: (amount: number) => string; formatDate: (date: string | Date | undefined) => string; onView: () => any; }' is not assignable to type '{ invoice: Invoice; formatCurrency: (n: number) => string; formatDate: (d: string | Date | undefined) => string; onView: () => void; }'.
  Property 'key' does not exist on type '{ invoice: Invoice; formatCurrency: (n: number) => string; formatDate: (d: string | Date | undefined) => string; onView: () => void; }'.
app/(dashboard)/dashboard/invoices/invoices-client.tsx(286,9): error TS7026: JSX element implicitly has type 'any' because no interface 'JSX.IntrinsicElements' exists.
app/(dashboard)/dashboard/invoices/invoices-client.tsx(298,5): error TS7026: JSX element implicitly has type 'any' because no interface 'JSX.IntrinsicElements' exists.
app/(dashboard)/dashboard/invoices/invoices-client.tsx(318,7): error TS7026: JSX element implicitly has type 'any' because no interface 'JSX.IntrinsicElements' exists.
app/(dashboard)/dashboard/invoices/invoices-client.tsx(323,9): error TS7026: JSX element implicitly has type 'any' because no interface 'JSX.IntrinsicElements' exists.
app/(dashboard)/dashboard/invoices/invoices-client.tsx(324,11): error TS7026: JSX element implicitly has type 'any' because no interface 'JSX.IntrinsicElements' exists.
app/(dashboard)/dashboard/invoices/invoices-client.tsx(325,13): error TS7026: JSX element implicitly has type 'any' because no interface 'JSX.IntrinsicElements' exists.
app/(dashboard)/dashboard/invoices/invoices-client.tsx(327,13): error TS7026: JSX element implicitly has type 'any' because no interface 'JSX.IntrinsicElements' exists.
app/(dashboard)/dashboard/invoices/invoices-client.tsx(328,13): error TS7026: JSX element implicitly has type 'any' because no interface 'JSX.IntrinsicElements' exists.
app/(dashboard)/dashboard/invoices/invoices-client.tsx(329,15): error TS7026: JSX element implicitly has type 'any' because no interface 'JSX.IntrinsicElements' exists.
app/(dashboard)/dashboard/invoices/invoices-client.tsx(329,98): error TS7026: JSX element implicitly has type 'any' because no interface 'JSX.IntrinsicElements' exists.
app/(dashboard)/dashboard/invoices/invoices-client.tsx(330,15): error TS7026: JSX element implicitly has type 'any' because no interface 'JSX.IntrinsicElements' exists.
app/(dashboard)/dashboard/invoices/invoices-client.tsx(330,98): error TS7026: JSX element implicitly has type 'any' because no interface 'JSX.IntrinsicElements' exists.
app/(dashboard)/dashboard/invoices/invoices-client.tsx(331,13): error TS7026: JSX element implicitly has type 'any' because no interface 'JSX.IntrinsicElements' exists.
app/(dashboard)/dashboard/invoices/invoices-client.tsx(332,11): error TS7026: JSX element implicitly has type 'any' because no interface 'JSX.IntrinsicElements' exists.
app/(dashboard)/dashboard/invoices/invoices-client.tsx(334,9): error TS7026: JSX element implicitly has type 'any' because no interface 'JSX.IntrinsicElements' exists.
app/(dashboard)/dashboard/invoices/invoices-client.tsx(336,9): error TS7026: JSX element implicitly has type 'any' because no interface 'JSX.IntrinsicElements' exists.
app/(dashboard)/dashboard/invoices/invoices-client.tsx(337,11): error TS7026: JSX element implicitly has type 'any' because no interface 'JSX.IntrinsicElements' exists.
app/(dashboard)/dashboard/invoices/invoices-client.tsx(338,13): error TS7026: JSX element implicitly has type 'any' because no interface 'JSX.IntrinsicElements' exists.
app/(dashboard)/dashboard/invoices/invoices-client.tsx(338,86): error TS7026: JSX element implicitly has type 'any' because no interface 'JSX.IntrinsicElements' exists.
app/(dashboard)/dashboard/invoices/invoices-client.tsx(339,13): error TS7026: JSX element implicitly has type 'any' because no interface 'JSX.IntrinsicElements' exists.
app/(dashboard)/dashboard/invoices/invoices-client.tsx(339,51): error TS7026: JSX element implicitly has type 'any' because no interface 'JSX.IntrinsicElements' exists.
app/(dashboard)/dashboard/invoices/invoices-client.tsx(340,13): error TS7026: JSX element implicitly has type 'any' because no interface 'JSX.IntrinsicElements' exists.
app/(dashboard)/dashboard/invoices/invoices-client.tsx(340,56): error TS7026: JSX element implicitly has type 'any' because no interface 'JSX.IntrinsicElements' exists.
app/(dashboard)/dashboard/invoices/invoices-client.tsx(341,11): error TS7026: JSX element implicitly has type 'any' because no interface 'JSX.IntrinsicElements' exists.
app/(dashboard)/dashboard/invoices/invoices-client.tsx(342,9): error TS7026: JSX element implicitly has type 'any' because no interface 'JSX.IntrinsicElements' exists.
app/(dashboard)/dashboard/invoices/invoices-client.tsx(344,9): error TS7026: JSX element implicitly has type 'any' because no interface 'JSX.IntrinsicElements' exists.
app/(dashboard)/dashboard/invoices/invoices-client.tsx(345,11): error TS7026: JSX element implicitly has type 'any' because no interface 'JSX.IntrinsicElements' exists.
app/(dashboard)/dashboard/invoices/invoices-client.tsx(346,13): error TS7026: JSX element implicitly has type 'any' because no interface 'JSX.IntrinsicElements' exists.
app/(dashboard)/dashboard/invoices/invoices-client.tsx(346,114): error TS7026: JSX element implicitly has type 'any' because no interface 'JSX.IntrinsicElements' exists.
app/(dashboard)/dashboard/invoices/invoices-client.tsx(347,13): error TS7026: JSX element implicitly has type 'any' because no interface 'JSX.IntrinsicElements' exists.
app/(dashboard)/dashboard/invoices/invoices-client.tsx(347,110): error TS7026: JSX element implicitly has type 'any' because no interface 'JSX.IntrinsicElements' exists.
app/(dashboard)/dashboard/invoices/invoices-client.tsx(348,11): error TS7026: JSX element implicitly has type 'any' because no interface 'JSX.IntrinsicElements' exists.
app/(dashboard)/dashboard/invoices/invoices-client.tsx(349,11): error TS7026: JSX element implicitly has type 'any' because no interface 'JSX.IntrinsicElements' exists.
app/(dashboard)/dashboard/invoices/invoices-client.tsx(352,11): error TS7026: JSX element implicitly has type 'any' because no interface 'JSX.IntrinsicElements' exists.
app/(dashboard)/dashboard/invoices/invoices-client.tsx(353,9): error TS7026: JSX element implicitly has type 'any' because no interface 'JSX.IntrinsicElements' exists.
app/(dashboard)/dashboard/invoices/invoices-client.tsx(354,7): error TS7026: JSX element implicitly has type 'any' because no interface 'JSX.IntrinsicElements' exists.
app/(dashboard)/dashboard/invoices/invoices-client.tsx(357,7): error TS7026: JSX element implicitly has type 'any' because no interface 'JSX.IntrinsicElements' exists.
app/(dashboard)/dashboard/invoices/invoices-client.tsx(358,9): error TS7026: JSX element implicitly has type 'any' because no interface 'JSX.IntrinsicElements' exists.
app/(dashboard)/dashboard/invoices/invoices-client.tsx(360,9): error TS7026: JSX element implicitly has type 'any' because no interface 'JSX.IntrinsicElements' exists.
app/(dashboard)/dashboard/invoices/invoices-client.tsx(362,9): error TS7026: JSX element implicitly has type 'any' because no interface 'JSX.IntrinsicElements' exists.
app/(dashboard)/dashboard/invoices/invoices-client.tsx(363,11): error TS7026: JSX element implicitly has type 'any' because no interface 'JSX.IntrinsicElements' exists.
app/(dashboard)/dashboard/invoices/invoices-client.tsx(364,13): error TS7026: JSX element implicitly has type 'any' because no interface 'JSX.IntrinsicElements' exists.
app/(dashboard)/dashboard/invoices/invoices-client.tsx(364,99): error TS7026: JSX element implicitly has type 'any' because no interface 'JSX.IntrinsicElements' exists.
app/(dashboard)/dashboard/invoices/invoices-client.tsx(365,13): error TS7026: JSX element implicitly has type 'any' because no interface 'JSX.IntrinsicElements' exists.
app/(dashboard)/dashboard/invoices/invoices-client.tsx(368,13): error TS7026: JSX element implicitly has type 'any' because no interface 'JSX.IntrinsicElements' exists.
app/(dashboard)/dashboard/invoices/invoices-client.tsx(369,11): error TS7026: JSX element implicitly has type 'any' because no interface 'JSX.IntrinsicElements' exists.
app/(dashboard)/dashboard/invoices/invoices-client.tsx(370,11): error TS7026: JSX element implicitly has type 'any' because no interface 'JSX.IntrinsicElements' exists.
app/(dashboard)/dashboard/invoices/invoices-client.tsx(372,13): error TS7026: JSX element implicitly has type 'any' because no interface 'JSX.IntrinsicElements' exists.
app/(dashboard)/dashboard/invoices/invoices-client.tsx(372,86): error TS7026: JSX element implicitly has type 'any' because no interface 'JSX.IntrinsicElements' exists.
app/(dashboard)/dashboard/invoices/invoices-client.tsx(373,13): error TS7026: JSX element implicitly has type 'any' because no interface 'JSX.IntrinsicElements' exists.
app/(dashboard)/dashboard/invoices/invoices-client.tsx(373,51): error TS7026: JSX element implicitly has type 'any' because no interface 'JSX.IntrinsicElements' exists.
app/(dashboard)/dashboard/invoices/invoices-client.tsx(374,13): error TS7026: JSX element implicitly has type 'any' because no interface 'JSX.IntrinsicElements' exists.
app/(dashboard)/dashboard/invoices/invoices-client.tsx(374,56): error TS7026: JSX element implicitly has type 'any' because no interface 'JSX.IntrinsicElements' exists.
app/(dashboard)/dashboard/invoices/invoices-client.tsx(375,11): error TS7026: JSX element implicitly has type 'any' because no interface 'JSX.IntrinsicElements' exists.
app/(dashboard)/dashboard/invoices/invoices-client.tsx(376,9): error TS7026: JSX element implicitly has type 'any' because no interface 'JSX.IntrinsicElements' exists.
app/(dashboard)/dashboard/invoices/invoices-client.tsx(378,9): error TS7026: JSX element implicitly has type 'any' because no interface 'JSX.IntrinsicElements' exists.
app/(dashboard)/dashboard/invoices/invoices-client.tsx(379,11): error TS7026: JSX element implicitly has type 'any' because no interface 'JSX.IntrinsicElements' exists.
app/(dashboard)/dashboard/invoices/invoices-client.tsx(379,112): error TS7026: JSX element implicitly has type 'any' because no interface 'JSX.IntrinsicElements' exists.
app/(dashboard)/dashboard/invoices/invoices-client.tsx(380,11): error TS7026: JSX element implicitly has type 'any' because no interface 'JSX.IntrinsicElements' exists.
app/(dashboard)/dashboard/invoices/invoices-client.tsx(380,102): error TS7026: JSX element implicitly has type 'any' because no interface 'JSX.IntrinsicElements' exists.
app/(dashboard)/dashboard/invoices/invoices-client.tsx(381,9): error TS7026: JSX element implicitly has type 'any' because no interface 'JSX.IntrinsicElements' exists.
app/(dashboard)/dashboard/invoices/invoices-client.tsx(383,62): error TS7006: Parameter 'e' implicitly has an 'any' type.
app/(dashboard)/dashboard/invoices/invoices-client.tsx(386,7): error TS7026: JSX element implicitly has type 'any' because no interface 'JSX.IntrinsicElements' exists.
app/(dashboard)/dashboard/invoices/invoices-client.tsx(408,7): error TS7026: JSX element implicitly has type 'any' because no interface 'JSX.IntrinsicElements' exists.
app/(dashboard)/dashboard/invoices/invoices-client.tsx(410,9): error TS7026: JSX element implicitly has type 'any' because no interface 'JSX.IntrinsicElements' exists.
app/(dashboard)/dashboard/invoices/invoices-client.tsx(411,11): error TS7026: JSX element implicitly has type 'any' because no interface 'JSX.IntrinsicElements' exists.
app/(dashboard)/dashboard/invoices/invoices-client.tsx(411,101): error TS7026: JSX element implicitly has type 'any' because no interface 'JSX.IntrinsicElements' exists.
app/(dashboard)/dashboard/invoices/invoices-client.tsx(412,11): error TS7026: JSX element implicitly has type 'any' because no interface 'JSX.IntrinsicElements' exists.
app/(dashboard)/dashboard/invoices/invoices-client.tsx(412,102): error TS7026: JSX element implicitly has type 'any' because no interface 'JSX.IntrinsicElements' exists.
app/(dashboard)/dashboard/invoices/invoices-client.tsx(413,9): error TS7026: JSX element implicitly has type 'any' because no interface 'JSX.IntrinsicElements' exists.
app/(dashboard)/dashboard/invoices/invoices-client.tsx(416,9): error TS7026: JSX element implicitly has type 'any' because no interface 'JSX.IntrinsicElements' exists.
app/(dashboard)/dashboard/invoices/invoices-client.tsx(417,11): error TS7026: JSX element implicitly has type 'any' because no interface 'JSX.IntrinsicElements' exists.
app/(dashboard)/dashboard/invoices/invoices-client.tsx(418,13): error TS7026: JSX element implicitly has type 'any' because no interface 'JSX.IntrinsicElements' exists.
app/(dashboard)/dashboard/invoices/invoices-client.tsx(418,86): error TS7026: JSX element implicitly has type 'any' because no interface 'JSX.IntrinsicElements' exists.
app/(dashboard)/dashboard/invoices/invoices-client.tsx(419,13): error TS7026: JSX element implicitly has type 'any' because no interface 'JSX.IntrinsicElements' exists.
app/(dashboard)/dashboard/invoices/invoices-client.tsx(419,91): error TS7026: JSX element implicitly has type 'any' because no interface 'JSX.IntrinsicElements' exists.
app/(dashboard)/dashboard/invoices/invoices-client.tsx(420,13): error TS7026: JSX element implicitly has type 'any' because no interface 'JSX.IntrinsicElements' exists.
app/(dashboard)/dashboard/invoices/invoices-client.tsx(420,80): error TS7026: JSX element implicitly has type 'any' because no interface 'JSX.IntrinsicElements' exists.
app/(dashboard)/dashboard/invoices/invoices-client.tsx(421,11): error TS7026: JSX element implicitly has type 'any' because no interface 'JSX.IntrinsicElements' exists.
app/(dashboard)/dashboard/invoices/invoices-client.tsx(422,11): error TS7026: JSX element implicitly has type 'any' because no interface 'JSX.IntrinsicElements' exists.
app/(dashboard)/dashboard/invoices/invoices-client.tsx(423,13): error TS7026: JSX element implicitly has type 'any' because no interface 'JSX.IntrinsicElements' exists.
app/(dashboard)/dashboard/invoices/invoices-client.tsx(423,89): error TS7026: JSX element implicitly has type 'any' because no interface 'JSX.IntrinsicElements' exists.
app/(dashboard)/dashboard/invoices/invoices-client.tsx(424,13): error TS7026: JSX element implicitly has type 'any' because no interface 'JSX.IntrinsicElements' exists.
app/(dashboard)/dashboard/invoices/invoices-client.tsx(424,89): error TS7026: JSX element implicitly has type 'any' because no interface 'JSX.IntrinsicElements' exists.
app/(dashboard)/dashboard/invoices/invoices-client.tsx(425,13): error TS7026: JSX element implicitly has type 'any' because no interface 'JSX.IntrinsicElements' exists.
app/(dashboard)/dashboard/invoices/invoices-client.tsx(425,80): error TS7026: JSX element implicitly has type 'any' because no interface 'JSX.IntrinsicElements' exists.
app/(dashboard)/dashboard/invoices/invoices-client.tsx(426,11): error TS7026: JSX element implicitly has type 'any' because no interface 'JSX.IntrinsicElements' exists.
app/(dashboard)/dashboard/invoices/invoices-client.tsx(427,9): error TS7026: JSX element implicitly has type 'any' because no interface 'JSX.IntrinsicElements' exists.
app/(dashboard)/dashboard/invoices/invoices-client.tsx(430,9): error TS7026: JSX element implicitly has type 'any' because no interface 'JSX.IntrinsicElements' exists.
app/(dashboard)/dashboard/invoices/invoices-client.tsx(431,11): error TS7026: JSX element implicitly has type 'any' because no interface 'JSX.IntrinsicElements' exists.
app/(dashboard)/dashboard/invoices/invoices-client.tsx(432,13): error TS7026: JSX element implicitly has type 'any' because no interface 'JSX.IntrinsicElements' exists.
app/(dashboard)/dashboard/invoices/invoices-client.tsx(432,77): error TS7026: JSX element implicitly has type 'any' because no interface 'JSX.IntrinsicElements' exists.
app/(dashboard)/dashboard/invoices/invoices-client.tsx(433,13): error TS7026: JSX element implicitly has type 'any' because no interface 'JSX.IntrinsicElements' exists.
app/(dashboard)/dashboard/invoices/invoices-client.tsx(433,104): error TS7026: JSX element implicitly has type 'any' because no interface 'JSX.IntrinsicElements' exists.
app/(dashboard)/dashboard/invoices/invoices-client.tsx(434,11): error TS7026: JSX element implicitly has type 'any' because no interface 'JSX.IntrinsicElements' exists.
app/(dashboard)/dashboard/invoices/invoices-client.tsx(435,11): error TS7026: JSX element implicitly has type 'any' because no interface 'JSX.IntrinsicElements' exists.
app/(dashboard)/dashboard/invoices/invoices-client.tsx(436,13): error TS7026: JSX element implicitly has type 'any' because no interface 'JSX.IntrinsicElements' exists.
app/(dashboard)/dashboard/invoices/invoices-client.tsx(436,73): error TS7026: JSX element implicitly has type 'any' because no interface 'JSX.IntrinsicElements' exists.
app/(dashboard)/dashboard/invoices/invoices-client.tsx(437,13): error TS7026: JSX element implicitly has type 'any' because no interface 'JSX.IntrinsicElements' exists.
app/(dashboard)/dashboard/invoices/invoices-client.tsx(437,102): error TS7026: JSX element implicitly has type 'any' because no interface 'JSX.IntrinsicElements' exists.
app/(dashboard)/dashboard/invoices/invoices-client.tsx(438,11): error TS7026: JSX element implicitly has type 'any' because no interface 'JSX.IntrinsicElements' exists.
app/(dashboard)/dashboard/invoices/invoices-client.tsx(439,11): error TS7026: JSX element implicitly has type 'any' because no interface 'JSX.IntrinsicElements' exists.
app/(dashboard)/dashboard/invoices/invoices-client.tsx(440,13): error TS7026: JSX element implicitly has type 'any' because no interface 'JSX.IntrinsicElements' exists.
app/(dashboard)/dashboard/invoices/invoices-client.tsx(440,79): error TS7026: JSX element implicitly has type 'any' because no interface 'JSX.IntrinsicElements' exists.
app/(dashboard)/dashboard/invoices/invoices-client.tsx(441,13): error TS7026: JSX element implicitly has type 'any' because no interface 'JSX.IntrinsicElements' exists.
app/(dashboard)/dashboard/invoices/invoices-client.tsx(441,140): error TS7026: JSX element implicitly has type 'any' because no interface 'JSX.IntrinsicElements' exists.
app/(dashboard)/dashboard/invoices/invoices-client.tsx(442,11): error TS7026: JSX element implicitly has type 'any' because no interface 'JSX.IntrinsicElements' exists.
app/(dashboard)/dashboard/invoices/invoices-client.tsx(443,9): error TS7026: JSX element implicitly has type 'any' because no interface 'JSX.IntrinsicElements' exists.
app/(dashboard)/dashboard/invoices/invoices-client.tsx(446,9): error TS7026: JSX element implicitly has type 'any' because no interface 'JSX.IntrinsicElements' exists.
app/(dashboard)/dashboard/invoices/invoices-client.tsx(447,11): error TS7026: JSX element implicitly has type 'any' because no interface 'JSX.IntrinsicElements' exists.
app/(dashboard)/dashboard/invoices/invoices-client.tsx(448,13): error TS7026: JSX element implicitly has type 'any' because no interface 'JSX.IntrinsicElements' exists.
app/(dashboard)/dashboard/invoices/invoices-client.tsx(448,30): error TS7026: JSX element implicitly has type 'any' because no interface 'JSX.IntrinsicElements' exists.
app/(dashboard)/dashboard/invoices/invoices-client.tsx(449,13): error TS7026: JSX element implicitly has type 'any' because no interface 'JSX.IntrinsicElements' exists.
app/(dashboard)/dashboard/invoices/invoices-client.tsx(449,25): error TS7026: JSX element implicitly has type 'any' because no interface 'JSX.IntrinsicElements' exists.
app/(dashboard)/dashboard/invoices/invoices-client.tsx(450,11): error TS7026: JSX element implicitly has type 'any' because no interface 'JSX.IntrinsicElements' exists.
app/(dashboard)/dashboard/invoices/invoices-client.tsx(451,11): error TS7026: JSX element implicitly has type 'any' because no interface 'JSX.IntrinsicElements' exists.
app/(dashboard)/dashboard/invoices/invoices-client.tsx(452,13): error TS7026: JSX element implicitly has type 'any' because no interface 'JSX.IntrinsicElements' exists.
app/(dashboard)/dashboard/invoices/invoices-client.tsx(453,15): error TS7026: JSX element implicitly has type 'any' because no interface 'JSX.IntrinsicElements' exists.
app/(dashboard)/dashboard/invoices/invoices-client.tsx(453,79): error TS7026: JSX element implicitly has type 'any' because no interface 'JSX.IntrinsicElements' exists.
app/(dashboard)/dashboard/invoices/invoices-client.tsx(454,15): error TS7026: JSX element implicitly has type 'any' because no interface 'JSX.IntrinsicElements' exists.
app/(dashboard)/dashboard/invoices/invoices-client.tsx(454,97): error TS7026: JSX element implicitly has type 'any' because no interface 'JSX.IntrinsicElements' exists.
app/(dashboard)/dashboard/invoices/invoices-client.tsx(455,13): error TS7026: JSX element implicitly has type 'any' because no interface 'JSX.IntrinsicElements' exists.
app/(dashboard)/dashboard/invoices/invoices-client.tsx(456,13): error TS7026: JSX element implicitly has type 'any' because no interface 'JSX.IntrinsicElements' exists.
app/(dashboard)/dashboard/invoices/invoices-client.tsx(456,103): error TS7026: JSX element implicitly has type 'any' because no interface 'JSX.IntrinsicElements' exists.
app/(dashboard)/dashboard/invoices/invoices-client.tsx(457,11): error TS7026: JSX element implicitly has type 'any' because no interface 'JSX.IntrinsicElements' exists.
app/(dashboard)/dashboard/invoices/invoices-client.tsx(458,9): error TS7026: JSX element implicitly has type 'any' because no interface 'JSX.IntrinsicElements' exists.
app/(dashboard)/dashboard/invoices/invoices-client.tsx(461,9): error TS7026: JSX element implicitly has type 'any' because no interface 'JSX.IntrinsicElements' exists.
app/(dashboard)/dashboard/invoices/invoices-client.tsx(462,11): error TS7026: JSX element implicitly has type 'any' because no interface 'JSX.IntrinsicElements' exists.
app/(dashboard)/dashboard/invoices/invoices-client.tsx(463,13): error TS7026: JSX element implicitly has type 'any' because no interface 'JSX.IntrinsicElements' exists.
app/(dashboard)/dashboard/invoices/invoices-client.tsx(463,27): error TS7026: JSX element implicitly has type 'any' because no interface 'JSX.IntrinsicElements' exists.
app/(dashboard)/dashboard/invoices/invoices-client.tsx(464,13): error TS7026: JSX element implicitly has type 'any' because no interface 'JSX.IntrinsicElements' exists.
app/(dashboard)/dashboard/invoices/invoices-client.tsx(464,53): error TS7026: JSX element implicitly has type 'any' because no interface 'JSX.IntrinsicElements' exists.
app/(dashboard)/dashboard/invoices/invoices-client.tsx(465,11): error TS7026: JSX element implicitly has type 'any' because no interface 'JSX.IntrinsicElements' exists.
app/(dashboard)/dashboard/invoices/invoices-client.tsx(466,11): error TS7026: JSX element implicitly has type 'any' because no interface 'JSX.IntrinsicElements' exists.
app/(dashboard)/dashboard/invoices/invoices-client.tsx(467,13): error TS7026: JSX element implicitly has type 'any' because no interface 'JSX.IntrinsicElements' exists.
app/(dashboard)/dashboard/invoices/invoices-client.tsx(467,28): error TS7026: JSX element implicitly has type 'any' because no interface 'JSX.IntrinsicElements' exists.
app/(dashboard)/dashboard/invoices/invoices-client.tsx(468,13): error TS7026: JSX element implicitly has type 'any' because no interface 'JSX.IntrinsicElements' exists.
app/(dashboard)/dashboard/invoices/invoices-client.tsx(468,70): error TS7026: JSX element implicitly has type 'any' because no interface 'JSX.IntrinsicElements' exists.
app/(dashboard)/dashboard/invoices/invoices-client.tsx(469,11): error TS7026: JSX element implicitly has type 'any' because no interface 'JSX.IntrinsicElements' exists.
app/(dashboard)/dashboard/invoices/invoices-client.tsx(470,11): error TS7026: JSX element implicitly has type 'any' because no interface 'JSX.IntrinsicElements' exists.
app/(dashboard)/dashboard/invoices/invoices-client.tsx(471,13): error TS7026: JSX element implicitly has type 'any' because no interface 'JSX.IntrinsicElements' exists.
app/(dashboard)/dashboard/invoices/invoices-client.tsx(471,28): error TS7026: JSX element implicitly has type 'any' because no interface 'JSX.IntrinsicElements' exists.
app/(dashboard)/dashboard/invoices/invoices-client.tsx(472,13): error TS7026: JSX element implicitly has type 'any' because no interface 'JSX.IntrinsicElements' exists.
app/(dashboard)/dashboard/invoices/invoices-client.tsx(472,70): error TS7026: JSX element implicitly has type 'any' because no interface 'JSX.IntrinsicElements' exists.
app/(dashboard)/dashboard/invoices/invoices-client.tsx(473,11): error TS7026: JSX element implicitly has type 'any' because no interface 'JSX.IntrinsicElements' exists.
app/(dashboard)/dashboard/invoices/invoices-client.tsx(474,11): error TS7026: JSX element implicitly has type 'any' because no interface 'JSX.IntrinsicElements' exists.
app/(dashboard)/dashboard/invoices/invoices-client.tsx(475,13): error TS7026: JSX element implicitly has type 'any' because no interface 'JSX.IntrinsicElements' exists.
app/(dashboard)/dashboard/invoices/invoices-client.tsx(475,77): error TS7026: JSX element implicitly has type 'any' because no interface 'JSX.IntrinsicElements' exists.
app/(dashboard)/dashboard/invoices/invoices-client.tsx(476,13): error TS7026: JSX element implicitly has type 'any' because no interface 'JSX.IntrinsicElements' exists.
app/(dashboard)/dashboard/invoices/invoices-client.tsx(476,107): error TS7026: JSX element implicitly has type 'any' because no interface 'JSX.IntrinsicElements' exists.
app/(dashboard)/dashboard/invoices/invoices-client.tsx(477,11): error TS7026: JSX element implicitly has type 'any' because no interface 'JSX.IntrinsicElements' exists.
app/(dashboard)/dashboard/invoices/invoices-client.tsx(478,9): error TS7026: JSX element implicitly has type 'any' because no interface 'JSX.IntrinsicElements' exists.
app/(dashboard)/dashboard/invoices/invoices-client.tsx(482,11): error TS7026: JSX element implicitly has type 'any' because no interface 'JSX.IntrinsicElements' exists.
app/(dashboard)/dashboard/invoices/invoices-client.tsx(484,13): error TS7026: JSX element implicitly has type 'any' because no interface 'JSX.IntrinsicElements' exists.
app/(dashboard)/dashboard/invoices/invoices-client.tsx(484,88): error TS7026: JSX element implicitly has type 'any' because no interface 'JSX.IntrinsicElements' exists.
app/(dashboard)/dashboard/invoices/invoices-client.tsx(486,15): error TS7026: JSX element implicitly has type 'any' because no interface 'JSX.IntrinsicElements' exists.
app/(dashboard)/dashboard/invoices/invoices-client.tsx(486,93): error TS7026: JSX element implicitly has type 'any' because no interface 'JSX.IntrinsicElements' exists.
app/(dashboard)/dashboard/invoices/invoices-client.tsx(488,11): error TS7026: JSX element implicitly has type 'any' because no interface 'JSX.IntrinsicElements' exists.
app/(dashboard)/dashboard/invoices/invoices-client.tsx(490,7): error TS7026: JSX element implicitly has type 'any' because no interface 'JSX.IntrinsicElements' exists.
app/(dashboard)/dashboard/invoices/invoices-client.tsx(493,7): error TS7026: JSX element implicitly has type 'any' because no interface 'JSX.IntrinsicElements' exists.
app/(dashboard)/dashboard/invoices/invoices-client.tsx(494,9): error TS7026: JSX element implicitly has type 'any' because no interface 'JSX.IntrinsicElements' exists.
app/(dashboard)/dashboard/invoices/invoices-client.tsx(508,9): error TS7026: JSX element implicitly has type 'any' because no interface 'JSX.IntrinsicElements' exists.
app/(dashboard)/dashboard/invoices/invoices-client.tsx(509,9): error TS7026: JSX element implicitly has type 'any' because no interface 'JSX.IntrinsicElements' exists.
app/(dashboard)/dashboard/invoices/invoices-client.tsx(509,94): error TS7026: JSX element implicitly has type 'any' because no interface 'JSX.IntrinsicElements' exists.
app/(dashboard)/dashboard/invoices/invoices-client.tsx(510,9): error TS7026: JSX element implicitly has type 'any' because no interface 'JSX.IntrinsicElements' exists.
app/(dashboard)/dashboard/invoices/invoices-client.tsx(510,108): error TS7026: JSX element implicitly has type 'any' because no interface 'JSX.IntrinsicElements' exists.
app/(dashboard)/dashboard/invoices/invoices-client.tsx(511,7): error TS7026: JSX element implicitly has type 'any' because no interface 'JSX.IntrinsicElements' exists.
app/(dashboard)/dashboard/invoices/invoices-client.tsx(544,11): error TS7026: JSX element implicitly has type 'any' because no interface 'JSX.IntrinsicElements' exists.
app/(dashboard)/dashboard/invoices/invoices-client.tsx(551,11): error TS7026: JSX element implicitly has type 'any' because no interface 'JSX.IntrinsicElements' exists.
app/(dashboard)/dashboard/invoices/invoices-client.tsx(566,49): error TS7006: Parameter 'open' implicitly has an 'any' type.
app/(dashboard)/dashboard/invoices/invoices-client.tsx(572,9): error TS7026: JSX element implicitly has type 'any' because no interface 'JSX.IntrinsicElements' exists.
app/(dashboard)/dashboard/invoices/invoices-client.tsx(579,9): error TS7026: JSX element implicitly has type 'any' because no interface 'JSX.IntrinsicElements' exists.
app/(dashboard)/dashboard/invoices/page.tsx(10,10): error TS2875: This JSX tag requires the module path 'react/jsx-runtime' to exist, but none could be found. Make sure you have types for the appropriate package installed.
app/(dashboard)/dashboard/loading.tsx(4,10): error TS2875: This JSX tag requires the module path 'react/jsx-runtime' to exist, but none could be found. Make sure you have types for the appropriate package installed.
app/(dashboard)/dashboard/page.tsx(8,10): error TS2875: This JSX tag requires the module path 'react/jsx-runtime' to exist, but none could be found. Make sure you have types for the appropriate package installed.
app/(dashboard)/dashboard/products/new/page.tsx(3,24): error TS2307: Cannot find module 'react' or its corresponding type declarations.
app/(dashboard)/dashboard/products/new/page.tsx(4,27): error TS2307: Cannot find module 'next/navigation' or its corresponding type declarations.
app/(dashboard)/dashboard/products/new/page.tsx(5,18): error TS2307: Cannot find module 'next/link' or its corresponding type declarations.
app/(dashboard)/dashboard/products/new/page.tsx(24,8): error TS2307: Cannot find module '@phosphor-icons/react' or its corresponding type declarations.
app/(dashboard)/dashboard/products/new/page.tsx(27,10): error TS2305: Module '"@/hooks/use-products"' has no exported member 'useCreateProduct'.
app/(dashboard)/dashboard/products/new/page.tsx(28,23): error TS2307: Cannot find module 'sonner' or its corresponding type declarations.
app/(dashboard)/dashboard/products/new/page.tsx(85,5): error TS7026: JSX element implicitly has type 'any' because no interface 'JSX.IntrinsicElements' exists.
app/(dashboard)/dashboard/products/new/page.tsx(85,5): error TS2875: This JSX tag requires the module path 'react/jsx-runtime' to exist, but none could be found. Make sure you have types for the appropriate package installed.
app/(dashboard)/dashboard/products/new/page.tsx(87,7): error TS7026: JSX element implicitly has type 'any' because no interface 'JSX.IntrinsicElements' exists.
app/(dashboard)/dashboard/products/new/page.tsx(88,9): error TS7026: JSX element implicitly has type 'any' because no interface 'JSX.IntrinsicElements' exists.
app/(dashboard)/dashboard/products/new/page.tsx(89,11): error TS7026: JSX element implicitly has type 'any' because no interface 'JSX.IntrinsicElements' exists.
app/(dashboard)/dashboard/products/new/page.tsx(90,13): error TS7026: JSX element implicitly has type 'any' because no interface 'JSX.IntrinsicElements' exists.
app/(dashboard)/dashboard/products/new/page.tsx(98,17): error TS7026: JSX element implicitly has type 'any' because no interface 'JSX.IntrinsicElements' exists.
app/(dashboard)/dashboard/products/new/page.tsx(98,56): error TS7026: JSX element implicitly has type 'any' because no interface 'JSX.IntrinsicElements' exists.
app/(dashboard)/dashboard/products/new/page.tsx(101,15): error TS7026: JSX element implicitly has type 'any' because no interface 'JSX.IntrinsicElements' exists.
app/(dashboard)/dashboard/products/new/page.tsx(110,13): error TS7026: JSX element implicitly has type 'any' because no interface 'JSX.IntrinsicElements' exists.
app/(dashboard)/dashboard/products/new/page.tsx(112,13): error TS7026: JSX element implicitly has type 'any' because no interface 'JSX.IntrinsicElements' exists.
app/(dashboard)/dashboard/products/new/page.tsx(128,21): error TS7026: JSX element implicitly has type 'any' because no interface 'JSX.IntrinsicElements' exists.
app/(dashboard)/dashboard/products/new/page.tsx(128,68): error TS7026: JSX element implicitly has type 'any' because no interface 'JSX.IntrinsicElements' exists.
app/(dashboard)/dashboard/products/new/page.tsx(129,21): error TS7026: JSX element implicitly has type 'any' because no interface 'JSX.IntrinsicElements' exists.
app/(dashboard)/dashboard/products/new/page.tsx(129,53): error TS7026: JSX element implicitly has type 'any' because no interface 'JSX.IntrinsicElements' exists.
app/(dashboard)/dashboard/products/new/page.tsx(133,13): error TS7026: JSX element implicitly has type 'any' because no interface 'JSX.IntrinsicElements' exists.
app/(dashboard)/dashboard/products/new/page.tsx(134,11): error TS7026: JSX element implicitly has type 'any' because no interface 'JSX.IntrinsicElements' exists.
app/(dashboard)/dashboard/products/new/page.tsx(135,9): error TS7026: JSX element implicitly has type 'any' because no interface 'JSX.IntrinsicElements' exists.
app/(dashboard)/dashboard/products/new/page.tsx(136,7): error TS7026: JSX element implicitly has type 'any' because no interface 'JSX.IntrinsicElements' exists.
app/(dashboard)/dashboard/products/new/page.tsx(139,7): error TS7026: JSX element implicitly has type 'any' because no interface 'JSX.IntrinsicElements' exists.
app/(dashboard)/dashboard/products/new/page.tsx(141,9): error TS7026: JSX element implicitly has type 'any' because no interface 'JSX.IntrinsicElements' exists.
app/(dashboard)/dashboard/products/new/page.tsx(142,11): error TS7026: JSX element implicitly has type 'any' because no interface 'JSX.IntrinsicElements' exists.
app/(dashboard)/dashboard/products/new/page.tsx(143,13): error TS7026: JSX element implicitly has type 'any' because no interface 'JSX.IntrinsicElements' exists.
app/(dashboard)/dashboard/products/new/page.tsx(145,13): error TS7026: JSX element implicitly has type 'any' because no interface 'JSX.IntrinsicElements' exists.
app/(dashboard)/dashboard/products/new/page.tsx(146,13): error TS7026: JSX element implicitly has type 'any' because no interface 'JSX.IntrinsicElements' exists.
app/(dashboard)/dashboard/products/new/page.tsx(147,15): error TS7026: JSX element implicitly has type 'any' because no interface 'JSX.IntrinsicElements' exists.
app/(dashboard)/dashboard/products/new/page.tsx(147,98): error TS7026: JSX element implicitly has type 'any' because no interface 'JSX.IntrinsicElements' exists.
app/(dashboard)/dashboard/products/new/page.tsx(148,15): error TS7026: JSX element implicitly has type 'any' because no interface 'JSX.IntrinsicElements' exists.
app/(dashboard)/dashboard/products/new/page.tsx(150,15): error TS7026: JSX element implicitly has type 'any' because no interface 'JSX.IntrinsicElements' exists.
app/(dashboard)/dashboard/products/new/page.tsx(151,13): error TS7026: JSX element implicitly has type 'any' because no interface 'JSX.IntrinsicElements' exists.
app/(dashboard)/dashboard/products/new/page.tsx(152,11): error TS7026: JSX element implicitly has type 'any' because no interface 'JSX.IntrinsicElements' exists.
app/(dashboard)/dashboard/products/new/page.tsx(153,9): error TS7026: JSX element implicitly has type 'any' because no interface 'JSX.IntrinsicElements' exists.
app/(dashboard)/dashboard/products/new/page.tsx(156,9): error TS7026: JSX element implicitly has type 'any' because no interface 'JSX.IntrinsicElements' exists.
app/(dashboard)/dashboard/products/new/page.tsx(157,11): error TS7026: JSX element implicitly has type 'any' because no interface 'JSX.IntrinsicElements' exists.
app/(dashboard)/dashboard/products/new/page.tsx(159,13): error TS7026: JSX element implicitly has type 'any' because no interface 'JSX.IntrinsicElements' exists.
app/(dashboard)/dashboard/products/new/page.tsx(161,15): error TS7026: JSX element implicitly has type 'any' because no interface 'JSX.IntrinsicElements' exists.
app/(dashboard)/dashboard/products/new/page.tsx(162,17): error TS7026: JSX element implicitly has type 'any' because no interface 'JSX.IntrinsicElements' exists.
app/(dashboard)/dashboard/products/new/page.tsx(163,19): error TS7026: JSX element implicitly has type 'any' because no interface 'JSX.IntrinsicElements' exists.
app/(dashboard)/dashboard/products/new/page.tsx(165,21): error TS7026: JSX element implicitly has type 'any' because no interface 'JSX.IntrinsicElements' exists.
app/(dashboard)/dashboard/products/new/page.tsx(165,103): error TS7026: JSX element implicitly has type 'any' because no interface 'JSX.IntrinsicElements' exists.
app/(dashboard)/dashboard/products/new/page.tsx(166,19): error TS7026: JSX element implicitly has type 'any' because no interface 'JSX.IntrinsicElements' exists.
app/(dashboard)/dashboard/products/new/page.tsx(167,17): error TS7026: JSX element implicitly has type 'any' because no interface 'JSX.IntrinsicElements' exists.
app/(dashboard)/dashboard/products/new/page.tsx(169,17): error TS7026: JSX element implicitly has type 'any' because no interface 'JSX.IntrinsicElements' exists.
app/(dashboard)/dashboard/products/new/page.tsx(171,19): error TS7026: JSX element implicitly has type 'any' because no interface 'JSX.IntrinsicElements' exists.
app/(dashboard)/dashboard/products/new/page.tsx(172,21): error TS7026: JSX element implicitly has type 'any' because no interface 'JSX.IntrinsicElements' exists.
app/(dashboard)/dashboard/products/new/page.tsx(174,23): error TS7026: JSX element implicitly has type 'any' because no interface 'JSX.IntrinsicElements' exists.
app/(dashboard)/dashboard/products/new/page.tsx(174,58): error TS7026: JSX element implicitly has type 'any' because no interface 'JSX.IntrinsicElements' exists.
app/(dashboard)/dashboard/products/new/page.tsx(175,21): error TS7026: JSX element implicitly has type 'any' because no interface 'JSX.IntrinsicElements' exists.
app/(dashboard)/dashboard/products/new/page.tsx(176,22): error TS2559: Type '{ children: any; }' has no properties in common with type 'InputRootProps'.
app/(dashboard)/dashboard/products/new/page.tsx(181,38): error TS7006: Parameter 'e' implicitly has an 'any' type.
app/(dashboard)/dashboard/products/new/page.tsx(186,19): error TS7026: JSX element implicitly has type 'any' because no interface 'JSX.IntrinsicElements' exists.
app/(dashboard)/dashboard/products/new/page.tsx(189,19): error TS7026: JSX element implicitly has type 'any' because no interface 'JSX.IntrinsicElements' exists.
app/(dashboard)/dashboard/products/new/page.tsx(190,21): error TS7026: JSX element implicitly has type 'any' because no interface 'JSX.IntrinsicElements' exists.
app/(dashboard)/dashboard/products/new/page.tsx(191,23): error TS7026: JSX element implicitly has type 'any' because no interface 'JSX.IntrinsicElements' exists.
app/(dashboard)/dashboard/products/new/page.tsx(193,25): error TS7026: JSX element implicitly has type 'any' because no interface 'JSX.IntrinsicElements' exists.
app/(dashboard)/dashboard/products/new/page.tsx(193,60): error TS7026: JSX element implicitly has type 'any' because no interface 'JSX.IntrinsicElements' exists.
app/(dashboard)/dashboard/products/new/page.tsx(194,23): error TS7026: JSX element implicitly has type 'any' because no interface 'JSX.IntrinsicElements' exists.
app/(dashboard)/dashboard/products/new/page.tsx(195,24): error TS2559: Type '{ children: any; }' has no properties in common with type 'InputRootProps'.
app/(dashboard)/dashboard/products/new/page.tsx(200,40): error TS7006: Parameter 'e' implicitly has an 'any' type.
app/(dashboard)/dashboard/products/new/page.tsx(205,21): error TS7026: JSX element implicitly has type 'any' because no interface 'JSX.IntrinsicElements' exists.
app/(dashboard)/dashboard/products/new/page.tsx(207,21): error TS7026: JSX element implicitly has type 'any' because no interface 'JSX.IntrinsicElements' exists.
app/(dashboard)/dashboard/products/new/page.tsx(208,23): error TS7026: JSX element implicitly has type 'any' because no interface 'JSX.IntrinsicElements' exists.
app/(dashboard)/dashboard/products/new/page.tsx(210,25): error TS7026: JSX element implicitly has type 'any' because no interface 'JSX.IntrinsicElements' exists.
app/(dashboard)/dashboard/products/new/page.tsx(210,60): error TS7026: JSX element implicitly has type 'any' because no interface 'JSX.IntrinsicElements' exists.
app/(dashboard)/dashboard/products/new/page.tsx(211,23): error TS7026: JSX element implicitly has type 'any' because no interface 'JSX.IntrinsicElements' exists.
app/(dashboard)/dashboard/products/new/page.tsx(214,41): error TS7006: Parameter 'value' implicitly has an 'any' type.
app/(dashboard)/dashboard/products/new/page.tsx(221,44): error TS7006: Parameter 'cat' implicitly has an 'any' type.
app/(dashboard)/dashboard/products/new/page.tsx(223,31): error TS7026: JSX element implicitly has type 'any' because no interface 'JSX.IntrinsicElements' exists.
app/(dashboard)/dashboard/products/new/page.tsx(223,72): error TS7026: JSX element implicitly has type 'any' because no interface 'JSX.IntrinsicElements' exists.
app/(dashboard)/dashboard/products/new/page.tsx(229,21): error TS7026: JSX element implicitly has type 'any' because no interface 'JSX.IntrinsicElements' exists.
app/(dashboard)/dashboard/products/new/page.tsx(230,19): error TS7026: JSX element implicitly has type 'any' because no interface 'JSX.IntrinsicElements' exists.
app/(dashboard)/dashboard/products/new/page.tsx(233,19): error TS7026: JSX element implicitly has type 'any' because no interface 'JSX.IntrinsicElements' exists.
app/(dashboard)/dashboard/products/new/page.tsx(234,21): error TS7026: JSX element implicitly has type 'any' because no interface 'JSX.IntrinsicElements' exists.
app/(dashboard)/dashboard/products/new/page.tsx(236,21): error TS7026: JSX element implicitly has type 'any' because no interface 'JSX.IntrinsicElements' exists.
app/(dashboard)/dashboard/products/new/page.tsx(240,34): error TS7006: Parameter 'e' implicitly has an 'any' type.
app/(dashboard)/dashboard/products/new/page.tsx(243,21): error TS7026: JSX element implicitly has type 'any' because no interface 'JSX.IntrinsicElements' exists.
app/(dashboard)/dashboard/products/new/page.tsx(244,23): error TS7026: JSX element implicitly has type 'any' because no interface 'JSX.IntrinsicElements' exists.
app/(dashboard)/dashboard/products/new/page.tsx(246,23): error TS7026: JSX element implicitly has type 'any' because no interface 'JSX.IntrinsicElements' exists.
app/(dashboard)/dashboard/products/new/page.tsx(247,21): error TS7026: JSX element implicitly has type 'any' because no interface 'JSX.IntrinsicElements' exists.
app/(dashboard)/dashboard/products/new/page.tsx(248,19): error TS7026: JSX element implicitly has type 'any' because no interface 'JSX.IntrinsicElements' exists.
app/(dashboard)/dashboard/products/new/page.tsx(249,17): error TS7026: JSX element implicitly has type 'any' because no interface 'JSX.IntrinsicElements' exists.
app/(dashboard)/dashboard/products/new/page.tsx(250,15): error TS7026: JSX element implicitly has type 'any' because no interface 'JSX.IntrinsicElements' exists.
app/(dashboard)/dashboard/products/new/page.tsx(253,15): error TS7026: JSX element implicitly has type 'any' because no interface 'JSX.IntrinsicElements' exists.
app/(dashboard)/dashboard/products/new/page.tsx(254,17): error TS7026: JSX element implicitly has type 'any' because no interface 'JSX.IntrinsicElements' exists.
app/(dashboard)/dashboard/products/new/page.tsx(255,19): error TS7026: JSX element implicitly has type 'any' because no interface 'JSX.IntrinsicElements' exists.
app/(dashboard)/dashboard/products/new/page.tsx(257,21): error TS7026: JSX element implicitly has type 'any' because no interface 'JSX.IntrinsicElements' exists.
app/(dashboard)/dashboard/products/new/page.tsx(257,99): error TS7026: JSX element implicitly has type 'any' because no interface 'JSX.IntrinsicElements' exists.
app/(dashboard)/dashboard/products/new/page.tsx(258,19): error TS7026: JSX element implicitly has type 'any' because no interface 'JSX.IntrinsicElements' exists.
app/(dashboard)/dashboard/products/new/page.tsx(259,17): error TS7026: JSX element implicitly has type 'any' because no interface 'JSX.IntrinsicElements' exists.
app/(dashboard)/dashboard/products/new/page.tsx(261,17): error TS7026: JSX element implicitly has type 'any' because no interface 'JSX.IntrinsicElements' exists.
app/(dashboard)/dashboard/products/new/page.tsx(262,19): error TS7026: JSX element implicitly has type 'any' because no interface 'JSX.IntrinsicElements' exists.
app/(dashboard)/dashboard/products/new/page.tsx(264,21): error TS7026: JSX element implicitly has type 'any' because no interface 'JSX.IntrinsicElements' exists.
app/(dashboard)/dashboard/products/new/page.tsx(265,23): error TS7026: JSX element implicitly has type 'any' because no interface 'JSX.IntrinsicElements' exists.
app/(dashboard)/dashboard/products/new/page.tsx(267,25): error TS7026: JSX element implicitly has type 'any' because no interface 'JSX.IntrinsicElements' exists.
app/(dashboard)/dashboard/products/new/page.tsx(267,60): error TS7026: JSX element implicitly has type 'any' because no interface 'JSX.IntrinsicElements' exists.
app/(dashboard)/dashboard/products/new/page.tsx(268,23): error TS7026: JSX element implicitly has type 'any' because no interface 'JSX.IntrinsicElements' exists.
app/(dashboard)/dashboard/products/new/page.tsx(269,24): error TS2559: Type '{ children: any; }' has no properties in common with type 'InputRootProps'.
app/(dashboard)/dashboard/products/new/page.tsx(271,27): error TS7026: JSX element implicitly has type 'any' because no interface 'JSX.IntrinsicElements' exists.
app/(dashboard)/dashboard/products/new/page.tsx(271,76): error TS7026: JSX element implicitly has type 'any' because no interface 'JSX.IntrinsicElements' exists.
app/(dashboard)/dashboard/products/new/page.tsx(276,40): error TS7006: Parameter 'e' implicitly has an 'any' type.
app/(dashboard)/dashboard/products/new/page.tsx(281,21): error TS7026: JSX element implicitly has type 'any' because no interface 'JSX.IntrinsicElements' exists.
app/(dashboard)/dashboard/products/new/page.tsx(284,21): error TS7026: JSX element implicitly has type 'any' because no interface 'JSX.IntrinsicElements' exists.
app/(dashboard)/dashboard/products/new/page.tsx(285,23): error TS7026: JSX element implicitly has type 'any' because no interface 'JSX.IntrinsicElements' exists.
app/(dashboard)/dashboard/products/new/page.tsx(287,25): error TS7026: JSX element implicitly has type 'any' because no interface 'JSX.IntrinsicElements' exists.
app/(dashboard)/dashboard/products/new/page.tsx(287,95): error TS7026: JSX element implicitly has type 'any' because no interface 'JSX.IntrinsicElements' exists.
app/(dashboard)/dashboard/products/new/page.tsx(288,23): error TS7026: JSX element implicitly has type 'any' because no interface 'JSX.IntrinsicElements' exists.
app/(dashboard)/dashboard/products/new/page.tsx(289,24): error TS2559: Type '{ children: any; }' has no properties in common with type 'InputRootProps'.
app/(dashboard)/dashboard/products/new/page.tsx(296,40): error TS7006: Parameter 'e' implicitly has an 'any' type.
app/(dashboard)/dashboard/products/new/page.tsx(300,21): error TS7026: JSX element implicitly has type 'any' because no interface 'JSX.IntrinsicElements' exists.
app/(dashboard)/dashboard/products/new/page.tsx(301,19): error TS7026: JSX element implicitly has type 'any' because no interface 'JSX.IntrinsicElements' exists.
app/(dashboard)/dashboard/products/new/page.tsx(302,17): error TS7026: JSX element implicitly has type 'any' because no interface 'JSX.IntrinsicElements' exists.
app/(dashboard)/dashboard/products/new/page.tsx(303,15): error TS7026: JSX element implicitly has type 'any' because no interface 'JSX.IntrinsicElements' exists.
app/(dashboard)/dashboard/products/new/page.tsx(304,13): error TS7026: JSX element implicitly has type 'any' because no interface 'JSX.IntrinsicElements' exists.
app/(dashboard)/dashboard/products/new/page.tsx(307,13): error TS7026: JSX element implicitly has type 'any' because no interface 'JSX.IntrinsicElements' exists.
app/(dashboard)/dashboard/products/new/page.tsx(308,15): error TS7026: JSX element implicitly has type 'any' because no interface 'JSX.IntrinsicElements' exists.
app/(dashboard)/dashboard/products/new/page.tsx(309,17): error TS7026: JSX element implicitly has type 'any' because no interface 'JSX.IntrinsicElements' exists.
app/(dashboard)/dashboard/products/new/page.tsx(310,19): error TS7026: JSX element implicitly has type 'any' because no interface 'JSX.IntrinsicElements' exists.
app/(dashboard)/dashboard/products/new/page.tsx(311,21): error TS7026: JSX element implicitly has type 'any' because no interface 'JSX.IntrinsicElements' exists.
app/(dashboard)/dashboard/products/new/page.tsx(313,23): error TS7026: JSX element implicitly has type 'any' because no interface 'JSX.IntrinsicElements' exists.
app/(dashboard)/dashboard/products/new/page.tsx(313,99): error TS7026: JSX element implicitly has type 'any' because no interface 'JSX.IntrinsicElements' exists.
app/(dashboard)/dashboard/products/new/page.tsx(314,21): error TS7026: JSX element implicitly has type 'any' because no interface 'JSX.IntrinsicElements' exists.
app/(dashboard)/dashboard/products/new/page.tsx(315,19): error TS7026: JSX element implicitly has type 'any' because no interface 'JSX.IntrinsicElements' exists.
app/(dashboard)/dashboard/products/new/page.tsx(317,19): error TS7026: JSX element implicitly has type 'any' because no interface 'JSX.IntrinsicElements' exists.
app/(dashboard)/dashboard/products/new/page.tsx(319,23): error TS7026: JSX element implicitly has type 'any' because no interface 'JSX.IntrinsicElements' exists.
app/(dashboard)/dashboard/products/new/page.tsx(320,25): error TS7026: JSX element implicitly has type 'any' because no interface 'JSX.IntrinsicElements' exists.
app/(dashboard)/dashboard/products/new/page.tsx(325,25): error TS7026: JSX element implicitly has type 'any' because no interface 'JSX.IntrinsicElements' exists.
app/(dashboard)/dashboard/products/new/page.tsx(331,25): error TS7026: JSX element implicitly has type 'any' because no interface 'JSX.IntrinsicElements' exists.
app/(dashboard)/dashboard/products/new/page.tsx(332,23): error TS7026: JSX element implicitly has type 'any' because no interface 'JSX.IntrinsicElements' exists.
app/(dashboard)/dashboard/products/new/page.tsx(337,25): error TS7026: JSX element implicitly has type 'any' because no interface 'JSX.IntrinsicElements' exists.
app/(dashboard)/dashboard/products/new/page.tsx(338,43): error TS7026: JSX element implicitly has type 'any' because no interface 'JSX.IntrinsicElements' exists.
app/(dashboard)/dashboard/products/new/page.tsx(340,25): error TS7026: JSX element implicitly has type 'any' because no interface 'JSX.IntrinsicElements' exists.
app/(dashboard)/dashboard/products/new/page.tsx(341,25): error TS7026: JSX element implicitly has type 'any' because no interface 'JSX.IntrinsicElements' exists.
app/(dashboard)/dashboard/products/new/page.tsx(350,19): error TS7026: JSX element implicitly has type 'any' because no interface 'JSX.IntrinsicElements' exists.
app/(dashboard)/dashboard/products/new/page.tsx(351,17): error TS7026: JSX element implicitly has type 'any' because no interface 'JSX.IntrinsicElements' exists.
app/(dashboard)/dashboard/products/new/page.tsx(354,17): error TS7026: JSX element implicitly has type 'any' because no interface 'JSX.IntrinsicElements' exists.
app/(dashboard)/dashboard/products/new/page.tsx(355,19): error TS7026: JSX element implicitly has type 'any' because no interface 'JSX.IntrinsicElements' exists.
app/(dashboard)/dashboard/products/new/page.tsx(355,101): error TS7026: JSX element implicitly has type 'any' because no interface 'JSX.IntrinsicElements' exists.
app/(dashboard)/dashboard/products/new/page.tsx(356,19): error TS7026: JSX element implicitly has type 'any' because no interface 'JSX.IntrinsicElements' exists.
app/(dashboard)/dashboard/products/new/page.tsx(357,21): error TS7026: JSX element implicitly has type 'any' because no interface 'JSX.IntrinsicElements' exists.
app/(dashboard)/dashboard/products/new/page.tsx(357,58): error TS7026: JSX element implicitly has type 'any' because no interface 'JSX.IntrinsicElements' exists.
app/(dashboard)/dashboard/products/new/page.tsx(358,21): error TS7026: JSX element implicitly has type 'any' because no interface 'JSX.IntrinsicElements' exists.
app/(dashboard)/dashboard/products/new/page.tsx(358,68): error TS7026: JSX element implicitly has type 'any' because no interface 'JSX.IntrinsicElements' exists.
app/(dashboard)/dashboard/products/new/page.tsx(359,21): error TS7026: JSX element implicitly has type 'any' because no interface 'JSX.IntrinsicElements' exists.
app/(dashboard)/dashboard/products/new/page.tsx(359,72): error TS7026: JSX element implicitly has type 'any' because no interface 'JSX.IntrinsicElements' exists.
app/(dashboard)/dashboard/products/new/page.tsx(360,19): error TS7026: JSX element implicitly has type 'any' because no interface 'JSX.IntrinsicElements' exists.
app/(dashboard)/dashboard/products/new/page.tsx(361,17): error TS7026: JSX element implicitly has type 'any' because no interface 'JSX.IntrinsicElements' exists.
app/(dashboard)/dashboard/products/new/page.tsx(362,15): error TS7026: JSX element implicitly has type 'any' because no interface 'JSX.IntrinsicElements' exists.
app/(dashboard)/dashboard/products/new/page.tsx(363,13): error TS7026: JSX element implicitly has type 'any' because no interface 'JSX.IntrinsicElements' exists.
app/(dashboard)/dashboard/products/new/page.tsx(364,11): error TS7026: JSX element implicitly has type 'any' because no interface 'JSX.IntrinsicElements' exists.
app/(dashboard)/dashboard/products/new/page.tsx(365,9): error TS7026: JSX element implicitly has type 'any' because no interface 'JSX.IntrinsicElements' exists.
app/(dashboard)/dashboard/products/new/page.tsx(368,9): error TS7026: JSX element implicitly has type 'any' because no interface 'JSX.IntrinsicElements' exists.
app/(dashboard)/dashboard/products/new/page.tsx(369,11): error TS7026: JSX element implicitly has type 'any' because no interface 'JSX.IntrinsicElements' exists.
app/(dashboard)/dashboard/products/new/page.tsx(382,11): error TS7026: JSX element implicitly has type 'any' because no interface 'JSX.IntrinsicElements' exists.
app/(dashboard)/dashboard/products/new/page.tsx(383,9): error TS7026: JSX element implicitly has type 'any' because no interface 'JSX.IntrinsicElements' exists.
app/(dashboard)/dashboard/products/new/page.tsx(386,9): error TS7026: JSX element implicitly has type 'any' because no interface 'JSX.IntrinsicElements' exists.
app/(dashboard)/dashboard/products/new/page.tsx(387,7): error TS7026: JSX element implicitly has type 'any' because no interface 'JSX.IntrinsicElements' exists.
app/(dashboard)/dashboard/products/new/page.tsx(388,5): error TS7026: JSX element implicitly has type 'any' because no interface 'JSX.IntrinsicElements' exists.
app/(dashboard)/dashboard/products/page.tsx(10,10): error TS2875: This JSX tag requires the module path 'react/jsx-runtime' to exist, but none could be found. Make sure you have types for the appropriate package installed.
app/(dashboard)/dashboard/products/products-client.tsx(3,24): error TS2307: Cannot find module 'react' or its corresponding type declarations.
app/(dashboard)/dashboard/products/products-client.tsx(12,19): error TS2307: Cannot find module 'next/image' or its corresponding type declarations.
app/(dashboard)/dashboard/products/products-client.tsx(25,8): error TS2307: Cannot find module '@phosphor-icons/react/dist/ssr' or its corresponding type declarations.
app/(dashboard)/dashboard/products/products-client.tsx(27,23): error TS2307: Cannot find module 'sonner' or its corresponding type declarations.
app/(dashboard)/dashboard/products/products-client.tsx(109,5): error TS7026: JSX element implicitly has type 'any' because no interface 'JSX.IntrinsicElements' exists.
app/(dashboard)/dashboard/products/products-client.tsx(109,5): error TS2875: This JSX tag requires the module path 'react/jsx-runtime' to exist, but none could be found. Make sure you have types for the appropriate package installed.
app/(dashboard)/dashboard/products/products-client.tsx(111,7): error TS7026: JSX element implicitly has type 'any' because no interface 'JSX.IntrinsicElements' exists.
app/(dashboard)/dashboard/products/products-client.tsx(112,9): error TS7026: JSX element implicitly has type 'any' because no interface 'JSX.IntrinsicElements' exists.
app/(dashboard)/dashboard/products/products-client.tsx(113,11): error TS7026: JSX element implicitly has type 'any' because no interface 'JSX.IntrinsicElements' exists.
app/(dashboard)/dashboard/products/products-client.tsx(113,87): error TS7026: JSX element implicitly has type 'any' because no interface 'JSX.IntrinsicElements' exists.
app/(dashboard)/dashboard/products/products-client.tsx(114,11): error TS7026: JSX element implicitly has type 'any' because no interface 'JSX.IntrinsicElements' exists.
app/(dashboard)/dashboard/products/products-client.tsx(116,11): error TS7026: JSX element implicitly has type 'any' because no interface 'JSX.IntrinsicElements' exists.
app/(dashboard)/dashboard/products/products-client.tsx(117,9): error TS7026: JSX element implicitly has type 'any' because no interface 'JSX.IntrinsicElements' exists.
app/(dashboard)/dashboard/products/products-client.tsx(118,9): error TS7026: JSX element implicitly has type 'any' because no interface 'JSX.IntrinsicElements' exists.
app/(dashboard)/dashboard/products/products-client.tsx(121,13): error TS7026: JSX element implicitly has type 'any' because no interface 'JSX.IntrinsicElements' exists.
app/(dashboard)/dashboard/products/products-client.tsx(121,54): error TS7026: JSX element implicitly has type 'any' because no interface 'JSX.IntrinsicElements' exists.
app/(dashboard)/dashboard/products/products-client.tsx(125,13): error TS7026: JSX element implicitly has type 'any' because no interface 'JSX.IntrinsicElements' exists.
app/(dashboard)/dashboard/products/products-client.tsx(125,59): error TS7026: JSX element implicitly has type 'any' because no interface 'JSX.IntrinsicElements' exists.
app/(dashboard)/dashboard/products/products-client.tsx(127,9): error TS7026: JSX element implicitly has type 'any' because no interface 'JSX.IntrinsicElements' exists.
app/(dashboard)/dashboard/products/products-client.tsx(128,7): error TS7026: JSX element implicitly has type 'any' because no interface 'JSX.IntrinsicElements' exists.
app/(dashboard)/dashboard/products/products-client.tsx(131,7): error TS7026: JSX element implicitly has type 'any' because no interface 'JSX.IntrinsicElements' exists.
app/(dashboard)/dashboard/products/products-client.tsx(138,11): error TS7026: JSX element implicitly has type 'any' because no interface 'JSX.IntrinsicElements' exists.
app/(dashboard)/dashboard/products/products-client.tsx(142,13): error TS7026: JSX element implicitly has type 'any' because no interface 'JSX.IntrinsicElements' exists.
app/(dashboard)/dashboard/products/products-client.tsx(144,13): error TS7026: JSX element implicitly has type 'any' because no interface 'JSX.IntrinsicElements' exists.
app/(dashboard)/dashboard/products/products-client.tsx(145,13): error TS7026: JSX element implicitly has type 'any' because no interface 'JSX.IntrinsicElements' exists.
app/(dashboard)/dashboard/products/products-client.tsx(146,15): error TS7026: JSX element implicitly has type 'any' because no interface 'JSX.IntrinsicElements' exists.
app/(dashboard)/dashboard/products/products-client.tsx(146,110): error TS7026: JSX element implicitly has type 'any' because no interface 'JSX.IntrinsicElements' exists.
app/(dashboard)/dashboard/products/products-client.tsx(147,15): error TS7026: JSX element implicitly has type 'any' because no interface 'JSX.IntrinsicElements' exists.
app/(dashboard)/dashboard/products/products-client.tsx(148,17): error TS7026: JSX element implicitly has type 'any' because no interface 'JSX.IntrinsicElements' exists.
app/(dashboard)/dashboard/products/products-client.tsx(148,62): error TS7026: JSX element implicitly has type 'any' because no interface 'JSX.IntrinsicElements' exists.
app/(dashboard)/dashboard/products/products-client.tsx(149,17): error TS7026: JSX element implicitly has type 'any' because no interface 'JSX.IntrinsicElements' exists.
app/(dashboard)/dashboard/products/products-client.tsx(149,64): error TS7026: JSX element implicitly has type 'any' because no interface 'JSX.IntrinsicElements' exists.
app/(dashboard)/dashboard/products/products-client.tsx(150,15): error TS7026: JSX element implicitly has type 'any' because no interface 'JSX.IntrinsicElements' exists.
app/(dashboard)/dashboard/products/products-client.tsx(151,13): error TS7026: JSX element implicitly has type 'any' because no interface 'JSX.IntrinsicElements' exists.
app/(dashboard)/dashboard/products/products-client.tsx(152,11): error TS7026: JSX element implicitly has type 'any' because no interface 'JSX.IntrinsicElements' exists.
app/(dashboard)/dashboard/products/products-client.tsx(154,7): error TS7026: JSX element implicitly has type 'any' because no interface 'JSX.IntrinsicElements' exists.
app/(dashboard)/dashboard/products/products-client.tsx(157,7): error TS7026: JSX element implicitly has type 'any' because no interface 'JSX.IntrinsicElements' exists.
app/(dashboard)/dashboard/products/products-client.tsx(158,9): error TS7026: JSX element implicitly has type 'any' because no interface 'JSX.IntrinsicElements' exists.
app/(dashboard)/dashboard/products/products-client.tsx(160,11): error TS7026: JSX element implicitly has type 'any' because no interface 'JSX.IntrinsicElements' exists.
app/(dashboard)/dashboard/products/products-client.tsx(161,14): error TS2559: Type '{ children: any; }' has no properties in common with type 'InputRootProps'.
app/(dashboard)/dashboard/products/products-client.tsx(167,30): error TS7006: Parameter 'e' implicitly has an 'any' type.
app/(dashboard)/dashboard/products/products-client.tsx(171,11): error TS7026: JSX element implicitly has type 'any' because no interface 'JSX.IntrinsicElements' exists.
app/(dashboard)/dashboard/products/products-client.tsx(174,11): error TS7026: JSX element implicitly has type 'any' because no interface 'JSX.IntrinsicElements' exists.
app/(dashboard)/dashboard/products/products-client.tsx(210,11): error TS7026: JSX element implicitly has type 'any' because no interface 'JSX.IntrinsicElements' exists.
app/(dashboard)/dashboard/products/products-client.tsx(211,9): error TS7026: JSX element implicitly has type 'any' because no interface 'JSX.IntrinsicElements' exists.
app/(dashboard)/dashboard/products/products-client.tsx(212,7): error TS7026: JSX element implicitly has type 'any' because no interface 'JSX.IntrinsicElements' exists.
app/(dashboard)/dashboard/products/products-client.tsx(215,7): error TS7026: JSX element implicitly has type 'any' because no interface 'JSX.IntrinsicElements' exists.
app/(dashboard)/dashboard/products/products-client.tsx(217,9): error TS7026: JSX element implicitly has type 'any' because no interface 'JSX.IntrinsicElements' exists.
app/(dashboard)/dashboard/products/products-client.tsx(218,11): error TS7026: JSX element implicitly has type 'any' because no interface 'JSX.IntrinsicElements' exists.
app/(dashboard)/dashboard/products/products-client.tsx(220,11): error TS7026: JSX element implicitly has type 'any' because no interface 'JSX.IntrinsicElements' exists.
app/(dashboard)/dashboard/products/products-client.tsx(221,9): error TS7026: JSX element implicitly has type 'any' because no interface 'JSX.IntrinsicElements' exists.
app/(dashboard)/dashboard/products/products-client.tsx(225,11): error TS7026: JSX element implicitly has type 'any' because no interface 'JSX.IntrinsicElements' exists.
app/(dashboard)/dashboard/products/products-client.tsx(251,11): error TS7026: JSX element implicitly has type 'any' because no interface 'JSX.IntrinsicElements' exists.
app/(dashboard)/dashboard/products/products-client.tsx(253,11): error TS7026: JSX element implicitly has type 'any' because no interface 'JSX.IntrinsicElements' exists.
app/(dashboard)/dashboard/products/products-client.tsx(254,13): error TS7026: JSX element implicitly has type 'any' because no interface 'JSX.IntrinsicElements' exists.
app/(dashboard)/dashboard/products/products-client.tsx(255,38): error TS7006: Parameter 'product' implicitly has an 'any' type.
app/(dashboard)/dashboard/products/products-client.tsx(257,19): error TS2322: Type '{ key: any; product: any; onEdit: () => any; onDelete: () => void; }' is not assignable to type 'ProductCardProps'.
  Property 'key' does not exist on type 'ProductCardProps'.
app/(dashboard)/dashboard/products/products-client.tsx(263,13): error TS7026: JSX element implicitly has type 'any' because no interface 'JSX.IntrinsicElements' exists.
app/(dashboard)/dashboard/products/products-client.tsx(264,11): error TS7026: JSX element implicitly has type 'any' because no interface 'JSX.IntrinsicElements' exists.
app/(dashboard)/dashboard/products/products-client.tsx(266,7): error TS7026: JSX element implicitly has type 'any' because no interface 'JSX.IntrinsicElements' exists.
app/(dashboard)/dashboard/products/products-client.tsx(289,5): error TS7026: JSX element implicitly has type 'any' because no interface 'JSX.IntrinsicElements' exists.
app/(dashboard)/dashboard/products/products-client.tsx(313,5): error TS7026: JSX element implicitly has type 'any' because no interface 'JSX.IntrinsicElements' exists.
app/(dashboard)/dashboard/products/products-client.tsx(315,7): error TS7026: JSX element implicitly has type 'any' because no interface 'JSX.IntrinsicElements' exists.
app/(dashboard)/dashboard/products/products-client.tsx(326,13): error TS7026: JSX element implicitly has type 'any' because no interface 'JSX.IntrinsicElements' exists.
app/(dashboard)/dashboard/products/products-client.tsx(329,11): error TS7026: JSX element implicitly has type 'any' because no interface 'JSX.IntrinsicElements' exists.
app/(dashboard)/dashboard/products/products-client.tsx(330,13): error TS7026: JSX element implicitly has type 'any' because no interface 'JSX.IntrinsicElements' exists.
app/(dashboard)/dashboard/products/products-client.tsx(332,15): error TS7026: JSX element implicitly has type 'any' because no interface 'JSX.IntrinsicElements' exists.
app/(dashboard)/dashboard/products/products-client.tsx(332,59): error TS7026: JSX element implicitly has type 'any' because no interface 'JSX.IntrinsicElements' exists.
app/(dashboard)/dashboard/products/products-client.tsx(333,13): error TS7026: JSX element implicitly has type 'any' because no interface 'JSX.IntrinsicElements' exists.
app/(dashboard)/dashboard/products/products-client.tsx(334,11): error TS7026: JSX element implicitly has type 'any' because no interface 'JSX.IntrinsicElements' exists.
app/(dashboard)/dashboard/products/products-client.tsx(339,11): error TS7026: JSX element implicitly has type 'any' because no interface 'JSX.IntrinsicElements' exists.
app/(dashboard)/dashboard/products/products-client.tsx(340,13): error TS7026: JSX element implicitly has type 'any' because no interface 'JSX.IntrinsicElements' exists.
app/(dashboard)/dashboard/products/products-client.tsx(342,15): error TS7026: JSX element implicitly has type 'any' because no interface 'JSX.IntrinsicElements' exists.
app/(dashboard)/dashboard/products/products-client.tsx(342,82): error TS7026: JSX element implicitly has type 'any' because no interface 'JSX.IntrinsicElements' exists.
app/(dashboard)/dashboard/products/products-client.tsx(343,13): error TS7026: JSX element implicitly has type 'any' because no interface 'JSX.IntrinsicElements' exists.
app/(dashboard)/dashboard/products/products-client.tsx(344,11): error TS7026: JSX element implicitly has type 'any' because no interface 'JSX.IntrinsicElements' exists.
app/(dashboard)/dashboard/products/products-client.tsx(348,9): error TS7026: JSX element implicitly has type 'any' because no interface 'JSX.IntrinsicElements' exists.
app/(dashboard)/dashboard/products/products-client.tsx(349,11): error TS7026: JSX element implicitly has type 'any' because no interface 'JSX.IntrinsicElements' exists.
app/(dashboard)/dashboard/products/products-client.tsx(354,11): error TS7026: JSX element implicitly has type 'any' because no interface 'JSX.IntrinsicElements' exists.
app/(dashboard)/dashboard/products/products-client.tsx(355,9): error TS7026: JSX element implicitly has type 'any' because no interface 'JSX.IntrinsicElements' exists.
app/(dashboard)/dashboard/products/products-client.tsx(358,9): error TS7026: JSX element implicitly has type 'any' because no interface 'JSX.IntrinsicElements' exists.
app/(dashboard)/dashboard/products/products-client.tsx(359,11): error TS7026: JSX element implicitly has type 'any' because no interface 'JSX.IntrinsicElements' exists.
app/(dashboard)/dashboard/products/products-client.tsx(366,17): error TS7026: JSX element implicitly has type 'any' because no interface 'JSX.IntrinsicElements' exists.
app/(dashboard)/dashboard/products/products-client.tsx(368,17): error TS7026: JSX element implicitly has type 'any' because no interface 'JSX.IntrinsicElements' exists.
app/(dashboard)/dashboard/products/products-client.tsx(374,11): error TS7026: JSX element implicitly has type 'any' because no interface 'JSX.IntrinsicElements' exists.
app/(dashboard)/dashboard/products/products-client.tsx(375,9): error TS7026: JSX element implicitly has type 'any' because no interface 'JSX.IntrinsicElements' exists.
app/(dashboard)/dashboard/products/products-client.tsx(376,7): error TS7026: JSX element implicitly has type 'any' because no interface 'JSX.IntrinsicElements' exists.
app/(dashboard)/dashboard/products/products-client.tsx(379,7): error TS7026: JSX element implicitly has type 'any' because no interface 'JSX.IntrinsicElements' exists.
app/(dashboard)/dashboard/products/products-client.tsx(381,9): error TS7026: JSX element implicitly has type 'any' because no interface 'JSX.IntrinsicElements' exists.
app/(dashboard)/dashboard/products/products-client.tsx(382,11): error TS7026: JSX element implicitly has type 'any' because no interface 'JSX.IntrinsicElements' exists.
app/(dashboard)/dashboard/products/products-client.tsx(384,11): error TS7026: JSX element implicitly has type 'any' because no interface 'JSX.IntrinsicElements' exists.
app/(dashboard)/dashboard/products/products-client.tsx(385,9): error TS7026: JSX element implicitly has type 'any' because no interface 'JSX.IntrinsicElements' exists.
app/(dashboard)/dashboard/products/products-client.tsx(388,9): error TS7026: JSX element implicitly has type 'any' because no interface 'JSX.IntrinsicElements' exists.
app/(dashboard)/dashboard/products/products-client.tsx(390,9): error TS7026: JSX element implicitly has type 'any' because no interface 'JSX.IntrinsicElements' exists.
app/(dashboard)/dashboard/products/products-client.tsx(393,9): error TS7026: JSX element implicitly has type 'any' because no interface 'JSX.IntrinsicElements' exists.
app/(dashboard)/dashboard/products/products-client.tsx(395,9): error TS7026: JSX element implicitly has type 'any' because no interface 'JSX.IntrinsicElements' exists.
app/(dashboard)/dashboard/products/products-client.tsx(398,9): error TS7026: JSX element implicitly has type 'any' because no interface 'JSX.IntrinsicElements' exists.
app/(dashboard)/dashboard/products/products-client.tsx(399,11): error TS7026: JSX element implicitly has type 'any' because no interface 'JSX.IntrinsicElements' exists.
app/(dashboard)/dashboard/products/products-client.tsx(401,11): error TS7026: JSX element implicitly has type 'any' because no interface 'JSX.IntrinsicElements' exists.
app/(dashboard)/dashboard/products/products-client.tsx(403,13): error TS7026: JSX element implicitly has type 'any' because no interface 'JSX.IntrinsicElements' exists.
app/(dashboard)/dashboard/products/products-client.tsx(410,13): error TS7026: JSX element implicitly has type 'any' because no interface 'JSX.IntrinsicElements' exists.
app/(dashboard)/dashboard/products/products-client.tsx(412,13): error TS7026: JSX element implicitly has type 'any' because no interface 'JSX.IntrinsicElements' exists.
app/(dashboard)/dashboard/products/products-client.tsx(412,75): error TS7026: JSX element implicitly has type 'any' because no interface 'JSX.IntrinsicElements' exists.
app/(dashboard)/dashboard/products/products-client.tsx(414,9): error TS7026: JSX element implicitly has type 'any' because no interface 'JSX.IntrinsicElements' exists.
app/(dashboard)/dashboard/products/products-client.tsx(415,7): error TS7026: JSX element implicitly has type 'any' because no interface 'JSX.IntrinsicElements' exists.
app/(dashboard)/dashboard/products/products-client.tsx(416,5): error TS7026: JSX element implicitly has type 'any' because no interface 'JSX.IntrinsicElements' exists.
app/(dashboard)/dashboard/products/products-client.tsx(503,11): error TS7026: JSX element implicitly has type 'any' because no interface 'JSX.IntrinsicElements' exists.
app/(dashboard)/dashboard/products/products-client.tsx(504,13): error TS7026: JSX element implicitly has type 'any' because no interface 'JSX.IntrinsicElements' exists.
app/(dashboard)/dashboard/products/products-client.tsx(505,15): error TS7026: JSX element implicitly has type 'any' because no interface 'JSX.IntrinsicElements' exists.
app/(dashboard)/dashboard/products/products-client.tsx(506,30): error TS7026: JSX element implicitly has type 'any' because no interface 'JSX.IntrinsicElements' exists.
app/(dashboard)/dashboard/products/products-client.tsx(506,65): error TS7026: JSX element implicitly has type 'any' because no interface 'JSX.IntrinsicElements' exists.
app/(dashboard)/dashboard/products/products-client.tsx(507,15): error TS7026: JSX element implicitly has type 'any' because no interface 'JSX.IntrinsicElements' exists.
app/(dashboard)/dashboard/products/products-client.tsx(508,16): error TS2559: Type '{ children: any; }' has no properties in common with type 'InputRootProps'.
app/(dashboard)/dashboard/products/products-client.tsx(513,32): error TS7006: Parameter 'e' implicitly has an 'any' type.
app/(dashboard)/dashboard/products/products-client.tsx(517,13): error TS7026: JSX element implicitly has type 'any' because no interface 'JSX.IntrinsicElements' exists.
app/(dashboard)/dashboard/products/products-client.tsx(519,13): error TS7026: JSX element implicitly has type 'any' because no interface 'JSX.IntrinsicElements' exists.
app/(dashboard)/dashboard/products/products-client.tsx(520,15): error TS7026: JSX element implicitly has type 'any' because no interface 'JSX.IntrinsicElements' exists.
app/(dashboard)/dashboard/products/products-client.tsx(522,15): error TS7026: JSX element implicitly has type 'any' because no interface 'JSX.IntrinsicElements' exists.
app/(dashboard)/dashboard/products/products-client.tsx(526,17): error TS7026: JSX element implicitly has type 'any' because no interface 'JSX.IntrinsicElements' exists.
app/(dashboard)/dashboard/products/products-client.tsx(528,17): error TS7026: JSX element implicitly has type 'any' because no interface 'JSX.IntrinsicElements' exists.
app/(dashboard)/dashboard/products/products-client.tsx(529,17): error TS7026: JSX element implicitly has type 'any' because no interface 'JSX.IntrinsicElements' exists.
app/(dashboard)/dashboard/products/products-client.tsx(536,13): error TS7026: JSX element implicitly has type 'any' because no interface 'JSX.IntrinsicElements' exists.
app/(dashboard)/dashboard/products/products-client.tsx(538,13): error TS7026: JSX element implicitly has type 'any' because no interface 'JSX.IntrinsicElements' exists.
app/(dashboard)/dashboard/products/products-client.tsx(539,15): error TS7026: JSX element implicitly has type 'any' because no interface 'JSX.IntrinsicElements' exists.
app/(dashboard)/dashboard/products/products-client.tsx(540,17): error TS7026: JSX element implicitly has type 'any' because no interface 'JSX.IntrinsicElements' exists.
app/(dashboard)/dashboard/products/products-client.tsx(541,28): error TS7026: JSX element implicitly has type 'any' because no interface 'JSX.IntrinsicElements' exists.
app/(dashboard)/dashboard/products/products-client.tsx(541,63): error TS7026: JSX element implicitly has type 'any' because no interface 'JSX.IntrinsicElements' exists.
app/(dashboard)/dashboard/products/products-client.tsx(542,17): error TS7026: JSX element implicitly has type 'any' because no interface 'JSX.IntrinsicElements' exists.
app/(dashboard)/dashboard/products/products-client.tsx(555,15): error TS7026: JSX element implicitly has type 'any' because no interface 'JSX.IntrinsicElements' exists.
app/(dashboard)/dashboard/products/products-client.tsx(556,15): error TS7026: JSX element implicitly has type 'any' because no interface 'JSX.IntrinsicElements' exists.
app/(dashboard)/dashboard/products/products-client.tsx(557,17): error TS7026: JSX element implicitly has type 'any' because no interface 'JSX.IntrinsicElements' exists.
app/(dashboard)/dashboard/products/products-client.tsx(558,28): error TS7026: JSX element implicitly has type 'any' because no interface 'JSX.IntrinsicElements' exists.
app/(dashboard)/dashboard/products/products-client.tsx(558,63): error TS7026: JSX element implicitly has type 'any' because no interface 'JSX.IntrinsicElements' exists.
app/(dashboard)/dashboard/products/products-client.tsx(559,17): error TS7026: JSX element implicitly has type 'any' because no interface 'JSX.IntrinsicElements' exists.
app/(dashboard)/dashboard/products/products-client.tsx(572,15): error TS7026: JSX element implicitly has type 'any' because no interface 'JSX.IntrinsicElements' exists.
app/(dashboard)/dashboard/products/products-client.tsx(573,13): error TS7026: JSX element implicitly has type 'any' because no interface 'JSX.IntrinsicElements' exists.
app/(dashboard)/dashboard/products/products-client.tsx(575,13): error TS7026: JSX element implicitly has type 'any' because no interface 'JSX.IntrinsicElements' exists.
app/(dashboard)/dashboard/products/products-client.tsx(576,15): error TS7026: JSX element implicitly has type 'any' because no interface 'JSX.IntrinsicElements' exists.
app/(dashboard)/dashboard/products/products-client.tsx(577,17): error TS7026: JSX element implicitly has type 'any' because no interface 'JSX.IntrinsicElements' exists.
app/(dashboard)/dashboard/products/products-client.tsx(578,29): error TS7026: JSX element implicitly has type 'any' because no interface 'JSX.IntrinsicElements' exists.
app/(dashboard)/dashboard/products/products-client.tsx(578,64): error TS7026: JSX element implicitly has type 'any' because no interface 'JSX.IntrinsicElements' exists.
app/(dashboard)/dashboard/products/products-client.tsx(579,17): error TS7026: JSX element implicitly has type 'any' because no interface 'JSX.IntrinsicElements' exists.
app/(dashboard)/dashboard/products/products-client.tsx(580,18): error TS2559: Type '{ children: any; }' has no properties in common with type 'InputRootProps'.
app/(dashboard)/dashboard/products/products-client.tsx(586,34): error TS7006: Parameter 'e' implicitly has an 'any' type.
app/(dashboard)/dashboard/products/products-client.tsx(590,15): error TS7026: JSX element implicitly has type 'any' because no interface 'JSX.IntrinsicElements' exists.
app/(dashboard)/dashboard/products/products-client.tsx(591,15): error TS7026: JSX element implicitly has type 'any' because no interface 'JSX.IntrinsicElements' exists.
app/(dashboard)/dashboard/products/products-client.tsx(592,17): error TS7026: JSX element implicitly has type 'any' because no interface 'JSX.IntrinsicElements' exists.
app/(dashboard)/dashboard/products/products-client.tsx(594,17): error TS7026: JSX element implicitly has type 'any' because no interface 'JSX.IntrinsicElements' exists.
app/(dashboard)/dashboard/products/products-client.tsx(595,18): error TS2559: Type '{ children: any; }' has no properties in common with type 'InputRootProps'.
app/(dashboard)/dashboard/products/products-client.tsx(600,34): error TS7006: Parameter 'e' implicitly has an 'any' type.
app/(dashboard)/dashboard/products/products-client.tsx(604,15): error TS7026: JSX element implicitly has type 'any' because no interface 'JSX.IntrinsicElements' exists.
app/(dashboard)/dashboard/products/products-client.tsx(605,13): error TS7026: JSX element implicitly has type 'any' because no interface 'JSX.IntrinsicElements' exists.
app/(dashboard)/dashboard/products/products-client.tsx(607,13): error TS7026: JSX element implicitly has type 'any' because no interface 'JSX.IntrinsicElements' exists.
app/(dashboard)/dashboard/products/products-client.tsx(608,15): error TS7026: JSX element implicitly has type 'any' because no interface 'JSX.IntrinsicElements' exists.
app/(dashboard)/dashboard/products/products-client.tsx(610,15): error TS7026: JSX element implicitly has type 'any' because no interface 'JSX.IntrinsicElements' exists.
app/(dashboard)/dashboard/products/products-client.tsx(611,16): error TS2559: Type '{ children: any; }' has no properties in common with type 'InputRootProps'.
app/(dashboard)/dashboard/products/products-client.tsx(616,32): error TS7006: Parameter 'e' implicitly has an 'any' type.
app/(dashboard)/dashboard/products/products-client.tsx(620,13): error TS7026: JSX element implicitly has type 'any' because no interface 'JSX.IntrinsicElements' exists.
app/(dashboard)/dashboard/products/products-client.tsx(622,13): error TS7026: JSX element implicitly has type 'any' because no interface 'JSX.IntrinsicElements' exists.
app/(dashboard)/dashboard/products/products-client.tsx(623,15): error TS7026: JSX element implicitly has type 'any' because no interface 'JSX.IntrinsicElements' exists.
app/(dashboard)/dashboard/products/products-client.tsx(625,15): error TS7026: JSX element implicitly has type 'any' because no interface 'JSX.IntrinsicElements' exists.
app/(dashboard)/dashboard/products/products-client.tsx(629,28): error TS7006: Parameter 'e' implicitly has an 'any' type.
app/(dashboard)/dashboard/products/products-client.tsx(632,15): error TS7026: JSX element implicitly has type 'any' because no interface 'JSX.IntrinsicElements' exists.
app/(dashboard)/dashboard/products/products-client.tsx(634,15): error TS7026: JSX element implicitly has type 'any' because no interface 'JSX.IntrinsicElements' exists.
app/(dashboard)/dashboard/products/products-client.tsx(635,13): error TS7026: JSX element implicitly has type 'any' because no interface 'JSX.IntrinsicElements' exists.
app/(dashboard)/dashboard/products/products-client.tsx(636,11): error TS7026: JSX element implicitly has type 'any' because no interface 'JSX.IntrinsicElements' exists.
app/(dashboard)/dashboard/products/products-client.tsx(764,13): error TS7026: JSX element implicitly has type 'any' because no interface 'JSX.IntrinsicElements' exists.
app/(dashboard)/dashboard/products/products-client.tsx(765,15): error TS7026: JSX element implicitly has type 'any' because no interface 'JSX.IntrinsicElements' exists.
app/(dashboard)/dashboard/products/products-client.tsx(767,15): error TS7026: JSX element implicitly has type 'any' because no interface 'JSX.IntrinsicElements' exists.
app/(dashboard)/dashboard/products/products-client.tsx(774,15): error TS7026: JSX element implicitly has type 'any' because no interface 'JSX.IntrinsicElements' exists.
app/(dashboard)/dashboard/products/products-client.tsx(775,17): error TS7026: JSX element implicitly has type 'any' because no interface 'JSX.IntrinsicElements' exists.
app/(dashboard)/dashboard/products/products-client.tsx(775,91): error TS7026: JSX element implicitly has type 'any' because no interface 'JSX.IntrinsicElements' exists.
app/(dashboard)/dashboard/products/products-client.tsx(776,17): error TS7026: JSX element implicitly has type 'any' because no interface 'JSX.IntrinsicElements' exists.
app/(dashboard)/dashboard/products/products-client.tsx(780,17): error TS7026: JSX element implicitly has type 'any' because no interface 'JSX.IntrinsicElements' exists.
app/(dashboard)/dashboard/products/products-client.tsx(781,15): error TS7026: JSX element implicitly has type 'any' because no interface 'JSX.IntrinsicElements' exists.
app/(dashboard)/dashboard/products/products-client.tsx(782,13): error TS7026: JSX element implicitly has type 'any' because no interface 'JSX.IntrinsicElements' exists.
app/(dashboard)/dashboard/products/products-client.tsx(786,13): error TS7026: JSX element implicitly has type 'any' because no interface 'JSX.IntrinsicElements' exists.
app/(dashboard)/dashboard/products/products-client.tsx(787,15): error TS7026: JSX element implicitly has type 'any' because no interface 'JSX.IntrinsicElements' exists.
app/(dashboard)/dashboard/products/products-client.tsx(789,15): error TS7026: JSX element implicitly has type 'any' because no interface 'JSX.IntrinsicElements' exists.
app/(dashboard)/dashboard/products/products-client.tsx(790,15): error TS7026: JSX element implicitly has type 'any' because no interface 'JSX.IntrinsicElements' exists.
app/(dashboard)/dashboard/products/products-client.tsx(791,47): error TS7006: Parameter 'product' implicitly has an 'any' type.
app/(dashboard)/dashboard/products/products-client.tsx(791,56): error TS7006: Parameter 'idx' implicitly has an 'any' type.
app/(dashboard)/dashboard/products/products-client.tsx(792,19): error TS7026: JSX element implicitly has type 'any' because no interface 'JSX.IntrinsicElements' exists.
app/(dashboard)/dashboard/products/products-client.tsx(793,21): error TS7026: JSX element implicitly has type 'any' because no interface 'JSX.IntrinsicElements' exists.
app/(dashboard)/dashboard/products/products-client.tsx(793,85): error TS7026: JSX element implicitly has type 'any' because no interface 'JSX.IntrinsicElements' exists.
app/(dashboard)/dashboard/products/products-client.tsx(794,21): error TS7026: JSX element implicitly has type 'any' because no interface 'JSX.IntrinsicElements' exists.
app/(dashboard)/dashboard/products/products-client.tsx(796,21): error TS7026: JSX element implicitly has type 'any' because no interface 'JSX.IntrinsicElements' exists.
app/(dashboard)/dashboard/products/products-client.tsx(797,19): error TS7026: JSX element implicitly has type 'any' because no interface 'JSX.IntrinsicElements' exists.
app/(dashboard)/dashboard/products/products-client.tsx(800,19): error TS7026: JSX element implicitly has type 'any' because no interface 'JSX.IntrinsicElements' exists.
app/(dashboard)/dashboard/products/products-client.tsx(802,19): error TS7026: JSX element implicitly has type 'any' because no interface 'JSX.IntrinsicElements' exists.
app/(dashboard)/dashboard/products/products-client.tsx(804,15): error TS7026: JSX element implicitly has type 'any' because no interface 'JSX.IntrinsicElements' exists.
app/(dashboard)/dashboard/products/products-client.tsx(805,13): error TS7026: JSX element implicitly has type 'any' because no interface 'JSX.IntrinsicElements' exists.
app/(dashboard)/dashboard/products/products-client.tsx(809,14): error TS7026: JSX element implicitly has type 'any' because no interface 'JSX.IntrinsicElements' exists.
app/(dashboard)/dashboard/products/products-client.tsx(810,17): error TS7026: JSX element implicitly has type 'any' because no interface 'JSX.IntrinsicElements' exists.
app/(dashboard)/dashboard/products/products-client.tsx(811,21): error TS7026: JSX element implicitly has type 'any' because no interface 'JSX.IntrinsicElements' exists.
app/(dashboard)/dashboard/products/products-client.tsx(813,21): error TS7026: JSX element implicitly has type 'any' because no interface 'JSX.IntrinsicElements' exists.
app/(dashboard)/dashboard/products/products-client.tsx(814,21): error TS7026: JSX element implicitly has type 'any' because no interface 'JSX.IntrinsicElements' exists.
app/(dashboard)/dashboard/products/products-client.tsx(814,103): error TS7026: JSX element implicitly has type 'any' because no interface 'JSX.IntrinsicElements' exists.
app/(dashboard)/dashboard/products/products-client.tsx(815,21): error TS7026: JSX element implicitly has type 'any' because no interface 'JSX.IntrinsicElements' exists.
app/(dashboard)/dashboard/products/products-client.tsx(817,21): error TS7026: JSX element implicitly has type 'any' because no interface 'JSX.IntrinsicElements' exists.
app/(dashboard)/dashboard/products/products-client.tsx(818,17): error TS7026: JSX element implicitly has type 'any' because no interface 'JSX.IntrinsicElements' exists.
app/(dashboard)/dashboard/products/products-client.tsx(820,22): error TS7026: JSX element implicitly has type 'any' because no interface 'JSX.IntrinsicElements' exists.
app/(dashboard)/dashboard/products/products-client.tsx(821,25): error TS7026: JSX element implicitly has type 'any' because no interface 'JSX.IntrinsicElements' exists.
app/(dashboard)/dashboard/products/products-client.tsx(821,94): error TS7026: JSX element implicitly has type 'any' because no interface 'JSX.IntrinsicElements' exists.
app/(dashboard)/dashboard/products/products-client.tsx(822,25): error TS7026: JSX element implicitly has type 'any' because no interface 'JSX.IntrinsicElements' exists.
app/(dashboard)/dashboard/products/products-client.tsx(823,75): error TS7026: JSX element implicitly has type 'any' because no interface 'JSX.IntrinsicElements' exists.
app/(dashboard)/dashboard/products/products-client.tsx(823,90): error TS7026: JSX element implicitly has type 'any' because no interface 'JSX.IntrinsicElements' exists.
app/(dashboard)/dashboard/products/products-client.tsx(824,25): error TS7026: JSX element implicitly has type 'any' because no interface 'JSX.IntrinsicElements' exists.
app/(dashboard)/dashboard/products/products-client.tsx(825,22): error TS7026: JSX element implicitly has type 'any' because no interface 'JSX.IntrinsicElements' exists.
app/(dashboard)/dashboard/products/products-client.tsx(827,14): error TS7026: JSX element implicitly has type 'any' because no interface 'JSX.IntrinsicElements' exists.
app/(dashboard)/dashboard/profile/page.tsx(8,10): error TS2875: This JSX tag requires the module path 'react/jsx-runtime' to exist, but none could be found. Make sure you have types for the appropriate package installed.
app/(dashboard)/dashboard/profile/profile-client.tsx(3,24): error TS2307: Cannot find module 'react' or its corresponding type declarations.
app/(dashboard)/dashboard/profile/profile-client.tsx(29,8): error TS2307: Cannot find module '@phosphor-icons/react/dist/ssr' or its corresponding type declarations.
app/(dashboard)/dashboard/profile/profile-client.tsx(35,18): error TS2694: Namespace '"C:/Users/Shivam Gupta/Downloads/BACKEND+FRONTEND/Hypedrive Brand/lib/encore-client".auth' has no exported member 'User'.
app/(dashboard)/dashboard/profile/profile-client.tsx(105,7): error TS7026: JSX element implicitly has type 'any' because no interface 'JSX.IntrinsicElements' exists.
app/(dashboard)/dashboard/profile/profile-client.tsx(105,7): error TS2875: This JSX tag requires the module path 'react/jsx-runtime' to exist, but none could be found. Make sure you have types for the appropriate package installed.
app/(dashboard)/dashboard/profile/profile-client.tsx(106,9): error TS7026: JSX element implicitly has type 'any' because no interface 'JSX.IntrinsicElements' exists.
app/(dashboard)/dashboard/profile/profile-client.tsx(107,9): error TS7026: JSX element implicitly has type 'any' because no interface 'JSX.IntrinsicElements' exists.
app/(dashboard)/dashboard/profile/profile-client.tsx(108,7): error TS7026: JSX element implicitly has type 'any' because no interface 'JSX.IntrinsicElements' exists.
app/(dashboard)/dashboard/profile/profile-client.tsx(113,5): error TS7026: JSX element implicitly has type 'any' because no interface 'JSX.IntrinsicElements' exists.
app/(dashboard)/dashboard/profile/profile-client.tsx(115,7): error TS7026: JSX element implicitly has type 'any' because no interface 'JSX.IntrinsicElements' exists.
app/(dashboard)/dashboard/profile/profile-client.tsx(116,9): error TS7026: JSX element implicitly has type 'any' because no interface 'JSX.IntrinsicElements' exists.
app/(dashboard)/dashboard/profile/profile-client.tsx(116,87): error TS7026: JSX element implicitly has type 'any' because no interface 'JSX.IntrinsicElements' exists.
app/(dashboard)/dashboard/profile/profile-client.tsx(117,9): error TS7026: JSX element implicitly has type 'any' because no interface 'JSX.IntrinsicElements' exists.
app/(dashboard)/dashboard/profile/profile-client.tsx(119,9): error TS7026: JSX element implicitly has type 'any' because no interface 'JSX.IntrinsicElements' exists.
app/(dashboard)/dashboard/profile/profile-client.tsx(120,7): error TS7026: JSX element implicitly has type 'any' because no interface 'JSX.IntrinsicElements' exists.
app/(dashboard)/dashboard/profile/profile-client.tsx(123,7): error TS7026: JSX element implicitly has type 'any' because no interface 'JSX.IntrinsicElements' exists.
app/(dashboard)/dashboard/profile/profile-client.tsx(124,9): error TS7026: JSX element implicitly has type 'any' because no interface 'JSX.IntrinsicElements' exists.
app/(dashboard)/dashboard/profile/profile-client.tsx(132,11): error TS7026: JSX element implicitly has type 'any' because no interface 'JSX.IntrinsicElements' exists.
app/(dashboard)/dashboard/profile/profile-client.tsx(133,13): error TS7026: JSX element implicitly has type 'any' because no interface 'JSX.IntrinsicElements' exists.
app/(dashboard)/dashboard/profile/profile-client.tsx(133,111): error TS7026: JSX element implicitly has type 'any' because no interface 'JSX.IntrinsicElements' exists.
app/(dashboard)/dashboard/profile/profile-client.tsx(134,13): error TS7026: JSX element implicitly has type 'any' because no interface 'JSX.IntrinsicElements' exists.
app/(dashboard)/dashboard/profile/profile-client.tsx(134,106): error TS7026: JSX element implicitly has type 'any' because no interface 'JSX.IntrinsicElements' exists.
app/(dashboard)/dashboard/profile/profile-client.tsx(135,11): error TS7026: JSX element implicitly has type 'any' because no interface 'JSX.IntrinsicElements' exists.
app/(dashboard)/dashboard/profile/profile-client.tsx(136,9): error TS7026: JSX element implicitly has type 'any' because no interface 'JSX.IntrinsicElements' exists.
app/(dashboard)/dashboard/profile/profile-client.tsx(137,10): error TS2322: Type '{ children: any[]; columns: 3; className: string; }' is not assignable to type 'MetricGroupProps'.
  Property 'children' does not exist on type 'MetricGroupProps'.
app/(dashboard)/dashboard/profile/profile-client.tsx(138,138): error TS2322: Type '{ label: string; value: string; size: string; }' is not assignable to type 'MetricProps'.
  Property 'size' does not exist on type 'MetricProps'.
app/(dashboard)/dashboard/profile/profile-client.tsx(139,67): error TS2322: Type '{ label: string; value: any; size: string; }' is not assignable to type 'MetricProps'.
  Property 'size' does not exist on type 'MetricProps'.
app/(dashboard)/dashboard/profile/profile-client.tsx(140,86): error TS2322: Type '{ label: string; value: string; size: string; className: any; }' is not assignable to type 'MetricProps'.
  Property 'size' does not exist on type 'MetricProps'.
app/(dashboard)/dashboard/profile/profile-client.tsx(142,7): error TS7026: JSX element implicitly has type 'any' because no interface 'JSX.IntrinsicElements' exists.
app/(dashboard)/dashboard/profile/profile-client.tsx(145,7): error TS7026: JSX element implicitly has type 'any' because no interface 'JSX.IntrinsicElements' exists.
app/(dashboard)/dashboard/profile/profile-client.tsx(146,57): error TS7006: Parameter 'v' implicitly has an 'any' type.
app/(dashboard)/dashboard/profile/profile-client.tsx(166,7): error TS7026: JSX element implicitly has type 'any' because no interface 'JSX.IntrinsicElements' exists.
app/(dashboard)/dashboard/profile/profile-client.tsx(175,5): error TS7026: JSX element implicitly has type 'any' because no interface 'JSX.IntrinsicElements' exists.
app/(dashboard)/dashboard/profile/profile-client.tsx(198,16): error TS7006: Parameter 'prev' implicitly has an 'any' type.
app/(dashboard)/dashboard/profile/profile-client.tsx(205,5): error TS7026: JSX element implicitly has type 'any' because no interface 'JSX.IntrinsicElements' exists.
app/(dashboard)/dashboard/profile/profile-client.tsx(207,7): error TS7026: JSX element implicitly has type 'any' because no interface 'JSX.IntrinsicElements' exists.
app/(dashboard)/dashboard/profile/profile-client.tsx(208,9): error TS7026: JSX element implicitly has type 'any' because no interface 'JSX.IntrinsicElements' exists.
app/(dashboard)/dashboard/profile/profile-client.tsx(208,103): error TS7026: JSX element implicitly has type 'any' because no interface 'JSX.IntrinsicElements' exists.
app/(dashboard)/dashboard/profile/profile-client.tsx(209,9): error TS7026: JSX element implicitly has type 'any' because no interface 'JSX.IntrinsicElements' exists.
app/(dashboard)/dashboard/profile/profile-client.tsx(217,11): error TS7026: JSX element implicitly has type 'any' because no interface 'JSX.IntrinsicElements' exists.
app/(dashboard)/dashboard/profile/profile-client.tsx(221,15): error TS7026: JSX element implicitly has type 'any' because no interface 'JSX.IntrinsicElements' exists.
app/(dashboard)/dashboard/profile/profile-client.tsx(223,15): error TS7026: JSX element implicitly has type 'any' because no interface 'JSX.IntrinsicElements' exists.
app/(dashboard)/dashboard/profile/profile-client.tsx(224,15): error TS7026: JSX element implicitly has type 'any' because no interface 'JSX.IntrinsicElements' exists.
app/(dashboard)/dashboard/profile/profile-client.tsx(231,11): error TS7026: JSX element implicitly has type 'any' because no interface 'JSX.IntrinsicElements' exists.
app/(dashboard)/dashboard/profile/profile-client.tsx(232,9): error TS7026: JSX element implicitly has type 'any' because no interface 'JSX.IntrinsicElements' exists.
app/(dashboard)/dashboard/profile/profile-client.tsx(233,7): error TS7026: JSX element implicitly has type 'any' because no interface 'JSX.IntrinsicElements' exists.
app/(dashboard)/dashboard/profile/profile-client.tsx(236,7): error TS7026: JSX element implicitly has type 'any' because no interface 'JSX.IntrinsicElements' exists.
app/(dashboard)/dashboard/profile/profile-client.tsx(237,9): error TS7026: JSX element implicitly has type 'any' because no interface 'JSX.IntrinsicElements' exists.
app/(dashboard)/dashboard/profile/profile-client.tsx(237,110): error TS7026: JSX element implicitly has type 'any' because no interface 'JSX.IntrinsicElements' exists.
app/(dashboard)/dashboard/profile/profile-client.tsx(238,9): error TS7026: JSX element implicitly has type 'any' because no interface 'JSX.IntrinsicElements' exists.
app/(dashboard)/dashboard/profile/profile-client.tsx(239,11): error TS7026: JSX element implicitly has type 'any' because no interface 'JSX.IntrinsicElements' exists.
app/(dashboard)/dashboard/profile/profile-client.tsx(240,13): error TS7026: JSX element implicitly has type 'any' because no interface 'JSX.IntrinsicElements' exists.
app/(dashboard)/dashboard/profile/profile-client.tsx(242,13): error TS7026: JSX element implicitly has type 'any' because no interface 'JSX.IntrinsicElements' exists.
app/(dashboard)/dashboard/profile/profile-client.tsx(243,14): error TS2559: Type '{ children: any; }' has no properties in common with type 'InputRootProps'.
app/(dashboard)/dashboard/profile/profile-client.tsx(247,30): error TS7006: Parameter 'e' implicitly has an 'any' type.
app/(dashboard)/dashboard/profile/profile-client.tsx(251,11): error TS7026: JSX element implicitly has type 'any' because no interface 'JSX.IntrinsicElements' exists.
app/(dashboard)/dashboard/profile/profile-client.tsx(252,11): error TS7026: JSX element implicitly has type 'any' because no interface 'JSX.IntrinsicElements' exists.
app/(dashboard)/dashboard/profile/profile-client.tsx(253,13): error TS7026: JSX element implicitly has type 'any' because no interface 'JSX.IntrinsicElements' exists.
app/(dashboard)/dashboard/profile/profile-client.tsx(255,13): error TS7026: JSX element implicitly has type 'any' because no interface 'JSX.IntrinsicElements' exists.
app/(dashboard)/dashboard/profile/profile-client.tsx(256,14): error TS2559: Type '{ children: any; }' has no properties in common with type 'InputRootProps'.
app/(dashboard)/dashboard/profile/profile-client.tsx(261,30): error TS7006: Parameter 'e' implicitly has an 'any' type.
app/(dashboard)/dashboard/profile/profile-client.tsx(265,13): error TS7026: JSX element implicitly has type 'any' because no interface 'JSX.IntrinsicElements' exists.
app/(dashboard)/dashboard/profile/profile-client.tsx(267,15): error TS7026: JSX element implicitly has type 'any' because no interface 'JSX.IntrinsicElements' exists.
app/(dashboard)/dashboard/profile/profile-client.tsx(269,15): error TS7026: JSX element implicitly has type 'any' because no interface 'JSX.IntrinsicElements' exists.
app/(dashboard)/dashboard/profile/profile-client.tsx(270,13): error TS7026: JSX element implicitly has type 'any' because no interface 'JSX.IntrinsicElements' exists.
app/(dashboard)/dashboard/profile/profile-client.tsx(271,11): error TS7026: JSX element implicitly has type 'any' because no interface 'JSX.IntrinsicElements' exists.
app/(dashboard)/dashboard/profile/profile-client.tsx(272,9): error TS7026: JSX element implicitly has type 'any' because no interface 'JSX.IntrinsicElements' exists.
app/(dashboard)/dashboard/profile/profile-client.tsx(273,9): error TS7026: JSX element implicitly has type 'any' because no interface 'JSX.IntrinsicElements' exists.
app/(dashboard)/dashboard/profile/profile-client.tsx(277,9): error TS7026: JSX element implicitly has type 'any' because no interface 'JSX.IntrinsicElements' exists.
app/(dashboard)/dashboard/profile/profile-client.tsx(278,7): error TS7026: JSX element implicitly has type 'any' because no interface 'JSX.IntrinsicElements' exists.
app/(dashboard)/dashboard/profile/profile-client.tsx(279,5): error TS7026: JSX element implicitly has type 'any' because no interface 'JSX.IntrinsicElements' exists.
app/(dashboard)/dashboard/profile/profile-client.tsx(311,5): error TS7026: JSX element implicitly has type 'any' because no interface 'JSX.IntrinsicElements' exists.
app/(dashboard)/dashboard/profile/profile-client.tsx(313,7): error TS7026: JSX element implicitly has type 'any' because no interface 'JSX.IntrinsicElements' exists.
app/(dashboard)/dashboard/profile/profile-client.tsx(314,9): error TS7026: JSX element implicitly has type 'any' because no interface 'JSX.IntrinsicElements' exists.
app/(dashboard)/dashboard/profile/profile-client.tsx(314,80): error TS7026: JSX element implicitly has type 'any' because no interface 'JSX.IntrinsicElements' exists.
app/(dashboard)/dashboard/profile/profile-client.tsx(315,9): error TS7026: JSX element implicitly has type 'any' because no interface 'JSX.IntrinsicElements' exists.
app/(dashboard)/dashboard/profile/profile-client.tsx(316,11): error TS7026: JSX element implicitly has type 'any' because no interface 'JSX.IntrinsicElements' exists.
app/(dashboard)/dashboard/profile/profile-client.tsx(317,13): error TS7026: JSX element implicitly has type 'any' because no interface 'JSX.IntrinsicElements' exists.
app/(dashboard)/dashboard/profile/profile-client.tsx(319,13): error TS7026: JSX element implicitly has type 'any' because no interface 'JSX.IntrinsicElements' exists.
app/(dashboard)/dashboard/profile/profile-client.tsx(320,14): error TS2559: Type '{ children: any; }' has no properties in common with type 'InputRootProps'.
app/(dashboard)/dashboard/profile/profile-client.tsx(325,30): error TS7006: Parameter 'e' implicitly has an 'any' type.
app/(dashboard)/dashboard/profile/profile-client.tsx(329,11): error TS7026: JSX element implicitly has type 'any' because no interface 'JSX.IntrinsicElements' exists.
app/(dashboard)/dashboard/profile/profile-client.tsx(330,11): error TS7026: JSX element implicitly has type 'any' because no interface 'JSX.IntrinsicElements' exists.
app/(dashboard)/dashboard/profile/profile-client.tsx(331,13): error TS7026: JSX element implicitly has type 'any' because no interface 'JSX.IntrinsicElements' exists.
app/(dashboard)/dashboard/profile/profile-client.tsx(333,13): error TS7026: JSX element implicitly has type 'any' because no interface 'JSX.IntrinsicElements' exists.
app/(dashboard)/dashboard/profile/profile-client.tsx(334,14): error TS2559: Type '{ children: any; }' has no properties in common with type 'InputRootProps'.
app/(dashboard)/dashboard/profile/profile-client.tsx(339,30): error TS7006: Parameter 'e' implicitly has an 'any' type.
app/(dashboard)/dashboard/profile/profile-client.tsx(343,11): error TS7026: JSX element implicitly has type 'any' because no interface 'JSX.IntrinsicElements' exists.
app/(dashboard)/dashboard/profile/profile-client.tsx(344,11): error TS7026: JSX element implicitly has type 'any' because no interface 'JSX.IntrinsicElements' exists.
app/(dashboard)/dashboard/profile/profile-client.tsx(345,13): error TS7026: JSX element implicitly has type 'any' because no interface 'JSX.IntrinsicElements' exists.
app/(dashboard)/dashboard/profile/profile-client.tsx(347,13): error TS7026: JSX element implicitly has type 'any' because no interface 'JSX.IntrinsicElements' exists.
app/(dashboard)/dashboard/profile/profile-client.tsx(348,14): error TS2559: Type '{ children: any; }' has no properties in common with type 'InputRootProps'.
app/(dashboard)/dashboard/profile/profile-client.tsx(353,30): error TS7006: Parameter 'e' implicitly has an 'any' type.
app/(dashboard)/dashboard/profile/profile-client.tsx(357,11): error TS7026: JSX element implicitly has type 'any' because no interface 'JSX.IntrinsicElements' exists.
app/(dashboard)/dashboard/profile/profile-client.tsx(358,9): error TS7026: JSX element implicitly has type 'any' because no interface 'JSX.IntrinsicElements' exists.
app/(dashboard)/dashboard/profile/profile-client.tsx(359,9): error TS7026: JSX element implicitly has type 'any' because no interface 'JSX.IntrinsicElements' exists.
app/(dashboard)/dashboard/profile/profile-client.tsx(367,9): error TS7026: JSX element implicitly has type 'any' because no interface 'JSX.IntrinsicElements' exists.
app/(dashboard)/dashboard/profile/profile-client.tsx(368,7): error TS7026: JSX element implicitly has type 'any' because no interface 'JSX.IntrinsicElements' exists.
app/(dashboard)/dashboard/profile/profile-client.tsx(371,7): error TS7026: JSX element implicitly has type 'any' because no interface 'JSX.IntrinsicElements' exists.
app/(dashboard)/dashboard/profile/profile-client.tsx(375,15): error TS7026: JSX element implicitly has type 'any' because no interface 'JSX.IntrinsicElements' exists.
app/(dashboard)/dashboard/profile/profile-client.tsx(377,15): error TS7026: JSX element implicitly has type 'any' because no interface 'JSX.IntrinsicElements' exists.
app/(dashboard)/dashboard/profile/profile-client.tsx(392,11): error TS7026: JSX element implicitly has type 'any' because no interface 'JSX.IntrinsicElements' exists.
app/(dashboard)/dashboard/profile/profile-client.tsx(397,13): error TS7026: JSX element implicitly has type 'any' because no interface 'JSX.IntrinsicElements' exists.
app/(dashboard)/dashboard/profile/profile-client.tsx(399,13): error TS7026: JSX element implicitly has type 'any' because no interface 'JSX.IntrinsicElements' exists.
app/(dashboard)/dashboard/profile/profile-client.tsx(400,11): error TS7026: JSX element implicitly has type 'any' because no interface 'JSX.IntrinsicElements' exists.
app/(dashboard)/dashboard/profile/profile-client.tsx(402,7): error TS7026: JSX element implicitly has type 'any' because no interface 'JSX.IntrinsicElements' exists.
app/(dashboard)/dashboard/profile/profile-client.tsx(403,5): error TS7026: JSX element implicitly has type 'any' because no interface 'JSX.IntrinsicElements' exists.
app/(dashboard)/dashboard/profile/profile-client.tsx(428,5): error TS7026: JSX element implicitly has type 'any' because no interface 'JSX.IntrinsicElements' exists.
app/(dashboard)/dashboard/profile/profile-client.tsx(430,7): error TS7026: JSX element implicitly has type 'any' because no interface 'JSX.IntrinsicElements' exists.
app/(dashboard)/dashboard/profile/profile-client.tsx(431,9): error TS7026: JSX element implicitly has type 'any' because no interface 'JSX.IntrinsicElements' exists.
app/(dashboard)/dashboard/profile/profile-client.tsx(432,11): error TS7026: JSX element implicitly has type 'any' because no interface 'JSX.IntrinsicElements' exists.
app/(dashboard)/dashboard/profile/profile-client.tsx(434,11): error TS7026: JSX element implicitly has type 'any' because no interface 'JSX.IntrinsicElements' exists.
app/(dashboard)/dashboard/profile/profile-client.tsx(435,11): error TS7026: JSX element implicitly has type 'any' because no interface 'JSX.IntrinsicElements' exists.
app/(dashboard)/dashboard/profile/profile-client.tsx(435,81): error TS7026: JSX element implicitly has type 'any' because no interface 'JSX.IntrinsicElements' exists.
app/(dashboard)/dashboard/profile/profile-client.tsx(436,9): error TS7026: JSX element implicitly has type 'any' because no interface 'JSX.IntrinsicElements' exists.
app/(dashboard)/dashboard/profile/profile-client.tsx(446,35): error TS7006: Parameter 'checked' implicitly has an 'any' type.
app/(dashboard)/dashboard/profile/profile-client.tsx(447,42): error TS7006: Parameter 'prev' implicitly has an 'any' type.
app/(dashboard)/dashboard/profile/profile-client.tsx(460,35): error TS7006: Parameter 'checked' implicitly has an 'any' type.
app/(dashboard)/dashboard/profile/profile-client.tsx(461,42): error TS7006: Parameter 'prev' implicitly has an 'any' type.
app/(dashboard)/dashboard/profile/profile-client.tsx(474,35): error TS7006: Parameter 'checked' implicitly has an 'any' type.
app/(dashboard)/dashboard/profile/profile-client.tsx(475,42): error TS7006: Parameter 'prev' implicitly has an 'any' type.
app/(dashboard)/dashboard/profile/profile-client.tsx(488,35): error TS7006: Parameter 'checked' implicitly has an 'any' type.
app/(dashboard)/dashboard/profile/profile-client.tsx(489,42): error TS7006: Parameter 'prev' implicitly has an 'any' type.
app/(dashboard)/dashboard/profile/profile-client.tsx(495,7): error TS7026: JSX element implicitly has type 'any' because no interface 'JSX.IntrinsicElements' exists.
app/(dashboard)/dashboard/profile/profile-client.tsx(498,7): error TS7026: JSX element implicitly has type 'any' because no interface 'JSX.IntrinsicElements' exists.
app/(dashboard)/dashboard/profile/profile-client.tsx(499,9): error TS7026: JSX element implicitly has type 'any' because no interface 'JSX.IntrinsicElements' exists.
app/(dashboard)/dashboard/profile/profile-client.tsx(500,11): error TS7026: JSX element implicitly has type 'any' because no interface 'JSX.IntrinsicElements' exists.
app/(dashboard)/dashboard/profile/profile-client.tsx(502,11): error TS7026: JSX element implicitly has type 'any' because no interface 'JSX.IntrinsicElements' exists.
app/(dashboard)/dashboard/profile/profile-client.tsx(503,11): error TS7026: JSX element implicitly has type 'any' because no interface 'JSX.IntrinsicElements' exists.
app/(dashboard)/dashboard/profile/profile-client.tsx(503,80): error TS7026: JSX element implicitly has type 'any' because no interface 'JSX.IntrinsicElements' exists.
app/(dashboard)/dashboard/profile/profile-client.tsx(504,9): error TS7026: JSX element implicitly has type 'any' because no interface 'JSX.IntrinsicElements' exists.
app/(dashboard)/dashboard/profile/profile-client.tsx(514,35): error TS7006: Parameter 'checked' implicitly has an 'any' type.
app/(dashboard)/dashboard/profile/profile-client.tsx(515,41): error TS7006: Parameter 'prev' implicitly has an 'any' type.
app/(dashboard)/dashboard/profile/profile-client.tsx(528,35): error TS7006: Parameter 'checked' implicitly has an 'any' type.
app/(dashboard)/dashboard/profile/profile-client.tsx(529,41): error TS7006: Parameter 'prev' implicitly has an 'any' type.
app/(dashboard)/dashboard/profile/profile-client.tsx(535,7): error TS7026: JSX element implicitly has type 'any' because no interface 'JSX.IntrinsicElements' exists.
app/(dashboard)/dashboard/profile/profile-client.tsx(538,7): error TS7026: JSX element implicitly has type 'any' because no interface 'JSX.IntrinsicElements' exists.
app/(dashboard)/dashboard/profile/profile-client.tsx(542,15): error TS7026: JSX element implicitly has type 'any' because no interface 'JSX.IntrinsicElements' exists.
app/(dashboard)/dashboard/profile/profile-client.tsx(544,15): error TS7026: JSX element implicitly has type 'any' because no interface 'JSX.IntrinsicElements' exists.
app/(dashboard)/dashboard/profile/profile-client.tsx(553,35): error TS7006: Parameter 'checked' implicitly has an 'any' type.
app/(dashboard)/dashboard/profile/profile-client.tsx(553,62): error TS7006: Parameter 'prev' implicitly has an 'any' type.
app/(dashboard)/dashboard/profile/profile-client.tsx(559,11): error TS7026: JSX element implicitly has type 'any' because no interface 'JSX.IntrinsicElements' exists.
app/(dashboard)/dashboard/profile/profile-client.tsx(560,13): error TS7026: JSX element implicitly has type 'any' because no interface 'JSX.IntrinsicElements' exists.
app/(dashboard)/dashboard/profile/profile-client.tsx(561,15): error TS7026: JSX element implicitly has type 'any' because no interface 'JSX.IntrinsicElements' exists.
app/(dashboard)/dashboard/profile/profile-client.tsx(561,81): error TS7026: JSX element implicitly has type 'any' because no interface 'JSX.IntrinsicElements' exists.
app/(dashboard)/dashboard/profile/profile-client.tsx(562,16): error TS2559: Type '{ children: any; }' has no properties in common with type 'InputRootProps'.
app/(dashboard)/dashboard/profile/profile-client.tsx(567,32): error TS7006: Parameter 'e' implicitly has an 'any' type.
app/(dashboard)/dashboard/profile/profile-client.tsx(567,53): error TS7006: Parameter 'prev' implicitly has an 'any' type.
app/(dashboard)/dashboard/profile/profile-client.tsx(571,13): error TS7026: JSX element implicitly has type 'any' because no interface 'JSX.IntrinsicElements' exists.
app/(dashboard)/dashboard/profile/profile-client.tsx(572,13): error TS7026: JSX element implicitly has type 'any' because no interface 'JSX.IntrinsicElements' exists.
app/(dashboard)/dashboard/profile/profile-client.tsx(573,15): error TS7026: JSX element implicitly has type 'any' because no interface 'JSX.IntrinsicElements' exists.
app/(dashboard)/dashboard/profile/profile-client.tsx(573,79): error TS7026: JSX element implicitly has type 'any' because no interface 'JSX.IntrinsicElements' exists.
app/(dashboard)/dashboard/profile/profile-client.tsx(574,16): error TS2559: Type '{ children: any; }' has no properties in common with type 'InputRootProps'.
app/(dashboard)/dashboard/profile/profile-client.tsx(579,32): error TS7006: Parameter 'e' implicitly has an 'any' type.
app/(dashboard)/dashboard/profile/profile-client.tsx(579,53): error TS7006: Parameter 'prev' implicitly has an 'any' type.
app/(dashboard)/dashboard/profile/profile-client.tsx(583,13): error TS7026: JSX element implicitly has type 'any' because no interface 'JSX.IntrinsicElements' exists.
app/(dashboard)/dashboard/profile/profile-client.tsx(584,11): error TS7026: JSX element implicitly has type 'any' because no interface 'JSX.IntrinsicElements' exists.
app/(dashboard)/dashboard/profile/profile-client.tsx(586,7): error TS7026: JSX element implicitly has type 'any' because no interface 'JSX.IntrinsicElements' exists.
app/(dashboard)/dashboard/profile/profile-client.tsx(589,7): error TS7026: JSX element implicitly has type 'any' because no interface 'JSX.IntrinsicElements' exists.
app/(dashboard)/dashboard/profile/profile-client.tsx(591,7): error TS7026: JSX element implicitly has type 'any' because no interface 'JSX.IntrinsicElements' exists.
app/(dashboard)/dashboard/profile/profile-client.tsx(592,5): error TS7026: JSX element implicitly has type 'any' because no interface 'JSX.IntrinsicElements' exists.
app/(dashboard)/dashboard/profile/profile-client.tsx(598,19): error TS2694: Namespace '"C:/Users/Shivam Gupta/Downloads/BACKEND+FRONTEND/Hypedrive Brand/lib/encore-client".auth' has no exported member 'Session'.
app/(dashboard)/dashboard/profile/profile-client.tsx(637,5): error TS7026: JSX element implicitly has type 'any' because no interface 'JSX.IntrinsicElements' exists.
app/(dashboard)/dashboard/profile/profile-client.tsx(638,7): error TS7026: JSX element implicitly has type 'any' because no interface 'JSX.IntrinsicElements' exists.
app/(dashboard)/dashboard/profile/profile-client.tsx(639,9): error TS7026: JSX element implicitly has type 'any' because no interface 'JSX.IntrinsicElements' exists.
app/(dashboard)/dashboard/profile/profile-client.tsx(640,11): error TS7026: JSX element implicitly has type 'any' because no interface 'JSX.IntrinsicElements' exists.
app/(dashboard)/dashboard/profile/profile-client.tsx(640,77): error TS7026: JSX element implicitly has type 'any' because no interface 'JSX.IntrinsicElements' exists.
app/(dashboard)/dashboard/profile/profile-client.tsx(649,9): error TS7026: JSX element implicitly has type 'any' because no interface 'JSX.IntrinsicElements' exists.
app/(dashboard)/dashboard/profile/profile-client.tsx(658,19): error TS7026: JSX element implicitly has type 'any' because no interface 'JSX.IntrinsicElements' exists.
app/(dashboard)/dashboard/profile/profile-client.tsx(660,19): error TS7026: JSX element implicitly has type 'any' because no interface 'JSX.IntrinsicElements' exists.
app/(dashboard)/dashboard/profile/profile-client.tsx(663,19): error TS7026: JSX element implicitly has type 'any' because no interface 'JSX.IntrinsicElements' exists.
app/(dashboard)/dashboard/profile/profile-client.tsx(670,19): error TS7026: JSX element implicitly has type 'any' because no interface 'JSX.IntrinsicElements' exists.
app/(dashboard)/dashboard/profile/profile-client.tsx(671,19): error TS7026: JSX element implicitly has type 'any' because no interface 'JSX.IntrinsicElements' exists.
app/(dashboard)/dashboard/profile/profile-client.tsx(672,21): error TS7026: JSX element implicitly has type 'any' because no interface 'JSX.IntrinsicElements' exists.
app/(dashboard)/dashboard/profile/profile-client.tsx(672,62): error TS7026: JSX element implicitly has type 'any' because no interface 'JSX.IntrinsicElements' exists.
app/(dashboard)/dashboard/profile/profile-client.tsx(673,21): error TS7026: JSX element implicitly has type 'any' because no interface 'JSX.IntrinsicElements' exists.
app/(dashboard)/dashboard/profile/profile-client.tsx(673,71): error TS7026: JSX element implicitly has type 'any' because no interface 'JSX.IntrinsicElements' exists.
app/(dashboard)/dashboard/profile/profile-client.tsx(674,21): error TS7026: JSX element implicitly has type 'any' because no interface 'JSX.IntrinsicElements' exists.
app/(dashboard)/dashboard/profile/profile-client.tsx(674,68): error TS7026: JSX element implicitly has type 'any' because no interface 'JSX.IntrinsicElements' exists.
app/(dashboard)/dashboard/profile/profile-client.tsx(675,19): error TS7026: JSX element implicitly has type 'any' because no interface 'JSX.IntrinsicElements' exists.
app/(dashboard)/dashboard/profile/profile-client.tsx(694,9): error TS7026: JSX element implicitly has type 'any' because no interface 'JSX.IntrinsicElements' exists.
app/(dashboard)/dashboard/profile/profile-client.tsx(696,11): error TS7026: JSX element implicitly has type 'any' because no interface 'JSX.IntrinsicElements' exists.
app/(dashboard)/dashboard/profile/profile-client.tsx(698,11): error TS7026: JSX element implicitly has type 'any' because no interface 'JSX.IntrinsicElements' exists.
app/(dashboard)/dashboard/profile/profile-client.tsx(699,9): error TS7026: JSX element implicitly has type 'any' because no interface 'JSX.IntrinsicElements' exists.
app/(dashboard)/dashboard/profile/profile-client.tsx(700,7): error TS7026: JSX element implicitly has type 'any' because no interface 'JSX.IntrinsicElements' exists.
app/(dashboard)/dashboard/profile/profile-client.tsx(701,5): error TS7026: JSX element implicitly has type 'any' because no interface 'JSX.IntrinsicElements' exists.
app/(dashboard)/dashboard/security/page.tsx(1,26): error TS2307: Cannot find module 'next/navigation' or its corresponding type declarations.
app/(dashboard)/dashboard/settings/loading.tsx(4,10): error TS2875: This JSX tag requires the module path 'react/jsx-runtime' to exist, but none could be found. Make sure you have types for the appropriate package installed.
app/(dashboard)/dashboard/settings/page.tsx(10,10): error TS2875: This JSX tag requires the module path 'react/jsx-runtime' to exist, but none could be found. Make sure you have types for the appropriate package installed.
app/(dashboard)/dashboard/settings/page.tsx(10,26): error TS2741: Property 'user' is missing in type '{ organization: { phone: string; industry: string; email: string; id: string; name: string; slug: string; logo?: string; description?: string; website?: string; gstNumber?: string; gstVerified: boolean; ... 19 more ...; updatedAt: string; }; bankAccounts: organizations.OrganizationBankAccount[]; gstDetails: organiza...' but required in type 'SettingsData'.
app/(dashboard)/dashboard/settings/settings-client.tsx(3,24): error TS2307: Cannot find module 'react' or its corresponding type declarations.
app/(dashboard)/dashboard/settings/settings-client.tsx(4,27): error TS2307: Cannot find module 'next/navigation' or its corresponding type declarations.
app/(dashboard)/dashboard/settings/settings-client.tsx(5,23): error TS2307: Cannot find module 'sonner' or its corresponding type declarations.
app/(dashboard)/dashboard/settings/settings-client.tsx(56,8): error TS2307: Cannot find module '@phosphor-icons/react' or its corresponding type declarations.
app/(dashboard)/dashboard/settings/settings-client.tsx(119,7): error TS7026: JSX element implicitly has type 'any' because no interface 'JSX.IntrinsicElements' exists.
app/(dashboard)/dashboard/settings/settings-client.tsx(119,7): error TS2875: This JSX tag requires the module path 'react/jsx-runtime' to exist, but none could be found. Make sure you have types for the appropriate package installed.
app/(dashboard)/dashboard/settings/settings-client.tsx(120,9): error TS7026: JSX element implicitly has type 'any' because no interface 'JSX.IntrinsicElements' exists.
app/(dashboard)/dashboard/settings/settings-client.tsx(121,11): error TS7026: JSX element implicitly has type 'any' because no interface 'JSX.IntrinsicElements' exists.
app/(dashboard)/dashboard/settings/settings-client.tsx(122,13): error TS7026: JSX element implicitly has type 'any' because no interface 'JSX.IntrinsicElements' exists.
app/(dashboard)/dashboard/settings/settings-client.tsx(122,89): error TS7026: JSX element implicitly has type 'any' because no interface 'JSX.IntrinsicElements' exists.
app/(dashboard)/dashboard/settings/settings-client.tsx(123,13): error TS7026: JSX element implicitly has type 'any' because no interface 'JSX.IntrinsicElements' exists.
app/(dashboard)/dashboard/settings/settings-client.tsx(125,13): error TS7026: JSX element implicitly has type 'any' because no interface 'JSX.IntrinsicElements' exists.
app/(dashboard)/dashboard/settings/settings-client.tsx(126,11): error TS7026: JSX element implicitly has type 'any' because no interface 'JSX.IntrinsicElements' exists.
app/(dashboard)/dashboard/settings/settings-client.tsx(127,9): error TS7026: JSX element implicitly has type 'any' because no interface 'JSX.IntrinsicElements' exists.
app/(dashboard)/dashboard/settings/settings-client.tsx(128,9): error TS7026: JSX element implicitly has type 'any' because no interface 'JSX.IntrinsicElements' exists.
app/(dashboard)/dashboard/settings/settings-client.tsx(129,11): error TS7026: JSX element implicitly has type 'any' because no interface 'JSX.IntrinsicElements' exists.
app/(dashboard)/dashboard/settings/settings-client.tsx(129,81): error TS7026: JSX element implicitly has type 'any' because no interface 'JSX.IntrinsicElements' exists.
app/(dashboard)/dashboard/settings/settings-client.tsx(130,9): error TS7026: JSX element implicitly has type 'any' because no interface 'JSX.IntrinsicElements' exists.
app/(dashboard)/dashboard/settings/settings-client.tsx(131,7): error TS7026: JSX element implicitly has type 'any' because no interface 'JSX.IntrinsicElements' exists.
app/(dashboard)/dashboard/settings/settings-client.tsx(143,5): error TS7026: JSX element implicitly has type 'any' because no interface 'JSX.IntrinsicElements' exists.
app/(dashboard)/dashboard/settings/settings-client.tsx(145,7): error TS7026: JSX element implicitly has type 'any' because no interface 'JSX.IntrinsicElements' exists.
app/(dashboard)/dashboard/settings/settings-client.tsx(146,9): error TS7026: JSX element implicitly has type 'any' because no interface 'JSX.IntrinsicElements' exists.
app/(dashboard)/dashboard/settings/settings-client.tsx(147,11): error TS7026: JSX element implicitly has type 'any' because no interface 'JSX.IntrinsicElements' exists.
app/(dashboard)/dashboard/settings/settings-client.tsx(147,87): error TS7026: JSX element implicitly has type 'any' because no interface 'JSX.IntrinsicElements' exists.
app/(dashboard)/dashboard/settings/settings-client.tsx(148,11): error TS7026: JSX element implicitly has type 'any' because no interface 'JSX.IntrinsicElements' exists.
app/(dashboard)/dashboard/settings/settings-client.tsx(150,11): error TS7026: JSX element implicitly has type 'any' because no interface 'JSX.IntrinsicElements' exists.
app/(dashboard)/dashboard/settings/settings-client.tsx(151,9): error TS7026: JSX element implicitly has type 'any' because no interface 'JSX.IntrinsicElements' exists.
app/(dashboard)/dashboard/settings/settings-client.tsx(152,7): error TS7026: JSX element implicitly has type 'any' because no interface 'JSX.IntrinsicElements' exists.
app/(dashboard)/dashboard/settings/settings-client.tsx(155,7): error TS7026: JSX element implicitly has type 'any' because no interface 'JSX.IntrinsicElements' exists.
app/(dashboard)/dashboard/settings/settings-client.tsx(156,9): error TS7026: JSX element implicitly has type 'any' because no interface 'JSX.IntrinsicElements' exists.
app/(dashboard)/dashboard/settings/settings-client.tsx(161,15): error TS7026: JSX element implicitly has type 'any' because no interface 'JSX.IntrinsicElements' exists.
app/(dashboard)/dashboard/settings/settings-client.tsx(175,15): error TS7026: JSX element implicitly has type 'any' because no interface 'JSX.IntrinsicElements' exists.
app/(dashboard)/dashboard/settings/settings-client.tsx(178,9): error TS7026: JSX element implicitly has type 'any' because no interface 'JSX.IntrinsicElements' exists.
app/(dashboard)/dashboard/settings/settings-client.tsx(179,7): error TS7026: JSX element implicitly has type 'any' because no interface 'JSX.IntrinsicElements' exists.
app/(dashboard)/dashboard/settings/settings-client.tsx(182,7): error TS7026: JSX element implicitly has type 'any' because no interface 'JSX.IntrinsicElements' exists.
app/(dashboard)/dashboard/settings/settings-client.tsx(184,9): error TS7026: JSX element implicitly has type 'any' because no interface 'JSX.IntrinsicElements' exists.
app/(dashboard)/dashboard/settings/settings-client.tsx(185,11): error TS7026: JSX element implicitly has type 'any' because no interface 'JSX.IntrinsicElements' exists.
app/(dashboard)/dashboard/settings/settings-client.tsx(190,17): error TS7026: JSX element implicitly has type 'any' because no interface 'JSX.IntrinsicElements' exists.
app/(dashboard)/dashboard/settings/settings-client.tsx(206,19): error TS7026: JSX element implicitly has type 'any' because no interface 'JSX.IntrinsicElements' exists.
app/(dashboard)/dashboard/settings/settings-client.tsx(206,66): error TS7026: JSX element implicitly has type 'any' because no interface 'JSX.IntrinsicElements' exists.
app/(dashboard)/dashboard/settings/settings-client.tsx(207,17): error TS7026: JSX element implicitly has type 'any' because no interface 'JSX.IntrinsicElements' exists.
app/(dashboard)/dashboard/settings/settings-client.tsx(210,11): error TS7026: JSX element implicitly has type 'any' because no interface 'JSX.IntrinsicElements' exists.
app/(dashboard)/dashboard/settings/settings-client.tsx(211,9): error TS7026: JSX element implicitly has type 'any' because no interface 'JSX.IntrinsicElements' exists.
app/(dashboard)/dashboard/settings/settings-client.tsx(214,9): error TS7026: JSX element implicitly has type 'any' because no interface 'JSX.IntrinsicElements' exists.
app/(dashboard)/dashboard/settings/settings-client.tsx(221,9): error TS7026: JSX element implicitly has type 'any' because no interface 'JSX.IntrinsicElements' exists.
app/(dashboard)/dashboard/settings/settings-client.tsx(222,7): error TS7026: JSX element implicitly has type 'any' because no interface 'JSX.IntrinsicElements' exists.
app/(dashboard)/dashboard/settings/settings-client.tsx(223,5): error TS7026: JSX element implicitly has type 'any' because no interface 'JSX.IntrinsicElements' exists.
app/(dashboard)/dashboard/settings/settings-client.tsx(255,5): error TS7026: JSX element implicitly has type 'any' because no interface 'JSX.IntrinsicElements' exists.
app/(dashboard)/dashboard/settings/settings-client.tsx(258,9): error TS7026: JSX element implicitly has type 'any' because no interface 'JSX.IntrinsicElements' exists.
app/(dashboard)/dashboard/settings/settings-client.tsx(259,11): error TS7026: JSX element implicitly has type 'any' because no interface 'JSX.IntrinsicElements' exists.
app/(dashboard)/dashboard/settings/settings-client.tsx(264,17): error TS7026: JSX element implicitly has type 'any' because no interface 'JSX.IntrinsicElements' exists.
app/(dashboard)/dashboard/settings/settings-client.tsx(266,17): error TS7026: JSX element implicitly has type 'any' because no interface 'JSX.IntrinsicElements' exists.
app/(dashboard)/dashboard/settings/settings-client.tsx(269,13): error TS7026: JSX element implicitly has type 'any' because no interface 'JSX.IntrinsicElements' exists.
app/(dashboard)/dashboard/settings/settings-client.tsx(274,13): error TS7026: JSX element implicitly has type 'any' because no interface 'JSX.IntrinsicElements' exists.
app/(dashboard)/dashboard/settings/settings-client.tsx(275,11): error TS7026: JSX element implicitly has type 'any' because no interface 'JSX.IntrinsicElements' exists.
app/(dashboard)/dashboard/settings/settings-client.tsx(276,11): error TS7026: JSX element implicitly has type 'any' because no interface 'JSX.IntrinsicElements' exists.
app/(dashboard)/dashboard/settings/settings-client.tsx(277,13): error TS7026: JSX element implicitly has type 'any' because no interface 'JSX.IntrinsicElements' exists.
app/(dashboard)/dashboard/settings/settings-client.tsx(277,75): error TS7026: JSX element implicitly has type 'any' because no interface 'JSX.IntrinsicElements' exists.
app/(dashboard)/dashboard/settings/settings-client.tsx(278,13): error TS7026: JSX element implicitly has type 'any' because no interface 'JSX.IntrinsicElements' exists.
app/(dashboard)/dashboard/settings/settings-client.tsx(278,76): error TS7026: JSX element implicitly has type 'any' because no interface 'JSX.IntrinsicElements' exists.
app/(dashboard)/dashboard/settings/settings-client.tsx(279,13): error TS7026: JSX element implicitly has type 'any' because no interface 'JSX.IntrinsicElements' exists.
app/(dashboard)/dashboard/settings/settings-client.tsx(288,13): error TS7026: JSX element implicitly has type 'any' because no interface 'JSX.IntrinsicElements' exists.
app/(dashboard)/dashboard/settings/settings-client.tsx(289,11): error TS7026: JSX element implicitly has type 'any' because no interface 'JSX.IntrinsicElements' exists.
app/(dashboard)/dashboard/settings/settings-client.tsx(290,9): error TS7026: JSX element implicitly has type 'any' because no interface 'JSX.IntrinsicElements' exists.
app/(dashboard)/dashboard/settings/settings-client.tsx(295,9): error TS7026: JSX element implicitly has type 'any' because no interface 'JSX.IntrinsicElements' exists.
app/(dashboard)/dashboard/settings/settings-client.tsx(296,11): error TS7026: JSX element implicitly has type 'any' because no interface 'JSX.IntrinsicElements' exists.
app/(dashboard)/dashboard/settings/settings-client.tsx(298,16): error TS2559: Type '{ children: any; }' has no properties in common with type 'InputRootProps'.
app/(dashboard)/dashboard/settings/settings-client.tsx(303,32): error TS7006: Parameter 'e' implicitly has an 'any' type.
app/(dashboard)/dashboard/settings/settings-client.tsx(315,16): error TS2559: Type '{ children: any; }' has no properties in common with type 'InputRootProps'.
app/(dashboard)/dashboard/settings/settings-client.tsx(320,32): error TS7006: Parameter 'e' implicitly has an 'any' type.
app/(dashboard)/dashboard/settings/settings-client.tsx(329,16): error TS2559: Type '{ children: any; }' has no properties in common with type 'InputRootProps'.
app/(dashboard)/dashboard/settings/settings-client.tsx(340,11): error TS7026: JSX element implicitly has type 'any' because no interface 'JSX.IntrinsicElements' exists.
app/(dashboard)/dashboard/settings/settings-client.tsx(343,9): error TS7026: JSX element implicitly has type 'any' because no interface 'JSX.IntrinsicElements' exists.
app/(dashboard)/dashboard/settings/settings-client.tsx(345,5): error TS7026: JSX element implicitly has type 'any' because no interface 'JSX.IntrinsicElements' exists.
app/(dashboard)/dashboard/settings/settings-client.tsx(382,5): error TS7026: JSX element implicitly has type 'any' because no interface 'JSX.IntrinsicElements' exists.
app/(dashboard)/dashboard/settings/settings-client.tsx(385,9): error TS7026: JSX element implicitly has type 'any' because no interface 'JSX.IntrinsicElements' exists.
app/(dashboard)/dashboard/settings/settings-client.tsx(386,11): error TS7026: JSX element implicitly has type 'any' because no interface 'JSX.IntrinsicElements' exists.
app/(dashboard)/dashboard/settings/settings-client.tsx(396,17): error TS7026: JSX element implicitly has type 'any' because no interface 'JSX.IntrinsicElements' exists.
app/(dashboard)/dashboard/settings/settings-client.tsx(398,17): error TS7026: JSX element implicitly has type 'any' because no interface 'JSX.IntrinsicElements' exists.
app/(dashboard)/dashboard/settings/settings-client.tsx(401,13): error TS7026: JSX element implicitly has type 'any' because no interface 'JSX.IntrinsicElements' exists.
app/(dashboard)/dashboard/settings/settings-client.tsx(406,13): error TS7026: JSX element implicitly has type 'any' because no interface 'JSX.IntrinsicElements' exists.
app/(dashboard)/dashboard/settings/settings-client.tsx(407,11): error TS7026: JSX element implicitly has type 'any' because no interface 'JSX.IntrinsicElements' exists.
app/(dashboard)/dashboard/settings/settings-client.tsx(408,11): error TS7026: JSX element implicitly has type 'any' because no interface 'JSX.IntrinsicElements' exists.
app/(dashboard)/dashboard/settings/settings-client.tsx(409,13): error TS7026: JSX element implicitly has type 'any' because no interface 'JSX.IntrinsicElements' exists.
app/(dashboard)/dashboard/settings/settings-client.tsx(418,13): error TS7026: JSX element implicitly has type 'any' because no interface 'JSX.IntrinsicElements' exists.
app/(dashboard)/dashboard/settings/settings-client.tsx(419,13): error TS7026: JSX element implicitly has type 'any' because no interface 'JSX.IntrinsicElements' exists.
app/(dashboard)/dashboard/settings/settings-client.tsx(421,13): error TS7026: JSX element implicitly has type 'any' because no interface 'JSX.IntrinsicElements' exists.
app/(dashboard)/dashboard/settings/settings-client.tsx(422,11): error TS7026: JSX element implicitly has type 'any' because no interface 'JSX.IntrinsicElements' exists.
app/(dashboard)/dashboard/settings/settings-client.tsx(423,9): error TS7026: JSX element implicitly has type 'any' because no interface 'JSX.IntrinsicElements' exists.
app/(dashboard)/dashboard/settings/settings-client.tsx(428,9): error TS7026: JSX element implicitly has type 'any' because no interface 'JSX.IntrinsicElements' exists.
app/(dashboard)/dashboard/settings/settings-client.tsx(429,11): error TS7026: JSX element implicitly has type 'any' because no interface 'JSX.IntrinsicElements' exists.
app/(dashboard)/dashboard/settings/settings-client.tsx(431,16): error TS2559: Type '{ children: any; }' has no properties in common with type 'InputRootProps'.
app/(dashboard)/dashboard/settings/settings-client.tsx(436,32): error TS7006: Parameter 'e' implicitly has an 'any' type.
app/(dashboard)/dashboard/settings/settings-client.tsx(444,16): error TS2559: Type '{ children: any; }' has no properties in common with type 'InputRootProps'.
app/(dashboard)/dashboard/settings/settings-client.tsx(446,19): error TS7026: JSX element implicitly has type 'any' because no interface 'JSX.IntrinsicElements' exists.
app/(dashboard)/dashboard/settings/settings-client.tsx(446,80): error TS7026: JSX element implicitly has type 'any' because no interface 'JSX.IntrinsicElements' exists.
app/(dashboard)/dashboard/settings/settings-client.tsx(457,16): error TS2559: Type '{ children: any; }' has no properties in common with type 'InputRootProps'.
app/(dashboard)/dashboard/settings/settings-client.tsx(462,32): error TS7006: Parameter 'e' implicitly has an 'any' type.
app/(dashboard)/dashboard/settings/settings-client.tsx(486,16): error TS2559: Type '{ children: any; }' has no properties in common with type 'InputRootProps'.
app/(dashboard)/dashboard/settings/settings-client.tsx(491,32): error TS7006: Parameter 'e' implicitly has an 'any' type.
app/(dashboard)/dashboard/settings/settings-client.tsx(500,16): error TS2559: Type '{ children: any; }' has no properties in common with type 'InputRootProps'.
app/(dashboard)/dashboard/settings/settings-client.tsx(505,32): error TS7006: Parameter 'e' implicitly has an 'any' type.
app/(dashboard)/dashboard/settings/settings-client.tsx(513,13): error TS7026: JSX element implicitly has type 'any' because no interface 'JSX.IntrinsicElements' exists.
app/(dashboard)/dashboard/settings/settings-client.tsx(515,18): error TS2559: Type '{ children: any; }' has no properties in common with type 'InputRootProps'.
app/(dashboard)/dashboard/settings/settings-client.tsx(525,13): error TS7026: JSX element implicitly has type 'any' because no interface 'JSX.IntrinsicElements' exists.
app/(dashboard)/dashboard/settings/settings-client.tsx(526,11): error TS7026: JSX element implicitly has type 'any' because no interface 'JSX.IntrinsicElements' exists.
app/(dashboard)/dashboard/settings/settings-client.tsx(529,9): error TS7026: JSX element implicitly has type 'any' because no interface 'JSX.IntrinsicElements' exists.
app/(dashboard)/dashboard/settings/settings-client.tsx(534,9): error TS7026: JSX element implicitly has type 'any' because no interface 'JSX.IntrinsicElements' exists.
app/(dashboard)/dashboard/settings/settings-client.tsx(535,11): error TS7026: JSX element implicitly has type 'any' because no interface 'JSX.IntrinsicElements' exists.
app/(dashboard)/dashboard/settings/settings-client.tsx(536,13): error TS7026: JSX element implicitly has type 'any' because no interface 'JSX.IntrinsicElements' exists.
app/(dashboard)/dashboard/settings/settings-client.tsx(538,15): error TS7026: JSX element implicitly has type 'any' because no interface 'JSX.IntrinsicElements' exists.
app/(dashboard)/dashboard/settings/settings-client.tsx(539,17): error TS7026: JSX element implicitly has type 'any' because no interface 'JSX.IntrinsicElements' exists.
app/(dashboard)/dashboard/settings/settings-client.tsx(539,87): error TS7026: JSX element implicitly has type 'any' because no interface 'JSX.IntrinsicElements' exists.
app/(dashboard)/dashboard/settings/settings-client.tsx(540,17): error TS7026: JSX element implicitly has type 'any' because no interface 'JSX.IntrinsicElements' exists.
app/(dashboard)/dashboard/settings/settings-client.tsx(542,17): error TS7026: JSX element implicitly has type 'any' because no interface 'JSX.IntrinsicElements' exists.
app/(dashboard)/dashboard/settings/settings-client.tsx(543,15): error TS7026: JSX element implicitly has type 'any' because no interface 'JSX.IntrinsicElements' exists.
app/(dashboard)/dashboard/settings/settings-client.tsx(544,13): error TS7026: JSX element implicitly has type 'any' because no interface 'JSX.IntrinsicElements' exists.
app/(dashboard)/dashboard/settings/settings-client.tsx(548,11): error TS7026: JSX element implicitly has type 'any' because no interface 'JSX.IntrinsicElements' exists.
app/(dashboard)/dashboard/settings/settings-client.tsx(549,9): error TS7026: JSX element implicitly has type 'any' because no interface 'JSX.IntrinsicElements' exists.
app/(dashboard)/dashboard/settings/settings-client.tsx(551,5): error TS7026: JSX element implicitly has type 'any' because no interface 'JSX.IntrinsicElements' exists.
app/(dashboard)/dashboard/settings/settings-client.tsx(560,5): error TS7026: JSX element implicitly has type 'any' because no interface 'JSX.IntrinsicElements' exists.
app/(dashboard)/dashboard/settings/settings-client.tsx(562,7): error TS7026: JSX element implicitly has type 'any' because no interface 'JSX.IntrinsicElements' exists.
app/(dashboard)/dashboard/settings/settings-client.tsx(563,9): error TS7026: JSX element implicitly has type 'any' because no interface 'JSX.IntrinsicElements' exists.
app/(dashboard)/dashboard/settings/settings-client.tsx(564,11): error TS7026: JSX element implicitly has type 'any' because no interface 'JSX.IntrinsicElements' exists.
app/(dashboard)/dashboard/settings/settings-client.tsx(565,13): error TS7026: JSX element implicitly has type 'any' because no interface 'JSX.IntrinsicElements' exists.
app/(dashboard)/dashboard/settings/settings-client.tsx(565,70): error TS7026: JSX element implicitly has type 'any' because no interface 'JSX.IntrinsicElements' exists.
app/(dashboard)/dashboard/settings/settings-client.tsx(566,13): error TS7026: JSX element implicitly has type 'any' because no interface 'JSX.IntrinsicElements' exists.
app/(dashboard)/dashboard/settings/settings-client.tsx(566,82): error TS7026: JSX element implicitly has type 'any' because no interface 'JSX.IntrinsicElements' exists.
app/(dashboard)/dashboard/settings/settings-client.tsx(567,13): error TS7026: JSX element implicitly has type 'any' because no interface 'JSX.IntrinsicElements' exists.
app/(dashboard)/dashboard/settings/settings-client.tsx(567,71): error TS7026: JSX element implicitly has type 'any' because no interface 'JSX.IntrinsicElements' exists.
app/(dashboard)/dashboard/settings/settings-client.tsx(568,11): error TS7026: JSX element implicitly has type 'any' because no interface 'JSX.IntrinsicElements' exists.
app/(dashboard)/dashboard/settings/settings-client.tsx(572,9): error TS7026: JSX element implicitly has type 'any' because no interface 'JSX.IntrinsicElements' exists.
app/(dashboard)/dashboard/settings/settings-client.tsx(573,7): error TS7026: JSX element implicitly has type 'any' because no interface 'JSX.IntrinsicElements' exists.
app/(dashboard)/dashboard/settings/settings-client.tsx(585,9): error TS7026: JSX element implicitly has type 'any' because no interface 'JSX.IntrinsicElements' exists.
app/(dashboard)/dashboard/settings/settings-client.tsx(587,13): error TS7026: JSX element implicitly has type 'any' because no interface 'JSX.IntrinsicElements' exists.
app/(dashboard)/dashboard/settings/settings-client.tsx(591,15): error TS7026: JSX element implicitly has type 'any' because no interface 'JSX.IntrinsicElements' exists.
app/(dashboard)/dashboard/settings/settings-client.tsx(592,17): error TS7026: JSX element implicitly has type 'any' because no interface 'JSX.IntrinsicElements' exists.
app/(dashboard)/dashboard/settings/settings-client.tsx(593,19): error TS7026: JSX element implicitly has type 'any' because no interface 'JSX.IntrinsicElements' exists.
app/(dashboard)/dashboard/settings/settings-client.tsx(595,19): error TS7026: JSX element implicitly has type 'any' because no interface 'JSX.IntrinsicElements' exists.
app/(dashboard)/dashboard/settings/settings-client.tsx(596,19): error TS7026: JSX element implicitly has type 'any' because no interface 'JSX.IntrinsicElements' exists.
app/(dashboard)/dashboard/settings/settings-client.tsx(597,21): error TS7026: JSX element implicitly has type 'any' because no interface 'JSX.IntrinsicElements' exists.
app/(dashboard)/dashboard/settings/settings-client.tsx(598,23): error TS7026: JSX element implicitly has type 'any' because no interface 'JSX.IntrinsicElements' exists.
app/(dashboard)/dashboard/settings/settings-client.tsx(598,94): error TS7026: JSX element implicitly has type 'any' because no interface 'JSX.IntrinsicElements' exists.
app/(dashboard)/dashboard/settings/settings-client.tsx(599,23): error TS7026: JSX element implicitly has type 'any' because no interface 'JSX.IntrinsicElements' exists.
app/(dashboard)/dashboard/settings/settings-client.tsx(599,101): error TS7026: JSX element implicitly has type 'any' because no interface 'JSX.IntrinsicElements' exists.
app/(dashboard)/dashboard/settings/settings-client.tsx(600,21): error TS7026: JSX element implicitly has type 'any' because no interface 'JSX.IntrinsicElements' exists.
app/(dashboard)/dashboard/settings/settings-client.tsx(601,21): error TS7026: JSX element implicitly has type 'any' because no interface 'JSX.IntrinsicElements' exists.
app/(dashboard)/dashboard/settings/settings-client.tsx(611,21): error TS7026: JSX element implicitly has type 'any' because no interface 'JSX.IntrinsicElements' exists.
app/(dashboard)/dashboard/settings/settings-client.tsx(612,19): error TS7026: JSX element implicitly has type 'any' because no interface 'JSX.IntrinsicElements' exists.
app/(dashboard)/dashboard/settings/settings-client.tsx(613,17): error TS7026: JSX element implicitly has type 'any' because no interface 'JSX.IntrinsicElements' exists.
app/(dashboard)/dashboard/settings/settings-client.tsx(617,15): error TS7026: JSX element implicitly has type 'any' because no interface 'JSX.IntrinsicElements' exists.
app/(dashboard)/dashboard/settings/settings-client.tsx(618,13): error TS7026: JSX element implicitly has type 'any' because no interface 'JSX.IntrinsicElements' exists.
app/(dashboard)/dashboard/settings/settings-client.tsx(620,9): error TS7026: JSX element implicitly has type 'any' because no interface 'JSX.IntrinsicElements' exists.
app/(dashboard)/dashboard/settings/settings-client.tsx(633,9): error TS7026: JSX element implicitly has type 'any' because no interface 'JSX.IntrinsicElements' exists.
app/(dashboard)/dashboard/settings/settings-client.tsx(635,11): error TS7026: JSX element implicitly has type 'any' because no interface 'JSX.IntrinsicElements' exists.
app/(dashboard)/dashboard/settings/settings-client.tsx(636,13): error TS7026: JSX element implicitly has type 'any' because no interface 'JSX.IntrinsicElements' exists.
app/(dashboard)/dashboard/settings/settings-client.tsx(636,82): error TS7026: JSX element implicitly has type 'any' because no interface 'JSX.IntrinsicElements' exists.
app/(dashboard)/dashboard/settings/settings-client.tsx(637,13): error TS7026: JSX element implicitly has type 'any' because no interface 'JSX.IntrinsicElements' exists.
app/(dashboard)/dashboard/settings/settings-client.tsx(637,114): error TS7026: JSX element implicitly has type 'any' because no interface 'JSX.IntrinsicElements' exists.
app/(dashboard)/dashboard/settings/settings-client.tsx(638,11): error TS7026: JSX element implicitly has type 'any' because no interface 'JSX.IntrinsicElements' exists.
app/(dashboard)/dashboard/settings/settings-client.tsx(639,9): error TS7026: JSX element implicitly has type 'any' because no interface 'JSX.IntrinsicElements' exists.
app/(dashboard)/dashboard/settings/settings-client.tsx(644,9): error TS7026: JSX element implicitly has type 'any' because no interface 'JSX.IntrinsicElements' exists.
app/(dashboard)/dashboard/settings/settings-client.tsx(646,13): error TS7026: JSX element implicitly has type 'any' because no interface 'JSX.IntrinsicElements' exists.
app/(dashboard)/dashboard/settings/settings-client.tsx(650,15): error TS7026: JSX element implicitly has type 'any' because no interface 'JSX.IntrinsicElements' exists.
app/(dashboard)/dashboard/settings/settings-client.tsx(651,17): error TS7026: JSX element implicitly has type 'any' because no interface 'JSX.IntrinsicElements' exists.
app/(dashboard)/dashboard/settings/settings-client.tsx(653,17): error TS7026: JSX element implicitly has type 'any' because no interface 'JSX.IntrinsicElements' exists.
app/(dashboard)/dashboard/settings/settings-client.tsx(654,17): error TS7026: JSX element implicitly has type 'any' because no interface 'JSX.IntrinsicElements' exists.
app/(dashboard)/dashboard/settings/settings-client.tsx(655,19): error TS7026: JSX element implicitly has type 'any' because no interface 'JSX.IntrinsicElements' exists.
app/(dashboard)/dashboard/settings/settings-client.tsx(655,81): error TS7026: JSX element implicitly has type 'any' because no interface 'JSX.IntrinsicElements' exists.
app/(dashboard)/dashboard/settings/settings-client.tsx(656,19): error TS7026: JSX element implicitly has type 'any' because no interface 'JSX.IntrinsicElements' exists.
app/(dashboard)/dashboard/settings/settings-client.tsx(656,77): error TS7026: JSX element implicitly has type 'any' because no interface 'JSX.IntrinsicElements' exists.
app/(dashboard)/dashboard/settings/settings-client.tsx(657,17): error TS7026: JSX element implicitly has type 'any' because no interface 'JSX.IntrinsicElements' exists.
app/(dashboard)/dashboard/settings/settings-client.tsx(658,15): error TS7026: JSX element implicitly has type 'any' because no interface 'JSX.IntrinsicElements' exists.
app/(dashboard)/dashboard/settings/settings-client.tsx(659,15): error TS7026: JSX element implicitly has type 'any' because no interface 'JSX.IntrinsicElements' exists.
app/(dashboard)/dashboard/settings/settings-client.tsx(660,17): error TS7026: JSX element implicitly has type 'any' because no interface 'JSX.IntrinsicElements' exists.
app/(dashboard)/dashboard/settings/settings-client.tsx(660,76): error TS7026: JSX element implicitly has type 'any' because no interface 'JSX.IntrinsicElements' exists.
app/(dashboard)/dashboard/settings/settings-client.tsx(664,15): error TS7026: JSX element implicitly has type 'any' because no interface 'JSX.IntrinsicElements' exists.
app/(dashboard)/dashboard/settings/settings-client.tsx(665,13): error TS7026: JSX element implicitly has type 'any' because no interface 'JSX.IntrinsicElements' exists.
app/(dashboard)/dashboard/settings/settings-client.tsx(667,9): error TS7026: JSX element implicitly has type 'any' because no interface 'JSX.IntrinsicElements' exists.
app/(dashboard)/dashboard/settings/settings-client.tsx(669,5): error TS7026: JSX element implicitly has type 'any' because no interface 'JSX.IntrinsicElements' exists.
app/(dashboard)/dashboard/settings/settings-client.tsx(678,5): error TS7026: JSX element implicitly has type 'any' because no interface 'JSX.IntrinsicElements' exists.
app/(dashboard)/dashboard/settings/settings-client.tsx(691,9): error TS7026: JSX element implicitly has type 'any' because no interface 'JSX.IntrinsicElements' exists.
app/(dashboard)/dashboard/settings/settings-client.tsx(693,11): error TS7026: JSX element implicitly has type 'any' because no interface 'JSX.IntrinsicElements' exists.
app/(dashboard)/dashboard/settings/settings-client.tsx(694,13): error TS7026: JSX element implicitly has type 'any' because no interface 'JSX.IntrinsicElements' exists.
app/(dashboard)/dashboard/settings/settings-client.tsx(695,15): error TS7026: JSX element implicitly has type 'any' because no interface 'JSX.IntrinsicElements' exists.
app/(dashboard)/dashboard/settings/settings-client.tsx(695,100): error TS7026: JSX element implicitly has type 'any' because no interface 'JSX.IntrinsicElements' exists.
app/(dashboard)/dashboard/settings/settings-client.tsx(703,13): error TS7026: JSX element implicitly has type 'any' because no interface 'JSX.IntrinsicElements' exists.
app/(dashboard)/dashboard/settings/settings-client.tsx(704,13): error TS7026: JSX element implicitly has type 'any' because no interface 'JSX.IntrinsicElements' exists.
app/(dashboard)/dashboard/settings/settings-client.tsx(706,13): error TS7026: JSX element implicitly has type 'any' because no interface 'JSX.IntrinsicElements' exists.
app/(dashboard)/dashboard/settings/settings-client.tsx(707,11): error TS7026: JSX element implicitly has type 'any' because no interface 'JSX.IntrinsicElements' exists.
app/(dashboard)/dashboard/settings/settings-client.tsx(710,11): error TS7026: JSX element implicitly has type 'any' because no interface 'JSX.IntrinsicElements' exists.
app/(dashboard)/dashboard/settings/settings-client.tsx(715,11): error TS7026: JSX element implicitly has type 'any' because no interface 'JSX.IntrinsicElements' exists.
app/(dashboard)/dashboard/settings/settings-client.tsx(716,9): error TS7026: JSX element implicitly has type 'any' because no interface 'JSX.IntrinsicElements' exists.
app/(dashboard)/dashboard/settings/settings-client.tsx(720,7): error TS7026: JSX element implicitly has type 'any' because no interface 'JSX.IntrinsicElements' exists.
app/(dashboard)/dashboard/settings/settings-client.tsx(722,9): error TS7026: JSX element implicitly has type 'any' because no interface 'JSX.IntrinsicElements' exists.
app/(dashboard)/dashboard/settings/settings-client.tsx(724,11): error TS7026: JSX element implicitly has type 'any' because no interface 'JSX.IntrinsicElements' exists.
app/(dashboard)/dashboard/settings/settings-client.tsx(726,11): error TS7026: JSX element implicitly has type 'any' because no interface 'JSX.IntrinsicElements' exists.
app/(dashboard)/dashboard/settings/settings-client.tsx(728,9): error TS7026: JSX element implicitly has type 'any' because no interface 'JSX.IntrinsicElements' exists.
app/(dashboard)/dashboard/settings/settings-client.tsx(729,7): error TS7026: JSX element implicitly has type 'any' because no interface 'JSX.IntrinsicElements' exists.
app/(dashboard)/dashboard/settings/settings-client.tsx(733,9): error TS7026: JSX element implicitly has type 'any' because no interface 'JSX.IntrinsicElements' exists.
app/(dashboard)/dashboard/settings/settings-client.tsx(744,9): error TS7026: JSX element implicitly has type 'any' because no interface 'JSX.IntrinsicElements' exists.
app/(dashboard)/dashboard/settings/settings-client.tsx(746,5): error TS7026: JSX element implicitly has type 'any' because no interface 'JSX.IntrinsicElements' exists.
app/(dashboard)/dashboard/settings/settings-client.tsx(755,30): error TS2580: Cannot find name 'process'. Do you need to install type definitions for node? Try `npm i --save-dev @types/node`.
app/(dashboard)/dashboard/settings/settings-client.tsx(758,5): error TS7026: JSX element implicitly has type 'any' because no interface 'JSX.IntrinsicElements' exists.
app/(dashboard)/dashboard/settings/settings-client.tsx(764,9): error TS7026: JSX element implicitly has type 'any' because no interface 'JSX.IntrinsicElements' exists.
app/(dashboard)/dashboard/settings/settings-client.tsx(790,9): error TS7026: JSX element implicitly has type 'any' because no interface 'JSX.IntrinsicElements' exists.
app/(dashboard)/dashboard/settings/settings-client.tsx(795,9): error TS7026: JSX element implicitly has type 'any' because no interface 'JSX.IntrinsicElements' exists.
app/(dashboard)/dashboard/settings/settings-client.tsx(811,9): error TS7026: JSX element implicitly has type 'any' because no interface 'JSX.IntrinsicElements' exists.
app/(dashboard)/dashboard/settings/settings-client.tsx(822,5): error TS7026: JSX element implicitly has type 'any' because no interface 'JSX.IntrinsicElements' exists.
app/(dashboard)/dashboard/settings/settings-client.tsx(873,23): error TS2352: Conversion of type '{ id: string; device: string; browser: string; location: string; lastActive: string; current: boolean; iconType: "computer" | "smartphone" | "mac"; }[]' to type 'Session[]' may be a mistake because neither type sufficiently overlaps with the other. If this was intentional, convert the expression to 'unknown' first.
  Type '{ id: string; device: string; browser: string; location: string; lastActive: string; current: boolean; iconType: "computer" | "smartphone" | "mac"; }' is missing the following properties from type 'Session': ip, signedIn, isCurrent
app/(dashboard)/dashboard/settings/settings-client.tsx(923,5): error TS7026: JSX element implicitly has type 'any' because no interface 'JSX.IntrinsicElements' exists.
app/(dashboard)/dashboard/settings/settings-client.tsx(926,9): error TS7026: JSX element implicitly has type 'any' because no interface 'JSX.IntrinsicElements' exists.
app/(dashboard)/dashboard/settings/settings-client.tsx(927,11): error TS7026: JSX element implicitly has type 'any' because no interface 'JSX.IntrinsicElements' exists.
app/(dashboard)/dashboard/settings/settings-client.tsx(928,13): error TS7026: JSX element implicitly has type 'any' because no interface 'JSX.IntrinsicElements' exists.
app/(dashboard)/dashboard/settings/settings-client.tsx(930,13): error TS7026: JSX element implicitly has type 'any' because no interface 'JSX.IntrinsicElements' exists.
app/(dashboard)/dashboard/settings/settings-client.tsx(931,13): error TS7026: JSX element implicitly has type 'any' because no interface 'JSX.IntrinsicElements' exists.
app/(dashboard)/dashboard/settings/settings-client.tsx(932,15): error TS7026: JSX element implicitly has type 'any' because no interface 'JSX.IntrinsicElements' exists.
app/(dashboard)/dashboard/settings/settings-client.tsx(932,83): error TS7026: JSX element implicitly has type 'any' because no interface 'JSX.IntrinsicElements' exists.
app/(dashboard)/dashboard/settings/settings-client.tsx(933,15): error TS7026: JSX element implicitly has type 'any' because no interface 'JSX.IntrinsicElements' exists.
app/(dashboard)/dashboard/settings/settings-client.tsx(933,90): error TS7026: JSX element implicitly has type 'any' because no interface 'JSX.IntrinsicElements' exists.
app/(dashboard)/dashboard/settings/settings-client.tsx(934,13): error TS7026: JSX element implicitly has type 'any' because no interface 'JSX.IntrinsicElements' exists.
app/(dashboard)/dashboard/settings/settings-client.tsx(935,11): error TS7026: JSX element implicitly has type 'any' because no interface 'JSX.IntrinsicElements' exists.
app/(dashboard)/dashboard/settings/settings-client.tsx(937,11): error TS7026: JSX element implicitly has type 'any' because no interface 'JSX.IntrinsicElements' exists.
app/(dashboard)/dashboard/settings/settings-client.tsx(939,16): error TS2559: Type '{ children: any; }' has no properties in common with type 'InputRootProps'.
app/(dashboard)/dashboard/settings/settings-client.tsx(946,32): error TS7006: Parameter 'e' implicitly has an 'any' type.
app/(dashboard)/dashboard/settings/settings-client.tsx(948,19): error TS7026: JSX element implicitly has type 'any' because no interface 'JSX.IntrinsicElements' exists.
app/(dashboard)/dashboard/settings/settings-client.tsx(954,19): error TS7026: JSX element implicitly has type 'any' because no interface 'JSX.IntrinsicElements' exists.
app/(dashboard)/dashboard/settings/settings-client.tsx(960,16): error TS2559: Type '{ children: any; }' has no properties in common with type 'InputRootProps'.
app/(dashboard)/dashboard/settings/settings-client.tsx(967,32): error TS7006: Parameter 'e' implicitly has an 'any' type.
app/(dashboard)/dashboard/settings/settings-client.tsx(969,19): error TS7026: JSX element implicitly has type 'any' because no interface 'JSX.IntrinsicElements' exists.
app/(dashboard)/dashboard/settings/settings-client.tsx(975,19): error TS7026: JSX element implicitly has type 'any' because no interface 'JSX.IntrinsicElements' exists.
app/(dashboard)/dashboard/settings/settings-client.tsx(981,16): error TS2559: Type '{ children: any; }' has no properties in common with type 'InputRootProps'.
app/(dashboard)/dashboard/settings/settings-client.tsx(988,32): error TS7006: Parameter 'e' implicitly has an 'any' type.
app/(dashboard)/dashboard/settings/settings-client.tsx(993,11): error TS7026: JSX element implicitly has type 'any' because no interface 'JSX.IntrinsicElements' exists.
app/(dashboard)/dashboard/settings/settings-client.tsx(995,11): error TS7026: JSX element implicitly has type 'any' because no interface 'JSX.IntrinsicElements' exists.
app/(dashboard)/dashboard/settings/settings-client.tsx(1003,11): error TS7026: JSX element implicitly has type 'any' because no interface 'JSX.IntrinsicElements' exists.
app/(dashboard)/dashboard/settings/settings-client.tsx(1004,9): error TS7026: JSX element implicitly has type 'any' because no interface 'JSX.IntrinsicElements' exists.
app/(dashboard)/dashboard/settings/settings-client.tsx(1012,9): error TS7026: JSX element implicitly has type 'any' because no interface 'JSX.IntrinsicElements' exists.
app/(dashboard)/dashboard/settings/settings-client.tsx(1013,11): error TS7026: JSX element implicitly has type 'any' because no interface 'JSX.IntrinsicElements' exists.
app/(dashboard)/dashboard/settings/settings-client.tsx(1014,13): error TS7026: JSX element implicitly has type 'any' because no interface 'JSX.IntrinsicElements' exists.
app/(dashboard)/dashboard/settings/settings-client.tsx(1016,13): error TS7026: JSX element implicitly has type 'any' because no interface 'JSX.IntrinsicElements' exists.
app/(dashboard)/dashboard/settings/settings-client.tsx(1017,13): error TS7026: JSX element implicitly has type 'any' because no interface 'JSX.IntrinsicElements' exists.
app/(dashboard)/dashboard/settings/settings-client.tsx(1018,15): error TS7026: JSX element implicitly has type 'any' because no interface 'JSX.IntrinsicElements' exists.
app/(dashboard)/dashboard/settings/settings-client.tsx(1018,77): error TS7026: JSX element implicitly has type 'any' because no interface 'JSX.IntrinsicElements' exists.
app/(dashboard)/dashboard/settings/settings-client.tsx(1019,15): error TS7026: JSX element implicitly has type 'any' because no interface 'JSX.IntrinsicElements' exists.
app/(dashboard)/dashboard/settings/settings-client.tsx(1020,18): error TS2304: Cannot find name 'user'.
app/(dashboard)/dashboard/settings/settings-client.tsx(1021,15): error TS7026: JSX element implicitly has type 'any' because no interface 'JSX.IntrinsicElements' exists.
app/(dashboard)/dashboard/settings/settings-client.tsx(1022,13): error TS7026: JSX element implicitly has type 'any' because no interface 'JSX.IntrinsicElements' exists.
app/(dashboard)/dashboard/settings/settings-client.tsx(1023,15): error TS2304: Cannot find name 'user'.
app/(dashboard)/dashboard/settings/settings-client.tsx(1029,64): error TS2304: Cannot find name 'user'.
app/(dashboard)/dashboard/settings/settings-client.tsx(1043,11): error TS7026: JSX element implicitly has type 'any' because no interface 'JSX.IntrinsicElements' exists.
app/(dashboard)/dashboard/settings/settings-client.tsx(1044,9): error TS7026: JSX element implicitly has type 'any' because no interface 'JSX.IntrinsicElements' exists.
app/(dashboard)/dashboard/settings/settings-client.tsx(1049,40): error TS2304: Cannot find name 'user'.
app/(dashboard)/dashboard/settings/settings-client.tsx(1054,9): error TS7026: JSX element implicitly has type 'any' because no interface 'JSX.IntrinsicElements' exists.
app/(dashboard)/dashboard/settings/settings-client.tsx(1055,11): error TS7026: JSX element implicitly has type 'any' because no interface 'JSX.IntrinsicElements' exists.
app/(dashboard)/dashboard/settings/settings-client.tsx(1056,13): error TS7026: JSX element implicitly has type 'any' because no interface 'JSX.IntrinsicElements' exists.
app/(dashboard)/dashboard/settings/settings-client.tsx(1058,15): error TS7026: JSX element implicitly has type 'any' because no interface 'JSX.IntrinsicElements' exists.
app/(dashboard)/dashboard/settings/settings-client.tsx(1059,17): error TS7026: JSX element implicitly has type 'any' because no interface 'JSX.IntrinsicElements' exists.
app/(dashboard)/dashboard/settings/settings-client.tsx(1059,82): error TS7026: JSX element implicitly has type 'any' because no interface 'JSX.IntrinsicElements' exists.
app/(dashboard)/dashboard/settings/settings-client.tsx(1060,17): error TS7026: JSX element implicitly has type 'any' because no interface 'JSX.IntrinsicElements' exists.
app/(dashboard)/dashboard/settings/settings-client.tsx(1062,17): error TS7026: JSX element implicitly has type 'any' because no interface 'JSX.IntrinsicElements' exists.
app/(dashboard)/dashboard/settings/settings-client.tsx(1063,15): error TS7026: JSX element implicitly has type 'any' because no interface 'JSX.IntrinsicElements' exists.
app/(dashboard)/dashboard/settings/settings-client.tsx(1064,13): error TS7026: JSX element implicitly has type 'any' because no interface 'JSX.IntrinsicElements' exists.
app/(dashboard)/dashboard/settings/settings-client.tsx(1094,11): error TS7026: JSX element implicitly has type 'any' because no interface 'JSX.IntrinsicElements' exists.
app/(dashboard)/dashboard/settings/settings-client.tsx(1095,9): error TS7026: JSX element implicitly has type 'any' because no interface 'JSX.IntrinsicElements' exists.
app/(dashboard)/dashboard/settings/settings-client.tsx(1114,9): error TS7026: JSX element implicitly has type 'any' because no interface 'JSX.IntrinsicElements' exists.
app/(dashboard)/dashboard/settings/settings-client.tsx(1117,15): error TS7026: JSX element implicitly has type 'any' because no interface 'JSX.IntrinsicElements' exists.
app/(dashboard)/dashboard/settings/settings-client.tsx(1118,17): error TS7026: JSX element implicitly has type 'any' because no interface 'JSX.IntrinsicElements' exists.
app/(dashboard)/dashboard/settings/settings-client.tsx(1119,17): error TS7026: JSX element implicitly has type 'any' because no interface 'JSX.IntrinsicElements' exists.
app/(dashboard)/dashboard/settings/settings-client.tsx(1120,19): error TS7026: JSX element implicitly has type 'any' because no interface 'JSX.IntrinsicElements' exists.
app/(dashboard)/dashboard/settings/settings-client.tsx(1121,19): error TS7026: JSX element implicitly has type 'any' because no interface 'JSX.IntrinsicElements' exists.
app/(dashboard)/dashboard/settings/settings-client.tsx(1122,17): error TS7026: JSX element implicitly has type 'any' because no interface 'JSX.IntrinsicElements' exists.
app/(dashboard)/dashboard/settings/settings-client.tsx(1123,15): error TS7026: JSX element implicitly has type 'any' because no interface 'JSX.IntrinsicElements' exists.
app/(dashboard)/dashboard/settings/settings-client.tsx(1124,15): error TS7026: JSX element implicitly has type 'any' because no interface 'JSX.IntrinsicElements' exists.
app/(dashboard)/dashboard/settings/settings-client.tsx(1125,17): error TS7026: JSX element implicitly has type 'any' because no interface 'JSX.IntrinsicElements' exists.
app/(dashboard)/dashboard/settings/settings-client.tsx(1126,17): error TS7026: JSX element implicitly has type 'any' because no interface 'JSX.IntrinsicElements' exists.
app/(dashboard)/dashboard/settings/settings-client.tsx(1127,19): error TS7026: JSX element implicitly has type 'any' because no interface 'JSX.IntrinsicElements' exists.
app/(dashboard)/dashboard/settings/settings-client.tsx(1128,19): error TS7026: JSX element implicitly has type 'any' because no interface 'JSX.IntrinsicElements' exists.
app/(dashboard)/dashboard/settings/settings-client.tsx(1129,17): error TS7026: JSX element implicitly has type 'any' because no interface 'JSX.IntrinsicElements' exists.
app/(dashboard)/dashboard/settings/settings-client.tsx(1130,15): error TS7026: JSX element implicitly has type 'any' because no interface 'JSX.IntrinsicElements' exists.
app/(dashboard)/dashboard/settings/settings-client.tsx(1133,27): error TS7006: Parameter 'session' implicitly has an 'any' type.
app/(dashboard)/dashboard/settings/settings-client.tsx(1135,17): error TS2322: Type '{ key: any; device: any; location: any; lastActive: any; isCurrent: any; icon: any; }' is not assignable to type 'SessionRowProps'.
  Property 'key' does not exist on type 'SessionRowProps'.
app/(dashboard)/dashboard/settings/settings-client.tsx(1144,13): error TS7026: JSX element implicitly has type 'any' because no interface 'JSX.IntrinsicElements' exists.
app/(dashboard)/dashboard/settings/settings-client.tsx(1144,105): error TS7026: JSX element implicitly has type 'any' because no interface 'JSX.IntrinsicElements' exists.
app/(dashboard)/dashboard/settings/settings-client.tsx(1146,9): error TS7026: JSX element implicitly has type 'any' because no interface 'JSX.IntrinsicElements' exists.
app/(dashboard)/dashboard/settings/settings-client.tsx(1148,5): error TS7026: JSX element implicitly has type 'any' because no interface 'JSX.IntrinsicElements' exists.
app/(dashboard)/dashboard/settings/settings-client.tsx(1166,5): error TS7026: JSX element implicitly has type 'any' because no interface 'JSX.IntrinsicElements' exists.
app/(dashboard)/dashboard/settings/settings-client.tsx(1171,9): error TS7026: JSX element implicitly has type 'any' because no interface 'JSX.IntrinsicElements' exists.
app/(dashboard)/dashboard/settings/settings-client.tsx(1172,11): error TS7026: JSX element implicitly has type 'any' because no interface 'JSX.IntrinsicElements' exists.
app/(dashboard)/dashboard/settings/settings-client.tsx(1173,13): error TS7026: JSX element implicitly has type 'any' because no interface 'JSX.IntrinsicElements' exists.
app/(dashboard)/dashboard/settings/settings-client.tsx(1178,13): error TS7026: JSX element implicitly has type 'any' because no interface 'JSX.IntrinsicElements' exists.
app/(dashboard)/dashboard/settings/settings-client.tsx(1180,11): error TS7026: JSX element implicitly has type 'any' because no interface 'JSX.IntrinsicElements' exists.
app/(dashboard)/dashboard/settings/settings-client.tsx(1182,9): error TS7026: JSX element implicitly has type 'any' because no interface 'JSX.IntrinsicElements' exists.
app/(dashboard)/dashboard/settings/settings-client.tsx(1185,5): error TS7026: JSX element implicitly has type 'any' because no interface 'JSX.IntrinsicElements' exists.
app/(dashboard)/dashboard/settings/settings-client.tsx(1200,5): error TS7026: JSX element implicitly has type 'any' because no interface 'JSX.IntrinsicElements' exists.
app/(dashboard)/dashboard/settings/settings-client.tsx(1201,7): error TS7026: JSX element implicitly has type 'any' because no interface 'JSX.IntrinsicElements' exists.
app/(dashboard)/dashboard/settings/settings-client.tsx(1203,22): error TS7026: JSX element implicitly has type 'any' because no interface 'JSX.IntrinsicElements' exists.
app/(dashboard)/dashboard/settings/settings-client.tsx(1203,64): error TS7026: JSX element implicitly has type 'any' because no interface 'JSX.IntrinsicElements' exists.
app/(dashboard)/dashboard/settings/settings-client.tsx(1204,7): error TS7026: JSX element implicitly has type 'any' because no interface 'JSX.IntrinsicElements' exists.
app/(dashboard)/dashboard/settings/settings-client.tsx(1205,7): error TS7026: JSX element implicitly has type 'any' because no interface 'JSX.IntrinsicElements' exists.
app/(dashboard)/dashboard/settings/settings-client.tsx(1207,7): error TS7026: JSX element implicitly has type 'any' because no interface 'JSX.IntrinsicElements' exists.
app/(dashboard)/dashboard/settings/settings-client.tsx(1208,5): error TS7026: JSX element implicitly has type 'any' because no interface 'JSX.IntrinsicElements' exists.
app/(dashboard)/dashboard/settings/settings-client.tsx(1214,5): error TS7026: JSX element implicitly has type 'any' because no interface 'JSX.IntrinsicElements' exists.
app/(dashboard)/dashboard/settings/settings-client.tsx(1215,7): error TS7026: JSX element implicitly has type 'any' because no interface 'JSX.IntrinsicElements' exists.
app/(dashboard)/dashboard/settings/settings-client.tsx(1215,94): error TS7026: JSX element implicitly has type 'any' because no interface 'JSX.IntrinsicElements' exists.
app/(dashboard)/dashboard/settings/settings-client.tsx(1216,7): error TS7026: JSX element implicitly has type 'any' because no interface 'JSX.IntrinsicElements' exists.
app/(dashboard)/dashboard/settings/settings-client.tsx(1216,73): error TS7026: JSX element implicitly has type 'any' because no interface 'JSX.IntrinsicElements' exists.
app/(dashboard)/dashboard/settings/settings-client.tsx(1217,5): error TS7026: JSX element implicitly has type 'any' because no interface 'JSX.IntrinsicElements' exists.
app/(dashboard)/dashboard/settings/settings-client.tsx(1231,5): error TS7026: JSX element implicitly has type 'any' because no interface 'JSX.IntrinsicElements' exists.
app/(dashboard)/dashboard/settings/settings-client.tsx(1232,7): error TS7026: JSX element implicitly has type 'any' because no interface 'JSX.IntrinsicElements' exists.
app/(dashboard)/dashboard/settings/settings-client.tsx(1233,9): error TS7026: JSX element implicitly has type 'any' because no interface 'JSX.IntrinsicElements' exists.
app/(dashboard)/dashboard/settings/settings-client.tsx(1233,66): error TS7026: JSX element implicitly has type 'any' because no interface 'JSX.IntrinsicElements' exists.
app/(dashboard)/dashboard/settings/settings-client.tsx(1234,9): error TS7026: JSX element implicitly has type 'any' because no interface 'JSX.IntrinsicElements' exists.
app/(dashboard)/dashboard/settings/settings-client.tsx(1234,73): error TS7026: JSX element implicitly has type 'any' because no interface 'JSX.IntrinsicElements' exists.
app/(dashboard)/dashboard/settings/settings-client.tsx(1235,7): error TS7026: JSX element implicitly has type 'any' because no interface 'JSX.IntrinsicElements' exists.
app/(dashboard)/dashboard/settings/settings-client.tsx(1237,5): error TS7026: JSX element implicitly has type 'any' because no interface 'JSX.IntrinsicElements' exists.
app/(dashboard)/dashboard/settings/settings-client.tsx(1251,5): error TS7026: JSX element implicitly has type 'any' because no interface 'JSX.IntrinsicElements' exists.
app/(dashboard)/dashboard/settings/settings-client.tsx(1252,7): error TS7026: JSX element implicitly has type 'any' because no interface 'JSX.IntrinsicElements' exists.
app/(dashboard)/dashboard/settings/settings-client.tsx(1253,9): error TS7026: JSX element implicitly has type 'any' because no interface 'JSX.IntrinsicElements' exists.
app/(dashboard)/dashboard/settings/settings-client.tsx(1261,9): error TS7026: JSX element implicitly has type 'any' because no interface 'JSX.IntrinsicElements' exists.
app/(dashboard)/dashboard/settings/settings-client.tsx(1262,9): error TS7026: JSX element implicitly has type 'any' because no interface 'JSX.IntrinsicElements' exists.
app/(dashboard)/dashboard/settings/settings-client.tsx(1263,11): error TS7026: JSX element implicitly has type 'any' because no interface 'JSX.IntrinsicElements' exists.
app/(dashboard)/dashboard/settings/settings-client.tsx(1264,13): error TS7026: JSX element implicitly has type 'any' because no interface 'JSX.IntrinsicElements' exists.
app/(dashboard)/dashboard/settings/settings-client.tsx(1264,74): error TS7026: JSX element implicitly has type 'any' because no interface 'JSX.IntrinsicElements' exists.
app/(dashboard)/dashboard/settings/settings-client.tsx(1268,11): error TS7026: JSX element implicitly has type 'any' because no interface 'JSX.IntrinsicElements' exists.
app/(dashboard)/dashboard/settings/settings-client.tsx(1269,11): error TS7026: JSX element implicitly has type 'any' because no interface 'JSX.IntrinsicElements' exists.
app/(dashboard)/dashboard/settings/settings-client.tsx(1271,11): error TS7026: JSX element implicitly has type 'any' because no interface 'JSX.IntrinsicElements' exists.
app/(dashboard)/dashboard/settings/settings-client.tsx(1272,9): error TS7026: JSX element implicitly has type 'any' because no interface 'JSX.IntrinsicElements' exists.
app/(dashboard)/dashboard/settings/settings-client.tsx(1273,7): error TS7026: JSX element implicitly has type 'any' because no interface 'JSX.IntrinsicElements' exists.
app/(dashboard)/dashboard/settings/settings-client.tsx(1279,5): error TS7026: JSX element implicitly has type 'any' because no interface 'JSX.IntrinsicElements' exists.
app/(dashboard)/dashboard/settings/settings-client.tsx(1293,5): error TS7026: JSX element implicitly has type 'any' because no interface 'JSX.IntrinsicElements' exists.
app/(dashboard)/dashboard/settings/settings-client.tsx(1294,7): error TS7026: JSX element implicitly has type 'any' because no interface 'JSX.IntrinsicElements' exists.
app/(dashboard)/dashboard/settings/settings-client.tsx(1296,11): error TS7026: JSX element implicitly has type 'any' because no interface 'JSX.IntrinsicElements' exists.
app/(dashboard)/dashboard/settings/settings-client.tsx(1299,11): error TS7026: JSX element implicitly has type 'any' because no interface 'JSX.IntrinsicElements' exists.
app/(dashboard)/dashboard/settings/settings-client.tsx(1301,7): error TS7026: JSX element implicitly has type 'any' because no interface 'JSX.IntrinsicElements' exists.
app/(dashboard)/dashboard/settings/settings-client.tsx(1305,5): error TS7026: JSX element implicitly has type 'any' because no interface 'JSX.IntrinsicElements' exists.
app/(dashboard)/dashboard/settings/settings-client.tsx(1322,10): error TS2559: Type '{ children: any; }' has no properties in common with type 'InputRootProps'.
app/(dashboard)/dashboard/settings/settings-client.tsx(1332,9): error TS7026: JSX element implicitly has type 'any' because no interface 'JSX.IntrinsicElements' exists.
app/(dashboard)/dashboard/settings/settings-client.tsx(1333,11): error TS7026: JSX element implicitly has type 'any' because no interface 'JSX.IntrinsicElements' exists.
app/(dashboard)/dashboard/settings/settings-client.tsx(1335,11): error TS7026: JSX element implicitly has type 'any' because no interface 'JSX.IntrinsicElements' exists.
app/(dashboard)/dashboard/settings/settings-client.tsx(1343,9): error TS7026: JSX element implicitly has type 'any' because no interface 'JSX.IntrinsicElements' exists.
app/(dashboard)/dashboard/settings/settings-client.tsx(1349,5): error TS7026: JSX element implicitly has type 'any' because no interface 'JSX.IntrinsicElements' exists.
app/(dashboard)/dashboard/settings/settings-client.tsx(1350,8): error TS2559: Type '{ children: any; }' has no properties in common with type 'InputRootProps'.
app/(dashboard)/dashboard/settings/settings-client.tsx(1357,24): error TS7006: Parameter 'e' implicitly has an 'any' type.
app/(dashboard)/dashboard/settings/settings-client.tsx(1361,8): error TS2559: Type '{ children: any; }' has no properties in common with type 'InputRootProps'.
app/(dashboard)/dashboard/settings/settings-client.tsx(1368,24): error TS7006: Parameter 'e' implicitly has an 'any' type.
app/(dashboard)/dashboard/settings/settings-client.tsx(1370,11): error TS7026: JSX element implicitly has type 'any' because no interface 'JSX.IntrinsicElements' exists.
app/(dashboard)/dashboard/settings/settings-client.tsx(1376,11): error TS7026: JSX element implicitly has type 'any' because no interface 'JSX.IntrinsicElements' exists.
app/(dashboard)/dashboard/settings/settings-client.tsx(1379,7): error TS7026: JSX element implicitly has type 'any' because no interface 'JSX.IntrinsicElements' exists.
app/(dashboard)/dashboard/settings/settings-client.tsx(1416,7): error TS7026: JSX element implicitly has type 'any' because no interface 'JSX.IntrinsicElements' exists.
app/(dashboard)/dashboard/settings/settings-client.tsx(1417,5): error TS7026: JSX element implicitly has type 'any' because no interface 'JSX.IntrinsicElements' exists.
app/(dashboard)/dashboard/settings/settings-client.tsx(1428,5): error TS7026: JSX element implicitly has type 'any' because no interface 'JSX.IntrinsicElements' exists.
app/(dashboard)/dashboard/settings/settings-client.tsx(1429,7): error TS7026: JSX element implicitly has type 'any' because no interface 'JSX.IntrinsicElements' exists.
app/(dashboard)/dashboard/settings/settings-client.tsx(1430,9): error TS7026: JSX element implicitly has type 'any' because no interface 'JSX.IntrinsicElements' exists.
app/(dashboard)/dashboard/settings/settings-client.tsx(1433,9): error TS7026: JSX element implicitly has type 'any' because no interface 'JSX.IntrinsicElements' exists.
app/(dashboard)/dashboard/settings/settings-client.tsx(1434,7): error TS7026: JSX element implicitly has type 'any' because no interface 'JSX.IntrinsicElements' exists.
app/(dashboard)/dashboard/settings/settings-client.tsx(1436,7): error TS7026: JSX element implicitly has type 'any' because no interface 'JSX.IntrinsicElements' exists.
app/(dashboard)/dashboard/settings/settings-client.tsx(1438,12): error TS2559: Type '{ children: any; }' has no properties in common with type 'InputRootProps'.
app/(dashboard)/dashboard/settings/settings-client.tsx(1445,28): error TS7006: Parameter 'e' implicitly has an 'any' type.
app/(dashboard)/dashboard/settings/settings-client.tsx(1452,12): error TS2559: Type '{ children: any; }' has no properties in common with type 'InputRootProps'.
app/(dashboard)/dashboard/settings/settings-client.tsx(1459,28): error TS7006: Parameter 'e' implicitly has an 'any' type.
app/(dashboard)/dashboard/settings/settings-client.tsx(1461,15): error TS7026: JSX element implicitly has type 'any' because no interface 'JSX.IntrinsicElements' exists.
app/(dashboard)/dashboard/settings/settings-client.tsx(1467,15): error TS7026: JSX element implicitly has type 'any' because no interface 'JSX.IntrinsicElements' exists.
app/(dashboard)/dashboard/settings/settings-client.tsx(1471,7): error TS7026: JSX element implicitly has type 'any' because no interface 'JSX.IntrinsicElements' exists.
app/(dashboard)/dashboard/settings/settings-client.tsx(1473,7): error TS7026: JSX element implicitly has type 'any' because no interface 'JSX.IntrinsicElements' exists.
app/(dashboard)/dashboard/settings/settings-client.tsx(1497,7): error TS7026: JSX element implicitly has type 'any' because no interface 'JSX.IntrinsicElements' exists.
app/(dashboard)/dashboard/settings/settings-client.tsx(1498,5): error TS7026: JSX element implicitly has type 'any' because no interface 'JSX.IntrinsicElements' exists.
app/(dashboard)/dashboard/settings/settings-client.tsx(1526,29): error TS2339: Property 'qrCodeUrl' does not exist on type '{ success: boolean; backupCodes: string[] | undefined; totpURI: string | undefined; error?: undefined; } | { success: boolean; error: any; backupCodes?: undefined; totpURI?: undefined; }'.
  Property 'qrCodeUrl' does not exist on type '{ success: boolean; backupCodes: string[] | undefined; totpURI: string | undefined; error?: undefined; }'.
app/(dashboard)/dashboard/settings/settings-client.tsx(1565,7): error TS7026: JSX element implicitly has type 'any' because no interface 'JSX.IntrinsicElements' exists.
app/(dashboard)/dashboard/settings/settings-client.tsx(1567,11): error TS7026: JSX element implicitly has type 'any' because no interface 'JSX.IntrinsicElements' exists.
app/(dashboard)/dashboard/settings/settings-client.tsx(1568,13): error TS7026: JSX element implicitly has type 'any' because no interface 'JSX.IntrinsicElements' exists.
app/(dashboard)/dashboard/settings/settings-client.tsx(1569,15): error TS7026: JSX element implicitly has type 'any' because no interface 'JSX.IntrinsicElements' exists.
app/(dashboard)/dashboard/settings/settings-client.tsx(1571,15): error TS7026: JSX element implicitly has type 'any' because no interface 'JSX.IntrinsicElements' exists.
app/(dashboard)/dashboard/settings/settings-client.tsx(1572,13): error TS7026: JSX element implicitly has type 'any' because no interface 'JSX.IntrinsicElements' exists.
app/(dashboard)/dashboard/settings/settings-client.tsx(1575,16): error TS2559: Type '{ children: any; }' has no properties in common with type 'InputRootProps'.
app/(dashboard)/dashboard/settings/settings-client.tsx(1582,32): error TS7006: Parameter 'e' implicitly has an 'any' type.
app/(dashboard)/dashboard/settings/settings-client.tsx(1584,19): error TS7026: JSX element implicitly has type 'any' because no interface 'JSX.IntrinsicElements' exists.
app/(dashboard)/dashboard/settings/settings-client.tsx(1590,19): error TS7026: JSX element implicitly has type 'any' because no interface 'JSX.IntrinsicElements' exists.
app/(dashboard)/dashboard/settings/settings-client.tsx(1595,13): error TS7026: JSX element implicitly has type 'any' because no interface 'JSX.IntrinsicElements' exists.
app/(dashboard)/dashboard/settings/settings-client.tsx(1603,13): error TS7026: JSX element implicitly has type 'any' because no interface 'JSX.IntrinsicElements' exists.
app/(dashboard)/dashboard/settings/settings-client.tsx(1604,11): error TS7026: JSX element implicitly has type 'any' because no interface 'JSX.IntrinsicElements' exists.
app/(dashboard)/dashboard/settings/settings-client.tsx(1608,11): error TS7026: JSX element implicitly has type 'any' because no interface 'JSX.IntrinsicElements' exists.
app/(dashboard)/dashboard/settings/settings-client.tsx(1609,13): error TS7026: JSX element implicitly has type 'any' because no interface 'JSX.IntrinsicElements' exists.
app/(dashboard)/dashboard/settings/settings-client.tsx(1610,15): error TS7026: JSX element implicitly has type 'any' because no interface 'JSX.IntrinsicElements' exists.
app/(dashboard)/dashboard/settings/settings-client.tsx(1612,15): error TS7026: JSX element implicitly has type 'any' because no interface 'JSX.IntrinsicElements' exists.
app/(dashboard)/dashboard/settings/settings-client.tsx(1613,15): error TS7026: JSX element implicitly has type 'any' because no interface 'JSX.IntrinsicElements' exists.
app/(dashboard)/dashboard/settings/settings-client.tsx(1614,17): error TS7026: JSX element implicitly has type 'any' because no interface 'JSX.IntrinsicElements' exists.
app/(dashboard)/dashboard/settings/settings-client.tsx(1615,15): error TS7026: JSX element implicitly has type 'any' because no interface 'JSX.IntrinsicElements' exists.
app/(dashboard)/dashboard/settings/settings-client.tsx(1616,13): error TS7026: JSX element implicitly has type 'any' because no interface 'JSX.IntrinsicElements' exists.
app/(dashboard)/dashboard/settings/settings-client.tsx(1619,15): error TS7026: JSX element implicitly has type 'any' because no interface 'JSX.IntrinsicElements' exists.
app/(dashboard)/dashboard/settings/settings-client.tsx(1620,17): error TS7026: JSX element implicitly has type 'any' because no interface 'JSX.IntrinsicElements' exists.
app/(dashboard)/dashboard/settings/settings-client.tsx(1620,84): error TS7026: JSX element implicitly has type 'any' because no interface 'JSX.IntrinsicElements' exists.
app/(dashboard)/dashboard/settings/settings-client.tsx(1621,17): error TS7026: JSX element implicitly has type 'any' because no interface 'JSX.IntrinsicElements' exists.
app/(dashboard)/dashboard/settings/settings-client.tsx(1623,17): error TS7026: JSX element implicitly has type 'any' because no interface 'JSX.IntrinsicElements' exists.
app/(dashboard)/dashboard/settings/settings-client.tsx(1624,17): error TS7026: JSX element implicitly has type 'any' because no interface 'JSX.IntrinsicElements' exists.
app/(dashboard)/dashboard/settings/settings-client.tsx(1625,37): error TS7006: Parameter 'code' implicitly has an 'any' type.
app/(dashboard)/dashboard/settings/settings-client.tsx(1625,43): error TS7006: Parameter 'idx' implicitly has an 'any' type.
app/(dashboard)/dashboard/settings/settings-client.tsx(1626,21): error TS7026: JSX element implicitly has type 'any' because no interface 'JSX.IntrinsicElements' exists.
app/(dashboard)/dashboard/settings/settings-client.tsx(1628,21): error TS7026: JSX element implicitly has type 'any' because no interface 'JSX.IntrinsicElements' exists.
app/(dashboard)/dashboard/settings/settings-client.tsx(1630,17): error TS7026: JSX element implicitly has type 'any' because no interface 'JSX.IntrinsicElements' exists.
app/(dashboard)/dashboard/settings/settings-client.tsx(1631,15): error TS7026: JSX element implicitly has type 'any' because no interface 'JSX.IntrinsicElements' exists.
app/(dashboard)/dashboard/settings/settings-client.tsx(1634,13): error TS7026: JSX element implicitly has type 'any' because no interface 'JSX.IntrinsicElements' exists.
app/(dashboard)/dashboard/settings/settings-client.tsx(1656,13): error TS7026: JSX element implicitly has type 'any' because no interface 'JSX.IntrinsicElements' exists.
app/(dashboard)/dashboard/settings/settings-client.tsx(1657,11): error TS7026: JSX element implicitly has type 'any' because no interface 'JSX.IntrinsicElements' exists.
app/(dashboard)/dashboard/settings/settings-client.tsx(1661,11): error TS7026: JSX element implicitly has type 'any' because no interface 'JSX.IntrinsicElements' exists.
app/(dashboard)/dashboard/settings/settings-client.tsx(1662,13): error TS7026: JSX element implicitly has type 'any' because no interface 'JSX.IntrinsicElements' exists.
app/(dashboard)/dashboard/settings/settings-client.tsx(1663,15): error TS7026: JSX element implicitly has type 'any' because no interface 'JSX.IntrinsicElements' exists.
app/(dashboard)/dashboard/settings/settings-client.tsx(1665,15): error TS7026: JSX element implicitly has type 'any' because no interface 'JSX.IntrinsicElements' exists.
app/(dashboard)/dashboard/settings/settings-client.tsx(1666,15): error TS7026: JSX element implicitly has type 'any' because no interface 'JSX.IntrinsicElements' exists.
app/(dashboard)/dashboard/settings/settings-client.tsx(1667,17): error TS7026: JSX element implicitly has type 'any' because no interface 'JSX.IntrinsicElements' exists.
app/(dashboard)/dashboard/settings/settings-client.tsx(1667,81): error TS7026: JSX element implicitly has type 'any' because no interface 'JSX.IntrinsicElements' exists.
app/(dashboard)/dashboard/settings/settings-client.tsx(1668,17): error TS7026: JSX element implicitly has type 'any' because no interface 'JSX.IntrinsicElements' exists.
app/(dashboard)/dashboard/settings/settings-client.tsx(1668,124): error TS7026: JSX element implicitly has type 'any' because no interface 'JSX.IntrinsicElements' exists.
app/(dashboard)/dashboard/settings/settings-client.tsx(1669,15): error TS7026: JSX element implicitly has type 'any' because no interface 'JSX.IntrinsicElements' exists.
app/(dashboard)/dashboard/settings/settings-client.tsx(1670,13): error TS7026: JSX element implicitly has type 'any' because no interface 'JSX.IntrinsicElements' exists.
app/(dashboard)/dashboard/settings/settings-client.tsx(1672,13): error TS7026: JSX element implicitly has type 'any' because no interface 'JSX.IntrinsicElements' exists.
app/(dashboard)/dashboard/settings/settings-client.tsx(1680,13): error TS7026: JSX element implicitly has type 'any' because no interface 'JSX.IntrinsicElements' exists.
app/(dashboard)/dashboard/settings/settings-client.tsx(1681,11): error TS7026: JSX element implicitly has type 'any' because no interface 'JSX.IntrinsicElements' exists.
app/(dashboard)/dashboard/settings/settings-client.tsx(1683,7): error TS7026: JSX element implicitly has type 'any' because no interface 'JSX.IntrinsicElements' exists.
app/(dashboard)/dashboard/team/page.tsx(10,10): error TS2875: This JSX tag requires the module path 'react/jsx-runtime' to exist, but none could be found. Make sure you have types for the appropriate package installed.
app/(dashboard)/dashboard/team/team-client.tsx(3,24): error TS2307: Cannot find module 'react' or its corresponding type declarations.
app/(dashboard)/dashboard/team/team-client.tsx(24,8): error TS2307: Cannot find module '@phosphor-icons/react/dist/ssr' or its corresponding type declarations.
app/(dashboard)/dashboard/team/team-client.tsx(28,23): error TS2307: Cannot find module 'sonner' or its corresponding type declarations.
app/(dashboard)/dashboard/team/team-client.tsx(74,15): error TS2503: Cannot find namespace 'organizations'.
app/(dashboard)/dashboard/team/team-client.tsx(116,5): error TS7026: JSX element implicitly has type 'any' because no interface 'JSX.IntrinsicElements' exists.
app/(dashboard)/dashboard/team/team-client.tsx(116,5): error TS2875: This JSX tag requires the module path 'react/jsx-runtime' to exist, but none could be found. Make sure you have types for the appropriate package installed.
app/(dashboard)/dashboard/team/team-client.tsx(118,7): error TS7026: JSX element implicitly has type 'any' because no interface 'JSX.IntrinsicElements' exists.
app/(dashboard)/dashboard/team/team-client.tsx(119,9): error TS7026: JSX element implicitly has type 'any' because no interface 'JSX.IntrinsicElements' exists.
app/(dashboard)/dashboard/team/team-client.tsx(120,11): error TS7026: JSX element implicitly has type 'any' because no interface 'JSX.IntrinsicElements' exists.
app/(dashboard)/dashboard/team/team-client.tsx(120,83): error TS7026: JSX element implicitly has type 'any' because no interface 'JSX.IntrinsicElements' exists.
app/(dashboard)/dashboard/team/team-client.tsx(121,11): error TS7026: JSX element implicitly has type 'any' because no interface 'JSX.IntrinsicElements' exists.
app/(dashboard)/dashboard/team/team-client.tsx(123,11): error TS7026: JSX element implicitly has type 'any' because no interface 'JSX.IntrinsicElements' exists.
app/(dashboard)/dashboard/team/team-client.tsx(124,9): error TS7026: JSX element implicitly has type 'any' because no interface 'JSX.IntrinsicElements' exists.
app/(dashboard)/dashboard/team/team-client.tsx(127,11): error TS7026: JSX element implicitly has type 'any' because no interface 'JSX.IntrinsicElements' exists.
app/(dashboard)/dashboard/team/team-client.tsx(127,59): error TS7026: JSX element implicitly has type 'any' because no interface 'JSX.IntrinsicElements' exists.
app/(dashboard)/dashboard/team/team-client.tsx(128,11): error TS7026: JSX element implicitly has type 'any' because no interface 'JSX.IntrinsicElements' exists.
app/(dashboard)/dashboard/team/team-client.tsx(128,45): error TS7026: JSX element implicitly has type 'any' because no interface 'JSX.IntrinsicElements' exists.
app/(dashboard)/dashboard/team/team-client.tsx(130,7): error TS7026: JSX element implicitly has type 'any' because no interface 'JSX.IntrinsicElements' exists.
app/(dashboard)/dashboard/team/team-client.tsx(133,7): error TS7026: JSX element implicitly has type 'any' because no interface 'JSX.IntrinsicElements' exists.
app/(dashboard)/dashboard/team/team-client.tsx(135,9): error TS7026: JSX element implicitly has type 'any' because no interface 'JSX.IntrinsicElements' exists.
app/(dashboard)/dashboard/team/team-client.tsx(136,11): error TS7026: JSX element implicitly has type 'any' because no interface 'JSX.IntrinsicElements' exists.
app/(dashboard)/dashboard/team/team-client.tsx(137,13): error TS7026: JSX element implicitly has type 'any' because no interface 'JSX.IntrinsicElements' exists.
app/(dashboard)/dashboard/team/team-client.tsx(139,13): error TS7026: JSX element implicitly has type 'any' because no interface 'JSX.IntrinsicElements' exists.
app/(dashboard)/dashboard/team/team-client.tsx(140,13): error TS7026: JSX element implicitly has type 'any' because no interface 'JSX.IntrinsicElements' exists.
app/(dashboard)/dashboard/team/team-client.tsx(140,93): error TS7026: JSX element implicitly has type 'any' because no interface 'JSX.IntrinsicElements' exists.
app/(dashboard)/dashboard/team/team-client.tsx(141,11): error TS7026: JSX element implicitly has type 'any' because no interface 'JSX.IntrinsicElements' exists.
app/(dashboard)/dashboard/team/team-client.tsx(142,11): error TS7026: JSX element implicitly has type 'any' because no interface 'JSX.IntrinsicElements' exists.
app/(dashboard)/dashboard/team/team-client.tsx(142,88): error TS7026: JSX element implicitly has type 'any' because no interface 'JSX.IntrinsicElements' exists.
app/(dashboard)/dashboard/team/team-client.tsx(143,9): error TS7026: JSX element implicitly has type 'any' because no interface 'JSX.IntrinsicElements' exists.
app/(dashboard)/dashboard/team/team-client.tsx(146,9): error TS7026: JSX element implicitly has type 'any' because no interface 'JSX.IntrinsicElements' exists.
app/(dashboard)/dashboard/team/team-client.tsx(147,11): error TS7026: JSX element implicitly has type 'any' because no interface 'JSX.IntrinsicElements' exists.
app/(dashboard)/dashboard/team/team-client.tsx(148,13): error TS7026: JSX element implicitly has type 'any' because no interface 'JSX.IntrinsicElements' exists.
app/(dashboard)/dashboard/team/team-client.tsx(150,13): error TS7026: JSX element implicitly has type 'any' because no interface 'JSX.IntrinsicElements' exists.
app/(dashboard)/dashboard/team/team-client.tsx(151,13): error TS7026: JSX element implicitly has type 'any' because no interface 'JSX.IntrinsicElements' exists.
app/(dashboard)/dashboard/team/team-client.tsx(151,92): error TS7026: JSX element implicitly has type 'any' because no interface 'JSX.IntrinsicElements' exists.
app/(dashboard)/dashboard/team/team-client.tsx(152,11): error TS7026: JSX element implicitly has type 'any' because no interface 'JSX.IntrinsicElements' exists.
app/(dashboard)/dashboard/team/team-client.tsx(153,11): error TS7026: JSX element implicitly has type 'any' because no interface 'JSX.IntrinsicElements' exists.
app/(dashboard)/dashboard/team/team-client.tsx(153,89): error TS7026: JSX element implicitly has type 'any' because no interface 'JSX.IntrinsicElements' exists.
app/(dashboard)/dashboard/team/team-client.tsx(154,9): error TS7026: JSX element implicitly has type 'any' because no interface 'JSX.IntrinsicElements' exists.
app/(dashboard)/dashboard/team/team-client.tsx(157,9): error TS7026: JSX element implicitly has type 'any' because no interface 'JSX.IntrinsicElements' exists.
app/(dashboard)/dashboard/team/team-client.tsx(158,11): error TS7026: JSX element implicitly has type 'any' because no interface 'JSX.IntrinsicElements' exists.
app/(dashboard)/dashboard/team/team-client.tsx(159,13): error TS7026: JSX element implicitly has type 'any' because no interface 'JSX.IntrinsicElements' exists.
app/(dashboard)/dashboard/team/team-client.tsx(161,13): error TS7026: JSX element implicitly has type 'any' because no interface 'JSX.IntrinsicElements' exists.
app/(dashboard)/dashboard/team/team-client.tsx(162,13): error TS7026: JSX element implicitly has type 'any' because no interface 'JSX.IntrinsicElements' exists.
app/(dashboard)/dashboard/team/team-client.tsx(162,94): error TS7026: JSX element implicitly has type 'any' because no interface 'JSX.IntrinsicElements' exists.
app/(dashboard)/dashboard/team/team-client.tsx(163,11): error TS7026: JSX element implicitly has type 'any' because no interface 'JSX.IntrinsicElements' exists.
app/(dashboard)/dashboard/team/team-client.tsx(164,11): error TS7026: JSX element implicitly has type 'any' because no interface 'JSX.IntrinsicElements' exists.
app/(dashboard)/dashboard/team/team-client.tsx(164,91): error TS7026: JSX element implicitly has type 'any' because no interface 'JSX.IntrinsicElements' exists.
app/(dashboard)/dashboard/team/team-client.tsx(165,9): error TS7026: JSX element implicitly has type 'any' because no interface 'JSX.IntrinsicElements' exists.
app/(dashboard)/dashboard/team/team-client.tsx(168,9): error TS7026: JSX element implicitly has type 'any' because no interface 'JSX.IntrinsicElements' exists.
app/(dashboard)/dashboard/team/team-client.tsx(174,11): error TS7026: JSX element implicitly has type 'any' because no interface 'JSX.IntrinsicElements' exists.
app/(dashboard)/dashboard/team/team-client.tsx(175,13): error TS7026: JSX element implicitly has type 'any' because no interface 'JSX.IntrinsicElements' exists.
app/(dashboard)/dashboard/team/team-client.tsx(180,13): error TS7026: JSX element implicitly has type 'any' because no interface 'JSX.IntrinsicElements' exists.
app/(dashboard)/dashboard/team/team-client.tsx(181,13): error TS7026: JSX element implicitly has type 'any' because no interface 'JSX.IntrinsicElements' exists.
app/(dashboard)/dashboard/team/team-client.tsx(181,93): error TS7026: JSX element implicitly has type 'any' because no interface 'JSX.IntrinsicElements' exists.
app/(dashboard)/dashboard/team/team-client.tsx(182,11): error TS7026: JSX element implicitly has type 'any' because no interface 'JSX.IntrinsicElements' exists.
app/(dashboard)/dashboard/team/team-client.tsx(183,11): error TS7026: JSX element implicitly has type 'any' because no interface 'JSX.IntrinsicElements' exists.
app/(dashboard)/dashboard/team/team-client.tsx(186,29): error TS7026: JSX element implicitly has type 'any' because no interface 'JSX.IntrinsicElements' exists.
app/(dashboard)/dashboard/team/team-client.tsx(187,9): error TS7026: JSX element implicitly has type 'any' because no interface 'JSX.IntrinsicElements' exists.
app/(dashboard)/dashboard/team/team-client.tsx(188,7): error TS7026: JSX element implicitly has type 'any' because no interface 'JSX.IntrinsicElements' exists.
app/(dashboard)/dashboard/team/team-client.tsx(191,7): error TS7026: JSX element implicitly has type 'any' because no interface 'JSX.IntrinsicElements' exists.
app/(dashboard)/dashboard/team/team-client.tsx(192,9): error TS7026: JSX element implicitly has type 'any' because no interface 'JSX.IntrinsicElements' exists.
app/(dashboard)/dashboard/team/team-client.tsx(193,11): error TS7026: JSX element implicitly has type 'any' because no interface 'JSX.IntrinsicElements' exists.
app/(dashboard)/dashboard/team/team-client.tsx(193,74): error TS7026: JSX element implicitly has type 'any' because no interface 'JSX.IntrinsicElements' exists.
app/(dashboard)/dashboard/team/team-client.tsx(194,11): error TS7026: JSX element implicitly has type 'any' because no interface 'JSX.IntrinsicElements' exists.
app/(dashboard)/dashboard/team/team-client.tsx(194,90): error TS7026: JSX element implicitly has type 'any' because no interface 'JSX.IntrinsicElements' exists.
app/(dashboard)/dashboard/team/team-client.tsx(195,9): error TS7026: JSX element implicitly has type 'any' because no interface 'JSX.IntrinsicElements' exists.
app/(dashboard)/dashboard/team/team-client.tsx(196,9): error TS7026: JSX element implicitly has type 'any' because no interface 'JSX.IntrinsicElements' exists.
app/(dashboard)/dashboard/team/team-client.tsx(203,15): error TS7026: JSX element implicitly has type 'any' because no interface 'JSX.IntrinsicElements' exists.
app/(dashboard)/dashboard/team/team-client.tsx(205,17): error TS7026: JSX element implicitly has type 'any' because no interface 'JSX.IntrinsicElements' exists.
app/(dashboard)/dashboard/team/team-client.tsx(212,19): error TS7026: JSX element implicitly has type 'any' because no interface 'JSX.IntrinsicElements' exists.
app/(dashboard)/dashboard/team/team-client.tsx(213,21): error TS7026: JSX element implicitly has type 'any' because no interface 'JSX.IntrinsicElements' exists.
app/(dashboard)/dashboard/team/team-client.tsx(214,23): error TS7026: JSX element implicitly has type 'any' because no interface 'JSX.IntrinsicElements' exists.
app/(dashboard)/dashboard/team/team-client.tsx(214,94): error TS7026: JSX element implicitly has type 'any' because no interface 'JSX.IntrinsicElements' exists.
app/(dashboard)/dashboard/team/team-client.tsx(216,25): error TS7026: JSX element implicitly has type 'any' because no interface 'JSX.IntrinsicElements' exists.
app/(dashboard)/dashboard/team/team-client.tsx(216,113): error TS7026: JSX element implicitly has type 'any' because no interface 'JSX.IntrinsicElements' exists.
app/(dashboard)/dashboard/team/team-client.tsx(218,21): error TS7026: JSX element implicitly has type 'any' because no interface 'JSX.IntrinsicElements' exists.
app/(dashboard)/dashboard/team/team-client.tsx(219,21): error TS7026: JSX element implicitly has type 'any' because no interface 'JSX.IntrinsicElements' exists.
app/(dashboard)/dashboard/team/team-client.tsx(219,91): error TS7026: JSX element implicitly has type 'any' because no interface 'JSX.IntrinsicElements' exists.
app/(dashboard)/dashboard/team/team-client.tsx(220,21): error TS7026: JSX element implicitly has type 'any' because no interface 'JSX.IntrinsicElements' exists.
app/(dashboard)/dashboard/team/team-client.tsx(221,23): error TS7026: JSX element implicitly has type 'any' because no interface 'JSX.IntrinsicElements' exists.
app/(dashboard)/dashboard/team/team-client.tsx(226,23): error TS7026: JSX element implicitly has type 'any' because no interface 'JSX.IntrinsicElements' exists.
app/(dashboard)/dashboard/team/team-client.tsx(239,21): error TS7026: JSX element implicitly has type 'any' because no interface 'JSX.IntrinsicElements' exists.
app/(dashboard)/dashboard/team/team-client.tsx(240,19): error TS7026: JSX element implicitly has type 'any' because no interface 'JSX.IntrinsicElements' exists.
app/(dashboard)/dashboard/team/team-client.tsx(241,17): error TS7026: JSX element implicitly has type 'any' because no interface 'JSX.IntrinsicElements' exists.
app/(dashboard)/dashboard/team/team-client.tsx(244,17): error TS7026: JSX element implicitly has type 'any' because no interface 'JSX.IntrinsicElements' exists.
app/(dashboard)/dashboard/team/team-client.tsx(251,19): error TS7026: JSX element implicitly has type 'any' because no interface 'JSX.IntrinsicElements' exists.
app/(dashboard)/dashboard/team/team-client.tsx(252,21): error TS7026: JSX element implicitly has type 'any' because no interface 'JSX.IntrinsicElements' exists.
app/(dashboard)/dashboard/team/team-client.tsx(253,23): error TS7026: JSX element implicitly has type 'any' because no interface 'JSX.IntrinsicElements' exists.
app/(dashboard)/dashboard/team/team-client.tsx(253,94): error TS7026: JSX element implicitly has type 'any' because no interface 'JSX.IntrinsicElements' exists.
app/(dashboard)/dashboard/team/team-client.tsx(255,25): error TS7026: JSX element implicitly has type 'any' because no interface 'JSX.IntrinsicElements' exists.
app/(dashboard)/dashboard/team/team-client.tsx(255,114): error TS7026: JSX element implicitly has type 'any' because no interface 'JSX.IntrinsicElements' exists.
app/(dashboard)/dashboard/team/team-client.tsx(257,21): error TS7026: JSX element implicitly has type 'any' because no interface 'JSX.IntrinsicElements' exists.
app/(dashboard)/dashboard/team/team-client.tsx(258,21): error TS7026: JSX element implicitly has type 'any' because no interface 'JSX.IntrinsicElements' exists.
app/(dashboard)/dashboard/team/team-client.tsx(258,91): error TS7026: JSX element implicitly has type 'any' because no interface 'JSX.IntrinsicElements' exists.
app/(dashboard)/dashboard/team/team-client.tsx(259,19): error TS7026: JSX element implicitly has type 'any' because no interface 'JSX.IntrinsicElements' exists.
app/(dashboard)/dashboard/team/team-client.tsx(267,21): error TS7026: JSX element implicitly has type 'any' because no interface 'JSX.IntrinsicElements' exists.
app/(dashboard)/dashboard/team/team-client.tsx(290,21): error TS7026: JSX element implicitly has type 'any' because no interface 'JSX.IntrinsicElements' exists.
app/(dashboard)/dashboard/team/team-client.tsx(292,17): error TS7026: JSX element implicitly has type 'any' because no interface 'JSX.IntrinsicElements' exists.
app/(dashboard)/dashboard/team/team-client.tsx(293,15): error TS7026: JSX element implicitly has type 'any' because no interface 'JSX.IntrinsicElements' exists.
app/(dashboard)/dashboard/team/team-client.tsx(296,9): error TS7026: JSX element implicitly has type 'any' because no interface 'JSX.IntrinsicElements' exists.
app/(dashboard)/dashboard/team/team-client.tsx(297,7): error TS7026: JSX element implicitly has type 'any' because no interface 'JSX.IntrinsicElements' exists.
app/(dashboard)/dashboard/team/team-client.tsx(301,9): error TS7026: JSX element implicitly has type 'any' because no interface 'JSX.IntrinsicElements' exists.
app/(dashboard)/dashboard/team/team-client.tsx(302,11): error TS7026: JSX element implicitly has type 'any' because no interface 'JSX.IntrinsicElements' exists.
app/(dashboard)/dashboard/team/team-client.tsx(303,13): error TS7026: JSX element implicitly has type 'any' because no interface 'JSX.IntrinsicElements' exists.
app/(dashboard)/dashboard/team/team-client.tsx(304,15): error TS7026: JSX element implicitly has type 'any' because no interface 'JSX.IntrinsicElements' exists.
app/(dashboard)/dashboard/team/team-client.tsx(306,15): error TS7026: JSX element implicitly has type 'any' because no interface 'JSX.IntrinsicElements' exists.
app/(dashboard)/dashboard/team/team-client.tsx(307,15): error TS7026: JSX element implicitly has type 'any' because no interface 'JSX.IntrinsicElements' exists.
app/(dashboard)/dashboard/team/team-client.tsx(307,85): error TS7026: JSX element implicitly has type 'any' because no interface 'JSX.IntrinsicElements' exists.
app/(dashboard)/dashboard/team/team-client.tsx(308,13): error TS7026: JSX element implicitly has type 'any' because no interface 'JSX.IntrinsicElements' exists.
app/(dashboard)/dashboard/team/team-client.tsx(309,13): error TS7026: JSX element implicitly has type 'any' because no interface 'JSX.IntrinsicElements' exists.
app/(dashboard)/dashboard/team/team-client.tsx(309,95): error TS7026: JSX element implicitly has type 'any' because no interface 'JSX.IntrinsicElements' exists.
app/(dashboard)/dashboard/team/team-client.tsx(310,11): error TS7026: JSX element implicitly has type 'any' because no interface 'JSX.IntrinsicElements' exists.
app/(dashboard)/dashboard/team/team-client.tsx(311,11): error TS7026: JSX element implicitly has type 'any' because no interface 'JSX.IntrinsicElements' exists.
app/(dashboard)/dashboard/team/team-client.tsx(312,13): error TS7026: JSX element implicitly has type 'any' because no interface 'JSX.IntrinsicElements' exists.
app/(dashboard)/dashboard/team/team-client.tsx(314,17): error TS7026: JSX element implicitly has type 'any' because no interface 'JSX.IntrinsicElements' exists.
app/(dashboard)/dashboard/team/team-client.tsx(321,19): error TS7026: JSX element implicitly has type 'any' because no interface 'JSX.IntrinsicElements' exists.
app/(dashboard)/dashboard/team/team-client.tsx(322,21): error TS7026: JSX element implicitly has type 'any' because no interface 'JSX.IntrinsicElements' exists.
app/(dashboard)/dashboard/team/team-client.tsx(322,98): error TS7026: JSX element implicitly has type 'any' because no interface 'JSX.IntrinsicElements' exists.
app/(dashboard)/dashboard/team/team-client.tsx(323,21): error TS7026: JSX element implicitly has type 'any' because no interface 'JSX.IntrinsicElements' exists.
app/(dashboard)/dashboard/team/team-client.tsx(324,23): error TS7026: JSX element implicitly has type 'any' because no interface 'JSX.IntrinsicElements' exists.
app/(dashboard)/dashboard/team/team-client.tsx(324,103): error TS7026: JSX element implicitly has type 'any' because no interface 'JSX.IntrinsicElements' exists.
app/(dashboard)/dashboard/team/team-client.tsx(325,23): error TS7026: JSX element implicitly has type 'any' because no interface 'JSX.IntrinsicElements' exists.
app/(dashboard)/dashboard/team/team-client.tsx(325,59): error TS7026: JSX element implicitly has type 'any' because no interface 'JSX.IntrinsicElements' exists.
app/(dashboard)/dashboard/team/team-client.tsx(326,23): error TS7026: JSX element implicitly has type 'any' because no interface 'JSX.IntrinsicElements' exists.
app/(dashboard)/dashboard/team/team-client.tsx(326,98): error TS7026: JSX element implicitly has type 'any' because no interface 'JSX.IntrinsicElements' exists.
app/(dashboard)/dashboard/team/team-client.tsx(327,23): error TS7026: JSX element implicitly has type 'any' because no interface 'JSX.IntrinsicElements' exists.
app/(dashboard)/dashboard/team/team-client.tsx(327,30): error TS7026: JSX element implicitly has type 'any' because no interface 'JSX.IntrinsicElements' exists.
app/(dashboard)/dashboard/team/team-client.tsx(328,23): error TS7026: JSX element implicitly has type 'any' because no interface 'JSX.IntrinsicElements' exists.
app/(dashboard)/dashboard/team/team-client.tsx(328,102): error TS7026: JSX element implicitly has type 'any' because no interface 'JSX.IntrinsicElements' exists.
app/(dashboard)/dashboard/team/team-client.tsx(329,21): error TS7026: JSX element implicitly has type 'any' because no interface 'JSX.IntrinsicElements' exists.
app/(dashboard)/dashboard/team/team-client.tsx(330,19): error TS7026: JSX element implicitly has type 'any' because no interface 'JSX.IntrinsicElements' exists.
app/(dashboard)/dashboard/team/team-client.tsx(331,19): error TS7026: JSX element implicitly has type 'any' because no interface 'JSX.IntrinsicElements' exists.
app/(dashboard)/dashboard/team/team-client.tsx(338,19): error TS7026: JSX element implicitly has type 'any' because no interface 'JSX.IntrinsicElements' exists.
app/(dashboard)/dashboard/team/team-client.tsx(339,17): error TS7026: JSX element implicitly has type 'any' because no interface 'JSX.IntrinsicElements' exists.
app/(dashboard)/dashboard/team/team-client.tsx(341,13): error TS7026: JSX element implicitly has type 'any' because no interface 'JSX.IntrinsicElements' exists.
app/(dashboard)/dashboard/team/team-client.tsx(342,11): error TS7026: JSX element implicitly has type 'any' because no interface 'JSX.IntrinsicElements' exists.
app/(dashboard)/dashboard/team/team-client.tsx(343,9): error TS7026: JSX element implicitly has type 'any' because no interface 'JSX.IntrinsicElements' exists.
app/(dashboard)/dashboard/team/team-client.tsx(347,7): error TS7026: JSX element implicitly has type 'any' because no interface 'JSX.IntrinsicElements' exists.
app/(dashboard)/dashboard/team/team-client.tsx(348,9): error TS7026: JSX element implicitly has type 'any' because no interface 'JSX.IntrinsicElements' exists.
app/(dashboard)/dashboard/team/team-client.tsx(349,11): error TS7026: JSX element implicitly has type 'any' because no interface 'JSX.IntrinsicElements' exists.
app/(dashboard)/dashboard/team/team-client.tsx(349,78): error TS7026: JSX element implicitly has type 'any' because no interface 'JSX.IntrinsicElements' exists.
app/(dashboard)/dashboard/team/team-client.tsx(350,11): error TS7026: JSX element implicitly has type 'any' because no interface 'JSX.IntrinsicElements' exists.
app/(dashboard)/dashboard/team/team-client.tsx(350,93): error TS7026: JSX element implicitly has type 'any' because no interface 'JSX.IntrinsicElements' exists.
app/(dashboard)/dashboard/team/team-client.tsx(351,9): error TS7026: JSX element implicitly has type 'any' because no interface 'JSX.IntrinsicElements' exists.
app/(dashboard)/dashboard/team/team-client.tsx(352,9): error TS7026: JSX element implicitly has type 'any' because no interface 'JSX.IntrinsicElements' exists.
app/(dashboard)/dashboard/team/team-client.tsx(353,11): error TS7026: JSX element implicitly has type 'any' because no interface 'JSX.IntrinsicElements' exists.
app/(dashboard)/dashboard/team/team-client.tsx(357,17): error TS7026: JSX element implicitly has type 'any' because no interface 'JSX.IntrinsicElements' exists.
app/(dashboard)/dashboard/team/team-client.tsx(358,19): error TS7026: JSX element implicitly has type 'any' because no interface 'JSX.IntrinsicElements' exists.
app/(dashboard)/dashboard/team/team-client.tsx(370,19): error TS7026: JSX element implicitly has type 'any' because no interface 'JSX.IntrinsicElements' exists.
app/(dashboard)/dashboard/team/team-client.tsx(371,19): error TS7026: JSX element implicitly has type 'any' because no interface 'JSX.IntrinsicElements' exists.
app/(dashboard)/dashboard/team/team-client.tsx(372,21): error TS7026: JSX element implicitly has type 'any' because no interface 'JSX.IntrinsicElements' exists.
app/(dashboard)/dashboard/team/team-client.tsx(373,23): error TS7026: JSX element implicitly has type 'any' because no interface 'JSX.IntrinsicElements' exists.
app/(dashboard)/dashboard/team/team-client.tsx(373,88): error TS7026: JSX element implicitly has type 'any' because no interface 'JSX.IntrinsicElements' exists.
app/(dashboard)/dashboard/team/team-client.tsx(375,25): error TS7026: JSX element implicitly has type 'any' because no interface 'JSX.IntrinsicElements' exists.
app/(dashboard)/dashboard/team/team-client.tsx(377,25): error TS7026: JSX element implicitly has type 'any' because no interface 'JSX.IntrinsicElements' exists.
app/(dashboard)/dashboard/team/team-client.tsx(379,21): error TS7026: JSX element implicitly has type 'any' because no interface 'JSX.IntrinsicElements' exists.
app/(dashboard)/dashboard/team/team-client.tsx(380,21): error TS7026: JSX element implicitly has type 'any' because no interface 'JSX.IntrinsicElements' exists.
app/(dashboard)/dashboard/team/team-client.tsx(380,97): error TS7026: JSX element implicitly has type 'any' because no interface 'JSX.IntrinsicElements' exists.
app/(dashboard)/dashboard/team/team-client.tsx(381,19): error TS7026: JSX element implicitly has type 'any' because no interface 'JSX.IntrinsicElements' exists.
app/(dashboard)/dashboard/team/team-client.tsx(382,17): error TS7026: JSX element implicitly has type 'any' because no interface 'JSX.IntrinsicElements' exists.
app/(dashboard)/dashboard/team/team-client.tsx(385,11): error TS7026: JSX element implicitly has type 'any' because no interface 'JSX.IntrinsicElements' exists.
app/(dashboard)/dashboard/team/team-client.tsx(386,9): error TS7026: JSX element implicitly has type 'any' because no interface 'JSX.IntrinsicElements' exists.
app/(dashboard)/dashboard/team/team-client.tsx(387,7): error TS7026: JSX element implicitly has type 'any' because no interface 'JSX.IntrinsicElements' exists.
app/(dashboard)/dashboard/team/team-client.tsx(398,5): error TS7026: JSX element implicitly has type 'any' because no interface 'JSX.IntrinsicElements' exists.
app/(dashboard)/dashboard/team/team-client.tsx(437,11): error TS7026: JSX element implicitly has type 'any' because no interface 'JSX.IntrinsicElements' exists.
app/(dashboard)/dashboard/team/team-client.tsx(438,13): error TS7026: JSX element implicitly has type 'any' because no interface 'JSX.IntrinsicElements' exists.
app/(dashboard)/dashboard/team/team-client.tsx(439,15): error TS7026: JSX element implicitly has type 'any' because no interface 'JSX.IntrinsicElements' exists.
app/(dashboard)/dashboard/team/team-client.tsx(440,31): error TS7026: JSX element implicitly has type 'any' because no interface 'JSX.IntrinsicElements' exists.
app/(dashboard)/dashboard/team/team-client.tsx(440,66): error TS7026: JSX element implicitly has type 'any' because no interface 'JSX.IntrinsicElements' exists.
app/(dashboard)/dashboard/team/team-client.tsx(441,15): error TS7026: JSX element implicitly has type 'any' because no interface 'JSX.IntrinsicElements' exists.
app/(dashboard)/dashboard/team/team-client.tsx(442,16): error TS2559: Type '{ children: any; }' has no properties in common with type 'InputRootProps'.
app/(dashboard)/dashboard/team/team-client.tsx(448,32): error TS7006: Parameter 'e' implicitly has an 'any' type.
app/(dashboard)/dashboard/team/team-client.tsx(452,13): error TS7026: JSX element implicitly has type 'any' because no interface 'JSX.IntrinsicElements' exists.
app/(dashboard)/dashboard/team/team-client.tsx(454,13): error TS7026: JSX element implicitly has type 'any' because no interface 'JSX.IntrinsicElements' exists.
app/(dashboard)/dashboard/team/team-client.tsx(455,15): error TS7026: JSX element implicitly has type 'any' because no interface 'JSX.IntrinsicElements' exists.
app/(dashboard)/dashboard/team/team-client.tsx(456,22): error TS7026: JSX element implicitly has type 'any' because no interface 'JSX.IntrinsicElements' exists.
app/(dashboard)/dashboard/team/team-client.tsx(456,57): error TS7026: JSX element implicitly has type 'any' because no interface 'JSX.IntrinsicElements' exists.
app/(dashboard)/dashboard/team/team-client.tsx(457,15): error TS7026: JSX element implicitly has type 'any' because no interface 'JSX.IntrinsicElements' exists.
app/(dashboard)/dashboard/team/team-client.tsx(460,33): error TS7006: Parameter 'value' implicitly has an 'any' type.
app/(dashboard)/dashboard/team/team-client.tsx(466,21): error TS7026: JSX element implicitly has type 'any' because no interface 'JSX.IntrinsicElements' exists.
app/(dashboard)/dashboard/team/team-client.tsx(477,23): error TS7026: JSX element implicitly has type 'any' because no interface 'JSX.IntrinsicElements' exists.
app/(dashboard)/dashboard/team/team-client.tsx(478,25): error TS7026: JSX element implicitly has type 'any' because no interface 'JSX.IntrinsicElements' exists.
app/(dashboard)/dashboard/team/team-client.tsx(480,27): error TS7026: JSX element implicitly has type 'any' because no interface 'JSX.IntrinsicElements' exists.
app/(dashboard)/dashboard/team/team-client.tsx(480,94): error TS7026: JSX element implicitly has type 'any' because no interface 'JSX.IntrinsicElements' exists.
app/(dashboard)/dashboard/team/team-client.tsx(481,25): error TS7026: JSX element implicitly has type 'any' because no interface 'JSX.IntrinsicElements' exists.
app/(dashboard)/dashboard/team/team-client.tsx(482,25): error TS7026: JSX element implicitly has type 'any' because no interface 'JSX.IntrinsicElements' exists.
app/(dashboard)/dashboard/team/team-client.tsx(484,25): error TS7026: JSX element implicitly has type 'any' because no interface 'JSX.IntrinsicElements' exists.
app/(dashboard)/dashboard/team/team-client.tsx(485,23): error TS7026: JSX element implicitly has type 'any' because no interface 'JSX.IntrinsicElements' exists.
app/(dashboard)/dashboard/team/team-client.tsx(486,21): error TS7026: JSX element implicitly has type 'any' because no interface 'JSX.IntrinsicElements' exists.
app/(dashboard)/dashboard/team/team-client.tsx(490,13): error TS7026: JSX element implicitly has type 'any' because no interface 'JSX.IntrinsicElements' exists.
app/(dashboard)/dashboard/team/team-client.tsx(492,13): error TS7026: JSX element implicitly has type 'any' because no interface 'JSX.IntrinsicElements' exists.
app/(dashboard)/dashboard/team/team-client.tsx(493,15): error TS7026: JSX element implicitly has type 'any' because no interface 'JSX.IntrinsicElements' exists.
app/(dashboard)/dashboard/team/team-client.tsx(495,15): error TS7026: JSX element implicitly has type 'any' because no interface 'JSX.IntrinsicElements' exists.
app/(dashboard)/dashboard/team/team-client.tsx(499,28): error TS7006: Parameter 'e' implicitly has an 'any' type.
app/(dashboard)/dashboard/team/team-client.tsx(502,15): error TS7026: JSX element implicitly has type 'any' because no interface 'JSX.IntrinsicElements' exists.
app/(dashboard)/dashboard/team/team-client.tsx(504,15): error TS7026: JSX element implicitly has type 'any' because no interface 'JSX.IntrinsicElements' exists.
app/(dashboard)/dashboard/team/team-client.tsx(505,13): error TS7026: JSX element implicitly has type 'any' because no interface 'JSX.IntrinsicElements' exists.
app/(dashboard)/dashboard/team/team-client.tsx(506,11): error TS7026: JSX element implicitly has type 'any' because no interface 'JSX.IntrinsicElements' exists.
app/(dashboard)/dashboard/team/team-client.tsx(508,11): error TS7026: JSX element implicitly has type 'any' because no interface 'JSX.IntrinsicElements' exists.
app/(dashboard)/dashboard/team/team-client.tsx(510,13): error TS7026: JSX element implicitly has type 'any' because no interface 'JSX.IntrinsicElements' exists.
app/(dashboard)/dashboard/team/team-client.tsx(512,13): error TS7026: JSX element implicitly has type 'any' because no interface 'JSX.IntrinsicElements' exists.
app/(dashboard)/dashboard/team/team-client.tsx(513,11): error TS7026: JSX element implicitly has type 'any' because no interface 'JSX.IntrinsicElements' exists.
app/(dashboard)/dashboard/team/team-client.tsx(571,11): error TS7026: JSX element implicitly has type 'any' because no interface 'JSX.IntrinsicElements' exists.
app/(dashboard)/dashboard/team/team-client.tsx(573,13): error TS7026: JSX element implicitly has type 'any' because no interface 'JSX.IntrinsicElements' exists.
app/(dashboard)/dashboard/team/team-client.tsx(575,13): error TS7026: JSX element implicitly has type 'any' because no interface 'JSX.IntrinsicElements' exists.
app/(dashboard)/dashboard/team/team-client.tsx(576,11): error TS7026: JSX element implicitly has type 'any' because no interface 'JSX.IntrinsicElements' exists.
app/(dashboard)/dashboard/team/team-client.tsx(578,11): error TS7026: JSX element implicitly has type 'any' because no interface 'JSX.IntrinsicElements' exists.
app/(dashboard)/dashboard/team/team-client.tsx(582,13): error TS7026: JSX element implicitly has type 'any' because no interface 'JSX.IntrinsicElements' exists.
app/(dashboard)/dashboard/team/team-client.tsx(583,15): error TS7026: JSX element implicitly has type 'any' because no interface 'JSX.IntrinsicElements' exists.
app/(dashboard)/dashboard/team/team-client.tsx(583,85): error TS7026: JSX element implicitly has type 'any' because no interface 'JSX.IntrinsicElements' exists.
app/(dashboard)/dashboard/team/team-client.tsx(584,15): error TS7026: JSX element implicitly has type 'any' because no interface 'JSX.IntrinsicElements' exists.
app/(dashboard)/dashboard/team/team-client.tsx(584,87): error TS7026: JSX element implicitly has type 'any' because no interface 'JSX.IntrinsicElements' exists.
app/(dashboard)/dashboard/team/team-client.tsx(585,15): error TS7026: JSX element implicitly has type 'any' because no interface 'JSX.IntrinsicElements' exists.
app/(dashboard)/dashboard/team/team-client.tsx(587,15): error TS7026: JSX element implicitly has type 'any' because no interface 'JSX.IntrinsicElements' exists.
app/(dashboard)/dashboard/team/team-client.tsx(588,13): error TS7026: JSX element implicitly has type 'any' because no interface 'JSX.IntrinsicElements' exists.
app/(dashboard)/dashboard/team/team-client.tsx(589,11): error TS7026: JSX element implicitly has type 'any' because no interface 'JSX.IntrinsicElements' exists.
app/(dashboard)/dashboard/team/team-client.tsx(591,11): error TS7026: JSX element implicitly has type 'any' because no interface 'JSX.IntrinsicElements' exists.
app/(dashboard)/dashboard/team/team-client.tsx(593,11): error TS7026: JSX element implicitly has type 'any' because no interface 'JSX.IntrinsicElements' exists.
app/(dashboard)/dashboard/team/team-client.tsx(597,17): error TS7026: JSX element implicitly has type 'any' because no interface 'JSX.IntrinsicElements' exists.
app/(dashboard)/dashboard/team/team-client.tsx(605,17): error TS7026: JSX element implicitly has type 'any' because no interface 'JSX.IntrinsicElements' exists.
app/(dashboard)/dashboard/team/team-client.tsx(613,17): error TS7026: JSX element implicitly has type 'any' because no interface 'JSX.IntrinsicElements' exists.
app/(dashboard)/dashboard/wallet/page.tsx(10,10): error TS2875: This JSX tag requires the module path 'react/jsx-runtime' to exist, but none could be found. Make sure you have types for the appropriate package installed.
app/(dashboard)/dashboard/wallet/wallet-client.tsx(3,24): error TS2307: Cannot find module 'react' or its corresponding type declarations.
app/(dashboard)/dashboard/wallet/wallet-client.tsx(28,8): error TS2307: Cannot find module '@phosphor-icons/react/dist/ssr' or its corresponding type declarations.
app/(dashboard)/dashboard/wallet/wallet-client.tsx(32,31): error TS2307: Cannot find module 'usehooks-ts' or its corresponding type declarations.
app/(dashboard)/dashboard/wallet/wallet-client.tsx(36,23): error TS2307: Cannot find module 'sonner' or its corresponding type declarations.
app/(dashboard)/dashboard/wallet/wallet-client.tsx(55,3): error TS2353: Object literal may only specify known properties, and 'creditTier' does not exist in type 'Wallet'.
app/(dashboard)/dashboard/wallet/wallet-client.tsx(172,5): error TS2875: This JSX tag requires the module path 'react/jsx-runtime' to exist, but none could be found. Make sure you have types for the appropriate package installed.
app/(dashboard)/dashboard/wallet/wallet-client.tsx(173,5): error TS7026: JSX element implicitly has type 'any' because no interface 'JSX.IntrinsicElements' exists.
app/(dashboard)/dashboard/wallet/wallet-client.tsx(175,7): error TS7026: JSX element implicitly has type 'any' because no interface 'JSX.IntrinsicElements' exists.
app/(dashboard)/dashboard/wallet/wallet-client.tsx(176,9): error TS7026: JSX element implicitly has type 'any' because no interface 'JSX.IntrinsicElements' exists.
app/(dashboard)/dashboard/wallet/wallet-client.tsx(177,11): error TS7026: JSX element implicitly has type 'any' because no interface 'JSX.IntrinsicElements' exists.
app/(dashboard)/dashboard/wallet/wallet-client.tsx(177,85): error TS7026: JSX element implicitly has type 'any' because no interface 'JSX.IntrinsicElements' exists.
app/(dashboard)/dashboard/wallet/wallet-client.tsx(178,11): error TS7026: JSX element implicitly has type 'any' because no interface 'JSX.IntrinsicElements' exists.
app/(dashboard)/dashboard/wallet/wallet-client.tsx(180,11): error TS7026: JSX element implicitly has type 'any' because no interface 'JSX.IntrinsicElements' exists.
app/(dashboard)/dashboard/wallet/wallet-client.tsx(181,9): error TS7026: JSX element implicitly has type 'any' because no interface 'JSX.IntrinsicElements' exists.
app/(dashboard)/dashboard/wallet/wallet-client.tsx(182,9): error TS7026: JSX element implicitly has type 'any' because no interface 'JSX.IntrinsicElements' exists.
app/(dashboard)/dashboard/wallet/wallet-client.tsx(185,13): error TS7026: JSX element implicitly has type 'any' because no interface 'JSX.IntrinsicElements' exists.
app/(dashboard)/dashboard/wallet/wallet-client.tsx(185,55): error TS7026: JSX element implicitly has type 'any' because no interface 'JSX.IntrinsicElements' exists.
app/(dashboard)/dashboard/wallet/wallet-client.tsx(189,13): error TS7026: JSX element implicitly has type 'any' because no interface 'JSX.IntrinsicElements' exists.
app/(dashboard)/dashboard/wallet/wallet-client.tsx(189,52): error TS7026: JSX element implicitly has type 'any' because no interface 'JSX.IntrinsicElements' exists.
app/(dashboard)/dashboard/wallet/wallet-client.tsx(191,9): error TS7026: JSX element implicitly has type 'any' because no interface 'JSX.IntrinsicElements' exists.
app/(dashboard)/dashboard/wallet/wallet-client.tsx(192,7): error TS7026: JSX element implicitly has type 'any' because no interface 'JSX.IntrinsicElements' exists.
app/(dashboard)/dashboard/wallet/wallet-client.tsx(196,10): error TS2322: Type '{ children: any[]; variant: string; dismissible: true; }' is not assignable to type 'CalloutProps'.
  Property 'children' does not exist on type 'CalloutProps'.
app/(dashboard)/dashboard/wallet/wallet-client.tsx(197,11): error TS7026: JSX element implicitly has type 'any' because no interface 'JSX.IntrinsicElements' exists.
app/(dashboard)/dashboard/wallet/wallet-client.tsx(197,31): error TS7026: JSX element implicitly has type 'any' because no interface 'JSX.IntrinsicElements' exists.
app/(dashboard)/dashboard/wallet/wallet-client.tsx(202,7): error TS7026: JSX element implicitly has type 'any' because no interface 'JSX.IntrinsicElements' exists.
app/(dashboard)/dashboard/wallet/wallet-client.tsx(203,9): error TS7026: JSX element implicitly has type 'any' because no interface 'JSX.IntrinsicElements' exists.
app/(dashboard)/dashboard/wallet/wallet-client.tsx(204,11): error TS7026: JSX element implicitly has type 'any' because no interface 'JSX.IntrinsicElements' exists.
app/(dashboard)/dashboard/wallet/wallet-client.tsx(205,13): error TS7026: JSX element implicitly has type 'any' because no interface 'JSX.IntrinsicElements' exists.
app/(dashboard)/dashboard/wallet/wallet-client.tsx(205,80): error TS7026: JSX element implicitly has type 'any' because no interface 'JSX.IntrinsicElements' exists.
app/(dashboard)/dashboard/wallet/wallet-client.tsx(206,13): error TS7026: JSX element implicitly has type 'any' because no interface 'JSX.IntrinsicElements' exists.
app/(dashboard)/dashboard/wallet/wallet-client.tsx(208,13): error TS7026: JSX element implicitly has type 'any' because no interface 'JSX.IntrinsicElements' exists.
app/(dashboard)/dashboard/wallet/wallet-client.tsx(209,11): error TS7026: JSX element implicitly has type 'any' because no interface 'JSX.IntrinsicElements' exists.
app/(dashboard)/dashboard/wallet/wallet-client.tsx(210,11): error TS7026: JSX element implicitly has type 'any' because no interface 'JSX.IntrinsicElements' exists.
app/(dashboard)/dashboard/wallet/wallet-client.tsx(212,11): error TS7026: JSX element implicitly has type 'any' because no interface 'JSX.IntrinsicElements' exists.
app/(dashboard)/dashboard/wallet/wallet-client.tsx(213,9): error TS7026: JSX element implicitly has type 'any' because no interface 'JSX.IntrinsicElements' exists.
app/(dashboard)/dashboard/wallet/wallet-client.tsx(215,9): error TS7026: JSX element implicitly has type 'any' because no interface 'JSX.IntrinsicElements' exists.
app/(dashboard)/dashboard/wallet/wallet-client.tsx(216,11): error TS7026: JSX element implicitly has type 'any' because no interface 'JSX.IntrinsicElements' exists.
app/(dashboard)/dashboard/wallet/wallet-client.tsx(217,13): error TS7026: JSX element implicitly has type 'any' because no interface 'JSX.IntrinsicElements' exists.
app/(dashboard)/dashboard/wallet/wallet-client.tsx(217,93): error TS7026: JSX element implicitly has type 'any' because no interface 'JSX.IntrinsicElements' exists.
app/(dashboard)/dashboard/wallet/wallet-client.tsx(218,13): error TS7026: JSX element implicitly has type 'any' because no interface 'JSX.IntrinsicElements' exists.
app/(dashboard)/dashboard/wallet/wallet-client.tsx(218,114): error TS7026: JSX element implicitly has type 'any' because no interface 'JSX.IntrinsicElements' exists.
app/(dashboard)/dashboard/wallet/wallet-client.tsx(219,11): error TS7026: JSX element implicitly has type 'any' because no interface 'JSX.IntrinsicElements' exists.
app/(dashboard)/dashboard/wallet/wallet-client.tsx(220,11): error TS7026: JSX element implicitly has type 'any' because no interface 'JSX.IntrinsicElements' exists.
app/(dashboard)/dashboard/wallet/wallet-client.tsx(221,13): error TS7026: JSX element implicitly has type 'any' because no interface 'JSX.IntrinsicElements' exists.
app/(dashboard)/dashboard/wallet/wallet-client.tsx(221,91): error TS7026: JSX element implicitly has type 'any' because no interface 'JSX.IntrinsicElements' exists.
app/(dashboard)/dashboard/wallet/wallet-client.tsx(222,13): error TS7026: JSX element implicitly has type 'any' because no interface 'JSX.IntrinsicElements' exists.
app/(dashboard)/dashboard/wallet/wallet-client.tsx(222,112): error TS7026: JSX element implicitly has type 'any' because no interface 'JSX.IntrinsicElements' exists.
app/(dashboard)/dashboard/wallet/wallet-client.tsx(223,11): error TS7026: JSX element implicitly has type 'any' because no interface 'JSX.IntrinsicElements' exists.
app/(dashboard)/dashboard/wallet/wallet-client.tsx(224,9): error TS7026: JSX element implicitly has type 'any' because no interface 'JSX.IntrinsicElements' exists.
app/(dashboard)/dashboard/wallet/wallet-client.tsx(225,7): error TS7026: JSX element implicitly has type 'any' because no interface 'JSX.IntrinsicElements' exists.
app/(dashboard)/dashboard/wallet/wallet-client.tsx(228,7): error TS7026: JSX element implicitly has type 'any' because no interface 'JSX.IntrinsicElements' exists.
app/(dashboard)/dashboard/wallet/wallet-client.tsx(230,9): error TS7026: JSX element implicitly has type 'any' because no interface 'JSX.IntrinsicElements' exists.
app/(dashboard)/dashboard/wallet/wallet-client.tsx(231,11): error TS7026: JSX element implicitly has type 'any' because no interface 'JSX.IntrinsicElements' exists.
app/(dashboard)/dashboard/wallet/wallet-client.tsx(232,13): error TS7026: JSX element implicitly has type 'any' because no interface 'JSX.IntrinsicElements' exists.
app/(dashboard)/dashboard/wallet/wallet-client.tsx(233,15): error TS7026: JSX element implicitly has type 'any' because no interface 'JSX.IntrinsicElements' exists.
app/(dashboard)/dashboard/wallet/wallet-client.tsx(234,17): error TS7026: JSX element implicitly has type 'any' because no interface 'JSX.IntrinsicElements' exists.
app/(dashboard)/dashboard/wallet/wallet-client.tsx(236,17): error TS7026: JSX element implicitly has type 'any' because no interface 'JSX.IntrinsicElements' exists.
app/(dashboard)/dashboard/wallet/wallet-client.tsx(237,17): error TS7026: JSX element implicitly has type 'any' because no interface 'JSX.IntrinsicElements' exists.
app/(dashboard)/dashboard/wallet/wallet-client.tsx(237,79): error TS7026: JSX element implicitly has type 'any' because no interface 'JSX.IntrinsicElements' exists.
app/(dashboard)/dashboard/wallet/wallet-client.tsx(238,15): error TS7026: JSX element implicitly has type 'any' because no interface 'JSX.IntrinsicElements' exists.
app/(dashboard)/dashboard/wallet/wallet-client.tsx(239,15): error TS7026: JSX element implicitly has type 'any' because no interface 'JSX.IntrinsicElements' exists.
app/(dashboard)/dashboard/wallet/wallet-client.tsx(241,15): error TS7026: JSX element implicitly has type 'any' because no interface 'JSX.IntrinsicElements' exists.
app/(dashboard)/dashboard/wallet/wallet-client.tsx(242,13): error TS7026: JSX element implicitly has type 'any' because no interface 'JSX.IntrinsicElements' exists.
app/(dashboard)/dashboard/wallet/wallet-client.tsx(244,15): error TS7026: JSX element implicitly has type 'any' because no interface 'JSX.IntrinsicElements' exists.
app/(dashboard)/dashboard/wallet/wallet-client.tsx(244,102): error TS7026: JSX element implicitly has type 'any' because no interface 'JSX.IntrinsicElements' exists.
app/(dashboard)/dashboard/wallet/wallet-client.tsx(246,11): error TS7026: JSX element implicitly has type 'any' because no interface 'JSX.IntrinsicElements' exists.
app/(dashboard)/dashboard/wallet/wallet-client.tsx(247,11): error TS7026: JSX element implicitly has type 'any' because no interface 'JSX.IntrinsicElements' exists.
app/(dashboard)/dashboard/wallet/wallet-client.tsx(248,13): error TS7026: JSX element implicitly has type 'any' because no interface 'JSX.IntrinsicElements' exists.
app/(dashboard)/dashboard/wallet/wallet-client.tsx(250,13): error TS7026: JSX element implicitly has type 'any' because no interface 'JSX.IntrinsicElements' exists.
app/(dashboard)/dashboard/wallet/wallet-client.tsx(251,13): error TS7026: JSX element implicitly has type 'any' because no interface 'JSX.IntrinsicElements' exists.
app/(dashboard)/dashboard/wallet/wallet-client.tsx(257,13): error TS7026: JSX element implicitly has type 'any' because no interface 'JSX.IntrinsicElements' exists.
app/(dashboard)/dashboard/wallet/wallet-client.tsx(258,11): error TS7026: JSX element implicitly has type 'any' because no interface 'JSX.IntrinsicElements' exists.
app/(dashboard)/dashboard/wallet/wallet-client.tsx(259,9): error TS7026: JSX element implicitly has type 'any' because no interface 'JSX.IntrinsicElements' exists.
app/(dashboard)/dashboard/wallet/wallet-client.tsx(262,9): error TS7026: JSX element implicitly has type 'any' because no interface 'JSX.IntrinsicElements' exists.
app/(dashboard)/dashboard/wallet/wallet-client.tsx(263,11): error TS7026: JSX element implicitly has type 'any' because no interface 'JSX.IntrinsicElements' exists.
app/(dashboard)/dashboard/wallet/wallet-client.tsx(264,13): error TS7026: JSX element implicitly has type 'any' because no interface 'JSX.IntrinsicElements' exists.
app/(dashboard)/dashboard/wallet/wallet-client.tsx(266,13): error TS7026: JSX element implicitly has type 'any' because no interface 'JSX.IntrinsicElements' exists.
app/(dashboard)/dashboard/wallet/wallet-client.tsx(267,13): error TS7026: JSX element implicitly has type 'any' because no interface 'JSX.IntrinsicElements' exists.
app/(dashboard)/dashboard/wallet/wallet-client.tsx(267,78): error TS7026: JSX element implicitly has type 'any' because no interface 'JSX.IntrinsicElements' exists.
app/(dashboard)/dashboard/wallet/wallet-client.tsx(268,11): error TS7026: JSX element implicitly has type 'any' because no interface 'JSX.IntrinsicElements' exists.
app/(dashboard)/dashboard/wallet/wallet-client.tsx(269,11): error TS7026: JSX element implicitly has type 'any' because no interface 'JSX.IntrinsicElements' exists.
app/(dashboard)/dashboard/wallet/wallet-client.tsx(276,11): error TS7026: JSX element implicitly has type 'any' because no interface 'JSX.IntrinsicElements' exists.
app/(dashboard)/dashboard/wallet/wallet-client.tsx(277,11): error TS7026: JSX element implicitly has type 'any' because no interface 'JSX.IntrinsicElements' exists.
app/(dashboard)/dashboard/wallet/wallet-client.tsx(279,11): error TS7026: JSX element implicitly has type 'any' because no interface 'JSX.IntrinsicElements' exists.
app/(dashboard)/dashboard/wallet/wallet-client.tsx(280,9): error TS7026: JSX element implicitly has type 'any' because no interface 'JSX.IntrinsicElements' exists.
app/(dashboard)/dashboard/wallet/wallet-client.tsx(281,7): error TS7026: JSX element implicitly has type 'any' because no interface 'JSX.IntrinsicElements' exists.
app/(dashboard)/dashboard/wallet/wallet-client.tsx(284,7): error TS7026: JSX element implicitly has type 'any' because no interface 'JSX.IntrinsicElements' exists.
app/(dashboard)/dashboard/wallet/wallet-client.tsx(286,9): error TS7026: JSX element implicitly has type 'any' because no interface 'JSX.IntrinsicElements' exists.
app/(dashboard)/dashboard/wallet/wallet-client.tsx(288,11): error TS7026: JSX element implicitly has type 'any' because no interface 'JSX.IntrinsicElements' exists.
app/(dashboard)/dashboard/wallet/wallet-client.tsx(289,13): error TS7026: JSX element implicitly has type 'any' because no interface 'JSX.IntrinsicElements' exists.
app/(dashboard)/dashboard/wallet/wallet-client.tsx(300,13): error TS7026: JSX element implicitly has type 'any' because no interface 'JSX.IntrinsicElements' exists.
app/(dashboard)/dashboard/wallet/wallet-client.tsx(301,13): error TS7026: JSX element implicitly has type 'any' because no interface 'JSX.IntrinsicElements' exists.
app/(dashboard)/dashboard/wallet/wallet-client.tsx(313,17): error TS7026: JSX element implicitly has type 'any' because no interface 'JSX.IntrinsicElements' exists.
app/(dashboard)/dashboard/wallet/wallet-client.tsx(315,17): error TS7026: JSX element implicitly has type 'any' because no interface 'JSX.IntrinsicElements' exists.
app/(dashboard)/dashboard/wallet/wallet-client.tsx(317,13): error TS7026: JSX element implicitly has type 'any' because no interface 'JSX.IntrinsicElements' exists.
app/(dashboard)/dashboard/wallet/wallet-client.tsx(318,11): error TS7026: JSX element implicitly has type 'any' because no interface 'JSX.IntrinsicElements' exists.
app/(dashboard)/dashboard/wallet/wallet-client.tsx(324,15): error TS7026: JSX element implicitly has type 'any' because no interface 'JSX.IntrinsicElements' exists.
app/(dashboard)/dashboard/wallet/wallet-client.tsx(325,17): error TS7026: JSX element implicitly has type 'any' because no interface 'JSX.IntrinsicElements' exists.
app/(dashboard)/dashboard/wallet/wallet-client.tsx(325,80): error TS7026: JSX element implicitly has type 'any' because no interface 'JSX.IntrinsicElements' exists.
app/(dashboard)/dashboard/wallet/wallet-client.tsx(326,17): error TS7026: JSX element implicitly has type 'any' because no interface 'JSX.IntrinsicElements' exists.
app/(dashboard)/dashboard/wallet/wallet-client.tsx(343,25): error TS7026: JSX element implicitly has type 'any' because no interface 'JSX.IntrinsicElements' exists.
app/(dashboard)/dashboard/wallet/wallet-client.tsx(343,66): error TS7026: JSX element implicitly has type 'any' because no interface 'JSX.IntrinsicElements' exists.
app/(dashboard)/dashboard/wallet/wallet-client.tsx(348,17): error TS7026: JSX element implicitly has type 'any' because no interface 'JSX.IntrinsicElements' exists.
app/(dashboard)/dashboard/wallet/wallet-client.tsx(349,15): error TS7026: JSX element implicitly has type 'any' because no interface 'JSX.IntrinsicElements' exists.
app/(dashboard)/dashboard/wallet/wallet-client.tsx(352,15): error TS7026: JSX element implicitly has type 'any' because no interface 'JSX.IntrinsicElements' exists.
app/(dashboard)/dashboard/wallet/wallet-client.tsx(353,17): error TS7026: JSX element implicitly has type 'any' because no interface 'JSX.IntrinsicElements' exists.
app/(dashboard)/dashboard/wallet/wallet-client.tsx(354,46): error TS7006: Parameter 'transaction' implicitly has an 'any' type.
app/(dashboard)/dashboard/wallet/wallet-client.tsx(358,23): error TS7026: JSX element implicitly has type 'any' because no interface 'JSX.IntrinsicElements' exists.
app/(dashboard)/dashboard/wallet/wallet-client.tsx(363,25): error TS7026: JSX element implicitly has type 'any' because no interface 'JSX.IntrinsicElements' exists.
app/(dashboard)/dashboard/wallet/wallet-client.tsx(372,25): error TS7026: JSX element implicitly has type 'any' because no interface 'JSX.IntrinsicElements' exists.
app/(dashboard)/dashboard/wallet/wallet-client.tsx(375,25): error TS7026: JSX element implicitly has type 'any' because no interface 'JSX.IntrinsicElements' exists.
app/(dashboard)/dashboard/wallet/wallet-client.tsx(376,27): error TS7026: JSX element implicitly has type 'any' because no interface 'JSX.IntrinsicElements' exists.
app/(dashboard)/dashboard/wallet/wallet-client.tsx(377,29): error TS7026: JSX element implicitly has type 'any' because no interface 'JSX.IntrinsicElements' exists.
app/(dashboard)/dashboard/wallet/wallet-client.tsx(378,31): error TS7026: JSX element implicitly has type 'any' because no interface 'JSX.IntrinsicElements' exists.
app/(dashboard)/dashboard/wallet/wallet-client.tsx(380,31): error TS7026: JSX element implicitly has type 'any' because no interface 'JSX.IntrinsicElements' exists.
app/(dashboard)/dashboard/wallet/wallet-client.tsx(381,31): error TS7026: JSX element implicitly has type 'any' because no interface 'JSX.IntrinsicElements' exists.
app/(dashboard)/dashboard/wallet/wallet-client.tsx(382,33): error TS7026: JSX element implicitly has type 'any' because no interface 'JSX.IntrinsicElements' exists.
app/(dashboard)/dashboard/wallet/wallet-client.tsx(384,33): error TS7026: JSX element implicitly has type 'any' because no interface 'JSX.IntrinsicElements' exists.
app/(dashboard)/dashboard/wallet/wallet-client.tsx(388,31): error TS7026: JSX element implicitly has type 'any' because no interface 'JSX.IntrinsicElements' exists.
app/(dashboard)/dashboard/wallet/wallet-client.tsx(389,29): error TS7026: JSX element implicitly has type 'any' because no interface 'JSX.IntrinsicElements' exists.
app/(dashboard)/dashboard/wallet/wallet-client.tsx(390,29): error TS7026: JSX element implicitly has type 'any' because no interface 'JSX.IntrinsicElements' exists.
app/(dashboard)/dashboard/wallet/wallet-client.tsx(391,31): error TS7026: JSX element implicitly has type 'any' because no interface 'JSX.IntrinsicElements' exists.
app/(dashboard)/dashboard/wallet/wallet-client.tsx(396,31): error TS7026: JSX element implicitly has type 'any' because no interface 'JSX.IntrinsicElements' exists.
app/(dashboard)/dashboard/wallet/wallet-client.tsx(400,29): error TS7026: JSX element implicitly has type 'any' because no interface 'JSX.IntrinsicElements' exists.
app/(dashboard)/dashboard/wallet/wallet-client.tsx(401,27): error TS7026: JSX element implicitly has type 'any' because no interface 'JSX.IntrinsicElements' exists.
app/(dashboard)/dashboard/wallet/wallet-client.tsx(402,25): error TS7026: JSX element implicitly has type 'any' because no interface 'JSX.IntrinsicElements' exists.
app/(dashboard)/dashboard/wallet/wallet-client.tsx(403,23): error TS7026: JSX element implicitly has type 'any' because no interface 'JSX.IntrinsicElements' exists.
app/(dashboard)/dashboard/wallet/wallet-client.tsx(406,17): error TS7026: JSX element implicitly has type 'any' because no interface 'JSX.IntrinsicElements' exists.
app/(dashboard)/dashboard/wallet/wallet-client.tsx(409,19): error TS7026: JSX element implicitly has type 'any' because no interface 'JSX.IntrinsicElements' exists.
app/(dashboard)/dashboard/wallet/wallet-client.tsx(410,21): error TS7026: JSX element implicitly has type 'any' because no interface 'JSX.IntrinsicElements' exists.
app/(dashboard)/dashboard/wallet/wallet-client.tsx(412,21): error TS7026: JSX element implicitly has type 'any' because no interface 'JSX.IntrinsicElements' exists.
app/(dashboard)/dashboard/wallet/wallet-client.tsx(413,21): error TS7026: JSX element implicitly has type 'any' because no interface 'JSX.IntrinsicElements' exists.
app/(dashboard)/dashboard/wallet/wallet-client.tsx(413,86): error TS7026: JSX element implicitly has type 'any' because no interface 'JSX.IntrinsicElements' exists.
app/(dashboard)/dashboard/wallet/wallet-client.tsx(414,21): error TS7026: JSX element implicitly has type 'any' because no interface 'JSX.IntrinsicElements' exists.
app/(dashboard)/dashboard/wallet/wallet-client.tsx(416,21): error TS7026: JSX element implicitly has type 'any' because no interface 'JSX.IntrinsicElements' exists.
app/(dashboard)/dashboard/wallet/wallet-client.tsx(417,19): error TS7026: JSX element implicitly has type 'any' because no interface 'JSX.IntrinsicElements' exists.
app/(dashboard)/dashboard/wallet/wallet-client.tsx(419,15): error TS7026: JSX element implicitly has type 'any' because no interface 'JSX.IntrinsicElements' exists.
app/(dashboard)/dashboard/wallet/wallet-client.tsx(437,17): error TS7026: JSX element implicitly has type 'any' because no interface 'JSX.IntrinsicElements' exists.
app/(dashboard)/dashboard/wallet/wallet-client.tsx(438,19): error TS7026: JSX element implicitly has type 'any' because no interface 'JSX.IntrinsicElements' exists.
app/(dashboard)/dashboard/wallet/wallet-client.tsx(439,21): error TS7026: JSX element implicitly has type 'any' because no interface 'JSX.IntrinsicElements' exists.
app/(dashboard)/dashboard/wallet/wallet-client.tsx(441,21): error TS7026: JSX element implicitly has type 'any' because no interface 'JSX.IntrinsicElements' exists.
app/(dashboard)/dashboard/wallet/wallet-client.tsx(442,21): error TS7026: JSX element implicitly has type 'any' because no interface 'JSX.IntrinsicElements' exists.
app/(dashboard)/dashboard/wallet/wallet-client.tsx(443,23): error TS7026: JSX element implicitly has type 'any' because no interface 'JSX.IntrinsicElements' exists.
app/(dashboard)/dashboard/wallet/wallet-client.tsx(443,93): error TS7026: JSX element implicitly has type 'any' because no interface 'JSX.IntrinsicElements' exists.
app/(dashboard)/dashboard/wallet/wallet-client.tsx(444,23): error TS7026: JSX element implicitly has type 'any' because no interface 'JSX.IntrinsicElements' exists.
app/(dashboard)/dashboard/wallet/wallet-client.tsx(444,103): error TS7026: JSX element implicitly has type 'any' because no interface 'JSX.IntrinsicElements' exists.
app/(dashboard)/dashboard/wallet/wallet-client.tsx(445,21): error TS7026: JSX element implicitly has type 'any' because no interface 'JSX.IntrinsicElements' exists.
app/(dashboard)/dashboard/wallet/wallet-client.tsx(446,19): error TS7026: JSX element implicitly has type 'any' because no interface 'JSX.IntrinsicElements' exists.
app/(dashboard)/dashboard/wallet/wallet-client.tsx(447,19): error TS7026: JSX element implicitly has type 'any' because no interface 'JSX.IntrinsicElements' exists.
app/(dashboard)/dashboard/wallet/wallet-client.tsx(448,21): error TS7026: JSX element implicitly has type 'any' because no interface 'JSX.IntrinsicElements' exists.
app/(dashboard)/dashboard/wallet/wallet-client.tsx(450,21): error TS7026: JSX element implicitly has type 'any' because no interface 'JSX.IntrinsicElements' exists.
app/(dashboard)/dashboard/wallet/wallet-client.tsx(451,21): error TS7026: JSX element implicitly has type 'any' because no interface 'JSX.IntrinsicElements' exists.
app/(dashboard)/dashboard/wallet/wallet-client.tsx(452,23): error TS7026: JSX element implicitly has type 'any' because no interface 'JSX.IntrinsicElements' exists.
app/(dashboard)/dashboard/wallet/wallet-client.tsx(452,91): error TS7026: JSX element implicitly has type 'any' because no interface 'JSX.IntrinsicElements' exists.
app/(dashboard)/dashboard/wallet/wallet-client.tsx(453,23): error TS7026: JSX element implicitly has type 'any' because no interface 'JSX.IntrinsicElements' exists.
app/(dashboard)/dashboard/wallet/wallet-client.tsx(453,101): error TS7026: JSX element implicitly has type 'any' because no interface 'JSX.IntrinsicElements' exists.
app/(dashboard)/dashboard/wallet/wallet-client.tsx(454,21): error TS7026: JSX element implicitly has type 'any' because no interface 'JSX.IntrinsicElements' exists.
app/(dashboard)/dashboard/wallet/wallet-client.tsx(455,19): error TS7026: JSX element implicitly has type 'any' because no interface 'JSX.IntrinsicElements' exists.
app/(dashboard)/dashboard/wallet/wallet-client.tsx(456,19): error TS7026: JSX element implicitly has type 'any' because no interface 'JSX.IntrinsicElements' exists.
app/(dashboard)/dashboard/wallet/wallet-client.tsx(457,21): error TS7026: JSX element implicitly has type 'any' because no interface 'JSX.IntrinsicElements' exists.
app/(dashboard)/dashboard/wallet/wallet-client.tsx(459,21): error TS7026: JSX element implicitly has type 'any' because no interface 'JSX.IntrinsicElements' exists.
app/(dashboard)/dashboard/wallet/wallet-client.tsx(460,21): error TS7026: JSX element implicitly has type 'any' because no interface 'JSX.IntrinsicElements' exists.
app/(dashboard)/dashboard/wallet/wallet-client.tsx(461,23): error TS7026: JSX element implicitly has type 'any' because no interface 'JSX.IntrinsicElements' exists.
app/(dashboard)/dashboard/wallet/wallet-client.tsx(461,96): error TS7026: JSX element implicitly has type 'any' because no interface 'JSX.IntrinsicElements' exists.
app/(dashboard)/dashboard/wallet/wallet-client.tsx(462,23): error TS7026: JSX element implicitly has type 'any' because no interface 'JSX.IntrinsicElements' exists.
app/(dashboard)/dashboard/wallet/wallet-client.tsx(462,141): error TS7026: JSX element implicitly has type 'any' because no interface 'JSX.IntrinsicElements' exists.
app/(dashboard)/dashboard/wallet/wallet-client.tsx(463,21): error TS7026: JSX element implicitly has type 'any' because no interface 'JSX.IntrinsicElements' exists.
app/(dashboard)/dashboard/wallet/wallet-client.tsx(464,19): error TS7026: JSX element implicitly has type 'any' because no interface 'JSX.IntrinsicElements' exists.
app/(dashboard)/dashboard/wallet/wallet-client.tsx(465,19): error TS7026: JSX element implicitly has type 'any' because no interface 'JSX.IntrinsicElements' exists.
app/(dashboard)/dashboard/wallet/wallet-client.tsx(466,21): error TS7026: JSX element implicitly has type 'any' because no interface 'JSX.IntrinsicElements' exists.
app/(dashboard)/dashboard/wallet/wallet-client.tsx(471,21): error TS7026: JSX element implicitly has type 'any' because no interface 'JSX.IntrinsicElements' exists.
app/(dashboard)/dashboard/wallet/wallet-client.tsx(472,21): error TS7026: JSX element implicitly has type 'any' because no interface 'JSX.IntrinsicElements' exists.
app/(dashboard)/dashboard/wallet/wallet-client.tsx(473,23): error TS7026: JSX element implicitly has type 'any' because no interface 'JSX.IntrinsicElements' exists.
app/(dashboard)/dashboard/wallet/wallet-client.tsx(473,96): error TS7026: JSX element implicitly has type 'any' because no interface 'JSX.IntrinsicElements' exists.
app/(dashboard)/dashboard/wallet/wallet-client.tsx(474,23): error TS7026: JSX element implicitly has type 'any' because no interface 'JSX.IntrinsicElements' exists.
app/(dashboard)/dashboard/wallet/wallet-client.tsx(477,40): error TS7026: JSX element implicitly has type 'any' because no interface 'JSX.IntrinsicElements' exists.
app/(dashboard)/dashboard/wallet/wallet-client.tsx(478,21): error TS7026: JSX element implicitly has type 'any' because no interface 'JSX.IntrinsicElements' exists.
app/(dashboard)/dashboard/wallet/wallet-client.tsx(479,19): error TS7026: JSX element implicitly has type 'any' because no interface 'JSX.IntrinsicElements' exists.
app/(dashboard)/dashboard/wallet/wallet-client.tsx(480,17): error TS7026: JSX element implicitly has type 'any' because no interface 'JSX.IntrinsicElements' exists.
app/(dashboard)/dashboard/wallet/wallet-client.tsx(485,15): error TS7026: JSX element implicitly has type 'any' because no interface 'JSX.IntrinsicElements' exists.
app/(dashboard)/dashboard/wallet/wallet-client.tsx(486,17): error TS7026: JSX element implicitly has type 'any' because no interface 'JSX.IntrinsicElements' exists.
app/(dashboard)/dashboard/wallet/wallet-client.tsx(489,21): error TS7026: JSX element implicitly has type 'any' because no interface 'JSX.IntrinsicElements' exists.
app/(dashboard)/dashboard/wallet/wallet-client.tsx(490,24): error TS7026: JSX element implicitly has type 'any' because no interface 'JSX.IntrinsicElements' exists.
app/(dashboard)/dashboard/wallet/wallet-client.tsx(491,26): error TS7026: JSX element implicitly has type 'any' because no interface 'JSX.IntrinsicElements' exists.
app/(dashboard)/dashboard/wallet/wallet-client.tsx(491,102): error TS7026: JSX element implicitly has type 'any' because no interface 'JSX.IntrinsicElements' exists.
app/(dashboard)/dashboard/wallet/wallet-client.tsx(492,26): error TS7026: JSX element implicitly has type 'any' because no interface 'JSX.IntrinsicElements' exists.
app/(dashboard)/dashboard/wallet/wallet-client.tsx(492,114): error TS7026: JSX element implicitly has type 'any' because no interface 'JSX.IntrinsicElements' exists.
app/(dashboard)/dashboard/wallet/wallet-client.tsx(493,24): error TS7026: JSX element implicitly has type 'any' because no interface 'JSX.IntrinsicElements' exists.
app/(dashboard)/dashboard/wallet/wallet-client.tsx(494,24): error TS7026: JSX element implicitly has type 'any' because no interface 'JSX.IntrinsicElements' exists.
app/(dashboard)/dashboard/wallet/wallet-client.tsx(501,24): error TS7026: JSX element implicitly has type 'any' because no interface 'JSX.IntrinsicElements' exists.
app/(dashboard)/dashboard/wallet/wallet-client.tsx(502,21): error TS7026: JSX element implicitly has type 'any' because no interface 'JSX.IntrinsicElements' exists.
app/(dashboard)/dashboard/wallet/wallet-client.tsx(504,17): error TS7026: JSX element implicitly has type 'any' because no interface 'JSX.IntrinsicElements' exists.
app/(dashboard)/dashboard/wallet/wallet-client.tsx(507,19): error TS7026: JSX element implicitly has type 'any' because no interface 'JSX.IntrinsicElements' exists.
app/(dashboard)/dashboard/wallet/wallet-client.tsx(508,21): error TS7026: JSX element implicitly has type 'any' because no interface 'JSX.IntrinsicElements' exists.
app/(dashboard)/dashboard/wallet/wallet-client.tsx(510,21): error TS7026: JSX element implicitly has type 'any' because no interface 'JSX.IntrinsicElements' exists.
app/(dashboard)/dashboard/wallet/wallet-client.tsx(511,21): error TS7026: JSX element implicitly has type 'any' because no interface 'JSX.IntrinsicElements' exists.
app/(dashboard)/dashboard/wallet/wallet-client.tsx(511,89): error TS7026: JSX element implicitly has type 'any' because no interface 'JSX.IntrinsicElements' exists.
app/(dashboard)/dashboard/wallet/wallet-client.tsx(512,21): error TS7026: JSX element implicitly has type 'any' because no interface 'JSX.IntrinsicElements' exists.
app/(dashboard)/dashboard/wallet/wallet-client.tsx(514,21): error TS7026: JSX element implicitly has type 'any' because no interface 'JSX.IntrinsicElements' exists.
app/(dashboard)/dashboard/wallet/wallet-client.tsx(515,19): error TS7026: JSX element implicitly has type 'any' because no interface 'JSX.IntrinsicElements' exists.
app/(dashboard)/dashboard/wallet/wallet-client.tsx(517,15): error TS7026: JSX element implicitly has type 'any' because no interface 'JSX.IntrinsicElements' exists.
app/(dashboard)/dashboard/wallet/wallet-client.tsx(520,9): error TS7026: JSX element implicitly has type 'any' because no interface 'JSX.IntrinsicElements' exists.
app/(dashboard)/dashboard/wallet/wallet-client.tsx(523,9): error TS7026: JSX element implicitly has type 'any' because no interface 'JSX.IntrinsicElements' exists.
app/(dashboard)/dashboard/wallet/wallet-client.tsx(525,11): error TS7026: JSX element implicitly has type 'any' because no interface 'JSX.IntrinsicElements' exists.
app/(dashboard)/dashboard/wallet/wallet-client.tsx(526,13): error TS7026: JSX element implicitly has type 'any' because no interface 'JSX.IntrinsicElements' exists.
app/(dashboard)/dashboard/wallet/wallet-client.tsx(526,76): error TS7026: JSX element implicitly has type 'any' because no interface 'JSX.IntrinsicElements' exists.
app/(dashboard)/dashboard/wallet/wallet-client.tsx(527,13): error TS7026: JSX element implicitly has type 'any' because no interface 'JSX.IntrinsicElements' exists.
app/(dashboard)/dashboard/wallet/wallet-client.tsx(529,13): error TS7026: JSX element implicitly has type 'any' because no interface 'JSX.IntrinsicElements' exists.
app/(dashboard)/dashboard/wallet/wallet-client.tsx(530,11): error TS7026: JSX element implicitly has type 'any' because no interface 'JSX.IntrinsicElements' exists.
app/(dashboard)/dashboard/wallet/wallet-client.tsx(533,11): error TS7026: JSX element implicitly has type 'any' because no interface 'JSX.IntrinsicElements' exists.
app/(dashboard)/dashboard/wallet/wallet-client.tsx(535,13): error TS7026: JSX element implicitly has type 'any' because no interface 'JSX.IntrinsicElements' exists.
app/(dashboard)/dashboard/wallet/wallet-client.tsx(536,15): error TS7026: JSX element implicitly has type 'any' because no interface 'JSX.IntrinsicElements' exists.
app/(dashboard)/dashboard/wallet/wallet-client.tsx(537,17): error TS7026: JSX element implicitly has type 'any' because no interface 'JSX.IntrinsicElements' exists.
app/(dashboard)/dashboard/wallet/wallet-client.tsx(539,17): error TS7026: JSX element implicitly has type 'any' because no interface 'JSX.IntrinsicElements' exists.
app/(dashboard)/dashboard/wallet/wallet-client.tsx(540,17): error TS7026: JSX element implicitly has type 'any' because no interface 'JSX.IntrinsicElements' exists.
app/(dashboard)/dashboard/wallet/wallet-client.tsx(541,19): error TS7026: JSX element implicitly has type 'any' because no interface 'JSX.IntrinsicElements' exists.
app/(dashboard)/dashboard/wallet/wallet-client.tsx(541,80): error TS7026: JSX element implicitly has type 'any' because no interface 'JSX.IntrinsicElements' exists.
app/(dashboard)/dashboard/wallet/wallet-client.tsx(542,19): error TS7026: JSX element implicitly has type 'any' because no interface 'JSX.IntrinsicElements' exists.
app/(dashboard)/dashboard/wallet/wallet-client.tsx(544,19): error TS7026: JSX element implicitly has type 'any' because no interface 'JSX.IntrinsicElements' exists.
app/(dashboard)/dashboard/wallet/wallet-client.tsx(545,17): error TS7026: JSX element implicitly has type 'any' because no interface 'JSX.IntrinsicElements' exists.
app/(dashboard)/dashboard/wallet/wallet-client.tsx(546,15): error TS7026: JSX element implicitly has type 'any' because no interface 'JSX.IntrinsicElements' exists.
app/(dashboard)/dashboard/wallet/wallet-client.tsx(547,13): error TS7026: JSX element implicitly has type 'any' because no interface 'JSX.IntrinsicElements' exists.
app/(dashboard)/dashboard/wallet/wallet-client.tsx(550,13): error TS7026: JSX element implicitly has type 'any' because no interface 'JSX.IntrinsicElements' exists.
app/(dashboard)/dashboard/wallet/wallet-client.tsx(552,17): error TS7026: JSX element implicitly has type 'any' because no interface 'JSX.IntrinsicElements' exists.
app/(dashboard)/dashboard/wallet/wallet-client.tsx(557,19): error TS7026: JSX element implicitly has type 'any' because no interface 'JSX.IntrinsicElements' exists.
app/(dashboard)/dashboard/wallet/wallet-client.tsx(559,19): error TS7026: JSX element implicitly has type 'any' because no interface 'JSX.IntrinsicElements' exists.
app/(dashboard)/dashboard/wallet/wallet-client.tsx(562,19): error TS7026: JSX element implicitly has type 'any' because no interface 'JSX.IntrinsicElements' exists.
app/(dashboard)/dashboard/wallet/wallet-client.tsx(563,21): error TS7026: JSX element implicitly has type 'any' because no interface 'JSX.IntrinsicElements' exists.
app/(dashboard)/dashboard/wallet/wallet-client.tsx(564,23): error TS7026: JSX element implicitly has type 'any' because no interface 'JSX.IntrinsicElements' exists.
app/(dashboard)/dashboard/wallet/wallet-client.tsx(565,25): error TS7026: JSX element implicitly has type 'any' because no interface 'JSX.IntrinsicElements' exists.
app/(dashboard)/dashboard/wallet/wallet-client.tsx(567,25): error TS7026: JSX element implicitly has type 'any' because no interface 'JSX.IntrinsicElements' exists.
app/(dashboard)/dashboard/wallet/wallet-client.tsx(568,25): error TS7026: JSX element implicitly has type 'any' because no interface 'JSX.IntrinsicElements' exists.
app/(dashboard)/dashboard/wallet/wallet-client.tsx(570,25): error TS7026: JSX element implicitly has type 'any' because no interface 'JSX.IntrinsicElements' exists.
app/(dashboard)/dashboard/wallet/wallet-client.tsx(571,23): error TS7026: JSX element implicitly has type 'any' because no interface 'JSX.IntrinsicElements' exists.
app/(dashboard)/dashboard/wallet/wallet-client.tsx(572,23): error TS7026: JSX element implicitly has type 'any' because no interface 'JSX.IntrinsicElements' exists.
app/(dashboard)/dashboard/wallet/wallet-client.tsx(574,23): error TS7026: JSX element implicitly has type 'any' because no interface 'JSX.IntrinsicElements' exists.
app/(dashboard)/dashboard/wallet/wallet-client.tsx(575,21): error TS7026: JSX element implicitly has type 'any' because no interface 'JSX.IntrinsicElements' exists.
app/(dashboard)/dashboard/wallet/wallet-client.tsx(576,19): error TS7026: JSX element implicitly has type 'any' because no interface 'JSX.IntrinsicElements' exists.
app/(dashboard)/dashboard/wallet/wallet-client.tsx(577,17): error TS7026: JSX element implicitly has type 'any' because no interface 'JSX.IntrinsicElements' exists.
app/(dashboard)/dashboard/wallet/wallet-client.tsx(579,13): error TS7026: JSX element implicitly has type 'any' because no interface 'JSX.IntrinsicElements' exists.
app/(dashboard)/dashboard/wallet/wallet-client.tsx(582,15): error TS7026: JSX element implicitly has type 'any' because no interface 'JSX.IntrinsicElements' exists.
app/(dashboard)/dashboard/wallet/wallet-client.tsx(583,17): error TS7026: JSX element implicitly has type 'any' because no interface 'JSX.IntrinsicElements' exists.
app/(dashboard)/dashboard/wallet/wallet-client.tsx(585,17): error TS7026: JSX element implicitly has type 'any' because no interface 'JSX.IntrinsicElements' exists.
app/(dashboard)/dashboard/wallet/wallet-client.tsx(586,17): error TS7026: JSX element implicitly has type 'any' because no interface 'JSX.IntrinsicElements' exists.
app/(dashboard)/dashboard/wallet/wallet-client.tsx(586,82): error TS7026: JSX element implicitly has type 'any' because no interface 'JSX.IntrinsicElements' exists.
app/(dashboard)/dashboard/wallet/wallet-client.tsx(587,17): error TS7026: JSX element implicitly has type 'any' because no interface 'JSX.IntrinsicElements' exists.
app/(dashboard)/dashboard/wallet/wallet-client.tsx(589,17): error TS7026: JSX element implicitly has type 'any' because no interface 'JSX.IntrinsicElements' exists.
app/(dashboard)/dashboard/wallet/wallet-client.tsx(590,15): error TS7026: JSX element implicitly has type 'any' because no interface 'JSX.IntrinsicElements' exists.
app/(dashboard)/dashboard/wallet/wallet-client.tsx(592,11): error TS7026: JSX element implicitly has type 'any' because no interface 'JSX.IntrinsicElements' exists.
app/(dashboard)/dashboard/wallet/wallet-client.tsx(593,9): error TS7026: JSX element implicitly has type 'any' because no interface 'JSX.IntrinsicElements' exists.
app/(dashboard)/dashboard/wallet/wallet-client.tsx(594,7): error TS7026: JSX element implicitly has type 'any' because no interface 'JSX.IntrinsicElements' exists.
app/(dashboard)/dashboard/wallet/wallet-client.tsx(599,5): error TS7026: JSX element implicitly has type 'any' because no interface 'JSX.IntrinsicElements' exists.
app/(dashboard)/dashboard/wallet/wallet-client.tsx(623,7): error TS7026: JSX element implicitly has type 'any' because no interface 'JSX.IntrinsicElements' exists.
app/(dashboard)/dashboard/wallet/wallet-client.tsx(625,7): error TS7026: JSX element implicitly has type 'any' because no interface 'JSX.IntrinsicElements' exists.
app/(dashboard)/dashboard/wallet/wallet-client.tsx(627,7): error TS7026: JSX element implicitly has type 'any' because no interface 'JSX.IntrinsicElements' exists.
app/(dashboard)/dashboard/wallet/wallet-client.tsx(628,9): error TS7026: JSX element implicitly has type 'any' because no interface 'JSX.IntrinsicElements' exists.
app/(dashboard)/dashboard/wallet/wallet-client.tsx(630,11): error TS7026: JSX element implicitly has type 'any' because no interface 'JSX.IntrinsicElements' exists.
app/(dashboard)/dashboard/wallet/wallet-client.tsx(630,85): error TS7026: JSX element implicitly has type 'any' because no interface 'JSX.IntrinsicElements' exists.
app/(dashboard)/dashboard/wallet/wallet-client.tsx(631,9): error TS7026: JSX element implicitly has type 'any' because no interface 'JSX.IntrinsicElements' exists.
app/(dashboard)/dashboard/wallet/wallet-client.tsx(633,9): error TS7026: JSX element implicitly has type 'any' because no interface 'JSX.IntrinsicElements' exists.
app/(dashboard)/dashboard/wallet/wallet-client.tsx(634,11): error TS7026: JSX element implicitly has type 'any' because no interface 'JSX.IntrinsicElements' exists.
app/(dashboard)/dashboard/wallet/wallet-client.tsx(635,13): error TS7026: JSX element implicitly has type 'any' because no interface 'JSX.IntrinsicElements' exists.
app/(dashboard)/dashboard/wallet/wallet-client.tsx(635,79): error TS7026: JSX element implicitly has type 'any' because no interface 'JSX.IntrinsicElements' exists.
app/(dashboard)/dashboard/wallet/wallet-client.tsx(636,13): error TS7026: JSX element implicitly has type 'any' because no interface 'JSX.IntrinsicElements' exists.
app/(dashboard)/dashboard/wallet/wallet-client.tsx(636,91): error TS7026: JSX element implicitly has type 'any' because no interface 'JSX.IntrinsicElements' exists.
app/(dashboard)/dashboard/wallet/wallet-client.tsx(637,11): error TS7026: JSX element implicitly has type 'any' because no interface 'JSX.IntrinsicElements' exists.
app/(dashboard)/dashboard/wallet/wallet-client.tsx(639,11): error TS7026: JSX element implicitly has type 'any' because no interface 'JSX.IntrinsicElements' exists.
app/(dashboard)/dashboard/wallet/wallet-client.tsx(640,13): error TS7026: JSX element implicitly has type 'any' because no interface 'JSX.IntrinsicElements' exists.
app/(dashboard)/dashboard/wallet/wallet-client.tsx(640,81): error TS7026: JSX element implicitly has type 'any' because no interface 'JSX.IntrinsicElements' exists.
app/(dashboard)/dashboard/wallet/wallet-client.tsx(641,13): error TS7026: JSX element implicitly has type 'any' because no interface 'JSX.IntrinsicElements' exists.
app/(dashboard)/dashboard/wallet/wallet-client.tsx(642,15): error TS7026: JSX element implicitly has type 'any' because no interface 'JSX.IntrinsicElements' exists.
app/(dashboard)/dashboard/wallet/wallet-client.tsx(642,105): error TS7026: JSX element implicitly has type 'any' because no interface 'JSX.IntrinsicElements' exists.
app/(dashboard)/dashboard/wallet/wallet-client.tsx(643,15): error TS7026: JSX element implicitly has type 'any' because no interface 'JSX.IntrinsicElements' exists.
app/(dashboard)/dashboard/wallet/wallet-client.tsx(645,15): error TS7026: JSX element implicitly has type 'any' because no interface 'JSX.IntrinsicElements' exists.
app/(dashboard)/dashboard/wallet/wallet-client.tsx(646,13): error TS7026: JSX element implicitly has type 'any' because no interface 'JSX.IntrinsicElements' exists.
app/(dashboard)/dashboard/wallet/wallet-client.tsx(647,11): error TS7026: JSX element implicitly has type 'any' because no interface 'JSX.IntrinsicElements' exists.
app/(dashboard)/dashboard/wallet/wallet-client.tsx(649,11): error TS7026: JSX element implicitly has type 'any' because no interface 'JSX.IntrinsicElements' exists.
app/(dashboard)/dashboard/wallet/wallet-client.tsx(650,13): error TS7026: JSX element implicitly has type 'any' because no interface 'JSX.IntrinsicElements' exists.
app/(dashboard)/dashboard/wallet/wallet-client.tsx(650,76): error TS7026: JSX element implicitly has type 'any' because no interface 'JSX.IntrinsicElements' exists.
app/(dashboard)/dashboard/wallet/wallet-client.tsx(651,13): error TS7026: JSX element implicitly has type 'any' because no interface 'JSX.IntrinsicElements' exists.
app/(dashboard)/dashboard/wallet/wallet-client.tsx(652,15): error TS7026: JSX element implicitly has type 'any' because no interface 'JSX.IntrinsicElements' exists.
app/(dashboard)/dashboard/wallet/wallet-client.tsx(652,100): error TS7026: JSX element implicitly has type 'any' because no interface 'JSX.IntrinsicElements' exists.
app/(dashboard)/dashboard/wallet/wallet-client.tsx(653,15): error TS7026: JSX element implicitly has type 'any' because no interface 'JSX.IntrinsicElements' exists.
app/(dashboard)/dashboard/wallet/wallet-client.tsx(655,15): error TS7026: JSX element implicitly has type 'any' because no interface 'JSX.IntrinsicElements' exists.
app/(dashboard)/dashboard/wallet/wallet-client.tsx(656,13): error TS7026: JSX element implicitly has type 'any' because no interface 'JSX.IntrinsicElements' exists.
app/(dashboard)/dashboard/wallet/wallet-client.tsx(657,11): error TS7026: JSX element implicitly has type 'any' because no interface 'JSX.IntrinsicElements' exists.
app/(dashboard)/dashboard/wallet/wallet-client.tsx(659,11): error TS7026: JSX element implicitly has type 'any' because no interface 'JSX.IntrinsicElements' exists.
app/(dashboard)/dashboard/wallet/wallet-client.tsx(660,13): error TS7026: JSX element implicitly has type 'any' because no interface 'JSX.IntrinsicElements' exists.
app/(dashboard)/dashboard/wallet/wallet-client.tsx(660,71): error TS7026: JSX element implicitly has type 'any' because no interface 'JSX.IntrinsicElements' exists.
app/(dashboard)/dashboard/wallet/wallet-client.tsx(661,13): error TS7026: JSX element implicitly has type 'any' because no interface 'JSX.IntrinsicElements' exists.
app/(dashboard)/dashboard/wallet/wallet-client.tsx(661,84): error TS7026: JSX element implicitly has type 'any' because no interface 'JSX.IntrinsicElements' exists.
app/(dashboard)/dashboard/wallet/wallet-client.tsx(662,11): error TS7026: JSX element implicitly has type 'any' because no interface 'JSX.IntrinsicElements' exists.
app/(dashboard)/dashboard/wallet/wallet-client.tsx(663,9): error TS7026: JSX element implicitly has type 'any' because no interface 'JSX.IntrinsicElements' exists.
app/(dashboard)/dashboard/wallet/wallet-client.tsx(664,7): error TS7026: JSX element implicitly has type 'any' because no interface 'JSX.IntrinsicElements' exists.
app/(dashboard)/dashboard/wallet/wallet-client.tsx(666,8): error TS2322: Type '{ children: string; variant: string; size: string; className: string; }' is not assignable to type 'CalloutProps'.
  Property 'children' does not exist on type 'CalloutProps'.
app/(dashboard)/dashboard/wallet/wallet-client.tsx(670,7): error TS7026: JSX element implicitly has type 'any' because no interface 'JSX.IntrinsicElements' exists.
app/(dashboard)/dashboard/wallet/wallet-client.tsx(674,7): error TS7026: JSX element implicitly has type 'any' because no interface 'JSX.IntrinsicElements' exists.
app/(dashboard)/dashboard/wallet/wallet-client.tsx(688,11): error TS7026: JSX element implicitly has type 'any' because no interface 'JSX.IntrinsicElements' exists.
app/(dashboard)/dashboard/wallet/wallet-client.tsx(689,13): error TS7026: JSX element implicitly has type 'any' because no interface 'JSX.IntrinsicElements' exists.
app/(dashboard)/dashboard/wallet/wallet-client.tsx(689,87): error TS7026: JSX element implicitly has type 'any' because no interface 'JSX.IntrinsicElements' exists.
app/(dashboard)/dashboard/wallet/wallet-client.tsx(695,11): error TS7026: JSX element implicitly has type 'any' because no interface 'JSX.IntrinsicElements' exists.
app/(dashboard)/dashboard/wallet/wallet-client.tsx(696,11): error TS7026: JSX element implicitly has type 'any' because no interface 'JSX.IntrinsicElements' exists.
app/(dashboard)/dashboard/wallet/wallet-client.tsx(698,11): error TS7026: JSX element implicitly has type 'any' because no interface 'JSX.IntrinsicElements' exists.
app/(dashboard)/dashboard/wallet/wallet-client.tsx(763,7): error TS7026: JSX element implicitly has type 'any' because no interface 'JSX.IntrinsicElements' exists.
app/(dashboard)/dashboard/wallet/wallet-client.tsx(764,9): error TS7026: JSX element implicitly has type 'any' because no interface 'JSX.IntrinsicElements' exists.
app/(dashboard)/dashboard/wallet/wallet-client.tsx(764,83): error TS7026: JSX element implicitly has type 'any' because no interface 'JSX.IntrinsicElements' exists.
app/(dashboard)/dashboard/wallet/wallet-client.tsx(765,9): error TS7026: JSX element implicitly has type 'any' because no interface 'JSX.IntrinsicElements' exists.
app/(dashboard)/dashboard/wallet/wallet-client.tsx(765,85): error TS7026: JSX element implicitly has type 'any' because no interface 'JSX.IntrinsicElements' exists.
app/(dashboard)/dashboard/wallet/wallet-client.tsx(766,7): error TS7026: JSX element implicitly has type 'any' because no interface 'JSX.IntrinsicElements' exists.
app/(dashboard)/dashboard/wallet/wallet-client.tsx(768,7): error TS7026: JSX element implicitly has type 'any' because no interface 'JSX.IntrinsicElements' exists.
app/(dashboard)/dashboard/wallet/wallet-client.tsx(769,9): error TS7026: JSX element implicitly has type 'any' because no interface 'JSX.IntrinsicElements' exists.
app/(dashboard)/dashboard/wallet/wallet-client.tsx(770,11): error TS7026: JSX element implicitly has type 'any' because no interface 'JSX.IntrinsicElements' exists.
app/(dashboard)/dashboard/wallet/wallet-client.tsx(771,36): error TS7026: JSX element implicitly has type 'any' because no interface 'JSX.IntrinsicElements' exists.
app/(dashboard)/dashboard/wallet/wallet-client.tsx(771,71): error TS7026: JSX element implicitly has type 'any' because no interface 'JSX.IntrinsicElements' exists.
app/(dashboard)/dashboard/wallet/wallet-client.tsx(772,11): error TS7026: JSX element implicitly has type 'any' because no interface 'JSX.IntrinsicElements' exists.
app/(dashboard)/dashboard/wallet/wallet-client.tsx(773,12): error TS2559: Type '{ children: any; }' has no properties in common with type 'InputRootProps'.
app/(dashboard)/dashboard/wallet/wallet-client.tsx(775,15): error TS7026: JSX element implicitly has type 'any' because no interface 'JSX.IntrinsicElements' exists.
app/(dashboard)/dashboard/wallet/wallet-client.tsx(775,52): error TS7026: JSX element implicitly has type 'any' because no interface 'JSX.IntrinsicElements' exists.
app/(dashboard)/dashboard/wallet/wallet-client.tsx(781,28): error TS7006: Parameter 'e' implicitly has an 'any' type.
app/(dashboard)/dashboard/wallet/wallet-client.tsx(785,9): error TS7026: JSX element implicitly has type 'any' because no interface 'JSX.IntrinsicElements' exists.
app/(dashboard)/dashboard/wallet/wallet-client.tsx(787,9): error TS7026: JSX element implicitly has type 'any' because no interface 'JSX.IntrinsicElements' exists.
app/(dashboard)/dashboard/wallet/wallet-client.tsx(788,11): error TS7026: JSX element implicitly has type 'any' because no interface 'JSX.IntrinsicElements' exists.
app/(dashboard)/dashboard/wallet/wallet-client.tsx(789,32): error TS7026: JSX element implicitly has type 'any' because no interface 'JSX.IntrinsicElements' exists.
app/(dashboard)/dashboard/wallet/wallet-client.tsx(789,67): error TS7026: JSX element implicitly has type 'any' because no interface 'JSX.IntrinsicElements' exists.
app/(dashboard)/dashboard/wallet/wallet-client.tsx(790,11): error TS7026: JSX element implicitly has type 'any' because no interface 'JSX.IntrinsicElements' exists.
app/(dashboard)/dashboard/wallet/wallet-client.tsx(795,24): error TS7006: Parameter 'e' implicitly has an 'any' type.
app/(dashboard)/dashboard/wallet/wallet-client.tsx(798,9): error TS7026: JSX element implicitly has type 'any' because no interface 'JSX.IntrinsicElements' exists.
app/(dashboard)/dashboard/wallet/wallet-client.tsx(800,9): error TS7026: JSX element implicitly has type 'any' because no interface 'JSX.IntrinsicElements' exists.
app/(dashboard)/dashboard/wallet/wallet-client.tsx(807,9): error TS7026: JSX element implicitly has type 'any' because no interface 'JSX.IntrinsicElements' exists.
app/(dashboard)/dashboard/wallet/wallet-client.tsx(808,7): error TS7026: JSX element implicitly has type 'any' because no interface 'JSX.IntrinsicElements' exists.
app/(dashboard)/dashboard/wallet/wallet-client.tsx(820,11): error TS7026: JSX element implicitly has type 'any' because no interface 'JSX.IntrinsicElements' exists.
app/(dashboard)/dashboard/wallet/wallet-client.tsx(821,13): error TS7026: JSX element implicitly has type 'any' because no interface 'JSX.IntrinsicElements' exists.
app/(dashboard)/dashboard/wallet/wallet-client.tsx(821,99): error TS7026: JSX element implicitly has type 'any' because no interface 'JSX.IntrinsicElements' exists.
app/(dashboard)/dashboard/wallet/wallet-client.tsx(827,11): error TS7026: JSX element implicitly has type 'any' because no interface 'JSX.IntrinsicElements' exists.
app/(dashboard)/dashboard/wallet/wallet-client.tsx(828,11): error TS7026: JSX element implicitly has type 'any' because no interface 'JSX.IntrinsicElements' exists.
app/(dashboard)/dashboard/wallet/wallet-client.tsx(830,11): error TS7026: JSX element implicitly has type 'any' because no interface 'JSX.IntrinsicElements' exists.
app/(dashboard)/error.tsx(3,27): error TS2307: Cannot find module 'react' or its corresponding type declarations.
app/(dashboard)/error.tsx(18,10): error TS2875: This JSX tag requires the module path 'react/jsx-runtime' to exist, but none could be found. Make sure you have types for the appropriate package installed.
app/(dashboard)/layout.tsx(9,13): error TS2503: Cannot find namespace 'React'.
app/(dashboard)/layout.tsx(12,5): error TS2875: This JSX tag requires the module path 'react/jsx-runtime' to exist, but none could be found. Make sure you have types for the appropriate package installed.
app/(marketing)/demo/page.tsx(3,26): error TS2307: Cannot find module 'react' or its corresponding type declarations.
app/(marketing)/demo/page.tsx(4,18): error TS2307: Cannot find module 'next/link' or its corresponding type declarations.
app/(marketing)/demo/page.tsx(5,59): error TS2307: Cannot find module '@phosphor-icons/react' or its corresponding type declarations.
app/(marketing)/demo/page.tsx(17,5): error TS7026: JSX element implicitly has type 'any' because no interface 'JSX.IntrinsicElements' exists.
app/(marketing)/demo/page.tsx(17,5): error TS2875: This JSX tag requires the module path 'react/jsx-runtime' to exist, but none could be found. Make sure you have types for the appropriate package installed.
app/(marketing)/demo/page.tsx(19,7): error TS7026: JSX element implicitly has type 'any' because no interface 'JSX.IntrinsicElements' exists.
app/(marketing)/demo/page.tsx(20,9): error TS7026: JSX element implicitly has type 'any' because no interface 'JSX.IntrinsicElements' exists.
app/(marketing)/demo/page.tsx(21,11): error TS7026: JSX element implicitly has type 'any' because no interface 'JSX.IntrinsicElements' exists.
app/(marketing)/demo/page.tsx(22,13): error TS7026: JSX element implicitly has type 'any' because no interface 'JSX.IntrinsicElements' exists.
app/(marketing)/demo/page.tsx(29,15): error TS7026: JSX element implicitly has type 'any' because no interface 'JSX.IntrinsicElements' exists.
app/(marketing)/demo/page.tsx(31,13): error TS7026: JSX element implicitly has type 'any' because no interface 'JSX.IntrinsicElements' exists.
app/(marketing)/demo/page.tsx(33,13): error TS7026: JSX element implicitly has type 'any' because no interface 'JSX.IntrinsicElements' exists.
app/(marketing)/demo/page.tsx(35,15): error TS7026: JSX element implicitly has type 'any' because no interface 'JSX.IntrinsicElements' exists.
app/(marketing)/demo/page.tsx(35,95): error TS7026: JSX element implicitly has type 'any' because no interface 'JSX.IntrinsicElements' exists.
app/(marketing)/demo/page.tsx(36,13): error TS7026: JSX element implicitly has type 'any' because no interface 'JSX.IntrinsicElements' exists.
app/(marketing)/demo/page.tsx(37,11): error TS7026: JSX element implicitly has type 'any' because no interface 'JSX.IntrinsicElements' exists.
app/(marketing)/demo/page.tsx(38,9): error TS7026: JSX element implicitly has type 'any' because no interface 'JSX.IntrinsicElements' exists.
app/(marketing)/demo/page.tsx(39,7): error TS7026: JSX element implicitly has type 'any' because no interface 'JSX.IntrinsicElements' exists.
app/(marketing)/demo/page.tsx(42,7): error TS7026: JSX element implicitly has type 'any' because no interface 'JSX.IntrinsicElements' exists.
app/(marketing)/demo/page.tsx(44,9): error TS7026: JSX element implicitly has type 'any' because no interface 'JSX.IntrinsicElements' exists.
app/(marketing)/demo/page.tsx(45,11): error TS7026: JSX element implicitly has type 'any' because no interface 'JSX.IntrinsicElements' exists.
app/(marketing)/demo/page.tsx(47,11): error TS7026: JSX element implicitly has type 'any' because no interface 'JSX.IntrinsicElements' exists.
app/(marketing)/demo/page.tsx(48,11): error TS7026: JSX element implicitly has type 'any' because no interface 'JSX.IntrinsicElements' exists.
app/(marketing)/demo/page.tsx(50,11): error TS7026: JSX element implicitly has type 'any' because no interface 'JSX.IntrinsicElements' exists.
app/(marketing)/demo/page.tsx(51,9): error TS7026: JSX element implicitly has type 'any' because no interface 'JSX.IntrinsicElements' exists.
app/(marketing)/demo/page.tsx(54,9): error TS7026: JSX element implicitly has type 'any' because no interface 'JSX.IntrinsicElements' exists.
app/(marketing)/demo/page.tsx(55,11): error TS7026: JSX element implicitly has type 'any' because no interface 'JSX.IntrinsicElements' exists.
app/(marketing)/demo/page.tsx(55,85): error TS7026: JSX element implicitly has type 'any' because no interface 'JSX.IntrinsicElements' exists.
app/(marketing)/demo/page.tsx(56,11): error TS7026: JSX element implicitly has type 'any' because no interface 'JSX.IntrinsicElements' exists.
app/(marketing)/demo/page.tsx(57,13): error TS7026: JSX element implicitly has type 'any' because no interface 'JSX.IntrinsicElements' exists.
app/(marketing)/demo/page.tsx(58,15): error TS7026: JSX element implicitly has type 'any' because no interface 'JSX.IntrinsicElements' exists.
app/(marketing)/demo/page.tsx(59,17): error TS7026: JSX element implicitly has type 'any' because no interface 'JSX.IntrinsicElements' exists.
app/(marketing)/demo/page.tsx(59,73): error TS7026: JSX element implicitly has type 'any' because no interface 'JSX.IntrinsicElements' exists.
app/(marketing)/demo/page.tsx(60,17): error TS7026: JSX element implicitly has type 'any' because no interface 'JSX.IntrinsicElements' exists.
app/(marketing)/demo/page.tsx(60,105): error TS7026: JSX element implicitly has type 'any' because no interface 'JSX.IntrinsicElements' exists.
app/(marketing)/demo/page.tsx(61,15): error TS7026: JSX element implicitly has type 'any' because no interface 'JSX.IntrinsicElements' exists.
app/(marketing)/demo/page.tsx(62,15): error TS7026: JSX element implicitly has type 'any' because no interface 'JSX.IntrinsicElements' exists.
app/(marketing)/demo/page.tsx(68,28): error TS7006: Parameter 'e' implicitly has an 'any' type.
app/(marketing)/demo/page.tsx(71,13): error TS7026: JSX element implicitly has type 'any' because no interface 'JSX.IntrinsicElements' exists.
app/(marketing)/demo/page.tsx(72,13): error TS7026: JSX element implicitly has type 'any' because no interface 'JSX.IntrinsicElements' exists.
app/(marketing)/demo/page.tsx(73,15): error TS7026: JSX element implicitly has type 'any' because no interface 'JSX.IntrinsicElements' exists.
app/(marketing)/demo/page.tsx(74,17): error TS7026: JSX element implicitly has type 'any' because no interface 'JSX.IntrinsicElements' exists.
app/(marketing)/demo/page.tsx(74,77): error TS7026: JSX element implicitly has type 'any' because no interface 'JSX.IntrinsicElements' exists.
app/(marketing)/demo/page.tsx(75,17): error TS7026: JSX element implicitly has type 'any' because no interface 'JSX.IntrinsicElements' exists.
app/(marketing)/demo/page.tsx(75,109): error TS7026: JSX element implicitly has type 'any' because no interface 'JSX.IntrinsicElements' exists.
app/(marketing)/demo/page.tsx(76,15): error TS7026: JSX element implicitly has type 'any' because no interface 'JSX.IntrinsicElements' exists.
app/(marketing)/demo/page.tsx(77,15): error TS7026: JSX element implicitly has type 'any' because no interface 'JSX.IntrinsicElements' exists.
app/(marketing)/demo/page.tsx(83,28): error TS7006: Parameter 'e' implicitly has an 'any' type.
app/(marketing)/demo/page.tsx(86,13): error TS7026: JSX element implicitly has type 'any' because no interface 'JSX.IntrinsicElements' exists.
app/(marketing)/demo/page.tsx(87,11): error TS7026: JSX element implicitly has type 'any' because no interface 'JSX.IntrinsicElements' exists.
app/(marketing)/demo/page.tsx(88,9): error TS7026: JSX element implicitly has type 'any' because no interface 'JSX.IntrinsicElements' exists.
app/(marketing)/demo/page.tsx(91,9): error TS7026: JSX element implicitly has type 'any' because no interface 'JSX.IntrinsicElements' exists.
app/(marketing)/demo/page.tsx(93,11): error TS7026: JSX element implicitly has type 'any' because no interface 'JSX.IntrinsicElements' exists.
app/(marketing)/demo/page.tsx(94,13): error TS7026: JSX element implicitly has type 'any' because no interface 'JSX.IntrinsicElements' exists.
app/(marketing)/demo/page.tsx(95,15): error TS7026: JSX element implicitly has type 'any' because no interface 'JSX.IntrinsicElements' exists.
app/(marketing)/demo/page.tsx(97,15): error TS7026: JSX element implicitly has type 'any' because no interface 'JSX.IntrinsicElements' exists.
app/(marketing)/demo/page.tsx(98,15): error TS7026: JSX element implicitly has type 'any' because no interface 'JSX.IntrinsicElements' exists.
app/(marketing)/demo/page.tsx(99,17): error TS7026: JSX element implicitly has type 'any' because no interface 'JSX.IntrinsicElements' exists.
app/(marketing)/demo/page.tsx(99,92): error TS7026: JSX element implicitly has type 'any' because no interface 'JSX.IntrinsicElements' exists.
app/(marketing)/demo/page.tsx(100,17): error TS7026: JSX element implicitly has type 'any' because no interface 'JSX.IntrinsicElements' exists.
app/(marketing)/demo/page.tsx(102,17): error TS7026: JSX element implicitly has type 'any' because no interface 'JSX.IntrinsicElements' exists.
app/(marketing)/demo/page.tsx(103,15): error TS7026: JSX element implicitly has type 'any' because no interface 'JSX.IntrinsicElements' exists.
app/(marketing)/demo/page.tsx(104,13): error TS7026: JSX element implicitly has type 'any' because no interface 'JSX.IntrinsicElements' exists.
app/(marketing)/demo/page.tsx(106,13): error TS7026: JSX element implicitly has type 'any' because no interface 'JSX.IntrinsicElements' exists.
app/(marketing)/demo/page.tsx(112,13): error TS7026: JSX element implicitly has type 'any' because no interface 'JSX.IntrinsicElements' exists.
app/(marketing)/demo/page.tsx(114,13): error TS7026: JSX element implicitly has type 'any' because no interface 'JSX.IntrinsicElements' exists.
app/(marketing)/demo/page.tsx(116,17): error TS7026: JSX element implicitly has type 'any' because no interface 'JSX.IntrinsicElements' exists.
app/(marketing)/demo/page.tsx(121,17): error TS7026: JSX element implicitly has type 'any' because no interface 'JSX.IntrinsicElements' exists.
app/(marketing)/demo/page.tsx(123,13): error TS7026: JSX element implicitly has type 'any' because no interface 'JSX.IntrinsicElements' exists.
app/(marketing)/demo/page.tsx(124,11): error TS7026: JSX element implicitly has type 'any' because no interface 'JSX.IntrinsicElements' exists.
app/(marketing)/demo/page.tsx(127,11): error TS7026: JSX element implicitly has type 'any' because no interface 'JSX.IntrinsicElements' exists.
app/(marketing)/demo/page.tsx(128,13): error TS7026: JSX element implicitly has type 'any' because no interface 'JSX.IntrinsicElements' exists.
app/(marketing)/demo/page.tsx(129,15): error TS7026: JSX element implicitly has type 'any' because no interface 'JSX.IntrinsicElements' exists.
app/(marketing)/demo/page.tsx(131,15): error TS7026: JSX element implicitly has type 'any' because no interface 'JSX.IntrinsicElements' exists.
app/(marketing)/demo/page.tsx(132,15): error TS7026: JSX element implicitly has type 'any' because no interface 'JSX.IntrinsicElements' exists.
app/(marketing)/demo/page.tsx(133,17): error TS7026: JSX element implicitly has type 'any' because no interface 'JSX.IntrinsicElements' exists.
app/(marketing)/demo/page.tsx(133,81): error TS7026: JSX element implicitly has type 'any' because no interface 'JSX.IntrinsicElements' exists.
app/(marketing)/demo/page.tsx(134,17): error TS7026: JSX element implicitly has type 'any' because no interface 'JSX.IntrinsicElements' exists.
app/(marketing)/demo/page.tsx(136,17): error TS7026: JSX element implicitly has type 'any' because no interface 'JSX.IntrinsicElements' exists.
app/(marketing)/demo/page.tsx(137,15): error TS7026: JSX element implicitly has type 'any' because no interface 'JSX.IntrinsicElements' exists.
app/(marketing)/demo/page.tsx(138,13): error TS7026: JSX element implicitly has type 'any' because no interface 'JSX.IntrinsicElements' exists.
app/(marketing)/demo/page.tsx(140,13): error TS7026: JSX element implicitly has type 'any' because no interface 'JSX.IntrinsicElements' exists.
app/(marketing)/demo/page.tsx(146,13): error TS7026: JSX element implicitly has type 'any' because no interface 'JSX.IntrinsicElements' exists.
app/(marketing)/demo/page.tsx(148,13): error TS7026: JSX element implicitly has type 'any' because no interface 'JSX.IntrinsicElements' exists.
app/(marketing)/demo/page.tsx(150,17): error TS7026: JSX element implicitly has type 'any' because no interface 'JSX.IntrinsicElements' exists.
app/(marketing)/demo/page.tsx(155,17): error TS7026: JSX element implicitly has type 'any' because no interface 'JSX.IntrinsicElements' exists.
app/(marketing)/demo/page.tsx(157,13): error TS7026: JSX element implicitly has type 'any' because no interface 'JSX.IntrinsicElements' exists.
app/(marketing)/demo/page.tsx(158,11): error TS7026: JSX element implicitly has type 'any' because no interface 'JSX.IntrinsicElements' exists.
app/(marketing)/demo/page.tsx(161,11): error TS7026: JSX element implicitly has type 'any' because no interface 'JSX.IntrinsicElements' exists.
app/(marketing)/demo/page.tsx(162,13): error TS7026: JSX element implicitly has type 'any' because no interface 'JSX.IntrinsicElements' exists.
app/(marketing)/demo/page.tsx(163,15): error TS7026: JSX element implicitly has type 'any' because no interface 'JSX.IntrinsicElements' exists.
app/(marketing)/demo/page.tsx(165,15): error TS7026: JSX element implicitly has type 'any' because no interface 'JSX.IntrinsicElements' exists.
app/(marketing)/demo/page.tsx(166,15): error TS7026: JSX element implicitly has type 'any' because no interface 'JSX.IntrinsicElements' exists.
app/(marketing)/demo/page.tsx(167,17): error TS7026: JSX element implicitly has type 'any' because no interface 'JSX.IntrinsicElements' exists.
app/(marketing)/demo/page.tsx(167,86): error TS7026: JSX element implicitly has type 'any' because no interface 'JSX.IntrinsicElements' exists.
app/(marketing)/demo/page.tsx(168,17): error TS7026: JSX element implicitly has type 'any' because no interface 'JSX.IntrinsicElements' exists.
app/(marketing)/demo/page.tsx(170,17): error TS7026: JSX element implicitly has type 'any' because no interface 'JSX.IntrinsicElements' exists.
app/(marketing)/demo/page.tsx(171,15): error TS7026: JSX element implicitly has type 'any' because no interface 'JSX.IntrinsicElements' exists.
app/(marketing)/demo/page.tsx(172,13): error TS7026: JSX element implicitly has type 'any' because no interface 'JSX.IntrinsicElements' exists.
app/(marketing)/demo/page.tsx(174,13): error TS7026: JSX element implicitly has type 'any' because no interface 'JSX.IntrinsicElements' exists.
app/(marketing)/demo/page.tsx(180,13): error TS7026: JSX element implicitly has type 'any' because no interface 'JSX.IntrinsicElements' exists.
app/(marketing)/demo/page.tsx(182,13): error TS7026: JSX element implicitly has type 'any' because no interface 'JSX.IntrinsicElements' exists.
app/(marketing)/demo/page.tsx(184,17): error TS7026: JSX element implicitly has type 'any' because no interface 'JSX.IntrinsicElements' exists.
app/(marketing)/demo/page.tsx(189,17): error TS7026: JSX element implicitly has type 'any' because no interface 'JSX.IntrinsicElements' exists.
app/(marketing)/demo/page.tsx(191,13): error TS7026: JSX element implicitly has type 'any' because no interface 'JSX.IntrinsicElements' exists.
app/(marketing)/demo/page.tsx(192,11): error TS7026: JSX element implicitly has type 'any' because no interface 'JSX.IntrinsicElements' exists.
app/(marketing)/demo/page.tsx(194,9): error TS7026: JSX element implicitly has type 'any' because no interface 'JSX.IntrinsicElements' exists.
app/(marketing)/demo/page.tsx(197,9): error TS7026: JSX element implicitly has type 'any' because no interface 'JSX.IntrinsicElements' exists.
app/(marketing)/demo/page.tsx(198,11): error TS7026: JSX element implicitly has type 'any' because no interface 'JSX.IntrinsicElements' exists.
app/(marketing)/demo/page.tsx(198,92): error TS7026: JSX element implicitly has type 'any' because no interface 'JSX.IntrinsicElements' exists.
app/(marketing)/demo/page.tsx(199,11): error TS7026: JSX element implicitly has type 'any' because no interface 'JSX.IntrinsicElements' exists.
app/(marketing)/demo/page.tsx(200,13): error TS7026: JSX element implicitly has type 'any' because no interface 'JSX.IntrinsicElements' exists.
app/(marketing)/demo/page.tsx(201,15): error TS7026: JSX element implicitly has type 'any' because no interface 'JSX.IntrinsicElements' exists.
app/(marketing)/demo/page.tsx(202,17): error TS7026: JSX element implicitly has type 'any' because no interface 'JSX.IntrinsicElements' exists.
app/(marketing)/demo/page.tsx(202,89): error TS7026: JSX element implicitly has type 'any' because no interface 'JSX.IntrinsicElements' exists.
app/(marketing)/demo/page.tsx(203,17): error TS7026: JSX element implicitly has type 'any' because no interface 'JSX.IntrinsicElements' exists.
app/(marketing)/demo/page.tsx(203,85): error TS7026: JSX element implicitly has type 'any' because no interface 'JSX.IntrinsicElements' exists.
app/(marketing)/demo/page.tsx(204,17): error TS7026: JSX element implicitly has type 'any' because no interface 'JSX.IntrinsicElements' exists.
app/(marketing)/demo/page.tsx(204,86): error TS7026: JSX element implicitly has type 'any' because no interface 'JSX.IntrinsicElements' exists.
app/(marketing)/demo/page.tsx(205,17): error TS7026: JSX element implicitly has type 'any' because no interface 'JSX.IntrinsicElements' exists.
app/(marketing)/demo/page.tsx(205,86): error TS7026: JSX element implicitly has type 'any' because no interface 'JSX.IntrinsicElements' exists.
app/(marketing)/demo/page.tsx(206,17): error TS7026: JSX element implicitly has type 'any' because no interface 'JSX.IntrinsicElements' exists.
app/(marketing)/demo/page.tsx(206,90): error TS7026: JSX element implicitly has type 'any' because no interface 'JSX.IntrinsicElements' exists.
app/(marketing)/demo/page.tsx(207,15): error TS7026: JSX element implicitly has type 'any' because no interface 'JSX.IntrinsicElements' exists.
app/(marketing)/demo/page.tsx(208,13): error TS7026: JSX element implicitly has type 'any' because no interface 'JSX.IntrinsicElements' exists.
app/(marketing)/demo/page.tsx(209,13): error TS7026: JSX element implicitly has type 'any' because no interface 'JSX.IntrinsicElements' exists.
app/(marketing)/demo/page.tsx(210,15): error TS7026: JSX element implicitly has type 'any' because no interface 'JSX.IntrinsicElements' exists.
app/(marketing)/demo/page.tsx(211,17): error TS7026: JSX element implicitly has type 'any' because no interface 'JSX.IntrinsicElements' exists.
app/(marketing)/demo/page.tsx(211,91): error TS7026: JSX element implicitly has type 'any' because no interface 'JSX.IntrinsicElements' exists.
app/(marketing)/demo/page.tsx(212,17): error TS7026: JSX element implicitly has type 'any' because no interface 'JSX.IntrinsicElements' exists.
app/(marketing)/demo/page.tsx(212,88): error TS7026: JSX element implicitly has type 'any' because no interface 'JSX.IntrinsicElements' exists.
app/(marketing)/demo/page.tsx(213,17): error TS7026: JSX element implicitly has type 'any' because no interface 'JSX.IntrinsicElements' exists.
app/(marketing)/demo/page.tsx(213,43): error TS7026: JSX element implicitly has type 'any' because no interface 'JSX.IntrinsicElements' exists.
app/(marketing)/demo/page.tsx(213,88): error TS7026: JSX element implicitly has type 'any' because no interface 'JSX.IntrinsicElements' exists.
app/(marketing)/demo/page.tsx(213,95): error TS7026: JSX element implicitly has type 'any' because no interface 'JSX.IntrinsicElements' exists.
app/(marketing)/demo/page.tsx(214,17): error TS7026: JSX element implicitly has type 'any' because no interface 'JSX.IntrinsicElements' exists.
app/(marketing)/demo/page.tsx(214,83): error TS7026: JSX element implicitly has type 'any' because no interface 'JSX.IntrinsicElements' exists.
app/(marketing)/demo/page.tsx(215,17): error TS7026: JSX element implicitly has type 'any' because no interface 'JSX.IntrinsicElements' exists.
app/(marketing)/demo/page.tsx(215,43): error TS7026: JSX element implicitly has type 'any' because no interface 'JSX.IntrinsicElements' exists.
app/(marketing)/demo/page.tsx(215,88): error TS7026: JSX element implicitly has type 'any' because no interface 'JSX.IntrinsicElements' exists.
app/(marketing)/demo/page.tsx(215,95): error TS7026: JSX element implicitly has type 'any' because no interface 'JSX.IntrinsicElements' exists.
app/(marketing)/demo/page.tsx(216,15): error TS7026: JSX element implicitly has type 'any' because no interface 'JSX.IntrinsicElements' exists.
app/(marketing)/demo/page.tsx(217,15): error TS7026: JSX element implicitly has type 'any' because no interface 'JSX.IntrinsicElements' exists.
app/(marketing)/demo/page.tsx(218,17): error TS7026: JSX element implicitly has type 'any' because no interface 'JSX.IntrinsicElements' exists.
app/(marketing)/demo/page.tsx(218,95): error TS7026: JSX element implicitly has type 'any' because no interface 'JSX.IntrinsicElements' exists.
app/(marketing)/demo/page.tsx(219,17): error TS7026: JSX element implicitly has type 'any' because no interface 'JSX.IntrinsicElements' exists.
app/(marketing)/demo/page.tsx(219,92): error TS7026: JSX element implicitly has type 'any' because no interface 'JSX.IntrinsicElements' exists.
app/(marketing)/demo/page.tsx(220,17): error TS7026: JSX element implicitly has type 'any' because no interface 'JSX.IntrinsicElements' exists.
app/(marketing)/demo/page.tsx(220,43): error TS7026: JSX element implicitly has type 'any' because no interface 'JSX.IntrinsicElements' exists.
app/(marketing)/demo/page.tsx(220,88): error TS7026: JSX element implicitly has type 'any' because no interface 'JSX.IntrinsicElements' exists.
app/(marketing)/demo/page.tsx(220,95): error TS7026: JSX element implicitly has type 'any' because no interface 'JSX.IntrinsicElements' exists.
app/(marketing)/demo/page.tsx(221,17): error TS7026: JSX element implicitly has type 'any' because no interface 'JSX.IntrinsicElements' exists.
app/(marketing)/demo/page.tsx(221,83): error TS7026: JSX element implicitly has type 'any' because no interface 'JSX.IntrinsicElements' exists.
app/(marketing)/demo/page.tsx(222,17): error TS7026: JSX element implicitly has type 'any' because no interface 'JSX.IntrinsicElements' exists.
app/(marketing)/demo/page.tsx(222,43): error TS7026: JSX element implicitly has type 'any' because no interface 'JSX.IntrinsicElements' exists.
app/(marketing)/demo/page.tsx(222,90): error TS7026: JSX element implicitly has type 'any' because no interface 'JSX.IntrinsicElements' exists.
app/(marketing)/demo/page.tsx(222,97): error TS7026: JSX element implicitly has type 'any' because no interface 'JSX.IntrinsicElements' exists.
app/(marketing)/demo/page.tsx(223,15): error TS7026: JSX element implicitly has type 'any' because no interface 'JSX.IntrinsicElements' exists.
app/(marketing)/demo/page.tsx(224,15): error TS7026: JSX element implicitly has type 'any' because no interface 'JSX.IntrinsicElements' exists.
app/(marketing)/demo/page.tsx(225,17): error TS7026: JSX element implicitly has type 'any' because no interface 'JSX.IntrinsicElements' exists.
app/(marketing)/demo/page.tsx(225,92): error TS7026: JSX element implicitly has type 'any' because no interface 'JSX.IntrinsicElements' exists.
app/(marketing)/demo/page.tsx(226,17): error TS7026: JSX element implicitly has type 'any' because no interface 'JSX.IntrinsicElements' exists.
app/(marketing)/demo/page.tsx(226,90): error TS7026: JSX element implicitly has type 'any' because no interface 'JSX.IntrinsicElements' exists.
app/(marketing)/demo/page.tsx(227,17): error TS7026: JSX element implicitly has type 'any' because no interface 'JSX.IntrinsicElements' exists.
app/(marketing)/demo/page.tsx(227,43): error TS7026: JSX element implicitly has type 'any' because no interface 'JSX.IntrinsicElements' exists.
app/(marketing)/demo/page.tsx(227,83): error TS7026: JSX element implicitly has type 'any' because no interface 'JSX.IntrinsicElements' exists.
app/(marketing)/demo/page.tsx(227,90): error TS7026: JSX element implicitly has type 'any' because no interface 'JSX.IntrinsicElements' exists.
app/(marketing)/demo/page.tsx(228,17): error TS7026: JSX element implicitly has type 'any' because no interface 'JSX.IntrinsicElements' exists.
app/(marketing)/demo/page.tsx(228,90): error TS7026: JSX element implicitly has type 'any' because no interface 'JSX.IntrinsicElements' exists.
app/(marketing)/demo/page.tsx(229,17): error TS7026: JSX element implicitly has type 'any' because no interface 'JSX.IntrinsicElements' exists.
app/(marketing)/demo/page.tsx(229,43): error TS7026: JSX element implicitly has type 'any' because no interface 'JSX.IntrinsicElements' exists.
app/(marketing)/demo/page.tsx(229,88): error TS7026: JSX element implicitly has type 'any' because no interface 'JSX.IntrinsicElements' exists.
app/(marketing)/demo/page.tsx(229,95): error TS7026: JSX element implicitly has type 'any' because no interface 'JSX.IntrinsicElements' exists.
app/(marketing)/demo/page.tsx(230,15): error TS7026: JSX element implicitly has type 'any' because no interface 'JSX.IntrinsicElements' exists.
app/(marketing)/demo/page.tsx(231,13): error TS7026: JSX element implicitly has type 'any' because no interface 'JSX.IntrinsicElements' exists.
app/(marketing)/demo/page.tsx(232,11): error TS7026: JSX element implicitly has type 'any' because no interface 'JSX.IntrinsicElements' exists.
app/(marketing)/demo/page.tsx(233,9): error TS7026: JSX element implicitly has type 'any' because no interface 'JSX.IntrinsicElements' exists.
app/(marketing)/demo/page.tsx(236,9): error TS7026: JSX element implicitly has type 'any' because no interface 'JSX.IntrinsicElements' exists.
app/(marketing)/demo/page.tsx(237,11): error TS7026: JSX element implicitly has type 'any' because no interface 'JSX.IntrinsicElements' exists.
app/(marketing)/demo/page.tsx(237,80): error TS7026: JSX element implicitly has type 'any' because no interface 'JSX.IntrinsicElements' exists.
app/(marketing)/demo/page.tsx(238,11): error TS7026: JSX element implicitly has type 'any' because no interface 'JSX.IntrinsicElements' exists.
app/(marketing)/demo/page.tsx(239,13): error TS7026: JSX element implicitly has type 'any' because no interface 'JSX.IntrinsicElements' exists.
app/(marketing)/demo/page.tsx(240,15): error TS7026: JSX element implicitly has type 'any' because no interface 'JSX.IntrinsicElements' exists.
app/(marketing)/demo/page.tsx(240,92): error TS7026: JSX element implicitly has type 'any' because no interface 'JSX.IntrinsicElements' exists.
app/(marketing)/demo/page.tsx(241,15): error TS7026: JSX element implicitly has type 'any' because no interface 'JSX.IntrinsicElements' exists.
app/(marketing)/demo/page.tsx(243,15): error TS7026: JSX element implicitly has type 'any' because no interface 'JSX.IntrinsicElements' exists.
app/(marketing)/demo/page.tsx(244,13): error TS7026: JSX element implicitly has type 'any' because no interface 'JSX.IntrinsicElements' exists.
app/(marketing)/demo/page.tsx(245,13): error TS7026: JSX element implicitly has type 'any' because no interface 'JSX.IntrinsicElements' exists.
app/(marketing)/demo/page.tsx(246,15): error TS7026: JSX element implicitly has type 'any' because no interface 'JSX.IntrinsicElements' exists.
app/(marketing)/demo/page.tsx(246,84): error TS7026: JSX element implicitly has type 'any' because no interface 'JSX.IntrinsicElements' exists.
app/(marketing)/demo/page.tsx(247,15): error TS7026: JSX element implicitly has type 'any' because no interface 'JSX.IntrinsicElements' exists.
app/(marketing)/demo/page.tsx(249,15): error TS7026: JSX element implicitly has type 'any' because no interface 'JSX.IntrinsicElements' exists.
app/(marketing)/demo/page.tsx(250,13): error TS7026: JSX element implicitly has type 'any' because no interface 'JSX.IntrinsicElements' exists.
app/(marketing)/demo/page.tsx(251,13): error TS7026: JSX element implicitly has type 'any' because no interface 'JSX.IntrinsicElements' exists.
app/(marketing)/demo/page.tsx(252,15): error TS7026: JSX element implicitly has type 'any' because no interface 'JSX.IntrinsicElements' exists.
app/(marketing)/demo/page.tsx(252,89): error TS7026: JSX element implicitly has type 'any' because no interface 'JSX.IntrinsicElements' exists.
app/(marketing)/demo/page.tsx(253,15): error TS7026: JSX element implicitly has type 'any' because no interface 'JSX.IntrinsicElements' exists.
app/(marketing)/demo/page.tsx(255,15): error TS7026: JSX element implicitly has type 'any' because no interface 'JSX.IntrinsicElements' exists.
app/(marketing)/demo/page.tsx(256,13): error TS7026: JSX element implicitly has type 'any' because no interface 'JSX.IntrinsicElements' exists.
app/(marketing)/demo/page.tsx(257,11): error TS7026: JSX element implicitly has type 'any' because no interface 'JSX.IntrinsicElements' exists.
app/(marketing)/demo/page.tsx(258,9): error TS7026: JSX element implicitly has type 'any' because no interface 'JSX.IntrinsicElements' exists.
app/(marketing)/demo/page.tsx(259,7): error TS7026: JSX element implicitly has type 'any' because no interface 'JSX.IntrinsicElements' exists.
app/(marketing)/demo/page.tsx(262,7): error TS7026: JSX element implicitly has type 'any' because no interface 'JSX.IntrinsicElements' exists.
app/(marketing)/demo/page.tsx(263,9): error TS7026: JSX element implicitly has type 'any' because no interface 'JSX.IntrinsicElements' exists.
app/(marketing)/demo/page.tsx(264,11): error TS7026: JSX element implicitly has type 'any' because no interface 'JSX.IntrinsicElements' exists.
app/(marketing)/demo/page.tsx(266,11): error TS7026: JSX element implicitly has type 'any' because no interface 'JSX.IntrinsicElements' exists.
app/(marketing)/demo/page.tsx(267,9): error TS7026: JSX element implicitly has type 'any' because no interface 'JSX.IntrinsicElements' exists.
app/(marketing)/demo/page.tsx(268,7): error TS7026: JSX element implicitly has type 'any' because no interface 'JSX.IntrinsicElements' exists.
app/(marketing)/demo/page.tsx(269,5): error TS7026: JSX element implicitly has type 'any' because no interface 'JSX.IntrinsicElements' exists.
app/(marketing)/layout.tsx(1,31): error TS2307: Cannot find module 'next' or its corresponding type declarations.
app/(marketing)/layout.tsx(17,13): error TS2503: Cannot find namespace 'React'.
app/(marketing)/layout.tsx(19,10): error TS2875: This JSX tag requires the module path 'react/jsx-runtime' to exist, but none could be found. Make sure you have types for the appropriate package installed.
app/(marketing)/v1/page.tsx(3,18): error TS2307: Cannot find module 'next/link' or its corresponding type declarations.
app/(marketing)/v1/page.tsx(37,8): error TS2307: Cannot find module '@phosphor-icons/react' or its corresponding type declarations.
app/(marketing)/v1/page.tsx(38,26): error TS2307: Cannot find module 'react' or its corresponding type declarations.
app/(marketing)/v1/page.tsx(45,5): error TS7026: JSX element implicitly has type 'any' because no interface 'JSX.IntrinsicElements' exists.
app/(marketing)/v1/page.tsx(46,7): error TS7026: JSX element implicitly has type 'any' because no interface 'JSX.IntrinsicElements' exists.
app/(marketing)/v1/page.tsx(47,9): error TS7026: JSX element implicitly has type 'any' because no interface 'JSX.IntrinsicElements' exists.
app/(marketing)/v1/page.tsx(49,13): error TS7026: JSX element implicitly has type 'any' because no interface 'JSX.IntrinsicElements' exists.
app/(marketing)/v1/page.tsx(54,13): error TS7026: JSX element implicitly has type 'any' because no interface 'JSX.IntrinsicElements' exists.
app/(marketing)/v1/page.tsx(58,11): error TS7026: JSX element implicitly has type 'any' because no interface 'JSX.IntrinsicElements' exists.
app/(marketing)/v1/page.tsx(71,11): error TS7026: JSX element implicitly has type 'any' because no interface 'JSX.IntrinsicElements' exists.
app/(marketing)/v1/page.tsx(73,11): error TS7026: JSX element implicitly has type 'any' because no interface 'JSX.IntrinsicElements' exists.
app/(marketing)/v1/page.tsx(91,11): error TS7026: JSX element implicitly has type 'any' because no interface 'JSX.IntrinsicElements' exists.
app/(marketing)/v1/page.tsx(92,9): error TS7026: JSX element implicitly has type 'any' because no interface 'JSX.IntrinsicElements' exists.
app/(marketing)/v1/page.tsx(96,11): error TS7026: JSX element implicitly has type 'any' because no interface 'JSX.IntrinsicElements' exists.
app/(marketing)/v1/page.tsx(109,13): error TS7026: JSX element implicitly has type 'any' because no interface 'JSX.IntrinsicElements' exists.
app/(marketing)/v1/page.tsx(116,13): error TS7026: JSX element implicitly has type 'any' because no interface 'JSX.IntrinsicElements' exists.
app/(marketing)/v1/page.tsx(117,11): error TS7026: JSX element implicitly has type 'any' because no interface 'JSX.IntrinsicElements' exists.
app/(marketing)/v1/page.tsx(119,7): error TS7026: JSX element implicitly has type 'any' because no interface 'JSX.IntrinsicElements' exists.
app/(marketing)/v1/page.tsx(120,5): error TS7026: JSX element implicitly has type 'any' because no interface 'JSX.IntrinsicElements' exists.
app/(marketing)/v1/page.tsx(127,5): error TS7026: JSX element implicitly has type 'any' because no interface 'JSX.IntrinsicElements' exists.
app/(marketing)/v1/page.tsx(129,7): error TS7026: JSX element implicitly has type 'any' because no interface 'JSX.IntrinsicElements' exists.
app/(marketing)/v1/page.tsx(131,7): error TS7026: JSX element implicitly has type 'any' because no interface 'JSX.IntrinsicElements' exists.
app/(marketing)/v1/page.tsx(132,9): error TS7026: JSX element implicitly has type 'any' because no interface 'JSX.IntrinsicElements' exists.
app/(marketing)/v1/page.tsx(134,11): error TS7026: JSX element implicitly has type 'any' because no interface 'JSX.IntrinsicElements' exists.
app/(marketing)/v1/page.tsx(135,13): error TS7026: JSX element implicitly has type 'any' because no interface 'JSX.IntrinsicElements' exists.
app/(marketing)/v1/page.tsx(136,15): error TS7026: JSX element implicitly has type 'any' because no interface 'JSX.IntrinsicElements' exists.
app/(marketing)/v1/page.tsx(141,15): error TS7026: JSX element implicitly has type 'any' because no interface 'JSX.IntrinsicElements' exists.
app/(marketing)/v1/page.tsx(143,15): error TS7026: JSX element implicitly has type 'any' because no interface 'JSX.IntrinsicElements' exists.
app/(marketing)/v1/page.tsx(144,13): error TS7026: JSX element implicitly has type 'any' because no interface 'JSX.IntrinsicElements' exists.
app/(marketing)/v1/page.tsx(145,11): error TS7026: JSX element implicitly has type 'any' because no interface 'JSX.IntrinsicElements' exists.
app/(marketing)/v1/page.tsx(148,11): error TS7026: JSX element implicitly has type 'any' because no interface 'JSX.IntrinsicElements' exists.
app/(marketing)/v1/page.tsx(150,13): error TS7026: JSX element implicitly has type 'any' because no interface 'JSX.IntrinsicElements' exists.
app/(marketing)/v1/page.tsx(150,110): error TS7026: JSX element implicitly has type 'any' because no interface 'JSX.IntrinsicElements' exists.
app/(marketing)/v1/page.tsx(151,11): error TS7026: JSX element implicitly has type 'any' because no interface 'JSX.IntrinsicElements' exists.
app/(marketing)/v1/page.tsx(154,11): error TS7026: JSX element implicitly has type 'any' because no interface 'JSX.IntrinsicElements' exists.
app/(marketing)/v1/page.tsx(156,13): error TS7026: JSX element implicitly has type 'any' because no interface 'JSX.IntrinsicElements' exists.
app/(marketing)/v1/page.tsx(156,68): error TS7026: JSX element implicitly has type 'any' because no interface 'JSX.IntrinsicElements' exists.
app/(marketing)/v1/page.tsx(157,11): error TS7026: JSX element implicitly has type 'any' because no interface 'JSX.IntrinsicElements' exists.
app/(marketing)/v1/page.tsx(160,11): error TS7026: JSX element implicitly has type 'any' because no interface 'JSX.IntrinsicElements' exists.
app/(marketing)/v1/page.tsx(163,11): error TS7026: JSX element implicitly has type 'any' because no interface 'JSX.IntrinsicElements' exists.
app/(marketing)/v1/page.tsx(166,11): error TS7026: JSX element implicitly has type 'any' because no interface 'JSX.IntrinsicElements' exists.
app/(marketing)/v1/page.tsx(179,11): error TS7026: JSX element implicitly has type 'any' because no interface 'JSX.IntrinsicElements' exists.
app/(marketing)/v1/page.tsx(182,11): error TS7026: JSX element implicitly has type 'any' because no interface 'JSX.IntrinsicElements' exists.
app/(marketing)/v1/page.tsx(184,15): error TS7026: JSX element implicitly has type 'any' because no interface 'JSX.IntrinsicElements' exists.
app/(marketing)/v1/page.tsx(185,17): error TS7026: JSX element implicitly has type 'any' because no interface 'JSX.IntrinsicElements' exists.
app/(marketing)/v1/page.tsx(185,95): error TS7026: JSX element implicitly has type 'any' because no interface 'JSX.IntrinsicElements' exists.
app/(marketing)/v1/page.tsx(186,17): error TS7026: JSX element implicitly has type 'any' because no interface 'JSX.IntrinsicElements' exists.
app/(marketing)/v1/page.tsx(186,89): error TS7026: JSX element implicitly has type 'any' because no interface 'JSX.IntrinsicElements' exists.
app/(marketing)/v1/page.tsx(187,15): error TS7026: JSX element implicitly has type 'any' because no interface 'JSX.IntrinsicElements' exists.
app/(marketing)/v1/page.tsx(189,11): error TS7026: JSX element implicitly has type 'any' because no interface 'JSX.IntrinsicElements' exists.
app/(marketing)/v1/page.tsx(190,9): error TS7026: JSX element implicitly has type 'any' because no interface 'JSX.IntrinsicElements' exists.
app/(marketing)/v1/page.tsx(193,9): error TS7026: JSX element implicitly has type 'any' because no interface 'JSX.IntrinsicElements' exists.
app/(marketing)/v1/page.tsx(194,11): error TS7026: JSX element implicitly has type 'any' because no interface 'JSX.IntrinsicElements' exists.
app/(marketing)/v1/page.tsx(196,13): error TS7026: JSX element implicitly has type 'any' because no interface 'JSX.IntrinsicElements' exists.
app/(marketing)/v1/page.tsx(198,15): error TS7026: JSX element implicitly has type 'any' because no interface 'JSX.IntrinsicElements' exists.
app/(marketing)/v1/page.tsx(199,17): error TS7026: JSX element implicitly has type 'any' because no interface 'JSX.IntrinsicElements' exists.
app/(marketing)/v1/page.tsx(200,19): error TS7026: JSX element implicitly has type 'any' because no interface 'JSX.IntrinsicElements' exists.
app/(marketing)/v1/page.tsx(201,19): error TS7026: JSX element implicitly has type 'any' because no interface 'JSX.IntrinsicElements' exists.
app/(marketing)/v1/page.tsx(202,19): error TS7026: JSX element implicitly has type 'any' because no interface 'JSX.IntrinsicElements' exists.
app/(marketing)/v1/page.tsx(203,17): error TS7026: JSX element implicitly has type 'any' because no interface 'JSX.IntrinsicElements' exists.
app/(marketing)/v1/page.tsx(204,17): error TS7026: JSX element implicitly has type 'any' because no interface 'JSX.IntrinsicElements' exists.
app/(marketing)/v1/page.tsx(205,19): error TS7026: JSX element implicitly has type 'any' because no interface 'JSX.IntrinsicElements' exists.
app/(marketing)/v1/page.tsx(208,19): error TS7026: JSX element implicitly has type 'any' because no interface 'JSX.IntrinsicElements' exists.
app/(marketing)/v1/page.tsx(209,17): error TS7026: JSX element implicitly has type 'any' because no interface 'JSX.IntrinsicElements' exists.
app/(marketing)/v1/page.tsx(210,15): error TS7026: JSX element implicitly has type 'any' because no interface 'JSX.IntrinsicElements' exists.
app/(marketing)/v1/page.tsx(214,17): error TS7026: JSX element implicitly has type 'any' because no interface 'JSX.IntrinsicElements' exists.
app/(marketing)/v1/page.tsx(216,19): error TS7026: JSX element implicitly has type 'any' because no interface 'JSX.IntrinsicElements' exists.
app/(marketing)/v1/page.tsx(218,21): error TS7026: JSX element implicitly has type 'any' because no interface 'JSX.IntrinsicElements' exists.
app/(marketing)/v1/page.tsx(225,25): error TS7026: JSX element implicitly has type 'any' because no interface 'JSX.IntrinsicElements' exists.
app/(marketing)/v1/page.tsx(226,27): error TS7026: JSX element implicitly has type 'any' because no interface 'JSX.IntrinsicElements' exists.
app/(marketing)/v1/page.tsx(232,42): error TS7026: JSX element implicitly has type 'any' because no interface 'JSX.IntrinsicElements' exists.
app/(marketing)/v1/page.tsx(233,27): error TS7026: JSX element implicitly has type 'any' because no interface 'JSX.IntrinsicElements' exists.
app/(marketing)/v1/page.tsx(233,115): error TS7026: JSX element implicitly has type 'any' because no interface 'JSX.IntrinsicElements' exists.
app/(marketing)/v1/page.tsx(234,25): error TS7026: JSX element implicitly has type 'any' because no interface 'JSX.IntrinsicElements' exists.
app/(marketing)/v1/page.tsx(236,21): error TS7026: JSX element implicitly has type 'any' because no interface 'JSX.IntrinsicElements' exists.
app/(marketing)/v1/page.tsx(239,21): error TS7026: JSX element implicitly has type 'any' because no interface 'JSX.IntrinsicElements' exists.
app/(marketing)/v1/page.tsx(240,23): error TS7026: JSX element implicitly has type 'any' because no interface 'JSX.IntrinsicElements' exists.
app/(marketing)/v1/page.tsx(240,94): error TS7026: JSX element implicitly has type 'any' because no interface 'JSX.IntrinsicElements' exists.
app/(marketing)/v1/page.tsx(241,23): error TS7026: JSX element implicitly has type 'any' because no interface 'JSX.IntrinsicElements' exists.
app/(marketing)/v1/page.tsx(243,27): error TS7026: JSX element implicitly has type 'any' because no interface 'JSX.IntrinsicElements' exists.
app/(marketing)/v1/page.tsx(245,23): error TS7026: JSX element implicitly has type 'any' because no interface 'JSX.IntrinsicElements' exists.
app/(marketing)/v1/page.tsx(246,21): error TS7026: JSX element implicitly has type 'any' because no interface 'JSX.IntrinsicElements' exists.
app/(marketing)/v1/page.tsx(249,21): error TS7026: JSX element implicitly has type 'any' because no interface 'JSX.IntrinsicElements' exists.
app/(marketing)/v1/page.tsx(250,23): error TS7026: JSX element implicitly has type 'any' because no interface 'JSX.IntrinsicElements' exists.
app/(marketing)/v1/page.tsx(250,83): error TS7026: JSX element implicitly has type 'any' because no interface 'JSX.IntrinsicElements' exists.
app/(marketing)/v1/page.tsx(252,25): error TS7026: JSX element implicitly has type 'any' because no interface 'JSX.IntrinsicElements' exists.
app/(marketing)/v1/page.tsx(253,27): error TS7026: JSX element implicitly has type 'any' because no interface 'JSX.IntrinsicElements' exists.
app/(marketing)/v1/page.tsx(254,27): error TS7026: JSX element implicitly has type 'any' because no interface 'JSX.IntrinsicElements' exists.
app/(marketing)/v1/page.tsx(255,29): error TS7026: JSX element implicitly has type 'any' because no interface 'JSX.IntrinsicElements' exists.
app/(marketing)/v1/page.tsx(256,29): error TS7026: JSX element implicitly has type 'any' because no interface 'JSX.IntrinsicElements' exists.
app/(marketing)/v1/page.tsx(257,27): error TS7026: JSX element implicitly has type 'any' because no interface 'JSX.IntrinsicElements' exists.
app/(marketing)/v1/page.tsx(258,25): error TS7026: JSX element implicitly has type 'any' because no interface 'JSX.IntrinsicElements' exists.
app/(marketing)/v1/page.tsx(260,21): error TS7026: JSX element implicitly has type 'any' because no interface 'JSX.IntrinsicElements' exists.
app/(marketing)/v1/page.tsx(261,19): error TS7026: JSX element implicitly has type 'any' because no interface 'JSX.IntrinsicElements' exists.
app/(marketing)/v1/page.tsx(264,19): error TS7026: JSX element implicitly has type 'any' because no interface 'JSX.IntrinsicElements' exists.
app/(marketing)/v1/page.tsx(265,21): error TS7026: JSX element implicitly has type 'any' because no interface 'JSX.IntrinsicElements' exists.
app/(marketing)/v1/page.tsx(266,23): error TS7026: JSX element implicitly has type 'any' because no interface 'JSX.IntrinsicElements' exists.
app/(marketing)/v1/page.tsx(267,25): error TS7026: JSX element implicitly has type 'any' because no interface 'JSX.IntrinsicElements' exists.
app/(marketing)/v1/page.tsx(267,95): error TS7026: JSX element implicitly has type 'any' because no interface 'JSX.IntrinsicElements' exists.
app/(marketing)/v1/page.tsx(269,23): error TS7026: JSX element implicitly has type 'any' because no interface 'JSX.IntrinsicElements' exists.
app/(marketing)/v1/page.tsx(270,21): error TS7026: JSX element implicitly has type 'any' because no interface 'JSX.IntrinsicElements' exists.
app/(marketing)/v1/page.tsx(271,19): error TS7026: JSX element implicitly has type 'any' because no interface 'JSX.IntrinsicElements' exists.
app/(marketing)/v1/page.tsx(272,17): error TS7026: JSX element implicitly has type 'any' because no interface 'JSX.IntrinsicElements' exists.
app/(marketing)/v1/page.tsx(274,13): error TS7026: JSX element implicitly has type 'any' because no interface 'JSX.IntrinsicElements' exists.
app/(marketing)/v1/page.tsx(275,11): error TS7026: JSX element implicitly has type 'any' because no interface 'JSX.IntrinsicElements' exists.
app/(marketing)/v1/page.tsx(276,9): error TS7026: JSX element implicitly has type 'any' because no interface 'JSX.IntrinsicElements' exists.
app/(marketing)/v1/page.tsx(277,7): error TS7026: JSX element implicitly has type 'any' because no interface 'JSX.IntrinsicElements' exists.
app/(marketing)/v1/page.tsx(278,5): error TS7026: JSX element implicitly has type 'any' because no interface 'JSX.IntrinsicElements' exists.
app/(marketing)/v1/page.tsx(289,5): error TS7026: JSX element implicitly has type 'any' because no interface 'JSX.IntrinsicElements' exists.
app/(marketing)/v1/page.tsx(290,7): error TS7026: JSX element implicitly has type 'any' because no interface 'JSX.IntrinsicElements' exists.
app/(marketing)/v1/page.tsx(291,9): error TS7026: JSX element implicitly has type 'any' because no interface 'JSX.IntrinsicElements' exists.
app/(marketing)/v1/page.tsx(293,9): error TS7026: JSX element implicitly has type 'any' because no interface 'JSX.IntrinsicElements' exists.
app/(marketing)/v1/page.tsx(294,9): error TS7026: JSX element implicitly has type 'any' because no interface 'JSX.IntrinsicElements' exists.
app/(marketing)/v1/page.tsx(296,13): error TS7026: JSX element implicitly has type 'any' because no interface 'JSX.IntrinsicElements' exists.
app/(marketing)/v1/page.tsx(298,13): error TS7026: JSX element implicitly has type 'any' because no interface 'JSX.IntrinsicElements' exists.
app/(marketing)/v1/page.tsx(300,9): error TS7026: JSX element implicitly has type 'any' because no interface 'JSX.IntrinsicElements' exists.
app/(marketing)/v1/page.tsx(301,7): error TS7026: JSX element implicitly has type 'any' because no interface 'JSX.IntrinsicElements' exists.
app/(marketing)/v1/page.tsx(302,5): error TS7026: JSX element implicitly has type 'any' because no interface 'JSX.IntrinsicElements' exists.
app/(marketing)/v1/page.tsx(357,5): error TS7026: JSX element implicitly has type 'any' because no interface 'JSX.IntrinsicElements' exists.
app/(marketing)/v1/page.tsx(358,7): error TS7026: JSX element implicitly has type 'any' because no interface 'JSX.IntrinsicElements' exists.
app/(marketing)/v1/page.tsx(359,9): error TS7026: JSX element implicitly has type 'any' because no interface 'JSX.IntrinsicElements' exists.
app/(marketing)/v1/page.tsx(360,11): error TS7026: JSX element implicitly has type 'any' because no interface 'JSX.IntrinsicElements' exists.
app/(marketing)/v1/page.tsx(362,13): error TS7026: JSX element implicitly has type 'any' because no interface 'JSX.IntrinsicElements' exists.
app/(marketing)/v1/page.tsx(362,92): error TS7026: JSX element implicitly has type 'any' because no interface 'JSX.IntrinsicElements' exists.
app/(marketing)/v1/page.tsx(363,11): error TS7026: JSX element implicitly has type 'any' because no interface 'JSX.IntrinsicElements' exists.
app/(marketing)/v1/page.tsx(364,11): error TS7026: JSX element implicitly has type 'any' because no interface 'JSX.IntrinsicElements' exists.
app/(marketing)/v1/page.tsx(366,11): error TS7026: JSX element implicitly has type 'any' because no interface 'JSX.IntrinsicElements' exists.
app/(marketing)/v1/page.tsx(367,11): error TS7026: JSX element implicitly has type 'any' because no interface 'JSX.IntrinsicElements' exists.
app/(marketing)/v1/page.tsx(369,11): error TS7026: JSX element implicitly has type 'any' because no interface 'JSX.IntrinsicElements' exists.
app/(marketing)/v1/page.tsx(370,9): error TS7026: JSX element implicitly has type 'any' because no interface 'JSX.IntrinsicElements' exists.
app/(marketing)/v1/page.tsx(372,9): error TS7026: JSX element implicitly has type 'any' because no interface 'JSX.IntrinsicElements' exists.
app/(marketing)/v1/page.tsx(374,13): error TS7026: JSX element implicitly has type 'any' because no interface 'JSX.IntrinsicElements' exists.
app/(marketing)/v1/page.tsx(379,15): error TS7026: JSX element implicitly has type 'any' because no interface 'JSX.IntrinsicElements' exists.
app/(marketing)/v1/page.tsx(381,15): error TS7026: JSX element implicitly has type 'any' because no interface 'JSX.IntrinsicElements' exists.
app/(marketing)/v1/page.tsx(382,15): error TS7026: JSX element implicitly has type 'any' because no interface 'JSX.IntrinsicElements' exists.
app/(marketing)/v1/page.tsx(382,86): error TS7026: JSX element implicitly has type 'any' because no interface 'JSX.IntrinsicElements' exists.
app/(marketing)/v1/page.tsx(383,15): error TS7026: JSX element implicitly has type 'any' because no interface 'JSX.IntrinsicElements' exists.
app/(marketing)/v1/page.tsx(383,87): error TS7026: JSX element implicitly has type 'any' because no interface 'JSX.IntrinsicElements' exists.
app/(marketing)/v1/page.tsx(384,15): error TS7026: JSX element implicitly has type 'any' because no interface 'JSX.IntrinsicElements' exists.
app/(marketing)/v1/page.tsx(386,15): error TS7026: JSX element implicitly has type 'any' because no interface 'JSX.IntrinsicElements' exists.
app/(marketing)/v1/page.tsx(387,13): error TS7026: JSX element implicitly has type 'any' because no interface 'JSX.IntrinsicElements' exists.
app/(marketing)/v1/page.tsx(389,9): error TS7026: JSX element implicitly has type 'any' because no interface 'JSX.IntrinsicElements' exists.
app/(marketing)/v1/page.tsx(390,7): error TS7026: JSX element implicitly has type 'any' because no interface 'JSX.IntrinsicElements' exists.
app/(marketing)/v1/page.tsx(391,5): error TS7026: JSX element implicitly has type 'any' because no interface 'JSX.IntrinsicElements' exists.
app/(marketing)/v1/page.tsx(425,5): error TS7026: JSX element implicitly has type 'any' because no interface 'JSX.IntrinsicElements' exists.
app/(marketing)/v1/page.tsx(426,7): error TS7026: JSX element implicitly has type 'any' because no interface 'JSX.IntrinsicElements' exists.
app/(marketing)/v1/page.tsx(427,9): error TS7026: JSX element implicitly has type 'any' because no interface 'JSX.IntrinsicElements' exists.
app/(marketing)/v1/page.tsx(428,11): error TS7026: JSX element implicitly has type 'any' because no interface 'JSX.IntrinsicElements' exists.
app/(marketing)/v1/page.tsx(430,13): error TS7026: JSX element implicitly has type 'any' because no interface 'JSX.IntrinsicElements' exists.
app/(marketing)/v1/page.tsx(430,89): error TS7026: JSX element implicitly has type 'any' because no interface 'JSX.IntrinsicElements' exists.
app/(marketing)/v1/page.tsx(431,11): error TS7026: JSX element implicitly has type 'any' because no interface 'JSX.IntrinsicElements' exists.
app/(marketing)/v1/page.tsx(432,11): error TS7026: JSX element implicitly has type 'any' because no interface 'JSX.IntrinsicElements' exists.
app/(marketing)/v1/page.tsx(434,11): error TS7026: JSX element implicitly has type 'any' because no interface 'JSX.IntrinsicElements' exists.
app/(marketing)/v1/page.tsx(435,11): error TS7026: JSX element implicitly has type 'any' because no interface 'JSX.IntrinsicElements' exists.
app/(marketing)/v1/page.tsx(437,11): error TS7026: JSX element implicitly has type 'any' because no interface 'JSX.IntrinsicElements' exists.
app/(marketing)/v1/page.tsx(438,9): error TS7026: JSX element implicitly has type 'any' because no interface 'JSX.IntrinsicElements' exists.
app/(marketing)/v1/page.tsx(440,9): error TS7026: JSX element implicitly has type 'any' because no interface 'JSX.IntrinsicElements' exists.
app/(marketing)/v1/page.tsx(442,11): error TS7026: JSX element implicitly has type 'any' because no interface 'JSX.IntrinsicElements' exists.
app/(marketing)/v1/page.tsx(444,11): error TS7026: JSX element implicitly has type 'any' because no interface 'JSX.IntrinsicElements' exists.
app/(marketing)/v1/page.tsx(446,15): error TS7026: JSX element implicitly has type 'any' because no interface 'JSX.IntrinsicElements' exists.
app/(marketing)/v1/page.tsx(451,17): error TS7026: JSX element implicitly has type 'any' because no interface 'JSX.IntrinsicElements' exists.
app/(marketing)/v1/page.tsx(453,19): error TS7026: JSX element implicitly has type 'any' because no interface 'JSX.IntrinsicElements' exists.
app/(marketing)/v1/page.tsx(455,19): error TS7026: JSX element implicitly has type 'any' because no interface 'JSX.IntrinsicElements' exists.
app/(marketing)/v1/page.tsx(458,19): error TS7026: JSX element implicitly has type 'any' because no interface 'JSX.IntrinsicElements' exists.
app/(marketing)/v1/page.tsx(459,21): error TS7026: JSX element implicitly has type 'any' because no interface 'JSX.IntrinsicElements' exists.
app/(marketing)/v1/page.tsx(461,21): error TS7026: JSX element implicitly has type 'any' because no interface 'JSX.IntrinsicElements' exists.
app/(marketing)/v1/page.tsx(462,21): error TS7026: JSX element implicitly has type 'any' because no interface 'JSX.IntrinsicElements' exists.
app/(marketing)/v1/page.tsx(462,89): error TS7026: JSX element implicitly has type 'any' because no interface 'JSX.IntrinsicElements' exists.
app/(marketing)/v1/page.tsx(463,21): error TS7026: JSX element implicitly has type 'any' because no interface 'JSX.IntrinsicElements' exists.
app/(marketing)/v1/page.tsx(463,90): error TS7026: JSX element implicitly has type 'any' because no interface 'JSX.IntrinsicElements' exists.
app/(marketing)/v1/page.tsx(464,19): error TS7026: JSX element implicitly has type 'any' because no interface 'JSX.IntrinsicElements' exists.
app/(marketing)/v1/page.tsx(465,17): error TS7026: JSX element implicitly has type 'any' because no interface 'JSX.IntrinsicElements' exists.
app/(marketing)/v1/page.tsx(466,15): error TS7026: JSX element implicitly has type 'any' because no interface 'JSX.IntrinsicElements' exists.
app/(marketing)/v1/page.tsx(468,11): error TS7026: JSX element implicitly has type 'any' because no interface 'JSX.IntrinsicElements' exists.
app/(marketing)/v1/page.tsx(469,9): error TS7026: JSX element implicitly has type 'any' because no interface 'JSX.IntrinsicElements' exists.
app/(marketing)/v1/page.tsx(470,7): error TS7026: JSX element implicitly has type 'any' because no interface 'JSX.IntrinsicElements' exists.
app/(marketing)/v1/page.tsx(471,5): error TS7026: JSX element implicitly has type 'any' because no interface 'JSX.IntrinsicElements' exists.
app/(marketing)/v1/page.tsx(484,5): error TS7026: JSX element implicitly has type 'any' because no interface 'JSX.IntrinsicElements' exists.
app/(marketing)/v1/page.tsx(485,7): error TS7026: JSX element implicitly has type 'any' because no interface 'JSX.IntrinsicElements' exists.
app/(marketing)/v1/page.tsx(486,9): error TS7026: JSX element implicitly has type 'any' because no interface 'JSX.IntrinsicElements' exists.
app/(marketing)/v1/page.tsx(487,11): error TS7026: JSX element implicitly has type 'any' because no interface 'JSX.IntrinsicElements' exists.
app/(marketing)/v1/page.tsx(488,13): error TS7026: JSX element implicitly has type 'any' because no interface 'JSX.IntrinsicElements' exists.
app/(marketing)/v1/page.tsx(490,15): error TS7026: JSX element implicitly has type 'any' because no interface 'JSX.IntrinsicElements' exists.
app/(marketing)/v1/page.tsx(490,100): error TS7026: JSX element implicitly has type 'any' because no interface 'JSX.IntrinsicElements' exists.
app/(marketing)/v1/page.tsx(491,13): error TS7026: JSX element implicitly has type 'any' because no interface 'JSX.IntrinsicElements' exists.
app/(marketing)/v1/page.tsx(492,13): error TS7026: JSX element implicitly has type 'any' because no interface 'JSX.IntrinsicElements' exists.
app/(marketing)/v1/page.tsx(494,13): error TS7026: JSX element implicitly has type 'any' because no interface 'JSX.IntrinsicElements' exists.
app/(marketing)/v1/page.tsx(495,13): error TS7026: JSX element implicitly has type 'any' because no interface 'JSX.IntrinsicElements' exists.
app/(marketing)/v1/page.tsx(497,13): error TS7026: JSX element implicitly has type 'any' because no interface 'JSX.IntrinsicElements' exists.
app/(marketing)/v1/page.tsx(499,13): error TS7026: JSX element implicitly has type 'any' because no interface 'JSX.IntrinsicElements' exists.
app/(marketing)/v1/page.tsx(505,17): error TS7026: JSX element implicitly has type 'any' because no interface 'JSX.IntrinsicElements' exists.
app/(marketing)/v1/page.tsx(506,19): error TS7026: JSX element implicitly has type 'any' because no interface 'JSX.IntrinsicElements' exists.
app/(marketing)/v1/page.tsx(508,19): error TS7026: JSX element implicitly has type 'any' because no interface 'JSX.IntrinsicElements' exists.
app/(marketing)/v1/page.tsx(509,19): error TS7026: JSX element implicitly has type 'any' because no interface 'JSX.IntrinsicElements' exists.
app/(marketing)/v1/page.tsx(509,81): error TS7026: JSX element implicitly has type 'any' because no interface 'JSX.IntrinsicElements' exists.
app/(marketing)/v1/page.tsx(510,17): error TS7026: JSX element implicitly has type 'any' because no interface 'JSX.IntrinsicElements' exists.
app/(marketing)/v1/page.tsx(512,13): error TS7026: JSX element implicitly has type 'any' because no interface 'JSX.IntrinsicElements' exists.
app/(marketing)/v1/page.tsx(514,13): error TS7026: JSX element implicitly has type 'any' because no interface 'JSX.IntrinsicElements' exists.
app/(marketing)/v1/page.tsx(521,13): error TS7026: JSX element implicitly has type 'any' because no interface 'JSX.IntrinsicElements' exists.
app/(marketing)/v1/page.tsx(522,11): error TS7026: JSX element implicitly has type 'any' because no interface 'JSX.IntrinsicElements' exists.
app/(marketing)/v1/page.tsx(524,11): error TS7026: JSX element implicitly has type 'any' because no interface 'JSX.IntrinsicElements' exists.
app/(marketing)/v1/page.tsx(525,13): error TS7026: JSX element implicitly has type 'any' because no interface 'JSX.IntrinsicElements' exists.
app/(marketing)/v1/page.tsx(526,15): error TS7026: JSX element implicitly has type 'any' because no interface 'JSX.IntrinsicElements' exists.
app/(marketing)/v1/page.tsx(526,94): error TS7026: JSX element implicitly has type 'any' because no interface 'JSX.IntrinsicElements' exists.
app/(marketing)/v1/page.tsx(527,43): error TS2322: Type '{ data: ({ status: "success"; count: number; } | { status: "warning"; count: number; } | { status: "error"; count: number; })[]; size: string; className: string; }' is not assignable to type 'TrackerProps'.
  Property 'size' does not exist on type 'TrackerProps'.
app/(marketing)/v1/page.tsx(528,15): error TS7026: JSX element implicitly has type 'any' because no interface 'JSX.IntrinsicElements' exists.
app/(marketing)/v1/page.tsx(529,17): error TS7026: JSX element implicitly has type 'any' because no interface 'JSX.IntrinsicElements' exists.
app/(marketing)/v1/page.tsx(530,19): error TS7026: JSX element implicitly has type 'any' because no interface 'JSX.IntrinsicElements' exists.
app/(marketing)/v1/page.tsx(530,85): error TS7026: JSX element implicitly has type 'any' because no interface 'JSX.IntrinsicElements' exists.
app/(marketing)/v1/page.tsx(531,19): error TS7026: JSX element implicitly has type 'any' because no interface 'JSX.IntrinsicElements' exists.
app/(marketing)/v1/page.tsx(531,76): error TS7026: JSX element implicitly has type 'any' because no interface 'JSX.IntrinsicElements' exists.
app/(marketing)/v1/page.tsx(532,17): error TS7026: JSX element implicitly has type 'any' because no interface 'JSX.IntrinsicElements' exists.
app/(marketing)/v1/page.tsx(533,17): error TS7026: JSX element implicitly has type 'any' because no interface 'JSX.IntrinsicElements' exists.
app/(marketing)/v1/page.tsx(534,19): error TS7026: JSX element implicitly has type 'any' because no interface 'JSX.IntrinsicElements' exists.
app/(marketing)/v1/page.tsx(534,85): error TS7026: JSX element implicitly has type 'any' because no interface 'JSX.IntrinsicElements' exists.
app/(marketing)/v1/page.tsx(535,19): error TS7026: JSX element implicitly has type 'any' because no interface 'JSX.IntrinsicElements' exists.
app/(marketing)/v1/page.tsx(535,75): error TS7026: JSX element implicitly has type 'any' because no interface 'JSX.IntrinsicElements' exists.
app/(marketing)/v1/page.tsx(536,17): error TS7026: JSX element implicitly has type 'any' because no interface 'JSX.IntrinsicElements' exists.
app/(marketing)/v1/page.tsx(537,17): error TS7026: JSX element implicitly has type 'any' because no interface 'JSX.IntrinsicElements' exists.
app/(marketing)/v1/page.tsx(538,19): error TS7026: JSX element implicitly has type 'any' because no interface 'JSX.IntrinsicElements' exists.
app/(marketing)/v1/page.tsx(538,82): error TS7026: JSX element implicitly has type 'any' because no interface 'JSX.IntrinsicElements' exists.
app/(marketing)/v1/page.tsx(539,19): error TS7026: JSX element implicitly has type 'any' because no interface 'JSX.IntrinsicElements' exists.
app/(marketing)/v1/page.tsx(539,76): error TS7026: JSX element implicitly has type 'any' because no interface 'JSX.IntrinsicElements' exists.
app/(marketing)/v1/page.tsx(540,17): error TS7026: JSX element implicitly has type 'any' because no interface 'JSX.IntrinsicElements' exists.
app/(marketing)/v1/page.tsx(541,15): error TS7026: JSX element implicitly has type 'any' because no interface 'JSX.IntrinsicElements' exists.
app/(marketing)/v1/page.tsx(542,13): error TS7026: JSX element implicitly has type 'any' because no interface 'JSX.IntrinsicElements' exists.
app/(marketing)/v1/page.tsx(543,11): error TS7026: JSX element implicitly has type 'any' because no interface 'JSX.IntrinsicElements' exists.
app/(marketing)/v1/page.tsx(544,9): error TS7026: JSX element implicitly has type 'any' because no interface 'JSX.IntrinsicElements' exists.
app/(marketing)/v1/page.tsx(545,7): error TS7026: JSX element implicitly has type 'any' because no interface 'JSX.IntrinsicElements' exists.
app/(marketing)/v1/page.tsx(546,5): error TS7026: JSX element implicitly has type 'any' because no interface 'JSX.IntrinsicElements' exists.
app/(marketing)/v1/page.tsx(609,5): error TS7026: JSX element implicitly has type 'any' because no interface 'JSX.IntrinsicElements' exists.
app/(marketing)/v1/page.tsx(610,7): error TS7026: JSX element implicitly has type 'any' because no interface 'JSX.IntrinsicElements' exists.
app/(marketing)/v1/page.tsx(611,9): error TS7026: JSX element implicitly has type 'any' because no interface 'JSX.IntrinsicElements' exists.
app/(marketing)/v1/page.tsx(612,11): error TS7026: JSX element implicitly has type 'any' because no interface 'JSX.IntrinsicElements' exists.
app/(marketing)/v1/page.tsx(614,13): error TS7026: JSX element implicitly has type 'any' because no interface 'JSX.IntrinsicElements' exists.
app/(marketing)/v1/page.tsx(614,94): error TS7026: JSX element implicitly has type 'any' because no interface 'JSX.IntrinsicElements' exists.
app/(marketing)/v1/page.tsx(615,11): error TS7026: JSX element implicitly has type 'any' because no interface 'JSX.IntrinsicElements' exists.
app/(marketing)/v1/page.tsx(616,11): error TS7026: JSX element implicitly has type 'any' because no interface 'JSX.IntrinsicElements' exists.
app/(marketing)/v1/page.tsx(618,11): error TS7026: JSX element implicitly has type 'any' because no interface 'JSX.IntrinsicElements' exists.
app/(marketing)/v1/page.tsx(619,11): error TS7026: JSX element implicitly has type 'any' because no interface 'JSX.IntrinsicElements' exists.
app/(marketing)/v1/page.tsx(621,11): error TS7026: JSX element implicitly has type 'any' because no interface 'JSX.IntrinsicElements' exists.
app/(marketing)/v1/page.tsx(622,9): error TS7026: JSX element implicitly has type 'any' because no interface 'JSX.IntrinsicElements' exists.
app/(marketing)/v1/page.tsx(624,9): error TS7026: JSX element implicitly has type 'any' because no interface 'JSX.IntrinsicElements' exists.
app/(marketing)/v1/page.tsx(626,13): error TS7026: JSX element implicitly has type 'any' because no interface 'JSX.IntrinsicElements' exists.
app/(marketing)/v1/page.tsx(635,17): error TS7026: JSX element implicitly has type 'any' because no interface 'JSX.IntrinsicElements' exists.
app/(marketing)/v1/page.tsx(636,19): error TS7026: JSX element implicitly has type 'any' because no interface 'JSX.IntrinsicElements' exists.
app/(marketing)/v1/page.tsx(639,19): error TS7026: JSX element implicitly has type 'any' because no interface 'JSX.IntrinsicElements' exists.
app/(marketing)/v1/page.tsx(640,17): error TS7026: JSX element implicitly has type 'any' because no interface 'JSX.IntrinsicElements' exists.
app/(marketing)/v1/page.tsx(643,15): error TS7026: JSX element implicitly has type 'any' because no interface 'JSX.IntrinsicElements' exists.
app/(marketing)/v1/page.tsx(644,17): error TS7026: JSX element implicitly has type 'any' because no interface 'JSX.IntrinsicElements' exists.
app/(marketing)/v1/page.tsx(644,84): error TS7026: JSX element implicitly has type 'any' because no interface 'JSX.IntrinsicElements' exists.
app/(marketing)/v1/page.tsx(645,17): error TS7026: JSX element implicitly has type 'any' because no interface 'JSX.IntrinsicElements' exists.
app/(marketing)/v1/page.tsx(646,19): error TS7026: JSX element implicitly has type 'any' because no interface 'JSX.IntrinsicElements' exists.
app/(marketing)/v1/page.tsx(646,98): error TS7026: JSX element implicitly has type 'any' because no interface 'JSX.IntrinsicElements' exists.
app/(marketing)/v1/page.tsx(647,19): error TS7026: JSX element implicitly has type 'any' because no interface 'JSX.IntrinsicElements' exists.
app/(marketing)/v1/page.tsx(647,86): error TS7026: JSX element implicitly has type 'any' because no interface 'JSX.IntrinsicElements' exists.
app/(marketing)/v1/page.tsx(648,17): error TS7026: JSX element implicitly has type 'any' because no interface 'JSX.IntrinsicElements' exists.
app/(marketing)/v1/page.tsx(649,17): error TS7026: JSX element implicitly has type 'any' because no interface 'JSX.IntrinsicElements' exists.
app/(marketing)/v1/page.tsx(649,91): error TS7026: JSX element implicitly has type 'any' because no interface 'JSX.IntrinsicElements' exists.
app/(marketing)/v1/page.tsx(650,15): error TS7026: JSX element implicitly has type 'any' because no interface 'JSX.IntrinsicElements' exists.
app/(marketing)/v1/page.tsx(652,15): error TS7026: JSX element implicitly has type 'any' because no interface 'JSX.IntrinsicElements' exists.
app/(marketing)/v1/page.tsx(654,19): error TS7026: JSX element implicitly has type 'any' because no interface 'JSX.IntrinsicElements' exists.
app/(marketing)/v1/page.tsx(655,21): error TS7026: JSX element implicitly has type 'any' because no interface 'JSX.IntrinsicElements' exists.
app/(marketing)/v1/page.tsx(657,21): error TS7026: JSX element implicitly has type 'any' because no interface 'JSX.IntrinsicElements' exists.
app/(marketing)/v1/page.tsx(658,21): error TS7026: JSX element implicitly has type 'any' because no interface 'JSX.IntrinsicElements' exists.
app/(marketing)/v1/page.tsx(658,84): error TS7026: JSX element implicitly has type 'any' because no interface 'JSX.IntrinsicElements' exists.
app/(marketing)/v1/page.tsx(659,19): error TS7026: JSX element implicitly has type 'any' because no interface 'JSX.IntrinsicElements' exists.
app/(marketing)/v1/page.tsx(662,19): error TS7026: JSX element implicitly has type 'any' because no interface 'JSX.IntrinsicElements' exists.
app/(marketing)/v1/page.tsx(663,21): error TS7026: JSX element implicitly has type 'any' because no interface 'JSX.IntrinsicElements' exists.
app/(marketing)/v1/page.tsx(665,21): error TS7026: JSX element implicitly has type 'any' because no interface 'JSX.IntrinsicElements' exists.
app/(marketing)/v1/page.tsx(666,21): error TS7026: JSX element implicitly has type 'any' because no interface 'JSX.IntrinsicElements' exists.
app/(marketing)/v1/page.tsx(666,85): error TS7026: JSX element implicitly has type 'any' because no interface 'JSX.IntrinsicElements' exists.
app/(marketing)/v1/page.tsx(667,19): error TS7026: JSX element implicitly has type 'any' because no interface 'JSX.IntrinsicElements' exists.
app/(marketing)/v1/page.tsx(669,15): error TS7026: JSX element implicitly has type 'any' because no interface 'JSX.IntrinsicElements' exists.
app/(marketing)/v1/page.tsx(682,13): error TS7026: JSX element implicitly has type 'any' because no interface 'JSX.IntrinsicElements' exists.
app/(marketing)/v1/page.tsx(684,9): error TS7026: JSX element implicitly has type 'any' because no interface 'JSX.IntrinsicElements' exists.
app/(marketing)/v1/page.tsx(686,9): error TS7026: JSX element implicitly has type 'any' because no interface 'JSX.IntrinsicElements' exists.
app/(marketing)/v1/page.tsx(688,9): error TS7026: JSX element implicitly has type 'any' because no interface 'JSX.IntrinsicElements' exists.
app/(marketing)/v1/page.tsx(689,7): error TS7026: JSX element implicitly has type 'any' because no interface 'JSX.IntrinsicElements' exists.
app/(marketing)/v1/page.tsx(690,5): error TS7026: JSX element implicitly has type 'any' because no interface 'JSX.IntrinsicElements' exists.
app/(marketing)/v1/page.tsx(697,5): error TS7026: JSX element implicitly has type 'any' because no interface 'JSX.IntrinsicElements' exists.
app/(marketing)/v1/page.tsx(698,7): error TS7026: JSX element implicitly has type 'any' because no interface 'JSX.IntrinsicElements' exists.
app/(marketing)/v1/page.tsx(699,9): error TS7026: JSX element implicitly has type 'any' because no interface 'JSX.IntrinsicElements' exists.
app/(marketing)/v1/page.tsx(700,11): error TS7026: JSX element implicitly has type 'any' because no interface 'JSX.IntrinsicElements' exists.
app/(marketing)/v1/page.tsx(702,13): error TS7026: JSX element implicitly has type 'any' because no interface 'JSX.IntrinsicElements' exists.
app/(marketing)/v1/page.tsx(702,95): error TS7026: JSX element implicitly has type 'any' because no interface 'JSX.IntrinsicElements' exists.
app/(marketing)/v1/page.tsx(703,11): error TS7026: JSX element implicitly has type 'any' because no interface 'JSX.IntrinsicElements' exists.
app/(marketing)/v1/page.tsx(704,11): error TS7026: JSX element implicitly has type 'any' because no interface 'JSX.IntrinsicElements' exists.
app/(marketing)/v1/page.tsx(706,11): error TS7026: JSX element implicitly has type 'any' because no interface 'JSX.IntrinsicElements' exists.
app/(marketing)/v1/page.tsx(707,11): error TS7026: JSX element implicitly has type 'any' because no interface 'JSX.IntrinsicElements' exists.
app/(marketing)/v1/page.tsx(709,11): error TS7026: JSX element implicitly has type 'any' because no interface 'JSX.IntrinsicElements' exists.
app/(marketing)/v1/page.tsx(710,9): error TS7026: JSX element implicitly has type 'any' because no interface 'JSX.IntrinsicElements' exists.
app/(marketing)/v1/page.tsx(713,9): error TS7026: JSX element implicitly has type 'any' because no interface 'JSX.IntrinsicElements' exists.
app/(marketing)/v1/page.tsx(714,11): error TS7026: JSX element implicitly has type 'any' because no interface 'JSX.IntrinsicElements' exists.
app/(marketing)/v1/page.tsx(716,11): error TS7026: JSX element implicitly has type 'any' because no interface 'JSX.IntrinsicElements' exists.
app/(marketing)/v1/page.tsx(717,9): error TS7026: JSX element implicitly has type 'any' because no interface 'JSX.IntrinsicElements' exists.
app/(marketing)/v1/page.tsx(718,7): error TS7026: JSX element implicitly has type 'any' because no interface 'JSX.IntrinsicElements' exists.
app/(marketing)/v1/page.tsx(719,5): error TS7026: JSX element implicitly has type 'any' because no interface 'JSX.IntrinsicElements' exists.
app/(marketing)/v1/page.tsx(726,5): error TS7026: JSX element implicitly has type 'any' because no interface 'JSX.IntrinsicElements' exists.
app/(marketing)/v1/page.tsx(727,7): error TS7026: JSX element implicitly has type 'any' because no interface 'JSX.IntrinsicElements' exists.
app/(marketing)/v1/page.tsx(728,9): error TS7026: JSX element implicitly has type 'any' because no interface 'JSX.IntrinsicElements' exists.
app/(marketing)/v1/page.tsx(730,11): error TS7026: JSX element implicitly has type 'any' because no interface 'JSX.IntrinsicElements' exists.
app/(marketing)/v1/page.tsx(732,11): error TS7026: JSX element implicitly has type 'any' because no interface 'JSX.IntrinsicElements' exists.
app/(marketing)/v1/page.tsx(734,13): error TS7026: JSX element implicitly has type 'any' because no interface 'JSX.IntrinsicElements' exists.
app/(marketing)/v1/page.tsx(735,15): error TS7026: JSX element implicitly has type 'any' because no interface 'JSX.IntrinsicElements' exists.
app/(marketing)/v1/page.tsx(740,15): error TS7026: JSX element implicitly has type 'any' because no interface 'JSX.IntrinsicElements' exists.
app/(marketing)/v1/page.tsx(741,13): error TS7026: JSX element implicitly has type 'any' because no interface 'JSX.IntrinsicElements' exists.
app/(marketing)/v1/page.tsx(743,13): error TS7026: JSX element implicitly has type 'any' because no interface 'JSX.IntrinsicElements' exists.
app/(marketing)/v1/page.tsx(745,13): error TS7026: JSX element implicitly has type 'any' because no interface 'JSX.IntrinsicElements' exists.
app/(marketing)/v1/page.tsx(746,13): error TS7026: JSX element implicitly has type 'any' because no interface 'JSX.IntrinsicElements' exists.
app/(marketing)/v1/page.tsx(749,13): error TS7026: JSX element implicitly has type 'any' because no interface 'JSX.IntrinsicElements' exists.
app/(marketing)/v1/page.tsx(750,13): error TS7026: JSX element implicitly has type 'any' because no interface 'JSX.IntrinsicElements' exists.
app/(marketing)/v1/page.tsx(762,13): error TS7026: JSX element implicitly has type 'any' because no interface 'JSX.IntrinsicElements' exists.
app/(marketing)/v1/page.tsx(763,13): error TS7026: JSX element implicitly has type 'any' because no interface 'JSX.IntrinsicElements' exists.
app/(marketing)/v1/page.tsx(765,13): error TS7026: JSX element implicitly has type 'any' because no interface 'JSX.IntrinsicElements' exists.
app/(marketing)/v1/page.tsx(766,11): error TS7026: JSX element implicitly has type 'any' because no interface 'JSX.IntrinsicElements' exists.
app/(marketing)/v1/page.tsx(767,9): error TS7026: JSX element implicitly has type 'any' because no interface 'JSX.IntrinsicElements' exists.
app/(marketing)/v1/page.tsx(768,7): error TS7026: JSX element implicitly has type 'any' because no interface 'JSX.IntrinsicElements' exists.
app/(marketing)/v1/page.tsx(769,5): error TS7026: JSX element implicitly has type 'any' because no interface 'JSX.IntrinsicElements' exists.
app/(marketing)/v1/page.tsx(798,5): error TS7026: JSX element implicitly has type 'any' because no interface 'JSX.IntrinsicElements' exists.
app/(marketing)/v1/page.tsx(799,7): error TS7026: JSX element implicitly has type 'any' because no interface 'JSX.IntrinsicElements' exists.
app/(marketing)/v1/page.tsx(800,9): error TS7026: JSX element implicitly has type 'any' because no interface 'JSX.IntrinsicElements' exists.
app/(marketing)/v1/page.tsx(801,11): error TS7026: JSX element implicitly has type 'any' because no interface 'JSX.IntrinsicElements' exists.
app/(marketing)/v1/page.tsx(802,13): error TS7026: JSX element implicitly has type 'any' because no interface 'JSX.IntrinsicElements' exists.
app/(marketing)/v1/page.tsx(803,15): error TS7026: JSX element implicitly has type 'any' because no interface 'JSX.IntrinsicElements' exists.
app/(marketing)/v1/page.tsx(808,15): error TS7026: JSX element implicitly has type 'any' because no interface 'JSX.IntrinsicElements' exists.
app/(marketing)/v1/page.tsx(810,13): error TS7026: JSX element implicitly has type 'any' because no interface 'JSX.IntrinsicElements' exists.
app/(marketing)/v1/page.tsx(811,13): error TS7026: JSX element implicitly has type 'any' because no interface 'JSX.IntrinsicElements' exists.
app/(marketing)/v1/page.tsx(813,13): error TS7026: JSX element implicitly has type 'any' because no interface 'JSX.IntrinsicElements' exists.
app/(marketing)/v1/page.tsx(814,13): error TS7026: JSX element implicitly has type 'any' because no interface 'JSX.IntrinsicElements' exists.
app/(marketing)/v1/page.tsx(815,15): error TS7026: JSX element implicitly has type 'any' because no interface 'JSX.IntrinsicElements' exists.
app/(marketing)/v1/page.tsx(817,15): error TS7026: JSX element implicitly has type 'any' because no interface 'JSX.IntrinsicElements' exists.
app/(marketing)/v1/page.tsx(818,15): error TS7026: JSX element implicitly has type 'any' because no interface 'JSX.IntrinsicElements' exists.
app/(marketing)/v1/page.tsx(820,15): error TS7026: JSX element implicitly has type 'any' because no interface 'JSX.IntrinsicElements' exists.
app/(marketing)/v1/page.tsx(821,15): error TS7026: JSX element implicitly has type 'any' because no interface 'JSX.IntrinsicElements' exists.
app/(marketing)/v1/page.tsx(823,15): error TS7026: JSX element implicitly has type 'any' because no interface 'JSX.IntrinsicElements' exists.
app/(marketing)/v1/page.tsx(824,13): error TS7026: JSX element implicitly has type 'any' because no interface 'JSX.IntrinsicElements' exists.
app/(marketing)/v1/page.tsx(825,11): error TS7026: JSX element implicitly has type 'any' because no interface 'JSX.IntrinsicElements' exists.
app/(marketing)/v1/page.tsx(828,13): error TS7026: JSX element implicitly has type 'any' because no interface 'JSX.IntrinsicElements' exists.
app/(marketing)/v1/page.tsx(829,15): error TS7026: JSX element implicitly has type 'any' because no interface 'JSX.IntrinsicElements' exists.
app/(marketing)/v1/page.tsx(829,80): error TS7026: JSX element implicitly has type 'any' because no interface 'JSX.IntrinsicElements' exists.
app/(marketing)/v1/page.tsx(830,15): error TS7026: JSX element implicitly has type 'any' because no interface 'JSX.IntrinsicElements' exists.
app/(marketing)/v1/page.tsx(832,19): error TS7026: JSX element implicitly has type 'any' because no interface 'JSX.IntrinsicElements' exists.
app/(marketing)/v1/page.tsx(834,23): error TS7026: JSX element implicitly has type 'any' because no interface 'JSX.IntrinsicElements' exists.
app/(marketing)/v1/page.tsx(841,23): error TS7026: JSX element implicitly has type 'any' because no interface 'JSX.IntrinsicElements' exists.
app/(marketing)/v1/page.tsx(843,23): error TS7026: JSX element implicitly has type 'any' because no interface 'JSX.IntrinsicElements' exists.
app/(marketing)/v1/page.tsx(845,23): error TS7026: JSX element implicitly has type 'any' because no interface 'JSX.IntrinsicElements' exists.
app/(marketing)/v1/page.tsx(854,19): error TS7026: JSX element implicitly has type 'any' because no interface 'JSX.IntrinsicElements' exists.
app/(marketing)/v1/page.tsx(856,15): error TS7026: JSX element implicitly has type 'any' because no interface 'JSX.IntrinsicElements' exists.
app/(marketing)/v1/page.tsx(857,13): error TS7026: JSX element implicitly has type 'any' because no interface 'JSX.IntrinsicElements' exists.
app/(marketing)/v1/page.tsx(859,9): error TS7026: JSX element implicitly has type 'any' because no interface 'JSX.IntrinsicElements' exists.
app/(marketing)/v1/page.tsx(861,9): error TS7026: JSX element implicitly has type 'any' because no interface 'JSX.IntrinsicElements' exists.
app/(marketing)/v1/page.tsx(862,11): error TS7026: JSX element implicitly has type 'any' because no interface 'JSX.IntrinsicElements' exists.
app/(marketing)/v1/page.tsx(864,11): error TS7026: JSX element implicitly has type 'any' because no interface 'JSX.IntrinsicElements' exists.
app/(marketing)/v1/page.tsx(865,11): error TS7026: JSX element implicitly has type 'any' because no interface 'JSX.IntrinsicElements' exists.
app/(marketing)/v1/page.tsx(872,11): error TS7026: JSX element implicitly has type 'any' because no interface 'JSX.IntrinsicElements' exists.
app/(marketing)/v1/page.tsx(873,9): error TS7026: JSX element implicitly has type 'any' because no interface 'JSX.IntrinsicElements' exists.
app/(marketing)/v1/page.tsx(874,7): error TS7026: JSX element implicitly has type 'any' because no interface 'JSX.IntrinsicElements' exists.
app/(marketing)/v1/page.tsx(875,5): error TS7026: JSX element implicitly has type 'any' because no interface 'JSX.IntrinsicElements' exists.
app/(marketing)/v1/page.tsx(882,5): error TS7026: JSX element implicitly has type 'any' because no interface 'JSX.IntrinsicElements' exists.
app/(marketing)/v1/page.tsx(882,5): error TS2875: This JSX tag requires the module path 'react/jsx-runtime' to exist, but none could be found. Make sure you have types for the appropriate package installed.
app/(marketing)/v1/page.tsx(893,5): error TS7026: JSX element implicitly has type 'any' because no interface 'JSX.IntrinsicElements' exists.
app/(marketing)/v2/page.tsx(3,18): error TS2307: Cannot find module 'next/link' or its corresponding type declarations.
app/(marketing)/v2/page.tsx(4,19): error TS2307: Cannot find module 'next/image' or its corresponding type declarations.
app/(marketing)/v2/page.tsx(32,8): error TS2307: Cannot find module '@phosphor-icons/react' or its corresponding type declarations.
app/(marketing)/v2/page.tsx(33,26): error TS2307: Cannot find module 'react' or its corresponding type declarations.
app/(marketing)/v2/page.tsx(48,5): error TS7026: JSX element implicitly has type 'any' because no interface 'JSX.IntrinsicElements' exists.
app/(marketing)/v2/page.tsx(49,7): error TS7026: JSX element implicitly has type 'any' because no interface 'JSX.IntrinsicElements' exists.
app/(marketing)/v2/page.tsx(50,9): error TS7026: JSX element implicitly has type 'any' because no interface 'JSX.IntrinsicElements' exists.
app/(marketing)/v2/page.tsx(56,11): error TS7026: JSX element implicitly has type 'any' because no interface 'JSX.IntrinsicElements' exists.
app/(marketing)/v2/page.tsx(66,11): error TS7026: JSX element implicitly has type 'any' because no interface 'JSX.IntrinsicElements' exists.
app/(marketing)/v2/page.tsx(68,11): error TS7026: JSX element implicitly has type 'any' because no interface 'JSX.IntrinsicElements' exists.
app/(marketing)/v2/page.tsx(84,13): error TS7026: JSX element implicitly has type 'any' because no interface 'JSX.IntrinsicElements' exists.
app/(marketing)/v2/page.tsx(95,13): error TS7026: JSX element implicitly has type 'any' because no interface 'JSX.IntrinsicElements' exists.
app/(marketing)/v2/page.tsx(96,11): error TS7026: JSX element implicitly has type 'any' because no interface 'JSX.IntrinsicElements' exists.
app/(marketing)/v2/page.tsx(97,9): error TS7026: JSX element implicitly has type 'any' because no interface 'JSX.IntrinsicElements' exists.
app/(marketing)/v2/page.tsx(101,11): error TS7026: JSX element implicitly has type 'any' because no interface 'JSX.IntrinsicElements' exists.
app/(marketing)/v2/page.tsx(112,13): error TS7026: JSX element implicitly has type 'any' because no interface 'JSX.IntrinsicElements' exists.
app/(marketing)/v2/page.tsx(121,13): error TS7026: JSX element implicitly has type 'any' because no interface 'JSX.IntrinsicElements' exists.
app/(marketing)/v2/page.tsx(122,11): error TS7026: JSX element implicitly has type 'any' because no interface 'JSX.IntrinsicElements' exists.
app/(marketing)/v2/page.tsx(124,7): error TS7026: JSX element implicitly has type 'any' because no interface 'JSX.IntrinsicElements' exists.
app/(marketing)/v2/page.tsx(125,5): error TS7026: JSX element implicitly has type 'any' because no interface 'JSX.IntrinsicElements' exists.
app/(marketing)/v2/page.tsx(134,5): error TS7026: JSX element implicitly has type 'any' because no interface 'JSX.IntrinsicElements' exists.
app/(marketing)/v2/page.tsx(136,7): error TS7026: JSX element implicitly has type 'any' because no interface 'JSX.IntrinsicElements' exists.
app/(marketing)/v2/page.tsx(138,7): error TS7026: JSX element implicitly has type 'any' because no interface 'JSX.IntrinsicElements' exists.
app/(marketing)/v2/page.tsx(139,9): error TS7026: JSX element implicitly has type 'any' because no interface 'JSX.IntrinsicElements' exists.
app/(marketing)/v2/page.tsx(141,11): error TS7026: JSX element implicitly has type 'any' because no interface 'JSX.IntrinsicElements' exists.
app/(marketing)/v2/page.tsx(143,13): error TS7026: JSX element implicitly has type 'any' because no interface 'JSX.IntrinsicElements' exists.
app/(marketing)/v2/page.tsx(144,15): error TS7026: JSX element implicitly has type 'any' because no interface 'JSX.IntrinsicElements' exists.
app/(marketing)/v2/page.tsx(145,15): error TS7026: JSX element implicitly has type 'any' because no interface 'JSX.IntrinsicElements' exists.
app/(marketing)/v2/page.tsx(147,15): error TS7026: JSX element implicitly has type 'any' because no interface 'JSX.IntrinsicElements' exists.
app/(marketing)/v2/page.tsx(148,13): error TS7026: JSX element implicitly has type 'any' because no interface 'JSX.IntrinsicElements' exists.
app/(marketing)/v2/page.tsx(150,13): error TS7026: JSX element implicitly has type 'any' because no interface 'JSX.IntrinsicElements' exists.
app/(marketing)/v2/page.tsx(152,15): error TS7026: JSX element implicitly has type 'any' because no interface 'JSX.IntrinsicElements' exists.
app/(marketing)/v2/page.tsx(153,15): error TS7026: JSX element implicitly has type 'any' because no interface 'JSX.IntrinsicElements' exists.
app/(marketing)/v2/page.tsx(153,70): error TS7026: JSX element implicitly has type 'any' because no interface 'JSX.IntrinsicElements' exists.
app/(marketing)/v2/page.tsx(154,13): error TS7026: JSX element implicitly has type 'any' because no interface 'JSX.IntrinsicElements' exists.
app/(marketing)/v2/page.tsx(156,13): error TS7026: JSX element implicitly has type 'any' because no interface 'JSX.IntrinsicElements' exists.
app/(marketing)/v2/page.tsx(159,13): error TS7026: JSX element implicitly has type 'any' because no interface 'JSX.IntrinsicElements' exists.
app/(marketing)/v2/page.tsx(162,13): error TS7026: JSX element implicitly has type 'any' because no interface 'JSX.IntrinsicElements' exists.
app/(marketing)/v2/page.tsx(175,13): error TS7026: JSX element implicitly has type 'any' because no interface 'JSX.IntrinsicElements' exists.
app/(marketing)/v2/page.tsx(178,13): error TS7026: JSX element implicitly has type 'any' because no interface 'JSX.IntrinsicElements' exists.
app/(marketing)/v2/page.tsx(179,15): error TS7026: JSX element implicitly has type 'any' because no interface 'JSX.IntrinsicElements' exists.
app/(marketing)/v2/page.tsx(181,19): error TS7026: JSX element implicitly has type 'any' because no interface 'JSX.IntrinsicElements' exists.
app/(marketing)/v2/page.tsx(187,19): error TS7026: JSX element implicitly has type 'any' because no interface 'JSX.IntrinsicElements' exists.
app/(marketing)/v2/page.tsx(189,15): error TS7026: JSX element implicitly has type 'any' because no interface 'JSX.IntrinsicElements' exists.
app/(marketing)/v2/page.tsx(190,15): error TS7026: JSX element implicitly has type 'any' because no interface 'JSX.IntrinsicElements' exists.
app/(marketing)/v2/page.tsx(191,17): error TS7026: JSX element implicitly has type 'any' because no interface 'JSX.IntrinsicElements' exists.
app/(marketing)/v2/page.tsx(199,17): error TS7026: JSX element implicitly has type 'any' because no interface 'JSX.IntrinsicElements' exists.
app/(marketing)/v2/page.tsx(200,17): error TS7026: JSX element implicitly has type 'any' because no interface 'JSX.IntrinsicElements' exists.
app/(marketing)/v2/page.tsx(202,17): error TS7026: JSX element implicitly has type 'any' because no interface 'JSX.IntrinsicElements' exists.
app/(marketing)/v2/page.tsx(203,15): error TS7026: JSX element implicitly has type 'any' because no interface 'JSX.IntrinsicElements' exists.
app/(marketing)/v2/page.tsx(204,13): error TS7026: JSX element implicitly has type 'any' because no interface 'JSX.IntrinsicElements' exists.
app/(marketing)/v2/page.tsx(205,11): error TS7026: JSX element implicitly has type 'any' because no interface 'JSX.IntrinsicElements' exists.
app/(marketing)/v2/page.tsx(208,11): error TS7026: JSX element implicitly has type 'any' because no interface 'JSX.IntrinsicElements' exists.
app/(marketing)/v2/page.tsx(210,13): error TS7026: JSX element implicitly has type 'any' because no interface 'JSX.IntrinsicElements' exists.
app/(marketing)/v2/page.tsx(212,15): error TS7026: JSX element implicitly has type 'any' because no interface 'JSX.IntrinsicElements' exists.
app/(marketing)/v2/page.tsx(213,17): error TS7026: JSX element implicitly has type 'any' because no interface 'JSX.IntrinsicElements' exists.
app/(marketing)/v2/page.tsx(214,19): error TS7026: JSX element implicitly has type 'any' because no interface 'JSX.IntrinsicElements' exists.
app/(marketing)/v2/page.tsx(215,19): error TS7026: JSX element implicitly has type 'any' because no interface 'JSX.IntrinsicElements' exists.
app/(marketing)/v2/page.tsx(216,19): error TS7026: JSX element implicitly has type 'any' because no interface 'JSX.IntrinsicElements' exists.
app/(marketing)/v2/page.tsx(217,17): error TS7026: JSX element implicitly has type 'any' because no interface 'JSX.IntrinsicElements' exists.
app/(marketing)/v2/page.tsx(218,17): error TS7026: JSX element implicitly has type 'any' because no interface 'JSX.IntrinsicElements' exists.
app/(marketing)/v2/page.tsx(219,19): error TS7026: JSX element implicitly has type 'any' because no interface 'JSX.IntrinsicElements' exists.
app/(marketing)/v2/page.tsx(221,19): error TS7026: JSX element implicitly has type 'any' because no interface 'JSX.IntrinsicElements' exists.
app/(marketing)/v2/page.tsx(222,17): error TS7026: JSX element implicitly has type 'any' because no interface 'JSX.IntrinsicElements' exists.
app/(marketing)/v2/page.tsx(223,15): error TS7026: JSX element implicitly has type 'any' because no interface 'JSX.IntrinsicElements' exists.
app/(marketing)/v2/page.tsx(226,15): error TS7026: JSX element implicitly has type 'any' because no interface 'JSX.IntrinsicElements' exists.
app/(marketing)/v2/page.tsx(238,15): error TS7026: JSX element implicitly has type 'any' because no interface 'JSX.IntrinsicElements' exists.
app/(marketing)/v2/page.tsx(239,13): error TS7026: JSX element implicitly has type 'any' because no interface 'JSX.IntrinsicElements' exists.
app/(marketing)/v2/page.tsx(242,13): error TS7026: JSX element implicitly has type 'any' because no interface 'JSX.IntrinsicElements' exists.
app/(marketing)/v2/page.tsx(243,15): error TS7026: JSX element implicitly has type 'any' because no interface 'JSX.IntrinsicElements' exists.
app/(marketing)/v2/page.tsx(244,17): error TS7026: JSX element implicitly has type 'any' because no interface 'JSX.IntrinsicElements' exists.
app/(marketing)/v2/page.tsx(245,19): error TS7026: JSX element implicitly has type 'any' because no interface 'JSX.IntrinsicElements' exists.
app/(marketing)/v2/page.tsx(250,19): error TS7026: JSX element implicitly has type 'any' because no interface 'JSX.IntrinsicElements' exists.
app/(marketing)/v2/page.tsx(251,19): error TS7026: JSX element implicitly has type 'any' because no interface 'JSX.IntrinsicElements' exists.
app/(marketing)/v2/page.tsx(252,21): error TS7026: JSX element implicitly has type 'any' because no interface 'JSX.IntrinsicElements' exists.
app/(marketing)/v2/page.tsx(254,21): error TS7026: JSX element implicitly has type 'any' because no interface 'JSX.IntrinsicElements' exists.
app/(marketing)/v2/page.tsx(255,21): error TS7026: JSX element implicitly has type 'any' because no interface 'JSX.IntrinsicElements' exists.
app/(marketing)/v2/page.tsx(257,21): error TS7026: JSX element implicitly has type 'any' because no interface 'JSX.IntrinsicElements' exists.
app/(marketing)/v2/page.tsx(258,19): error TS7026: JSX element implicitly has type 'any' because no interface 'JSX.IntrinsicElements' exists.
app/(marketing)/v2/page.tsx(259,17): error TS7026: JSX element implicitly has type 'any' because no interface 'JSX.IntrinsicElements' exists.
app/(marketing)/v2/page.tsx(260,15): error TS7026: JSX element implicitly has type 'any' because no interface 'JSX.IntrinsicElements' exists.
app/(marketing)/v2/page.tsx(261,13): error TS7026: JSX element implicitly has type 'any' because no interface 'JSX.IntrinsicElements' exists.
app/(marketing)/v2/page.tsx(264,13): error TS7026: JSX element implicitly has type 'any' because no interface 'JSX.IntrinsicElements' exists.
app/(marketing)/v2/page.tsx(265,15): error TS7026: JSX element implicitly has type 'any' because no interface 'JSX.IntrinsicElements' exists.
app/(marketing)/v2/page.tsx(266,17): error TS7026: JSX element implicitly has type 'any' because no interface 'JSX.IntrinsicElements' exists.
app/(marketing)/v2/page.tsx(267,19): error TS7026: JSX element implicitly has type 'any' because no interface 'JSX.IntrinsicElements' exists.
app/(marketing)/v2/page.tsx(272,19): error TS7026: JSX element implicitly has type 'any' because no interface 'JSX.IntrinsicElements' exists.
app/(marketing)/v2/page.tsx(273,19): error TS7026: JSX element implicitly has type 'any' because no interface 'JSX.IntrinsicElements' exists.
app/(marketing)/v2/page.tsx(274,21): error TS7026: JSX element implicitly has type 'any' because no interface 'JSX.IntrinsicElements' exists.
app/(marketing)/v2/page.tsx(276,21): error TS7026: JSX element implicitly has type 'any' because no interface 'JSX.IntrinsicElements' exists.
app/(marketing)/v2/page.tsx(277,21): error TS7026: JSX element implicitly has type 'any' because no interface 'JSX.IntrinsicElements' exists.
app/(marketing)/v2/page.tsx(279,21): error TS7026: JSX element implicitly has type 'any' because no interface 'JSX.IntrinsicElements' exists.
app/(marketing)/v2/page.tsx(280,19): error TS7026: JSX element implicitly has type 'any' because no interface 'JSX.IntrinsicElements' exists.
app/(marketing)/v2/page.tsx(281,17): error TS7026: JSX element implicitly has type 'any' because no interface 'JSX.IntrinsicElements' exists.
app/(marketing)/v2/page.tsx(282,15): error TS7026: JSX element implicitly has type 'any' because no interface 'JSX.IntrinsicElements' exists.
app/(marketing)/v2/page.tsx(283,13): error TS7026: JSX element implicitly has type 'any' because no interface 'JSX.IntrinsicElements' exists.
app/(marketing)/v2/page.tsx(284,11): error TS7026: JSX element implicitly has type 'any' because no interface 'JSX.IntrinsicElements' exists.
app/(marketing)/v2/page.tsx(285,9): error TS7026: JSX element implicitly has type 'any' because no interface 'JSX.IntrinsicElements' exists.
app/(marketing)/v2/page.tsx(286,7): error TS7026: JSX element implicitly has type 'any' because no interface 'JSX.IntrinsicElements' exists.
app/(marketing)/v2/page.tsx(287,5): error TS7026: JSX element implicitly has type 'any' because no interface 'JSX.IntrinsicElements' exists.
app/(marketing)/v2/page.tsx(303,5): error TS7026: JSX element implicitly has type 'any' because no interface 'JSX.IntrinsicElements' exists.
app/(marketing)/v2/page.tsx(304,7): error TS7026: JSX element implicitly has type 'any' because no interface 'JSX.IntrinsicElements' exists.
app/(marketing)/v2/page.tsx(305,9): error TS7026: JSX element implicitly has type 'any' because no interface 'JSX.IntrinsicElements' exists.
app/(marketing)/v2/page.tsx(307,13): error TS7026: JSX element implicitly has type 'any' because no interface 'JSX.IntrinsicElements' exists.
app/(marketing)/v2/page.tsx(311,15): error TS7026: JSX element implicitly has type 'any' because no interface 'JSX.IntrinsicElements' exists.
app/(marketing)/v2/page.tsx(316,15): error TS7026: JSX element implicitly has type 'any' because no interface 'JSX.IntrinsicElements' exists.
app/(marketing)/v2/page.tsx(317,15): error TS7026: JSX element implicitly has type 'any' because no interface 'JSX.IntrinsicElements' exists.
app/(marketing)/v2/page.tsx(318,17): error TS7026: JSX element implicitly has type 'any' because no interface 'JSX.IntrinsicElements' exists.
app/(marketing)/v2/page.tsx(320,17): error TS7026: JSX element implicitly has type 'any' because no interface 'JSX.IntrinsicElements' exists.
app/(marketing)/v2/page.tsx(321,17): error TS7026: JSX element implicitly has type 'any' because no interface 'JSX.IntrinsicElements' exists.
app/(marketing)/v2/page.tsx(323,17): error TS7026: JSX element implicitly has type 'any' because no interface 'JSX.IntrinsicElements' exists.
app/(marketing)/v2/page.tsx(324,15): error TS7026: JSX element implicitly has type 'any' because no interface 'JSX.IntrinsicElements' exists.
app/(marketing)/v2/page.tsx(325,13): error TS7026: JSX element implicitly has type 'any' because no interface 'JSX.IntrinsicElements' exists.
app/(marketing)/v2/page.tsx(327,9): error TS7026: JSX element implicitly has type 'any' because no interface 'JSX.IntrinsicElements' exists.
app/(marketing)/v2/page.tsx(328,7): error TS7026: JSX element implicitly has type 'any' because no interface 'JSX.IntrinsicElements' exists.
app/(marketing)/v2/page.tsx(329,5): error TS7026: JSX element implicitly has type 'any' because no interface 'JSX.IntrinsicElements' exists.
app/(marketing)/v2/page.tsx(416,5): error TS7026: JSX element implicitly has type 'any' because no interface 'JSX.IntrinsicElements' exists.
app/(marketing)/v2/page.tsx(417,7): error TS7026: JSX element implicitly has type 'any' because no interface 'JSX.IntrinsicElements' exists.
app/(marketing)/v2/page.tsx(419,9): error TS7026: JSX element implicitly has type 'any' because no interface 'JSX.IntrinsicElements' exists.
app/(marketing)/v2/page.tsx(420,11): error TS7026: JSX element implicitly has type 'any' because no interface 'JSX.IntrinsicElements' exists.
app/(marketing)/v2/page.tsx(422,11): error TS7026: JSX element implicitly has type 'any' because no interface 'JSX.IntrinsicElements' exists.
app/(marketing)/v2/page.tsx(423,11): error TS7026: JSX element implicitly has type 'any' because no interface 'JSX.IntrinsicElements' exists.
app/(marketing)/v2/page.tsx(425,11): error TS7026: JSX element implicitly has type 'any' because no interface 'JSX.IntrinsicElements' exists.
app/(marketing)/v2/page.tsx(426,11): error TS7026: JSX element implicitly has type 'any' because no interface 'JSX.IntrinsicElements' exists.
app/(marketing)/v2/page.tsx(429,11): error TS7026: JSX element implicitly has type 'any' because no interface 'JSX.IntrinsicElements' exists.
app/(marketing)/v2/page.tsx(430,9): error TS7026: JSX element implicitly has type 'any' because no interface 'JSX.IntrinsicElements' exists.
app/(marketing)/v2/page.tsx(433,9): error TS7026: JSX element implicitly has type 'any' because no interface 'JSX.IntrinsicElements' exists.
app/(marketing)/v2/page.tsx(437,15): error TS7026: JSX element implicitly has type 'any' because no interface 'JSX.IntrinsicElements' exists.
app/(marketing)/v2/page.tsx(445,17): error TS7026: JSX element implicitly has type 'any' because no interface 'JSX.IntrinsicElements' exists.
app/(marketing)/v2/page.tsx(455,17): error TS7026: JSX element implicitly has type 'any' because no interface 'JSX.IntrinsicElements' exists.
app/(marketing)/v2/page.tsx(456,17): error TS7026: JSX element implicitly has type 'any' because no interface 'JSX.IntrinsicElements' exists.
app/(marketing)/v2/page.tsx(458,17): error TS7026: JSX element implicitly has type 'any' because no interface 'JSX.IntrinsicElements' exists.
app/(marketing)/v2/page.tsx(459,17): error TS7026: JSX element implicitly has type 'any' because no interface 'JSX.IntrinsicElements' exists.
app/(marketing)/v2/page.tsx(461,17): error TS7026: JSX element implicitly has type 'any' because no interface 'JSX.IntrinsicElements' exists.
app/(marketing)/v2/page.tsx(462,15): error TS7026: JSX element implicitly has type 'any' because no interface 'JSX.IntrinsicElements' exists.
app/(marketing)/v2/page.tsx(465,9): error TS7026: JSX element implicitly has type 'any' because no interface 'JSX.IntrinsicElements' exists.
app/(marketing)/v2/page.tsx(466,7): error TS7026: JSX element implicitly has type 'any' because no interface 'JSX.IntrinsicElements' exists.
app/(marketing)/v2/page.tsx(467,5): error TS7026: JSX element implicitly has type 'any' because no interface 'JSX.IntrinsicElements' exists.
app/(marketing)/v2/page.tsx(507,5): error TS7026: JSX element implicitly has type 'any' because no interface 'JSX.IntrinsicElements' exists.
app/(marketing)/v2/page.tsx(511,7): error TS7026: JSX element implicitly has type 'any' because no interface 'JSX.IntrinsicElements' exists.
app/(marketing)/v2/page.tsx(513,9): error TS7026: JSX element implicitly has type 'any' because no interface 'JSX.IntrinsicElements' exists.
app/(marketing)/v2/page.tsx(514,11): error TS7026: JSX element implicitly has type 'any' because no interface 'JSX.IntrinsicElements' exists.
app/(marketing)/v2/page.tsx(516,11): error TS7026: JSX element implicitly has type 'any' because no interface 'JSX.IntrinsicElements' exists.
app/(marketing)/v2/page.tsx(517,11): error TS7026: JSX element implicitly has type 'any' because no interface 'JSX.IntrinsicElements' exists.
app/(marketing)/v2/page.tsx(519,11): error TS7026: JSX element implicitly has type 'any' because no interface 'JSX.IntrinsicElements' exists.
app/(marketing)/v2/page.tsx(520,11): error TS7026: JSX element implicitly has type 'any' because no interface 'JSX.IntrinsicElements' exists.
app/(marketing)/v2/page.tsx(522,11): error TS7026: JSX element implicitly has type 'any' because no interface 'JSX.IntrinsicElements' exists.
app/(marketing)/v2/page.tsx(523,9): error TS7026: JSX element implicitly has type 'any' because no interface 'JSX.IntrinsicElements' exists.
app/(marketing)/v2/page.tsx(526,9): error TS7026: JSX element implicitly has type 'any' because no interface 'JSX.IntrinsicElements' exists.
app/(marketing)/v2/page.tsx(528,13): error TS7026: JSX element implicitly has type 'any' because no interface 'JSX.IntrinsicElements' exists.
app/(marketing)/v2/page.tsx(531,17): error TS7026: JSX element implicitly has type 'any' because no interface 'JSX.IntrinsicElements' exists.
app/(marketing)/v2/page.tsx(534,15): error TS7026: JSX element implicitly has type 'any' because no interface 'JSX.IntrinsicElements' exists.
app/(marketing)/v2/page.tsx(536,17): error TS7026: JSX element implicitly has type 'any' because no interface 'JSX.IntrinsicElements' exists.
app/(marketing)/v2/page.tsx(537,19): error TS7026: JSX element implicitly has type 'any' because no interface 'JSX.IntrinsicElements' exists.
app/(marketing)/v2/page.tsx(539,19): error TS7026: JSX element implicitly has type 'any' because no interface 'JSX.IntrinsicElements' exists.
app/(marketing)/v2/page.tsx(540,17): error TS7026: JSX element implicitly has type 'any' because no interface 'JSX.IntrinsicElements' exists.
app/(marketing)/v2/page.tsx(543,17): error TS7026: JSX element implicitly has type 'any' because no interface 'JSX.IntrinsicElements' exists.
app/(marketing)/v2/page.tsx(548,17): error TS7026: JSX element implicitly has type 'any' because no interface 'JSX.IntrinsicElements' exists.
app/(marketing)/v2/page.tsx(550,17): error TS7026: JSX element implicitly has type 'any' because no interface 'JSX.IntrinsicElements' exists.
app/(marketing)/v2/page.tsx(552,17): error TS7026: JSX element implicitly has type 'any' because no interface 'JSX.IntrinsicElements' exists.
app/(marketing)/v2/page.tsx(553,17): error TS7026: JSX element implicitly has type 'any' because no interface 'JSX.IntrinsicElements' exists.
app/(marketing)/v2/page.tsx(555,17): error TS7026: JSX element implicitly has type 'any' because no interface 'JSX.IntrinsicElements' exists.
app/(marketing)/v2/page.tsx(556,15): error TS7026: JSX element implicitly has type 'any' because no interface 'JSX.IntrinsicElements' exists.
app/(marketing)/v2/page.tsx(557,13): error TS7026: JSX element implicitly has type 'any' because no interface 'JSX.IntrinsicElements' exists.
app/(marketing)/v2/page.tsx(559,9): error TS7026: JSX element implicitly has type 'any' because no interface 'JSX.IntrinsicElements' exists.
app/(marketing)/v2/page.tsx(560,7): error TS7026: JSX element implicitly has type 'any' because no interface 'JSX.IntrinsicElements' exists.
app/(marketing)/v2/page.tsx(561,5): error TS7026: JSX element implicitly has type 'any' because no interface 'JSX.IntrinsicElements' exists.
app/(marketing)/v2/page.tsx(599,5): error TS7026: JSX element implicitly has type 'any' because no interface 'JSX.IntrinsicElements' exists.
app/(marketing)/v2/page.tsx(600,7): error TS7026: JSX element implicitly has type 'any' because no interface 'JSX.IntrinsicElements' exists.
app/(marketing)/v2/page.tsx(601,9): error TS7026: JSX element implicitly has type 'any' because no interface 'JSX.IntrinsicElements' exists.
app/(marketing)/v2/page.tsx(603,11): error TS7026: JSX element implicitly has type 'any' because no interface 'JSX.IntrinsicElements' exists.
app/(marketing)/v2/page.tsx(604,13): error TS7026: JSX element implicitly has type 'any' because no interface 'JSX.IntrinsicElements' exists.
app/(marketing)/v2/page.tsx(606,13): error TS7026: JSX element implicitly has type 'any' because no interface 'JSX.IntrinsicElements' exists.
app/(marketing)/v2/page.tsx(607,13): error TS7026: JSX element implicitly has type 'any' because no interface 'JSX.IntrinsicElements' exists.
app/(marketing)/v2/page.tsx(609,13): error TS7026: JSX element implicitly has type 'any' because no interface 'JSX.IntrinsicElements' exists.
app/(marketing)/v2/page.tsx(610,13): error TS7026: JSX element implicitly has type 'any' because no interface 'JSX.IntrinsicElements' exists.
app/(marketing)/v2/page.tsx(613,13): error TS7026: JSX element implicitly has type 'any' because no interface 'JSX.IntrinsicElements' exists.
app/(marketing)/v2/page.tsx(615,13): error TS7026: JSX element implicitly has type 'any' because no interface 'JSX.IntrinsicElements' exists.
app/(marketing)/v2/page.tsx(621,17): error TS7026: JSX element implicitly has type 'any' because no interface 'JSX.IntrinsicElements' exists.
app/(marketing)/v2/page.tsx(622,19): error TS7026: JSX element implicitly has type 'any' because no interface 'JSX.IntrinsicElements' exists.
app/(marketing)/v2/page.tsx(627,19): error TS7026: JSX element implicitly has type 'any' because no interface 'JSX.IntrinsicElements' exists.
app/(marketing)/v2/page.tsx(628,19): error TS7026: JSX element implicitly has type 'any' because no interface 'JSX.IntrinsicElements' exists.
app/(marketing)/v2/page.tsx(630,19): error TS7026: JSX element implicitly has type 'any' because no interface 'JSX.IntrinsicElements' exists.
app/(marketing)/v2/page.tsx(631,17): error TS7026: JSX element implicitly has type 'any' because no interface 'JSX.IntrinsicElements' exists.
app/(marketing)/v2/page.tsx(633,13): error TS7026: JSX element implicitly has type 'any' because no interface 'JSX.IntrinsicElements' exists.
app/(marketing)/v2/page.tsx(635,13): error TS7026: JSX element implicitly has type 'any' because no interface 'JSX.IntrinsicElements' exists.
app/(marketing)/v2/page.tsx(642,13): error TS7026: JSX element implicitly has type 'any' because no interface 'JSX.IntrinsicElements' exists.
app/(marketing)/v2/page.tsx(643,11): error TS7026: JSX element implicitly has type 'any' because no interface 'JSX.IntrinsicElements' exists.
app/(marketing)/v2/page.tsx(646,11): error TS7026: JSX element implicitly has type 'any' because no interface 'JSX.IntrinsicElements' exists.
app/(marketing)/v2/page.tsx(647,13): error TS7026: JSX element implicitly has type 'any' because no interface 'JSX.IntrinsicElements' exists.
app/(marketing)/v2/page.tsx(648,15): error TS7026: JSX element implicitly has type 'any' because no interface 'JSX.IntrinsicElements' exists.
app/(marketing)/v2/page.tsx(650,15): error TS7026: JSX element implicitly has type 'any' because no interface 'JSX.IntrinsicElements' exists.
app/(marketing)/v2/page.tsx(651,15): error TS7026: JSX element implicitly has type 'any' because no interface 'JSX.IntrinsicElements' exists.
app/(marketing)/v2/page.tsx(652,17): error TS7026: JSX element implicitly has type 'any' because no interface 'JSX.IntrinsicElements' exists.
app/(marketing)/v2/page.tsx(653,17): error TS7026: JSX element implicitly has type 'any' because no interface 'JSX.IntrinsicElements' exists.
app/(marketing)/v2/page.tsx(653,71): error TS7026: JSX element implicitly has type 'any' because no interface 'JSX.IntrinsicElements' exists.
app/(marketing)/v2/page.tsx(654,15): error TS7026: JSX element implicitly has type 'any' because no interface 'JSX.IntrinsicElements' exists.
app/(marketing)/v2/page.tsx(655,13): error TS7026: JSX element implicitly has type 'any' because no interface 'JSX.IntrinsicElements' exists.
app/(marketing)/v2/page.tsx(658,13): error TS7026: JSX element implicitly has type 'any' because no interface 'JSX.IntrinsicElements' exists.
app/(marketing)/v2/page.tsx(662,19): error TS7026: JSX element implicitly has type 'any' because no interface 'JSX.IntrinsicElements' exists.
app/(marketing)/v2/page.tsx(663,21): error TS7026: JSX element implicitly has type 'any' because no interface 'JSX.IntrinsicElements' exists.
app/(marketing)/v2/page.tsx(664,23): error TS7026: JSX element implicitly has type 'any' because no interface 'JSX.IntrinsicElements' exists.
app/(marketing)/v2/page.tsx(666,23): error TS7026: JSX element implicitly has type 'any' because no interface 'JSX.IntrinsicElements' exists.
app/(marketing)/v2/page.tsx(667,23): error TS7026: JSX element implicitly has type 'any' because no interface 'JSX.IntrinsicElements' exists.
app/(marketing)/v2/page.tsx(674,23): error TS7026: JSX element implicitly has type 'any' because no interface 'JSX.IntrinsicElements' exists.
app/(marketing)/v2/page.tsx(675,21): error TS7026: JSX element implicitly has type 'any' because no interface 'JSX.IntrinsicElements' exists.
app/(marketing)/v2/page.tsx(676,21): error TS7026: JSX element implicitly has type 'any' because no interface 'JSX.IntrinsicElements' exists.
app/(marketing)/v2/page.tsx(677,23): error TS7026: JSX element implicitly has type 'any' because no interface 'JSX.IntrinsicElements' exists.
app/(marketing)/v2/page.tsx(684,21): error TS7026: JSX element implicitly has type 'any' because no interface 'JSX.IntrinsicElements' exists.
app/(marketing)/v2/page.tsx(685,19): error TS7026: JSX element implicitly has type 'any' because no interface 'JSX.IntrinsicElements' exists.
app/(marketing)/v2/page.tsx(688,13): error TS7026: JSX element implicitly has type 'any' because no interface 'JSX.IntrinsicElements' exists.
app/(marketing)/v2/page.tsx(691,13): error TS7026: JSX element implicitly has type 'any' because no interface 'JSX.IntrinsicElements' exists.
app/(marketing)/v2/page.tsx(692,15): error TS7026: JSX element implicitly has type 'any' because no interface 'JSX.IntrinsicElements' exists.
app/(marketing)/v2/page.tsx(693,17): error TS7026: JSX element implicitly has type 'any' because no interface 'JSX.IntrinsicElements' exists.
app/(marketing)/v2/page.tsx(695,17): error TS7026: JSX element implicitly has type 'any' because no interface 'JSX.IntrinsicElements' exists.
app/(marketing)/v2/page.tsx(696,17): error TS7026: JSX element implicitly has type 'any' because no interface 'JSX.IntrinsicElements' exists.
app/(marketing)/v2/page.tsx(698,17): error TS7026: JSX element implicitly has type 'any' because no interface 'JSX.IntrinsicElements' exists.
app/(marketing)/v2/page.tsx(699,15): error TS7026: JSX element implicitly has type 'any' because no interface 'JSX.IntrinsicElements' exists.
app/(marketing)/v2/page.tsx(700,15): error TS7026: JSX element implicitly has type 'any' because no interface 'JSX.IntrinsicElements' exists.
app/(marketing)/v2/page.tsx(701,17): error TS7026: JSX element implicitly has type 'any' because no interface 'JSX.IntrinsicElements' exists.
app/(marketing)/v2/page.tsx(703,17): error TS7026: JSX element implicitly has type 'any' because no interface 'JSX.IntrinsicElements' exists.
app/(marketing)/v2/page.tsx(704,17): error TS7026: JSX element implicitly has type 'any' because no interface 'JSX.IntrinsicElements' exists.
app/(marketing)/v2/page.tsx(706,17): error TS7026: JSX element implicitly has type 'any' because no interface 'JSX.IntrinsicElements' exists.
app/(marketing)/v2/page.tsx(707,15): error TS7026: JSX element implicitly has type 'any' because no interface 'JSX.IntrinsicElements' exists.
app/(marketing)/v2/page.tsx(708,15): error TS7026: JSX element implicitly has type 'any' because no interface 'JSX.IntrinsicElements' exists.
app/(marketing)/v2/page.tsx(709,17): error TS7026: JSX element implicitly has type 'any' because no interface 'JSX.IntrinsicElements' exists.
app/(marketing)/v2/page.tsx(711,17): error TS7026: JSX element implicitly has type 'any' because no interface 'JSX.IntrinsicElements' exists.
app/(marketing)/v2/page.tsx(712,17): error TS7026: JSX element implicitly has type 'any' because no interface 'JSX.IntrinsicElements' exists.
app/(marketing)/v2/page.tsx(714,17): error TS7026: JSX element implicitly has type 'any' because no interface 'JSX.IntrinsicElements' exists.
app/(marketing)/v2/page.tsx(715,15): error TS7026: JSX element implicitly has type 'any' because no interface 'JSX.IntrinsicElements' exists.
app/(marketing)/v2/page.tsx(716,13): error TS7026: JSX element implicitly has type 'any' because no interface 'JSX.IntrinsicElements' exists.
app/(marketing)/v2/page.tsx(717,11): error TS7026: JSX element implicitly has type 'any' because no interface 'JSX.IntrinsicElements' exists.
app/(marketing)/v2/page.tsx(718,9): error TS7026: JSX element implicitly has type 'any' because no interface 'JSX.IntrinsicElements' exists.
app/(marketing)/v2/page.tsx(719,7): error TS7026: JSX element implicitly has type 'any' because no interface 'JSX.IntrinsicElements' exists.
app/(marketing)/v2/page.tsx(720,5): error TS7026: JSX element implicitly has type 'any' because no interface 'JSX.IntrinsicElements' exists.
app/(marketing)/v2/page.tsx(779,5): error TS7026: JSX element implicitly has type 'any' because no interface 'JSX.IntrinsicElements' exists.
app/(marketing)/v2/page.tsx(783,7): error TS7026: JSX element implicitly has type 'any' because no interface 'JSX.IntrinsicElements' exists.
app/(marketing)/v2/page.tsx(785,9): error TS7026: JSX element implicitly has type 'any' because no interface 'JSX.IntrinsicElements' exists.
app/(marketing)/v2/page.tsx(786,11): error TS7026: JSX element implicitly has type 'any' because no interface 'JSX.IntrinsicElements' exists.
app/(marketing)/v2/page.tsx(788,11): error TS7026: JSX element implicitly has type 'any' because no interface 'JSX.IntrinsicElements' exists.
app/(marketing)/v2/page.tsx(789,11): error TS7026: JSX element implicitly has type 'any' because no interface 'JSX.IntrinsicElements' exists.
app/(marketing)/v2/page.tsx(791,11): error TS7026: JSX element implicitly has type 'any' because no interface 'JSX.IntrinsicElements' exists.
app/(marketing)/v2/page.tsx(792,11): error TS7026: JSX element implicitly has type 'any' because no interface 'JSX.IntrinsicElements' exists.
app/(marketing)/v2/page.tsx(794,11): error TS7026: JSX element implicitly has type 'any' because no interface 'JSX.IntrinsicElements' exists.
app/(marketing)/v2/page.tsx(795,9): error TS7026: JSX element implicitly has type 'any' because no interface 'JSX.IntrinsicElements' exists.
app/(marketing)/v2/page.tsx(798,9): error TS7026: JSX element implicitly has type 'any' because no interface 'JSX.IntrinsicElements' exists.
app/(marketing)/v2/page.tsx(800,13): error TS7026: JSX element implicitly has type 'any' because no interface 'JSX.IntrinsicElements' exists.
app/(marketing)/v2/page.tsx(810,17): error TS7026: JSX element implicitly has type 'any' because no interface 'JSX.IntrinsicElements' exists.
app/(marketing)/v2/page.tsx(811,19): error TS7026: JSX element implicitly has type 'any' because no interface 'JSX.IntrinsicElements' exists.
app/(marketing)/v2/page.tsx(813,19): error TS7026: JSX element implicitly has type 'any' because no interface 'JSX.IntrinsicElements' exists.
app/(marketing)/v2/page.tsx(814,17): error TS7026: JSX element implicitly has type 'any' because no interface 'JSX.IntrinsicElements' exists.
app/(marketing)/v2/page.tsx(817,15): error TS7026: JSX element implicitly has type 'any' because no interface 'JSX.IntrinsicElements' exists.
app/(marketing)/v2/page.tsx(818,17): error TS7026: JSX element implicitly has type 'any' because no interface 'JSX.IntrinsicElements' exists.
app/(marketing)/v2/page.tsx(820,17): error TS7026: JSX element implicitly has type 'any' because no interface 'JSX.IntrinsicElements' exists.
app/(marketing)/v2/page.tsx(821,17): error TS7026: JSX element implicitly has type 'any' because no interface 'JSX.IntrinsicElements' exists.
app/(marketing)/v2/page.tsx(822,19): error TS7026: JSX element implicitly has type 'any' because no interface 'JSX.IntrinsicElements' exists.
app/(marketing)/v2/page.tsx(824,19): error TS7026: JSX element implicitly has type 'any' because no interface 'JSX.IntrinsicElements' exists.
app/(marketing)/v2/page.tsx(826,21): error TS7026: JSX element implicitly has type 'any' because no interface 'JSX.IntrinsicElements' exists.
app/(marketing)/v2/page.tsx(828,21): error TS7026: JSX element implicitly has type 'any' because no interface 'JSX.IntrinsicElements' exists.
app/(marketing)/v2/page.tsx(830,17): error TS7026: JSX element implicitly has type 'any' because no interface 'JSX.IntrinsicElements' exists.
app/(marketing)/v2/page.tsx(831,17): error TS7026: JSX element implicitly has type 'any' because no interface 'JSX.IntrinsicElements' exists.
app/(marketing)/v2/page.tsx(833,17): error TS7026: JSX element implicitly has type 'any' because no interface 'JSX.IntrinsicElements' exists.
app/(marketing)/v2/page.tsx(834,15): error TS7026: JSX element implicitly has type 'any' because no interface 'JSX.IntrinsicElements' exists.
app/(marketing)/v2/page.tsx(836,15): error TS7026: JSX element implicitly has type 'any' because no interface 'JSX.IntrinsicElements' exists.
app/(marketing)/v2/page.tsx(838,19): error TS7026: JSX element implicitly has type 'any' because no interface 'JSX.IntrinsicElements' exists.
app/(marketing)/v2/page.tsx(839,21): error TS7026: JSX element implicitly has type 'any' because no interface 'JSX.IntrinsicElements' exists.
app/(marketing)/v2/page.tsx(844,21): error TS7026: JSX element implicitly has type 'any' because no interface 'JSX.IntrinsicElements' exists.
app/(marketing)/v2/page.tsx(845,21): error TS7026: JSX element implicitly has type 'any' because no interface 'JSX.IntrinsicElements' exists.
app/(marketing)/v2/page.tsx(847,21): error TS7026: JSX element implicitly has type 'any' because no interface 'JSX.IntrinsicElements' exists.
app/(marketing)/v2/page.tsx(848,19): error TS7026: JSX element implicitly has type 'any' because no interface 'JSX.IntrinsicElements' exists.
app/(marketing)/v2/page.tsx(851,19): error TS7026: JSX element implicitly has type 'any' because no interface 'JSX.IntrinsicElements' exists.
app/(marketing)/v2/page.tsx(855,21): error TS7026: JSX element implicitly has type 'any' because no interface 'JSX.IntrinsicElements' exists.
app/(marketing)/v2/page.tsx(857,21): error TS7026: JSX element implicitly has type 'any' because no interface 'JSX.IntrinsicElements' exists.
app/(marketing)/v2/page.tsx(858,21): error TS7026: JSX element implicitly has type 'any' because no interface 'JSX.IntrinsicElements' exists.
app/(marketing)/v2/page.tsx(860,21): error TS7026: JSX element implicitly has type 'any' because no interface 'JSX.IntrinsicElements' exists.
app/(marketing)/v2/page.tsx(861,19): error TS7026: JSX element implicitly has type 'any' because no interface 'JSX.IntrinsicElements' exists.
app/(marketing)/v2/page.tsx(863,15): error TS7026: JSX element implicitly has type 'any' because no interface 'JSX.IntrinsicElements' exists.
app/(marketing)/v2/page.tsx(865,15): error TS7026: JSX element implicitly has type 'any' because no interface 'JSX.IntrinsicElements' exists.
app/(marketing)/v2/page.tsx(880,15): error TS7026: JSX element implicitly has type 'any' because no interface 'JSX.IntrinsicElements' exists.
app/(marketing)/v2/page.tsx(881,13): error TS7026: JSX element implicitly has type 'any' because no interface 'JSX.IntrinsicElements' exists.
app/(marketing)/v2/page.tsx(883,9): error TS7026: JSX element implicitly has type 'any' because no interface 'JSX.IntrinsicElements' exists.
app/(marketing)/v2/page.tsx(885,9): error TS7026: JSX element implicitly has type 'any' because no interface 'JSX.IntrinsicElements' exists.
app/(marketing)/v2/page.tsx(887,9): error TS7026: JSX element implicitly has type 'any' because no interface 'JSX.IntrinsicElements' exists.
app/(marketing)/v2/page.tsx(888,7): error TS7026: JSX element implicitly has type 'any' because no interface 'JSX.IntrinsicElements' exists.
app/(marketing)/v2/page.tsx(889,5): error TS7026: JSX element implicitly has type 'any' because no interface 'JSX.IntrinsicElements' exists.
app/(marketing)/v2/page.tsx(922,5): error TS7026: JSX element implicitly has type 'any' because no interface 'JSX.IntrinsicElements' exists.
app/(marketing)/v2/page.tsx(923,7): error TS7026: JSX element implicitly has type 'any' because no interface 'JSX.IntrinsicElements' exists.
app/(marketing)/v2/page.tsx(925,9): error TS7026: JSX element implicitly has type 'any' because no interface 'JSX.IntrinsicElements' exists.
app/(marketing)/v2/page.tsx(926,11): error TS7026: JSX element implicitly has type 'any' because no interface 'JSX.IntrinsicElements' exists.
app/(marketing)/v2/page.tsx(928,11): error TS7026: JSX element implicitly has type 'any' because no interface 'JSX.IntrinsicElements' exists.
app/(marketing)/v2/page.tsx(929,11): error TS7026: JSX element implicitly has type 'any' because no interface 'JSX.IntrinsicElements' exists.
app/(marketing)/v2/page.tsx(931,11): error TS7026: JSX element implicitly has type 'any' because no interface 'JSX.IntrinsicElements' exists.
app/(marketing)/v2/page.tsx(932,11): error TS7026: JSX element implicitly has type 'any' because no interface 'JSX.IntrinsicElements' exists.
app/(marketing)/v2/page.tsx(934,11): error TS7026: JSX element implicitly has type 'any' because no interface 'JSX.IntrinsicElements' exists.
app/(marketing)/v2/page.tsx(935,9): error TS7026: JSX element implicitly has type 'any' because no interface 'JSX.IntrinsicElements' exists.
app/(marketing)/v2/page.tsx(938,9): error TS7026: JSX element implicitly has type 'any' because no interface 'JSX.IntrinsicElements' exists.
app/(marketing)/v2/page.tsx(940,13): error TS7026: JSX element implicitly has type 'any' because no interface 'JSX.IntrinsicElements' exists.
app/(marketing)/v2/page.tsx(945,15): error TS7026: JSX element implicitly has type 'any' because no interface 'JSX.IntrinsicElements' exists.
app/(marketing)/v2/page.tsx(953,15): error TS7026: JSX element implicitly has type 'any' because no interface 'JSX.IntrinsicElements' exists.
app/(marketing)/v2/page.tsx(955,15): error TS7026: JSX element implicitly has type 'any' because no interface 'JSX.IntrinsicElements' exists.
app/(marketing)/v2/page.tsx(957,15): error TS7026: JSX element implicitly has type 'any' because no interface 'JSX.IntrinsicElements' exists.
app/(marketing)/v2/page.tsx(959,15): error TS7026: JSX element implicitly has type 'any' because no interface 'JSX.IntrinsicElements' exists.
app/(marketing)/v2/page.tsx(960,17): error TS7026: JSX element implicitly has type 'any' because no interface 'JSX.IntrinsicElements' exists.
app/(marketing)/v2/page.tsx(965,17): error TS7026: JSX element implicitly has type 'any' because no interface 'JSX.IntrinsicElements' exists.
app/(marketing)/v2/page.tsx(966,17): error TS7026: JSX element implicitly has type 'any' because no interface 'JSX.IntrinsicElements' exists.
app/(marketing)/v2/page.tsx(967,19): error TS7026: JSX element implicitly has type 'any' because no interface 'JSX.IntrinsicElements' exists.
app/(marketing)/v2/page.tsx(969,19): error TS7026: JSX element implicitly has type 'any' because no interface 'JSX.IntrinsicElements' exists.
app/(marketing)/v2/page.tsx(970,19): error TS7026: JSX element implicitly has type 'any' because no interface 'JSX.IntrinsicElements' exists.
app/(marketing)/v2/page.tsx(972,19): error TS7026: JSX element implicitly has type 'any' because no interface 'JSX.IntrinsicElements' exists.
app/(marketing)/v2/page.tsx(973,17): error TS7026: JSX element implicitly has type 'any' because no interface 'JSX.IntrinsicElements' exists.
app/(marketing)/v2/page.tsx(974,15): error TS7026: JSX element implicitly has type 'any' because no interface 'JSX.IntrinsicElements' exists.
app/(marketing)/v2/page.tsx(975,13): error TS7026: JSX element implicitly has type 'any' because no interface 'JSX.IntrinsicElements' exists.
app/(marketing)/v2/page.tsx(977,9): error TS7026: JSX element implicitly has type 'any' because no interface 'JSX.IntrinsicElements' exists.
app/(marketing)/v2/page.tsx(978,7): error TS7026: JSX element implicitly has type 'any' because no interface 'JSX.IntrinsicElements' exists.
app/(marketing)/v2/page.tsx(979,5): error TS7026: JSX element implicitly has type 'any' because no interface 'JSX.IntrinsicElements' exists.
app/(marketing)/v2/page.tsx(988,5): error TS7026: JSX element implicitly has type 'any' because no interface 'JSX.IntrinsicElements' exists.
app/(marketing)/v2/page.tsx(989,7): error TS7026: JSX element implicitly has type 'any' because no interface 'JSX.IntrinsicElements' exists.
app/(marketing)/v2/page.tsx(990,9): error TS7026: JSX element implicitly has type 'any' because no interface 'JSX.IntrinsicElements' exists.
app/(marketing)/v2/page.tsx(991,11): error TS7026: JSX element implicitly has type 'any' because no interface 'JSX.IntrinsicElements' exists.
app/(marketing)/v2/page.tsx(993,11): error TS7026: JSX element implicitly has type 'any' because no interface 'JSX.IntrinsicElements' exists.
app/(marketing)/v2/page.tsx(994,11): error TS7026: JSX element implicitly has type 'any' because no interface 'JSX.IntrinsicElements' exists.
app/(marketing)/v2/page.tsx(996,11): error TS7026: JSX element implicitly has type 'any' because no interface 'JSX.IntrinsicElements' exists.
app/(marketing)/v2/page.tsx(997,11): error TS7026: JSX element implicitly has type 'any' because no interface 'JSX.IntrinsicElements' exists.
app/(marketing)/v2/page.tsx(1016,11): error TS7026: JSX element implicitly has type 'any' because no interface 'JSX.IntrinsicElements' exists.
app/(marketing)/v2/page.tsx(1017,11): error TS7026: JSX element implicitly has type 'any' because no interface 'JSX.IntrinsicElements' exists.
app/(marketing)/v2/page.tsx(1019,11): error TS7026: JSX element implicitly has type 'any' because no interface 'JSX.IntrinsicElements' exists.
app/(marketing)/v2/page.tsx(1020,9): error TS7026: JSX element implicitly has type 'any' because no interface 'JSX.IntrinsicElements' exists.
app/(marketing)/v2/page.tsx(1021,7): error TS7026: JSX element implicitly has type 'any' because no interface 'JSX.IntrinsicElements' exists.
app/(marketing)/v2/page.tsx(1022,5): error TS7026: JSX element implicitly has type 'any' because no interface 'JSX.IntrinsicElements' exists.
app/(marketing)/v2/page.tsx(1053,5): error TS7026: JSX element implicitly has type 'any' because no interface 'JSX.IntrinsicElements' exists.
app/(marketing)/v2/page.tsx(1054,7): error TS7026: JSX element implicitly has type 'any' because no interface 'JSX.IntrinsicElements' exists.
app/(marketing)/v2/page.tsx(1055,9): error TS7026: JSX element implicitly has type 'any' because no interface 'JSX.IntrinsicElements' exists.
app/(marketing)/v2/page.tsx(1057,11): error TS7026: JSX element implicitly has type 'any' because no interface 'JSX.IntrinsicElements' exists.
app/(marketing)/v2/page.tsx(1059,13): error TS7026: JSX element implicitly has type 'any' because no interface 'JSX.IntrinsicElements' exists.
app/(marketing)/v2/page.tsx(1061,13): error TS7026: JSX element implicitly has type 'any' because no interface 'JSX.IntrinsicElements' exists.
app/(marketing)/v2/page.tsx(1062,13): error TS7026: JSX element implicitly has type 'any' because no interface 'JSX.IntrinsicElements' exists.
app/(marketing)/v2/page.tsx(1068,17): error TS7026: JSX element implicitly has type 'any' because no interface 'JSX.IntrinsicElements' exists.
app/(marketing)/v2/page.tsx(1075,17): error TS7026: JSX element implicitly has type 'any' because no interface 'JSX.IntrinsicElements' exists.
app/(marketing)/v2/page.tsx(1077,13): error TS7026: JSX element implicitly has type 'any' because no interface 'JSX.IntrinsicElements' exists.
app/(marketing)/v2/page.tsx(1078,11): error TS7026: JSX element implicitly has type 'any' because no interface 'JSX.IntrinsicElements' exists.
app/(marketing)/v2/page.tsx(1082,13): error TS7026: JSX element implicitly has type 'any' because no interface 'JSX.IntrinsicElements' exists.
app/(marketing)/v2/page.tsx(1083,15): error TS7026: JSX element implicitly has type 'any' because no interface 'JSX.IntrinsicElements' exists.
app/(marketing)/v2/page.tsx(1085,15): error TS7026: JSX element implicitly has type 'any' because no interface 'JSX.IntrinsicElements' exists.
app/(marketing)/v2/page.tsx(1086,15): error TS7026: JSX element implicitly has type 'any' because no interface 'JSX.IntrinsicElements' exists.
app/(marketing)/v2/page.tsx(1088,19): error TS7026: JSX element implicitly has type 'any' because no interface 'JSX.IntrinsicElements' exists.
app/(marketing)/v2/page.tsx(1095,19): error TS7026: JSX element implicitly has type 'any' because no interface 'JSX.IntrinsicElements' exists.
app/(marketing)/v2/page.tsx(1097,15): error TS7026: JSX element implicitly has type 'any' because no interface 'JSX.IntrinsicElements' exists.
app/(marketing)/v2/page.tsx(1098,13): error TS7026: JSX element implicitly has type 'any' because no interface 'JSX.IntrinsicElements' exists.
app/(marketing)/v2/page.tsx(1100,9): error TS7026: JSX element implicitly has type 'any' because no interface 'JSX.IntrinsicElements' exists.
app/(marketing)/v2/page.tsx(1102,9): error TS7026: JSX element implicitly has type 'any' because no interface 'JSX.IntrinsicElements' exists.
app/(marketing)/v2/page.tsx(1103,11): error TS7026: JSX element implicitly has type 'any' because no interface 'JSX.IntrinsicElements' exists.
app/(marketing)/v2/page.tsx(1105,11): error TS7026: JSX element implicitly has type 'any' because no interface 'JSX.IntrinsicElements' exists.
app/(marketing)/v2/page.tsx(1106,11): error TS7026: JSX element implicitly has type 'any' because no interface 'JSX.IntrinsicElements' exists.
app/(marketing)/v2/page.tsx(1119,11): error TS7026: JSX element implicitly has type 'any' because no interface 'JSX.IntrinsicElements' exists.
app/(marketing)/v2/page.tsx(1120,9): error TS7026: JSX element implicitly has type 'any' because no interface 'JSX.IntrinsicElements' exists.
app/(marketing)/v2/page.tsx(1121,7): error TS7026: JSX element implicitly has type 'any' because no interface 'JSX.IntrinsicElements' exists.
app/(marketing)/v2/page.tsx(1122,5): error TS7026: JSX element implicitly has type 'any' because no interface 'JSX.IntrinsicElements' exists.
app/(marketing)/v2/page.tsx(1131,5): error TS7026: JSX element implicitly has type 'any' because no interface 'JSX.IntrinsicElements' exists.
app/(marketing)/v2/page.tsx(1131,5): error TS2875: This JSX tag requires the module path 'react/jsx-runtime' to exist, but none could be found. Make sure you have types for the appropriate package installed.
app/(marketing)/v2/page.tsx(1142,5): error TS7026: JSX element implicitly has type 'any' because no interface 'JSX.IntrinsicElements' exists.
app/(onboarding)/layout.tsx(1,18): error TS2307: Cannot find module 'next/link' or its corresponding type declarations.
app/(onboarding)/layout.tsx(11,13): error TS2503: Cannot find namespace 'React'.
app/(onboarding)/layout.tsx(14,5): error TS7026: JSX element implicitly has type 'any' because no interface 'JSX.IntrinsicElements' exists.
app/(onboarding)/layout.tsx(14,5): error TS2875: This JSX tag requires the module path 'react/jsx-runtime' to exist, but none could be found. Make sure you have types for the appropriate package installed.
app/(onboarding)/layout.tsx(16,7): error TS7026: JSX element implicitly has type 'any' because no interface 'JSX.IntrinsicElements' exists.
app/(onboarding)/layout.tsx(21,7): error TS7026: JSX element implicitly has type 'any' because no interface 'JSX.IntrinsicElements' exists.
app/(onboarding)/layout.tsx(24,7): error TS7026: JSX element implicitly has type 'any' because no interface 'JSX.IntrinsicElements' exists.
app/(onboarding)/layout.tsx(26,7): error TS7026: JSX element implicitly has type 'any' because no interface 'JSX.IntrinsicElements' exists.
app/(onboarding)/layout.tsx(27,5): error TS7026: JSX element implicitly has type 'any' because no interface 'JSX.IntrinsicElements' exists.
app/(onboarding)/onboarding/page.tsx(3,24): error TS2307: Cannot find module 'react' or its corresponding type declarations.
app/(onboarding)/onboarding/page.tsx(4,27): error TS2307: Cannot find module 'next/navigation' or its corresponding type declarations.
app/(onboarding)/onboarding/page.tsx(23,8): error TS2307: Cannot find module '@phosphor-icons/react' or its corresponding type declarations.
app/(onboarding)/onboarding/page.tsx(78,18): error TS7006: Parameter 'prev' implicitly has an 'any' type.
app/(onboarding)/onboarding/page.tsx(82,18): error TS7006: Parameter 'prev' implicitly has an 'any' type.
app/(onboarding)/onboarding/page.tsx(89,18): error TS7006: Parameter 'prev' implicitly has an 'any' type.
app/(onboarding)/onboarding/page.tsx(96,18): error TS7006: Parameter 'prev' implicitly has an 'any' type.
app/(onboarding)/onboarding/page.tsx(234,5): error TS7026: JSX element implicitly has type 'any' because no interface 'JSX.IntrinsicElements' exists.
app/(onboarding)/onboarding/page.tsx(234,5): error TS2875: This JSX tag requires the module path 'react/jsx-runtime' to exist, but none could be found. Make sure you have types for the appropriate package installed.
app/(onboarding)/onboarding/page.tsx(236,7): error TS7026: JSX element implicitly has type 'any' because no interface 'JSX.IntrinsicElements' exists.
app/(onboarding)/onboarding/page.tsx(260,7): error TS7026: JSX element implicitly has type 'any' because no interface 'JSX.IntrinsicElements' exists.
app/(onboarding)/onboarding/page.tsx(263,7): error TS7026: JSX element implicitly has type 'any' because no interface 'JSX.IntrinsicElements' exists.
app/(onboarding)/onboarding/page.tsx(295,9): error TS7026: JSX element implicitly has type 'any' because no interface 'JSX.IntrinsicElements' exists.
app/(onboarding)/onboarding/page.tsx(296,11): error TS7026: JSX element implicitly has type 'any' because no interface 'JSX.IntrinsicElements' exists.
app/(onboarding)/onboarding/page.tsx(303,11): error TS7026: JSX element implicitly has type 'any' because no interface 'JSX.IntrinsicElements' exists.
app/(onboarding)/onboarding/page.tsx(304,11): error TS7026: JSX element implicitly has type 'any' because no interface 'JSX.IntrinsicElements' exists.
app/(onboarding)/onboarding/page.tsx(323,11): error TS7026: JSX element implicitly has type 'any' because no interface 'JSX.IntrinsicElements' exists.
app/(onboarding)/onboarding/page.tsx(324,9): error TS7026: JSX element implicitly has type 'any' because no interface 'JSX.IntrinsicElements' exists.
app/(onboarding)/onboarding/page.tsx(325,7): error TS7026: JSX element implicitly has type 'any' because no interface 'JSX.IntrinsicElements' exists.
app/(onboarding)/onboarding/page.tsx(326,5): error TS7026: JSX element implicitly has type 'any' because no interface 'JSX.IntrinsicElements' exists.
app/(onboarding)/onboarding/page.tsx(338,5): error TS7026: JSX element implicitly has type 'any' because no interface 'JSX.IntrinsicElements' exists.
app/(onboarding)/onboarding/page.tsx(339,7): error TS7026: JSX element implicitly has type 'any' because no interface 'JSX.IntrinsicElements' exists.
app/(onboarding)/onboarding/page.tsx(340,9): error TS7026: JSX element implicitly has type 'any' because no interface 'JSX.IntrinsicElements' exists.
app/(onboarding)/onboarding/page.tsx(340,82): error TS7026: JSX element implicitly has type 'any' because no interface 'JSX.IntrinsicElements' exists.
app/(onboarding)/onboarding/page.tsx(341,9): error TS7026: JSX element implicitly has type 'any' because no interface 'JSX.IntrinsicElements' exists.
app/(onboarding)/onboarding/page.tsx(343,9): error TS7026: JSX element implicitly has type 'any' because no interface 'JSX.IntrinsicElements' exists.
app/(onboarding)/onboarding/page.tsx(344,7): error TS7026: JSX element implicitly has type 'any' because no interface 'JSX.IntrinsicElements' exists.
app/(onboarding)/onboarding/page.tsx(346,7): error TS7026: JSX element implicitly has type 'any' because no interface 'JSX.IntrinsicElements' exists.
app/(onboarding)/onboarding/page.tsx(347,9): error TS7026: JSX element implicitly has type 'any' because no interface 'JSX.IntrinsicElements' exists.
app/(onboarding)/onboarding/page.tsx(348,29): error TS7026: JSX element implicitly has type 'any' because no interface 'JSX.IntrinsicElements' exists.
app/(onboarding)/onboarding/page.tsx(348,64): error TS7026: JSX element implicitly has type 'any' because no interface 'JSX.IntrinsicElements' exists.
app/(onboarding)/onboarding/page.tsx(349,9): error TS7026: JSX element implicitly has type 'any' because no interface 'JSX.IntrinsicElements' exists.
app/(onboarding)/onboarding/page.tsx(350,10): error TS2559: Type '{ children: any; }' has no properties in common with type 'InputRootProps'.
app/(onboarding)/onboarding/page.tsx(355,26): error TS7006: Parameter 'e' implicitly has an 'any' type.
app/(onboarding)/onboarding/page.tsx(359,7): error TS7026: JSX element implicitly has type 'any' because no interface 'JSX.IntrinsicElements' exists.
app/(onboarding)/onboarding/page.tsx(361,7): error TS7026: JSX element implicitly has type 'any' because no interface 'JSX.IntrinsicElements' exists.
app/(onboarding)/onboarding/page.tsx(362,9): error TS7026: JSX element implicitly has type 'any' because no interface 'JSX.IntrinsicElements' exists.
app/(onboarding)/onboarding/page.tsx(364,9): error TS7026: JSX element implicitly has type 'any' because no interface 'JSX.IntrinsicElements' exists.
app/(onboarding)/onboarding/page.tsx(368,11): error TS7026: JSX element implicitly has type 'any' because no interface 'JSX.IntrinsicElements' exists.
app/(onboarding)/onboarding/page.tsx(370,11): error TS7026: JSX element implicitly has type 'any' because no interface 'JSX.IntrinsicElements' exists.
app/(onboarding)/onboarding/page.tsx(371,11): error TS7026: JSX element implicitly has type 'any' because no interface 'JSX.IntrinsicElements' exists.
app/(onboarding)/onboarding/page.tsx(378,9): error TS7026: JSX element implicitly has type 'any' because no interface 'JSX.IntrinsicElements' exists.
app/(onboarding)/onboarding/page.tsx(380,9): error TS7026: JSX element implicitly has type 'any' because no interface 'JSX.IntrinsicElements' exists.
app/(onboarding)/onboarding/page.tsx(381,7): error TS7026: JSX element implicitly has type 'any' because no interface 'JSX.IntrinsicElements' exists.
app/(onboarding)/onboarding/page.tsx(383,7): error TS7026: JSX element implicitly has type 'any' because no interface 'JSX.IntrinsicElements' exists.
app/(onboarding)/onboarding/page.tsx(384,9): error TS7026: JSX element implicitly has type 'any' because no interface 'JSX.IntrinsicElements' exists.
app/(onboarding)/onboarding/page.tsx(386,9): error TS7026: JSX element implicitly has type 'any' because no interface 'JSX.IntrinsicElements' exists.
app/(onboarding)/onboarding/page.tsx(387,10): error TS2559: Type '{ children: any; }' has no properties in common with type 'InputRootProps'.
app/(onboarding)/onboarding/page.tsx(392,26): error TS7006: Parameter 'e' implicitly has an 'any' type.
app/(onboarding)/onboarding/page.tsx(396,7): error TS7026: JSX element implicitly has type 'any' because no interface 'JSX.IntrinsicElements' exists.
app/(onboarding)/onboarding/page.tsx(398,7): error TS7026: JSX element implicitly has type 'any' because no interface 'JSX.IntrinsicElements' exists.
app/(onboarding)/onboarding/page.tsx(399,9): error TS7026: JSX element implicitly has type 'any' because no interface 'JSX.IntrinsicElements' exists.
app/(onboarding)/onboarding/page.tsx(401,9): error TS7026: JSX element implicitly has type 'any' because no interface 'JSX.IntrinsicElements' exists.
app/(onboarding)/onboarding/page.tsx(405,22): error TS7006: Parameter 'e' implicitly has an 'any' type.
app/(onboarding)/onboarding/page.tsx(412,7): error TS7026: JSX element implicitly has type 'any' because no interface 'JSX.IntrinsicElements' exists.
app/(onboarding)/onboarding/page.tsx(413,5): error TS7026: JSX element implicitly has type 'any' because no interface 'JSX.IntrinsicElements' exists.
app/(onboarding)/onboarding/page.tsx(425,5): error TS7026: JSX element implicitly has type 'any' because no interface 'JSX.IntrinsicElements' exists.
app/(onboarding)/onboarding/page.tsx(426,7): error TS7026: JSX element implicitly has type 'any' because no interface 'JSX.IntrinsicElements' exists.
app/(onboarding)/onboarding/page.tsx(427,9): error TS7026: JSX element implicitly has type 'any' because no interface 'JSX.IntrinsicElements' exists.
app/(onboarding)/onboarding/page.tsx(427,81): error TS7026: JSX element implicitly has type 'any' because no interface 'JSX.IntrinsicElements' exists.
app/(onboarding)/onboarding/page.tsx(428,9): error TS7026: JSX element implicitly has type 'any' because no interface 'JSX.IntrinsicElements' exists.
app/(onboarding)/onboarding/page.tsx(430,9): error TS7026: JSX element implicitly has type 'any' because no interface 'JSX.IntrinsicElements' exists.
app/(onboarding)/onboarding/page.tsx(431,7): error TS7026: JSX element implicitly has type 'any' because no interface 'JSX.IntrinsicElements' exists.
app/(onboarding)/onboarding/page.tsx(433,7): error TS7026: JSX element implicitly has type 'any' because no interface 'JSX.IntrinsicElements' exists.
app/(onboarding)/onboarding/page.tsx(434,9): error TS7026: JSX element implicitly has type 'any' because no interface 'JSX.IntrinsicElements' exists.
app/(onboarding)/onboarding/page.tsx(435,11): error TS7026: JSX element implicitly has type 'any' because no interface 'JSX.IntrinsicElements' exists.
app/(onboarding)/onboarding/page.tsx(436,27): error TS7026: JSX element implicitly has type 'any' because no interface 'JSX.IntrinsicElements' exists.
app/(onboarding)/onboarding/page.tsx(436,62): error TS7026: JSX element implicitly has type 'any' because no interface 'JSX.IntrinsicElements' exists.
app/(onboarding)/onboarding/page.tsx(437,11): error TS7026: JSX element implicitly has type 'any' because no interface 'JSX.IntrinsicElements' exists.
app/(onboarding)/onboarding/page.tsx(440,29): error TS7006: Parameter 'value' implicitly has an 'any' type.
app/(onboarding)/onboarding/page.tsx(453,9): error TS7026: JSX element implicitly has type 'any' because no interface 'JSX.IntrinsicElements' exists.
app/(onboarding)/onboarding/page.tsx(454,9): error TS7026: JSX element implicitly has type 'any' because no interface 'JSX.IntrinsicElements' exists.
app/(onboarding)/onboarding/page.tsx(455,11): error TS7026: JSX element implicitly has type 'any' because no interface 'JSX.IntrinsicElements' exists.
app/(onboarding)/onboarding/page.tsx(456,31): error TS7026: JSX element implicitly has type 'any' because no interface 'JSX.IntrinsicElements' exists.
app/(onboarding)/onboarding/page.tsx(456,66): error TS7026: JSX element implicitly has type 'any' because no interface 'JSX.IntrinsicElements' exists.
app/(onboarding)/onboarding/page.tsx(457,11): error TS7026: JSX element implicitly has type 'any' because no interface 'JSX.IntrinsicElements' exists.
app/(onboarding)/onboarding/page.tsx(460,29): error TS7006: Parameter 'value' implicitly has an 'any' type.
app/(onboarding)/onboarding/page.tsx(473,9): error TS7026: JSX element implicitly has type 'any' because no interface 'JSX.IntrinsicElements' exists.
app/(onboarding)/onboarding/page.tsx(474,7): error TS7026: JSX element implicitly has type 'any' because no interface 'JSX.IntrinsicElements' exists.
app/(onboarding)/onboarding/page.tsx(476,7): error TS7026: JSX element implicitly has type 'any' because no interface 'JSX.IntrinsicElements' exists.
app/(onboarding)/onboarding/page.tsx(477,9): error TS7026: JSX element implicitly has type 'any' because no interface 'JSX.IntrinsicElements' exists.
app/(onboarding)/onboarding/page.tsx(478,11): error TS7026: JSX element implicitly has type 'any' because no interface 'JSX.IntrinsicElements' exists.
app/(onboarding)/onboarding/page.tsx(479,28): error TS7026: JSX element implicitly has type 'any' because no interface 'JSX.IntrinsicElements' exists.
app/(onboarding)/onboarding/page.tsx(479,63): error TS7026: JSX element implicitly has type 'any' because no interface 'JSX.IntrinsicElements' exists.
app/(onboarding)/onboarding/page.tsx(480,11): error TS7026: JSX element implicitly has type 'any' because no interface 'JSX.IntrinsicElements' exists.
app/(onboarding)/onboarding/page.tsx(481,12): error TS2559: Type '{ children: any; }' has no properties in common with type 'InputRootProps'.
app/(onboarding)/onboarding/page.tsx(486,28): error TS7006: Parameter 'e' implicitly has an 'any' type.
app/(onboarding)/onboarding/page.tsx(490,9): error TS7026: JSX element implicitly has type 'any' because no interface 'JSX.IntrinsicElements' exists.
app/(onboarding)/onboarding/page.tsx(491,9): error TS7026: JSX element implicitly has type 'any' because no interface 'JSX.IntrinsicElements' exists.
app/(onboarding)/onboarding/page.tsx(492,11): error TS7026: JSX element implicitly has type 'any' because no interface 'JSX.IntrinsicElements' exists.
app/(onboarding)/onboarding/page.tsx(493,26): error TS7026: JSX element implicitly has type 'any' because no interface 'JSX.IntrinsicElements' exists.
app/(onboarding)/onboarding/page.tsx(493,61): error TS7026: JSX element implicitly has type 'any' because no interface 'JSX.IntrinsicElements' exists.
app/(onboarding)/onboarding/page.tsx(494,11): error TS7026: JSX element implicitly has type 'any' because no interface 'JSX.IntrinsicElements' exists.
app/(onboarding)/onboarding/page.tsx(495,12): error TS2559: Type '{ children: any; }' has no properties in common with type 'InputRootProps'.
app/(onboarding)/onboarding/page.tsx(500,28): error TS7006: Parameter 'e' implicitly has an 'any' type.
app/(onboarding)/onboarding/page.tsx(504,9): error TS7026: JSX element implicitly has type 'any' because no interface 'JSX.IntrinsicElements' exists.
app/(onboarding)/onboarding/page.tsx(505,7): error TS7026: JSX element implicitly has type 'any' because no interface 'JSX.IntrinsicElements' exists.
app/(onboarding)/onboarding/page.tsx(507,7): error TS7026: JSX element implicitly has type 'any' because no interface 'JSX.IntrinsicElements' exists.
app/(onboarding)/onboarding/page.tsx(508,9): error TS7026: JSX element implicitly has type 'any' because no interface 'JSX.IntrinsicElements' exists.
app/(onboarding)/onboarding/page.tsx(509,19): error TS7026: JSX element implicitly has type 'any' because no interface 'JSX.IntrinsicElements' exists.
app/(onboarding)/onboarding/page.tsx(509,54): error TS7026: JSX element implicitly has type 'any' because no interface 'JSX.IntrinsicElements' exists.
app/(onboarding)/onboarding/page.tsx(510,9): error TS7026: JSX element implicitly has type 'any' because no interface 'JSX.IntrinsicElements' exists.
app/(onboarding)/onboarding/page.tsx(511,10): error TS2559: Type '{ children: any; }' has no properties in common with type 'InputRootProps'.
app/(onboarding)/onboarding/page.tsx(516,26): error TS7006: Parameter 'e' implicitly has an 'any' type.
app/(onboarding)/onboarding/page.tsx(520,7): error TS7026: JSX element implicitly has type 'any' because no interface 'JSX.IntrinsicElements' exists.
app/(onboarding)/onboarding/page.tsx(522,7): error TS7026: JSX element implicitly has type 'any' because no interface 'JSX.IntrinsicElements' exists.
app/(onboarding)/onboarding/page.tsx(523,9): error TS7026: JSX element implicitly has type 'any' because no interface 'JSX.IntrinsicElements' exists.
app/(onboarding)/onboarding/page.tsx(524,11): error TS7026: JSX element implicitly has type 'any' because no interface 'JSX.IntrinsicElements' exists.
app/(onboarding)/onboarding/page.tsx(525,18): error TS7026: JSX element implicitly has type 'any' because no interface 'JSX.IntrinsicElements' exists.
app/(onboarding)/onboarding/page.tsx(525,53): error TS7026: JSX element implicitly has type 'any' because no interface 'JSX.IntrinsicElements' exists.
app/(onboarding)/onboarding/page.tsx(526,11): error TS7026: JSX element implicitly has type 'any' because no interface 'JSX.IntrinsicElements' exists.
app/(onboarding)/onboarding/page.tsx(527,12): error TS2559: Type '{ children: any; }' has no properties in common with type 'InputRootProps'.
app/(onboarding)/onboarding/page.tsx(532,28): error TS7006: Parameter 'e' implicitly has an 'any' type.
app/(onboarding)/onboarding/page.tsx(536,9): error TS7026: JSX element implicitly has type 'any' because no interface 'JSX.IntrinsicElements' exists.
app/(onboarding)/onboarding/page.tsx(537,9): error TS7026: JSX element implicitly has type 'any' because no interface 'JSX.IntrinsicElements' exists.
app/(onboarding)/onboarding/page.tsx(538,11): error TS7026: JSX element implicitly has type 'any' because no interface 'JSX.IntrinsicElements' exists.
app/(onboarding)/onboarding/page.tsx(539,19): error TS7026: JSX element implicitly has type 'any' because no interface 'JSX.IntrinsicElements' exists.
app/(onboarding)/onboarding/page.tsx(539,54): error TS7026: JSX element implicitly has type 'any' because no interface 'JSX.IntrinsicElements' exists.
app/(onboarding)/onboarding/page.tsx(540,11): error TS7026: JSX element implicitly has type 'any' because no interface 'JSX.IntrinsicElements' exists.
app/(onboarding)/onboarding/page.tsx(543,29): error TS7006: Parameter 'value' implicitly has an 'any' type.
app/(onboarding)/onboarding/page.tsx(556,9): error TS7026: JSX element implicitly has type 'any' because no interface 'JSX.IntrinsicElements' exists.
app/(onboarding)/onboarding/page.tsx(557,9): error TS7026: JSX element implicitly has type 'any' because no interface 'JSX.IntrinsicElements' exists.
app/(onboarding)/onboarding/page.tsx(558,11): error TS7026: JSX element implicitly has type 'any' because no interface 'JSX.IntrinsicElements' exists.
app/(onboarding)/onboarding/page.tsx(559,22): error TS7026: JSX element implicitly has type 'any' because no interface 'JSX.IntrinsicElements' exists.
app/(onboarding)/onboarding/page.tsx(559,57): error TS7026: JSX element implicitly has type 'any' because no interface 'JSX.IntrinsicElements' exists.
app/(onboarding)/onboarding/page.tsx(560,11): error TS7026: JSX element implicitly has type 'any' because no interface 'JSX.IntrinsicElements' exists.
app/(onboarding)/onboarding/page.tsx(561,12): error TS2559: Type '{ children: any; }' has no properties in common with type 'InputRootProps'.
app/(onboarding)/onboarding/page.tsx(566,28): error TS7006: Parameter 'e' implicitly has an 'any' type.
app/(onboarding)/onboarding/page.tsx(570,9): error TS7026: JSX element implicitly has type 'any' because no interface 'JSX.IntrinsicElements' exists.
app/(onboarding)/onboarding/page.tsx(571,7): error TS7026: JSX element implicitly has type 'any' because no interface 'JSX.IntrinsicElements' exists.
app/(onboarding)/onboarding/page.tsx(572,5): error TS7026: JSX element implicitly has type 'any' because no interface 'JSX.IntrinsicElements' exists.
app/(onboarding)/onboarding/page.tsx(597,5): error TS7026: JSX element implicitly has type 'any' because no interface 'JSX.IntrinsicElements' exists.
app/(onboarding)/onboarding/page.tsx(598,7): error TS7026: JSX element implicitly has type 'any' because no interface 'JSX.IntrinsicElements' exists.
app/(onboarding)/onboarding/page.tsx(599,9): error TS7026: JSX element implicitly has type 'any' because no interface 'JSX.IntrinsicElements' exists.
app/(onboarding)/onboarding/page.tsx(599,77): error TS7026: JSX element implicitly has type 'any' because no interface 'JSX.IntrinsicElements' exists.
app/(onboarding)/onboarding/page.tsx(600,9): error TS7026: JSX element implicitly has type 'any' because no interface 'JSX.IntrinsicElements' exists.
app/(onboarding)/onboarding/page.tsx(602,9): error TS7026: JSX element implicitly has type 'any' because no interface 'JSX.IntrinsicElements' exists.
app/(onboarding)/onboarding/page.tsx(603,7): error TS7026: JSX element implicitly has type 'any' because no interface 'JSX.IntrinsicElements' exists.
app/(onboarding)/onboarding/page.tsx(606,8): error TS2322: Type '{ children: string; variant: string; title: string; className: string; }' is not assignable to type 'CalloutProps'.
  Property 'children' does not exist on type 'CalloutProps'.
app/(onboarding)/onboarding/page.tsx(610,7): error TS7026: JSX element implicitly has type 'any' because no interface 'JSX.IntrinsicElements' exists.
app/(onboarding)/onboarding/page.tsx(612,9): error TS7026: JSX element implicitly has type 'any' because no interface 'JSX.IntrinsicElements' exists.
app/(onboarding)/onboarding/page.tsx(613,11): error TS7026: JSX element implicitly has type 'any' because no interface 'JSX.IntrinsicElements' exists.
app/(onboarding)/onboarding/page.tsx(614,14): error TS2559: Type '{ children: any; }' has no properties in common with type 'InputRootProps'.
app/(onboarding)/onboarding/page.tsx(619,30): error TS7006: Parameter 'e' implicitly has an 'any' type.
app/(onboarding)/onboarding/page.tsx(628,11): error TS7026: JSX element implicitly has type 'any' because no interface 'JSX.IntrinsicElements' exists.
app/(onboarding)/onboarding/page.tsx(636,9): error TS7026: JSX element implicitly has type 'any' because no interface 'JSX.IntrinsicElements' exists.
app/(onboarding)/onboarding/page.tsx(639,11): error TS7026: JSX element implicitly has type 'any' because no interface 'JSX.IntrinsicElements' exists.
app/(onboarding)/onboarding/page.tsx(640,13): error TS7026: JSX element implicitly has type 'any' because no interface 'JSX.IntrinsicElements' exists.
app/(onboarding)/onboarding/page.tsx(642,17): error TS7026: JSX element implicitly has type 'any' because no interface 'JSX.IntrinsicElements' exists.
app/(onboarding)/onboarding/page.tsx(642,47): error TS7026: JSX element implicitly has type 'any' because no interface 'JSX.IntrinsicElements' exists.
app/(onboarding)/onboarding/page.tsx(645,13): error TS7026: JSX element implicitly has type 'any' because no interface 'JSX.IntrinsicElements' exists.
app/(onboarding)/onboarding/page.tsx(646,13): error TS7026: JSX element implicitly has type 'any' because no interface 'JSX.IntrinsicElements' exists.
app/(onboarding)/onboarding/page.tsx(647,15): error TS7026: JSX element implicitly has type 'any' because no interface 'JSX.IntrinsicElements' exists.
app/(onboarding)/onboarding/page.tsx(647,32): error TS7026: JSX element implicitly has type 'any' because no interface 'JSX.IntrinsicElements' exists.
app/(onboarding)/onboarding/page.tsx(647,93): error TS7026: JSX element implicitly has type 'any' because no interface 'JSX.IntrinsicElements' exists.
app/(onboarding)/onboarding/page.tsx(647,100): error TS7026: JSX element implicitly has type 'any' because no interface 'JSX.IntrinsicElements' exists.
app/(onboarding)/onboarding/page.tsx(648,15): error TS7026: JSX element implicitly has type 'any' because no interface 'JSX.IntrinsicElements' exists.
app/(onboarding)/onboarding/page.tsx(648,32): error TS7026: JSX element implicitly has type 'any' because no interface 'JSX.IntrinsicElements' exists.
app/(onboarding)/onboarding/page.tsx(648,93): error TS7026: JSX element implicitly has type 'any' because no interface 'JSX.IntrinsicElements' exists.
app/(onboarding)/onboarding/page.tsx(648,100): error TS7026: JSX element implicitly has type 'any' because no interface 'JSX.IntrinsicElements' exists.
app/(onboarding)/onboarding/page.tsx(649,15): error TS7026: JSX element implicitly has type 'any' because no interface 'JSX.IntrinsicElements' exists.
app/(onboarding)/onboarding/page.tsx(649,28): error TS7026: JSX element implicitly has type 'any' because no interface 'JSX.IntrinsicElements' exists.
app/(onboarding)/onboarding/page.tsx(649,83): error TS7026: JSX element implicitly has type 'any' because no interface 'JSX.IntrinsicElements' exists.
app/(onboarding)/onboarding/page.tsx(649,90): error TS7026: JSX element implicitly has type 'any' because no interface 'JSX.IntrinsicElements' exists.
app/(onboarding)/onboarding/page.tsx(650,15): error TS7026: JSX element implicitly has type 'any' because no interface 'JSX.IntrinsicElements' exists.
app/(onboarding)/onboarding/page.tsx(650,29): error TS7026: JSX element implicitly has type 'any' because no interface 'JSX.IntrinsicElements' exists.
app/(onboarding)/onboarding/page.tsx(650,88): error TS7026: JSX element implicitly has type 'any' because no interface 'JSX.IntrinsicElements' exists.
app/(onboarding)/onboarding/page.tsx(650,95): error TS7026: JSX element implicitly has type 'any' because no interface 'JSX.IntrinsicElements' exists.
app/(onboarding)/onboarding/page.tsx(651,13): error TS7026: JSX element implicitly has type 'any' because no interface 'JSX.IntrinsicElements' exists.
app/(onboarding)/onboarding/page.tsx(652,11): error TS7026: JSX element implicitly has type 'any' because no interface 'JSX.IntrinsicElements' exists.
app/(onboarding)/onboarding/page.tsx(654,7): error TS7026: JSX element implicitly has type 'any' because no interface 'JSX.IntrinsicElements' exists.
app/(onboarding)/onboarding/page.tsx(657,7): error TS7026: JSX element implicitly has type 'any' because no interface 'JSX.IntrinsicElements' exists.
app/(onboarding)/onboarding/page.tsx(658,9): error TS7026: JSX element implicitly has type 'any' because no interface 'JSX.IntrinsicElements' exists.
app/(onboarding)/onboarding/page.tsx(658,98): error TS7026: JSX element implicitly has type 'any' because no interface 'JSX.IntrinsicElements' exists.
app/(onboarding)/onboarding/page.tsx(660,9): error TS7026: JSX element implicitly has type 'any' because no interface 'JSX.IntrinsicElements' exists.
app/(onboarding)/onboarding/page.tsx(661,11): error TS7026: JSX element implicitly has type 'any' because no interface 'JSX.IntrinsicElements' exists.
app/(onboarding)/onboarding/page.tsx(662,14): error TS2559: Type '{ children: any; }' has no properties in common with type 'InputRootProps'.
app/(onboarding)/onboarding/page.tsx(667,30): error TS7006: Parameter 'e' implicitly has an 'any' type.
app/(onboarding)/onboarding/page.tsx(676,11): error TS7026: JSX element implicitly has type 'any' because no interface 'JSX.IntrinsicElements' exists.
app/(onboarding)/onboarding/page.tsx(684,9): error TS7026: JSX element implicitly has type 'any' because no interface 'JSX.IntrinsicElements' exists.
app/(onboarding)/onboarding/page.tsx(687,11): error TS7026: JSX element implicitly has type 'any' because no interface 'JSX.IntrinsicElements' exists.
app/(onboarding)/onboarding/page.tsx(690,11): error TS7026: JSX element implicitly has type 'any' because no interface 'JSX.IntrinsicElements' exists.
app/(onboarding)/onboarding/page.tsx(692,7): error TS7026: JSX element implicitly has type 'any' because no interface 'JSX.IntrinsicElements' exists.
app/(onboarding)/onboarding/page.tsx(697,9): error TS7026: JSX element implicitly has type 'any' because no interface 'JSX.IntrinsicElements' exists.
app/(onboarding)/onboarding/page.tsx(698,11): error TS7026: JSX element implicitly has type 'any' because no interface 'JSX.IntrinsicElements' exists.
app/(onboarding)/onboarding/page.tsx(700,11): error TS7026: JSX element implicitly has type 'any' because no interface 'JSX.IntrinsicElements' exists.
app/(onboarding)/onboarding/page.tsx(701,12): error TS2559: Type '{ children: any; }' has no properties in common with type 'InputRootProps'.
app/(onboarding)/onboarding/page.tsx(706,28): error TS7006: Parameter 'e' implicitly has an 'any' type.
app/(onboarding)/onboarding/page.tsx(710,9): error TS7026: JSX element implicitly has type 'any' because no interface 'JSX.IntrinsicElements' exists.
app/(onboarding)/onboarding/page.tsx(712,5): error TS7026: JSX element implicitly has type 'any' because no interface 'JSX.IntrinsicElements' exists.
app/(onboarding)/onboarding/page.tsx(726,5): error TS7026: JSX element implicitly has type 'any' because no interface 'JSX.IntrinsicElements' exists.
app/(onboarding)/onboarding/page.tsx(727,7): error TS7026: JSX element implicitly has type 'any' because no interface 'JSX.IntrinsicElements' exists.
app/(onboarding)/onboarding/page.tsx(728,9): error TS7026: JSX element implicitly has type 'any' because no interface 'JSX.IntrinsicElements' exists.
app/(onboarding)/onboarding/page.tsx(728,80): error TS7026: JSX element implicitly has type 'any' because no interface 'JSX.IntrinsicElements' exists.
app/(onboarding)/onboarding/page.tsx(729,9): error TS7026: JSX element implicitly has type 'any' because no interface 'JSX.IntrinsicElements' exists.
app/(onboarding)/onboarding/page.tsx(731,9): error TS7026: JSX element implicitly has type 'any' because no interface 'JSX.IntrinsicElements' exists.
app/(onboarding)/onboarding/page.tsx(732,7): error TS7026: JSX element implicitly has type 'any' because no interface 'JSX.IntrinsicElements' exists.
app/(onboarding)/onboarding/page.tsx(735,7): error TS7026: JSX element implicitly has type 'any' because no interface 'JSX.IntrinsicElements' exists.
app/(onboarding)/onboarding/page.tsx(736,9): error TS7026: JSX element implicitly has type 'any' because no interface 'JSX.IntrinsicElements' exists.
app/(onboarding)/onboarding/page.tsx(737,11): error TS7026: JSX element implicitly has type 'any' because no interface 'JSX.IntrinsicElements' exists.
app/(onboarding)/onboarding/page.tsx(737,79): error TS7026: JSX element implicitly has type 'any' because no interface 'JSX.IntrinsicElements' exists.
app/(onboarding)/onboarding/page.tsx(741,9): error TS7026: JSX element implicitly has type 'any' because no interface 'JSX.IntrinsicElements' exists.
app/(onboarding)/onboarding/page.tsx(742,9): error TS7026: JSX element implicitly has type 'any' because no interface 'JSX.IntrinsicElements' exists.
app/(onboarding)/onboarding/page.tsx(743,11): error TS7026: JSX element implicitly has type 'any' because no interface 'JSX.IntrinsicElements' exists.
app/(onboarding)/onboarding/page.tsx(744,13): error TS7026: JSX element implicitly has type 'any' because no interface 'JSX.IntrinsicElements' exists.
app/(onboarding)/onboarding/page.tsx(744,61): error TS7026: JSX element implicitly has type 'any' because no interface 'JSX.IntrinsicElements' exists.
app/(onboarding)/onboarding/page.tsx(745,13): error TS7026: JSX element implicitly has type 'any' because no interface 'JSX.IntrinsicElements' exists.
app/(onboarding)/onboarding/page.tsx(745,85): error TS7026: JSX element implicitly has type 'any' because no interface 'JSX.IntrinsicElements' exists.
app/(onboarding)/onboarding/page.tsx(746,11): error TS7026: JSX element implicitly has type 'any' because no interface 'JSX.IntrinsicElements' exists.
app/(onboarding)/onboarding/page.tsx(747,11): error TS7026: JSX element implicitly has type 'any' because no interface 'JSX.IntrinsicElements' exists.
app/(onboarding)/onboarding/page.tsx(748,13): error TS7026: JSX element implicitly has type 'any' because no interface 'JSX.IntrinsicElements' exists.
app/(onboarding)/onboarding/page.tsx(748,56): error TS7026: JSX element implicitly has type 'any' because no interface 'JSX.IntrinsicElements' exists.
app/(onboarding)/onboarding/page.tsx(749,13): error TS7026: JSX element implicitly has type 'any' because no interface 'JSX.IntrinsicElements' exists.
app/(onboarding)/onboarding/page.tsx(749,88): error TS7026: JSX element implicitly has type 'any' because no interface 'JSX.IntrinsicElements' exists.
app/(onboarding)/onboarding/page.tsx(750,11): error TS7026: JSX element implicitly has type 'any' because no interface 'JSX.IntrinsicElements' exists.
app/(onboarding)/onboarding/page.tsx(751,9): error TS7026: JSX element implicitly has type 'any' because no interface 'JSX.IntrinsicElements' exists.
app/(onboarding)/onboarding/page.tsx(752,7): error TS7026: JSX element implicitly has type 'any' because no interface 'JSX.IntrinsicElements' exists.
app/(onboarding)/onboarding/page.tsx(755,7): error TS7026: JSX element implicitly has type 'any' because no interface 'JSX.IntrinsicElements' exists.
app/(onboarding)/onboarding/page.tsx(756,9): error TS7026: JSX element implicitly has type 'any' because no interface 'JSX.IntrinsicElements' exists.
app/(onboarding)/onboarding/page.tsx(757,11): error TS7026: JSX element implicitly has type 'any' because no interface 'JSX.IntrinsicElements' exists.
app/(onboarding)/onboarding/page.tsx(757,78): error TS7026: JSX element implicitly has type 'any' because no interface 'JSX.IntrinsicElements' exists.
app/(onboarding)/onboarding/page.tsx(761,9): error TS7026: JSX element implicitly has type 'any' because no interface 'JSX.IntrinsicElements' exists.
app/(onboarding)/onboarding/page.tsx(762,9): error TS7026: JSX element implicitly has type 'any' because no interface 'JSX.IntrinsicElements' exists.
app/(onboarding)/onboarding/page.tsx(763,11): error TS7026: JSX element implicitly has type 'any' because no interface 'JSX.IntrinsicElements' exists.
app/(onboarding)/onboarding/page.tsx(764,13): error TS7026: JSX element implicitly has type 'any' because no interface 'JSX.IntrinsicElements' exists.
app/(onboarding)/onboarding/page.tsx(764,62): error TS7026: JSX element implicitly has type 'any' because no interface 'JSX.IntrinsicElements' exists.
app/(onboarding)/onboarding/page.tsx(765,13): error TS7026: JSX element implicitly has type 'any' because no interface 'JSX.IntrinsicElements' exists.
app/(onboarding)/onboarding/page.tsx(767,13): error TS7026: JSX element implicitly has type 'any' because no interface 'JSX.IntrinsicElements' exists.
app/(onboarding)/onboarding/page.tsx(768,11): error TS7026: JSX element implicitly has type 'any' because no interface 'JSX.IntrinsicElements' exists.
app/(onboarding)/onboarding/page.tsx(769,11): error TS7026: JSX element implicitly has type 'any' because no interface 'JSX.IntrinsicElements' exists.
app/(onboarding)/onboarding/page.tsx(770,13): error TS7026: JSX element implicitly has type 'any' because no interface 'JSX.IntrinsicElements' exists.
app/(onboarding)/onboarding/page.tsx(770,57): error TS7026: JSX element implicitly has type 'any' because no interface 'JSX.IntrinsicElements' exists.
app/(onboarding)/onboarding/page.tsx(771,13): error TS7026: JSX element implicitly has type 'any' because no interface 'JSX.IntrinsicElements' exists.
app/(onboarding)/onboarding/page.tsx(773,13): error TS7026: JSX element implicitly has type 'any' because no interface 'JSX.IntrinsicElements' exists.
app/(onboarding)/onboarding/page.tsx(774,11): error TS7026: JSX element implicitly has type 'any' because no interface 'JSX.IntrinsicElements' exists.
app/(onboarding)/onboarding/page.tsx(775,11): error TS7026: JSX element implicitly has type 'any' because no interface 'JSX.IntrinsicElements' exists.
app/(onboarding)/onboarding/page.tsx(776,13): error TS7026: JSX element implicitly has type 'any' because no interface 'JSX.IntrinsicElements' exists.
app/(onboarding)/onboarding/page.tsx(776,63): error TS7026: JSX element implicitly has type 'any' because no interface 'JSX.IntrinsicElements' exists.
app/(onboarding)/onboarding/page.tsx(777,13): error TS7026: JSX element implicitly has type 'any' because no interface 'JSX.IntrinsicElements' exists.
app/(onboarding)/onboarding/page.tsx(777,100): error TS7026: JSX element implicitly has type 'any' because no interface 'JSX.IntrinsicElements' exists.
app/(onboarding)/onboarding/page.tsx(778,11): error TS7026: JSX element implicitly has type 'any' because no interface 'JSX.IntrinsicElements' exists.
app/(onboarding)/onboarding/page.tsx(779,11): error TS7026: JSX element implicitly has type 'any' because no interface 'JSX.IntrinsicElements' exists.
app/(onboarding)/onboarding/page.tsx(780,13): error TS7026: JSX element implicitly has type 'any' because no interface 'JSX.IntrinsicElements' exists.
app/(onboarding)/onboarding/page.tsx(780,54): error TS7026: JSX element implicitly has type 'any' because no interface 'JSX.IntrinsicElements' exists.
app/(onboarding)/onboarding/page.tsx(781,13): error TS7026: JSX element implicitly has type 'any' because no interface 'JSX.IntrinsicElements' exists.
app/(onboarding)/onboarding/page.tsx(781,92): error TS7026: JSX element implicitly has type 'any' because no interface 'JSX.IntrinsicElements' exists.
app/(onboarding)/onboarding/page.tsx(782,11): error TS7026: JSX element implicitly has type 'any' because no interface 'JSX.IntrinsicElements' exists.
app/(onboarding)/onboarding/page.tsx(783,11): error TS7026: JSX element implicitly has type 'any' because no interface 'JSX.IntrinsicElements' exists.
app/(onboarding)/onboarding/page.tsx(784,13): error TS7026: JSX element implicitly has type 'any' because no interface 'JSX.IntrinsicElements' exists.
app/(onboarding)/onboarding/page.tsx(784,56): error TS7026: JSX element implicitly has type 'any' because no interface 'JSX.IntrinsicElements' exists.
app/(onboarding)/onboarding/page.tsx(785,13): error TS7026: JSX element implicitly has type 'any' because no interface 'JSX.IntrinsicElements' exists.
app/(onboarding)/onboarding/page.tsx(787,13): error TS7026: JSX element implicitly has type 'any' because no interface 'JSX.IntrinsicElements' exists.
app/(onboarding)/onboarding/page.tsx(788,11): error TS7026: JSX element implicitly has type 'any' because no interface 'JSX.IntrinsicElements' exists.
app/(onboarding)/onboarding/page.tsx(789,9): error TS7026: JSX element implicitly has type 'any' because no interface 'JSX.IntrinsicElements' exists.
app/(onboarding)/onboarding/page.tsx(790,7): error TS7026: JSX element implicitly has type 'any' because no interface 'JSX.IntrinsicElements' exists.
app/(onboarding)/onboarding/page.tsx(793,7): error TS7026: JSX element implicitly has type 'any' because no interface 'JSX.IntrinsicElements' exists.
app/(onboarding)/onboarding/page.tsx(794,9): error TS7026: JSX element implicitly has type 'any' because no interface 'JSX.IntrinsicElements' exists.
app/(onboarding)/onboarding/page.tsx(795,11): error TS7026: JSX element implicitly has type 'any' because no interface 'JSX.IntrinsicElements' exists.
app/(onboarding)/onboarding/page.tsx(795,81): error TS7026: JSX element implicitly has type 'any' because no interface 'JSX.IntrinsicElements' exists.
app/(onboarding)/onboarding/page.tsx(799,9): error TS7026: JSX element implicitly has type 'any' because no interface 'JSX.IntrinsicElements' exists.
app/(onboarding)/onboarding/page.tsx(800,9): error TS7026: JSX element implicitly has type 'any' because no interface 'JSX.IntrinsicElements' exists.
app/(onboarding)/onboarding/page.tsx(801,11): error TS7026: JSX element implicitly has type 'any' because no interface 'JSX.IntrinsicElements' exists.
app/(onboarding)/onboarding/page.tsx(802,13): error TS7026: JSX element implicitly has type 'any' because no interface 'JSX.IntrinsicElements' exists.
app/(onboarding)/onboarding/page.tsx(802,52): error TS7026: JSX element implicitly has type 'any' because no interface 'JSX.IntrinsicElements' exists.
app/(onboarding)/onboarding/page.tsx(803,13): error TS7026: JSX element implicitly has type 'any' because no interface 'JSX.IntrinsicElements' exists.
app/(onboarding)/onboarding/page.tsx(804,15): error TS7026: JSX element implicitly has type 'any' because no interface 'JSX.IntrinsicElements' exists.
app/(onboarding)/onboarding/page.tsx(804,105): error TS7026: JSX element implicitly has type 'any' because no interface 'JSX.IntrinsicElements' exists.
app/(onboarding)/onboarding/page.tsx(806,17): error TS7026: JSX element implicitly has type 'any' because no interface 'JSX.IntrinsicElements' exists.
app/(onboarding)/onboarding/page.tsx(808,17): error TS7026: JSX element implicitly has type 'any' because no interface 'JSX.IntrinsicElements' exists.
app/(onboarding)/onboarding/page.tsx(810,17): error TS7026: JSX element implicitly has type 'any' because no interface 'JSX.IntrinsicElements' exists.
app/(onboarding)/onboarding/page.tsx(812,17): error TS7026: JSX element implicitly has type 'any' because no interface 'JSX.IntrinsicElements' exists.
app/(onboarding)/onboarding/page.tsx(814,13): error TS7026: JSX element implicitly has type 'any' because no interface 'JSX.IntrinsicElements' exists.
app/(onboarding)/onboarding/page.tsx(815,11): error TS7026: JSX element implicitly has type 'any' because no interface 'JSX.IntrinsicElements' exists.
app/(onboarding)/onboarding/page.tsx(816,11): error TS7026: JSX element implicitly has type 'any' because no interface 'JSX.IntrinsicElements' exists.
app/(onboarding)/onboarding/page.tsx(817,13): error TS7026: JSX element implicitly has type 'any' because no interface 'JSX.IntrinsicElements' exists.
app/(onboarding)/onboarding/page.tsx(817,52): error TS7026: JSX element implicitly has type 'any' because no interface 'JSX.IntrinsicElements' exists.
app/(onboarding)/onboarding/page.tsx(818,13): error TS7026: JSX element implicitly has type 'any' because no interface 'JSX.IntrinsicElements' exists.
app/(onboarding)/onboarding/page.tsx(819,15): error TS7026: JSX element implicitly has type 'any' because no interface 'JSX.IntrinsicElements' exists.
app/(onboarding)/onboarding/page.tsx(819,105): error TS7026: JSX element implicitly has type 'any' because no interface 'JSX.IntrinsicElements' exists.
app/(onboarding)/onboarding/page.tsx(821,17): error TS7026: JSX element implicitly has type 'any' because no interface 'JSX.IntrinsicElements' exists.
app/(onboarding)/onboarding/page.tsx(823,17): error TS7026: JSX element implicitly has type 'any' because no interface 'JSX.IntrinsicElements' exists.
app/(onboarding)/onboarding/page.tsx(825,17): error TS7026: JSX element implicitly has type 'any' because no interface 'JSX.IntrinsicElements' exists.
app/(onboarding)/onboarding/page.tsx(827,17): error TS7026: JSX element implicitly has type 'any' because no interface 'JSX.IntrinsicElements' exists.
app/(onboarding)/onboarding/page.tsx(829,13): error TS7026: JSX element implicitly has type 'any' because no interface 'JSX.IntrinsicElements' exists.
app/(onboarding)/onboarding/page.tsx(830,11): error TS7026: JSX element implicitly has type 'any' because no interface 'JSX.IntrinsicElements' exists.
app/(onboarding)/onboarding/page.tsx(831,9): error TS7026: JSX element implicitly has type 'any' because no interface 'JSX.IntrinsicElements' exists.
app/(onboarding)/onboarding/page.tsx(832,7): error TS7026: JSX element implicitly has type 'any' because no interface 'JSX.IntrinsicElements' exists.
app/(onboarding)/onboarding/page.tsx(835,7): error TS7026: JSX element implicitly has type 'any' because no interface 'JSX.IntrinsicElements' exists.
app/(onboarding)/onboarding/page.tsx(836,9): error TS7026: JSX element implicitly has type 'any' because no interface 'JSX.IntrinsicElements' exists.
app/(onboarding)/onboarding/page.tsx(839,31): error TS7006: Parameter 'checked' implicitly has an 'any' type.
app/(onboarding)/onboarding/page.tsx(842,11): error TS7026: JSX element implicitly has type 'any' because no interface 'JSX.IntrinsicElements' exists.
app/(onboarding)/onboarding/page.tsx(844,13): error TS7026: JSX element implicitly has type 'any' because no interface 'JSX.IntrinsicElements' exists.
app/(onboarding)/onboarding/page.tsx(846,13): error TS7026: JSX element implicitly has type 'any' because no interface 'JSX.IntrinsicElements' exists.
app/(onboarding)/onboarding/page.tsx(848,13): error TS7026: JSX element implicitly has type 'any' because no interface 'JSX.IntrinsicElements' exists.
app/(onboarding)/onboarding/page.tsx(850,13): error TS7026: JSX element implicitly has type 'any' because no interface 'JSX.IntrinsicElements' exists.
app/(onboarding)/onboarding/page.tsx(851,11): error TS7026: JSX element implicitly has type 'any' because no interface 'JSX.IntrinsicElements' exists.
app/(onboarding)/onboarding/page.tsx(852,9): error TS7026: JSX element implicitly has type 'any' because no interface 'JSX.IntrinsicElements' exists.
app/(onboarding)/onboarding/page.tsx(853,7): error TS7026: JSX element implicitly has type 'any' because no interface 'JSX.IntrinsicElements' exists.
app/(onboarding)/onboarding/page.tsx(854,5): error TS7026: JSX element implicitly has type 'any' because no interface 'JSX.IntrinsicElements' exists.
app/(onboarding)/onboarding/pending/page.tsx(3,18): error TS2307: Cannot find module 'next/link' or its corresponding type declarations.
app/(onboarding)/onboarding/pending/page.tsx(5,42): error TS2307: Cannot find module '@phosphor-icons/react/dist/ssr' or its corresponding type declarations.
app/(onboarding)/onboarding/pending/page.tsx(9,5): error TS7026: JSX element implicitly has type 'any' because no interface 'JSX.IntrinsicElements' exists.
app/(onboarding)/onboarding/pending/page.tsx(9,5): error TS2875: This JSX tag requires the module path 'react/jsx-runtime' to exist, but none could be found. Make sure you have types for the appropriate package installed.
app/(onboarding)/onboarding/pending/page.tsx(10,7): error TS7026: JSX element implicitly has type 'any' because no interface 'JSX.IntrinsicElements' exists.
app/(onboarding)/onboarding/pending/page.tsx(12,9): error TS7026: JSX element implicitly has type 'any' because no interface 'JSX.IntrinsicElements' exists.
app/(onboarding)/onboarding/pending/page.tsx(14,9): error TS7026: JSX element implicitly has type 'any' because no interface 'JSX.IntrinsicElements' exists.
app/(onboarding)/onboarding/pending/page.tsx(17,9): error TS7026: JSX element implicitly has type 'any' because no interface 'JSX.IntrinsicElements' exists.
app/(onboarding)/onboarding/pending/page.tsx(19,9): error TS7026: JSX element implicitly has type 'any' because no interface 'JSX.IntrinsicElements' exists.
app/(onboarding)/onboarding/pending/page.tsx(20,9): error TS7026: JSX element implicitly has type 'any' because no interface 'JSX.IntrinsicElements' exists.
app/(onboarding)/onboarding/pending/page.tsx(22,9): error TS7026: JSX element implicitly has type 'any' because no interface 'JSX.IntrinsicElements' exists.
app/(onboarding)/onboarding/pending/page.tsx(25,9): error TS7026: JSX element implicitly has type 'any' because no interface 'JSX.IntrinsicElements' exists.
app/(onboarding)/onboarding/pending/page.tsx(26,11): error TS7026: JSX element implicitly has type 'any' because no interface 'JSX.IntrinsicElements' exists.
app/(onboarding)/onboarding/pending/page.tsx(26,84): error TS7026: JSX element implicitly has type 'any' because no interface 'JSX.IntrinsicElements' exists.
app/(onboarding)/onboarding/pending/page.tsx(27,11): error TS7026: JSX element implicitly has type 'any' because no interface 'JSX.IntrinsicElements' exists.
app/(onboarding)/onboarding/pending/page.tsx(28,13): error TS7026: JSX element implicitly has type 'any' because no interface 'JSX.IntrinsicElements' exists.
app/(onboarding)/onboarding/pending/page.tsx(29,15): error TS7026: JSX element implicitly has type 'any' because no interface 'JSX.IntrinsicElements' exists.
app/(onboarding)/onboarding/pending/page.tsx(31,15): error TS7026: JSX element implicitly has type 'any' because no interface 'JSX.IntrinsicElements' exists.
app/(onboarding)/onboarding/pending/page.tsx(32,15): error TS7026: JSX element implicitly has type 'any' because no interface 'JSX.IntrinsicElements' exists.
app/(onboarding)/onboarding/pending/page.tsx(32,67): error TS7026: JSX element implicitly has type 'any' because no interface 'JSX.IntrinsicElements' exists.
app/(onboarding)/onboarding/pending/page.tsx(33,13): error TS7026: JSX element implicitly has type 'any' because no interface 'JSX.IntrinsicElements' exists.
app/(onboarding)/onboarding/pending/page.tsx(34,13): error TS7026: JSX element implicitly has type 'any' because no interface 'JSX.IntrinsicElements' exists.
app/(onboarding)/onboarding/pending/page.tsx(35,15): error TS7026: JSX element implicitly has type 'any' because no interface 'JSX.IntrinsicElements' exists.
app/(onboarding)/onboarding/pending/page.tsx(37,15): error TS7026: JSX element implicitly has type 'any' because no interface 'JSX.IntrinsicElements' exists.
app/(onboarding)/onboarding/pending/page.tsx(38,15): error TS7026: JSX element implicitly has type 'any' because no interface 'JSX.IntrinsicElements' exists.
app/(onboarding)/onboarding/pending/page.tsx(38,76): error TS7026: JSX element implicitly has type 'any' because no interface 'JSX.IntrinsicElements' exists.
app/(onboarding)/onboarding/pending/page.tsx(39,13): error TS7026: JSX element implicitly has type 'any' because no interface 'JSX.IntrinsicElements' exists.
app/(onboarding)/onboarding/pending/page.tsx(40,13): error TS7026: JSX element implicitly has type 'any' because no interface 'JSX.IntrinsicElements' exists.
app/(onboarding)/onboarding/pending/page.tsx(41,15): error TS7026: JSX element implicitly has type 'any' because no interface 'JSX.IntrinsicElements' exists.
app/(onboarding)/onboarding/pending/page.tsx(43,15): error TS7026: JSX element implicitly has type 'any' because no interface 'JSX.IntrinsicElements' exists.
app/(onboarding)/onboarding/pending/page.tsx(44,15): error TS7026: JSX element implicitly has type 'any' because no interface 'JSX.IntrinsicElements' exists.
app/(onboarding)/onboarding/pending/page.tsx(44,63): error TS7026: JSX element implicitly has type 'any' because no interface 'JSX.IntrinsicElements' exists.
app/(onboarding)/onboarding/pending/page.tsx(45,13): error TS7026: JSX element implicitly has type 'any' because no interface 'JSX.IntrinsicElements' exists.
app/(onboarding)/onboarding/pending/page.tsx(46,13): error TS7026: JSX element implicitly has type 'any' because no interface 'JSX.IntrinsicElements' exists.
app/(onboarding)/onboarding/pending/page.tsx(47,15): error TS7026: JSX element implicitly has type 'any' because no interface 'JSX.IntrinsicElements' exists.
app/(onboarding)/onboarding/pending/page.tsx(49,15): error TS7026: JSX element implicitly has type 'any' because no interface 'JSX.IntrinsicElements' exists.
app/(onboarding)/onboarding/pending/page.tsx(50,15): error TS7026: JSX element implicitly has type 'any' because no interface 'JSX.IntrinsicElements' exists.
app/(onboarding)/onboarding/pending/page.tsx(50,46): error TS7026: JSX element implicitly has type 'any' because no interface 'JSX.IntrinsicElements' exists.
app/(onboarding)/onboarding/pending/page.tsx(51,13): error TS7026: JSX element implicitly has type 'any' because no interface 'JSX.IntrinsicElements' exists.
app/(onboarding)/onboarding/pending/page.tsx(52,11): error TS7026: JSX element implicitly has type 'any' because no interface 'JSX.IntrinsicElements' exists.
app/(onboarding)/onboarding/pending/page.tsx(53,9): error TS7026: JSX element implicitly has type 'any' because no interface 'JSX.IntrinsicElements' exists.
app/(onboarding)/onboarding/pending/page.tsx(56,9): error TS7026: JSX element implicitly has type 'any' because no interface 'JSX.IntrinsicElements' exists.
app/(onboarding)/onboarding/pending/page.tsx(58,11): error TS7026: JSX element implicitly has type 'any' because no interface 'JSX.IntrinsicElements' exists.
app/(onboarding)/onboarding/pending/page.tsx(58,63): error TS7026: JSX element implicitly has type 'any' because no interface 'JSX.IntrinsicElements' exists.
app/(onboarding)/onboarding/pending/page.tsx(59,9): error TS7026: JSX element implicitly has type 'any' because no interface 'JSX.IntrinsicElements' exists.
app/(onboarding)/onboarding/pending/page.tsx(62,9): error TS7026: JSX element implicitly has type 'any' because no interface 'JSX.IntrinsicElements' exists.
app/(onboarding)/onboarding/pending/page.tsx(67,13): error TS7026: JSX element implicitly has type 'any' because no interface 'JSX.IntrinsicElements' exists.
app/(onboarding)/onboarding/pending/page.tsx(70,13): error TS7026: JSX element implicitly has type 'any' because no interface 'JSX.IntrinsicElements' exists.
app/(onboarding)/onboarding/pending/page.tsx(72,9): error TS7026: JSX element implicitly has type 'any' because no interface 'JSX.IntrinsicElements' exists.
app/(onboarding)/onboarding/pending/page.tsx(73,7): error TS7026: JSX element implicitly has type 'any' because no interface 'JSX.IntrinsicElements' exists.
app/(onboarding)/onboarding/pending/page.tsx(74,5): error TS7026: JSX element implicitly has type 'any' because no interface 'JSX.IntrinsicElements' exists.
app/actions/auth.ts(4,26): error TS2307: Cannot find module 'next/navigation' or its corresponding type declarations.
app/actions/auth.ts(5,25): error TS2307: Cannot find module 'next/headers' or its corresponding type declarations.
app/actions/auth.ts(36,17): error TS2580: Cannot find name 'process'. Do you need to install type definitions for node? Try `npm i --save-dev @types/node`.
app/actions/auth.ts(79,17): error TS2580: Cannot find name 'process'. Do you need to install type definitions for node? Try `npm i --save-dev @types/node`.
app/actions/auth.ts(121,17): error TS2580: Cannot find name 'process'. Do you need to install type definitions for node? Try `npm i --save-dev @types/node`.
app/actions/auth.ts(571,17): error TS2580: Cannot find name 'process'. Do you need to install type definitions for node? Try `npm i --save-dev @types/node`.
app/actions/auth.ts(716,17): error TS2580: Cannot find name 'process'. Do you need to install type definitions for node? Try `npm i --save-dev @types/node`.
app/actions/auth.ts(756,17): error TS2580: Cannot find name 'process'. Do you need to install type definitions for node? Try `npm i --save-dev @types/node`.
app/actions/auth.ts(796,17): error TS2580: Cannot find name 'process'. Do you need to install type definitions for node? Try `npm i --save-dev @types/node`.
app/actions/campaigns.ts(95,41): error TS2339: Property 'cancelCampaign' does not exist on type 'ServiceClient'.
app/actions/campaigns.ts(101,41): error TS2551: Property 'completeCampaign' does not exist on type 'ServiceClient'. Did you mean 'createCampaign'?
app/actions/enrollments.ts(11,19): error TS2307: Cannot find module 'zod' or its corresponding type declarations.
app/actions/enrollments.ts(172,7): error TS2322: Type 'EnrollmentExportRow[]' is not assignable to type 'void'.
app/actions/index.ts(10,1): error TS2308: Module './settings' has already exported a member named 'changeEmail'. Consider explicitly re-exporting to resolve the ambiguity.
app/actions/index.ts(10,1): error TS2308: Module './settings' has already exported a member named 'disable2FA'. Consider explicitly re-exporting to resolve the ambiguity.
app/actions/index.ts(10,1): error TS2308: Module './settings' has already exported a member named 'enable2FA'. Consider explicitly re-exporting to resolve the ambiguity.
app/actions/index.ts(10,1): error TS2308: Module './settings' has already exported a member named 'revokeSession'. Consider explicitly re-exporting to resolve the ambiguity.
app/actions/index.ts(10,1): error TS2308: Module './settings' has already exported a member named 'sendVerificationEmail'. Consider explicitly re-exporting to resolve the ambiguity.
app/actions/index.ts(10,1): error TS2308: Module './settings' has already exported a member named 'updateProfile'. Consider explicitly re-exporting to resolve the ambiguity.
app/actions/invoices.ts(63,20): error TS2580: Cannot find name 'Buffer'. Do you need to install type definitions for node? Try `npm i --save-dev @types/node`.
app/actions/organizations.ts(5,25): error TS2307: Cannot find module 'next/headers' or its corresponding type declarations.
app/actions/organizations.ts(22,15): error TS2580: Cannot find name 'process'. Do you need to install type definitions for node? Try `npm i --save-dev @types/node`.
app/actions/products.ts(5,25): error TS2307: Cannot find module 'next/headers' or its corresponding type declarations.
app/actions/settings.ts(4,20): error TS2307: Cannot find module 'node:crypto' or its corresponding type declarations.
app/actions/settings.ts(13,19): error TS2307: Cannot find module 'zod' or its corresponding type declarations.
app/actions/settings.ts(81,36): error TS2307: Cannot find module 'next/headers' or its corresponding type declarations.
app/actions/settings.ts(179,38): error TS2307: Cannot find module 'next/headers' or its corresponding type declarations.
app/actions/settings.ts(215,32): error TS2339: Property 'removeBankAccount' does not exist on type 'ServiceClient'.
app/actions/settings.ts(238,32): error TS2554: Expected 2 arguments, but got 1.
app/actions/settings.ts(273,7): error TS2353: Object literal may only specify known properties, and 'backupCodes' does not exist in type 'SettingsActionResult'.
app/actions/settings.ts(482,25): error TS2339: Property 'device' does not exist on type 'SessionResponse'.
app/actions/settings.ts(483,26): error TS2339: Property 'browser' does not exist on type 'SessionResponse'.
app/actions/settings.ts(484,27): error TS2339: Property 'location' does not exist on type 'SessionResponse'.
app/actions/settings.ts(485,29): error TS2339: Property 'lastActive' does not exist on type 'SessionResponse'.
app/actions/settings.ts(486,26): error TS2339: Property 'current' does not exist on type 'SessionResponse'.
app/actions/settings.ts(486,58): error TS2339: Property 'current' does not exist on type 'SessionResponse'.
app/actions/settings.ts(487,27): error TS2339: Property 'iconType' does not exist on type 'SessionResponse'.
app/actions/team.ts(5,25): error TS2307: Cannot find module 'next/headers' or its corresponding type declarations.
app/actions/team.ts(18,32): error TS2339: Property 'inviteMember' does not exist on type 'ServiceClient'.
app/actions/wallet.ts(10,25): error TS2307: Cannot find module 'next/headers' or its corresponding type declarations.
app/auth/[path]/page.tsx(1,26): error TS2307: Cannot find module 'next/navigation' or its corresponding type declarations.
app/auth/[path]/page.tsx(2,18): error TS2307: Cannot find module 'next/link' or its corresponding type declarations.
app/auth/[path]/page.tsx(21,13): error TS7026: JSX element implicitly has type 'any' because no interface 'JSX.IntrinsicElements' exists.
app/auth/[path]/page.tsx(21,13): error TS2875: This JSX tag requires the module path 'react/jsx-runtime' to exist, but none could be found. Make sure you have types for the appropriate package installed.
app/auth/[path]/page.tsx(22,17): error TS7026: JSX element implicitly has type 'any' because no interface 'JSX.IntrinsicElements' exists.
app/auth/[path]/page.tsx(22,96): error TS7026: JSX element implicitly has type 'any' because no interface 'JSX.IntrinsicElements' exists.
app/auth/[path]/page.tsx(23,13): error TS7026: JSX element implicitly has type 'any' because no interface 'JSX.IntrinsicElements' exists.
app/auth/layout.tsx(1,18): error TS2307: Cannot find module 'next/link' or its corresponding type declarations.
app/auth/layout.tsx(8,62): error TS2503: Cannot find namespace 'React'.
app/auth/layout.tsx(10,9): error TS7026: JSX element implicitly has type 'any' because no interface 'JSX.IntrinsicElements' exists.
app/auth/layout.tsx(10,9): error TS2875: This JSX tag requires the module path 'react/jsx-runtime' to exist, but none could be found. Make sure you have types for the appropriate package installed.
app/auth/layout.tsx(11,13): error TS7026: JSX element implicitly has type 'any' because no interface 'JSX.IntrinsicElements' exists.
app/auth/layout.tsx(12,17): error TS7026: JSX element implicitly has type 'any' because no interface 'JSX.IntrinsicElements' exists.
app/auth/layout.tsx(17,17): error TS7026: JSX element implicitly has type 'any' because no interface 'JSX.IntrinsicElements' exists.
app/auth/layout.tsx(18,13): error TS7026: JSX element implicitly has type 'any' because no interface 'JSX.IntrinsicElements' exists.
app/auth/layout.tsx(19,13): error TS7026: JSX element implicitly has type 'any' because no interface 'JSX.IntrinsicElements' exists.
app/auth/layout.tsx(21,13): error TS7026: JSX element implicitly has type 'any' because no interface 'JSX.IntrinsicElements' exists.
app/auth/layout.tsx(22,9): error TS7026: JSX element implicitly has type 'any' because no interface 'JSX.IntrinsicElements' exists.
app/forgot-password/page.tsx(3,24): error TS2307: Cannot find module 'react' or its corresponding type declarations.
app/forgot-password/page.tsx(4,18): error TS2307: Cannot find module 'next/link' or its corresponding type declarations.
app/forgot-password/page.tsx(5,25): error TS2307: Cannot find module 'react-hook-form' or its corresponding type declarations.
app/forgot-password/page.tsx(6,29): error TS2307: Cannot find module '@hookform/resolvers/zod' or its corresponding type declarations.
app/forgot-password/page.tsx(10,52): error TS2307: Cannot find module '@phosphor-icons/react' or its corresponding type declarations.
app/forgot-password/page.tsx(50,5): error TS7026: JSX element implicitly has type 'any' because no interface 'JSX.IntrinsicElements' exists.
app/forgot-password/page.tsx(50,5): error TS2875: This JSX tag requires the module path 'react/jsx-runtime' to exist, but none could be found. Make sure you have types for the appropriate package installed.
app/forgot-password/page.tsx(51,7): error TS7026: JSX element implicitly has type 'any' because no interface 'JSX.IntrinsicElements' exists.
app/forgot-password/page.tsx(58,7): error TS7026: JSX element implicitly has type 'any' because no interface 'JSX.IntrinsicElements' exists.
app/forgot-password/page.tsx(60,7): error TS7026: JSX element implicitly has type 'any' because no interface 'JSX.IntrinsicElements' exists.
app/forgot-password/page.tsx(61,9): error TS7026: JSX element implicitly has type 'any' because no interface 'JSX.IntrinsicElements' exists.
app/forgot-password/page.tsx(62,11): error TS7026: JSX element implicitly has type 'any' because no interface 'JSX.IntrinsicElements' exists.
app/forgot-password/page.tsx(63,13): error TS7026: JSX element implicitly has type 'any' because no interface 'JSX.IntrinsicElements' exists.
app/forgot-password/page.tsx(64,15): error TS7026: JSX element implicitly has type 'any' because no interface 'JSX.IntrinsicElements' exists.
app/forgot-password/page.tsx(66,15): error TS7026: JSX element implicitly has type 'any' because no interface 'JSX.IntrinsicElements' exists.
app/forgot-password/page.tsx(67,15): error TS7026: JSX element implicitly has type 'any' because no interface 'JSX.IntrinsicElements' exists.
app/forgot-password/page.tsx(67,87): error TS7026: JSX element implicitly has type 'any' because no interface 'JSX.IntrinsicElements' exists.
app/forgot-password/page.tsx(68,15): error TS7026: JSX element implicitly has type 'any' because no interface 'JSX.IntrinsicElements' exists.
app/forgot-password/page.tsx(70,15): error TS7026: JSX element implicitly has type 'any' because no interface 'JSX.IntrinsicElements' exists.
app/forgot-password/page.tsx(71,13): error TS7026: JSX element implicitly has type 'any' because no interface 'JSX.IntrinsicElements' exists.
app/forgot-password/page.tsx(74,16): error TS2322: Type '{ children: any; variant: string; size: string; className: string; }' is not assignable to type 'CalloutProps'.
  Property 'children' does not exist on type 'CalloutProps'.
app/forgot-password/page.tsx(80,15): error TS7026: JSX element implicitly has type 'any' because no interface 'JSX.IntrinsicElements' exists.
app/forgot-password/page.tsx(81,18): error TS2322: Type '{ children: any[]; variant: string; }' is not assignable to type 'CalloutProps'.
  Property 'children' does not exist on type 'CalloutProps'.
app/forgot-password/page.tsx(82,19): error TS7026: JSX element implicitly has type 'any' because no interface 'JSX.IntrinsicElements' exists.
app/forgot-password/page.tsx(82,44): error TS7026: JSX element implicitly has type 'any' because no interface 'JSX.IntrinsicElements' exists.
app/forgot-password/page.tsx(87,15): error TS7026: JSX element implicitly has type 'any' because no interface 'JSX.IntrinsicElements' exists.
app/forgot-password/page.tsx(89,15): error TS7026: JSX element implicitly has type 'any' because no interface 'JSX.IntrinsicElements' exists.
app/forgot-password/page.tsx(90,17): error TS7026: JSX element implicitly has type 'any' because no interface 'JSX.IntrinsicElements' exists.
app/forgot-password/page.tsx(91,19): error TS7026: JSX element implicitly has type 'any' because no interface 'JSX.IntrinsicElements' exists.
app/forgot-password/page.tsx(93,19): error TS7026: JSX element implicitly has type 'any' because no interface 'JSX.IntrinsicElements' exists.
app/forgot-password/page.tsx(94,20): error TS2322: Type '{ children: any; hasError: boolean; }' is not assignable to type 'InputRootProps'.
  Property 'children' does not exist on type 'InputRootProps'.
app/forgot-password/page.tsx(109,21): error TS7026: JSX element implicitly has type 'any' because no interface 'JSX.IntrinsicElements' exists.
app/forgot-password/page.tsx(112,21): error TS7026: JSX element implicitly has type 'any' because no interface 'JSX.IntrinsicElements' exists.
app/forgot-password/page.tsx(114,17): error TS7026: JSX element implicitly has type 'any' because no interface 'JSX.IntrinsicElements' exists.
app/forgot-password/page.tsx(124,15): error TS7026: JSX element implicitly has type 'any' because no interface 'JSX.IntrinsicElements' exists.
app/forgot-password/page.tsx(126,11): error TS7026: JSX element implicitly has type 'any' because no interface 'JSX.IntrinsicElements' exists.
app/forgot-password/page.tsx(127,9): error TS7026: JSX element implicitly has type 'any' because no interface 'JSX.IntrinsicElements' exists.
app/forgot-password/page.tsx(128,7): error TS7026: JSX element implicitly has type 'any' because no interface 'JSX.IntrinsicElements' exists.
app/forgot-password/page.tsx(129,5): error TS7026: JSX element implicitly has type 'any' because no interface 'JSX.IntrinsicElements' exists.
app/global-error.tsx(13,5): error TS7026: JSX element implicitly has type 'any' because no interface 'JSX.IntrinsicElements' exists.
app/global-error.tsx(13,5): error TS2875: This JSX tag requires the module path 'react/jsx-runtime' to exist, but none could be found. Make sure you have types for the appropriate package installed.
app/global-error.tsx(14,7): error TS7026: JSX element implicitly has type 'any' because no interface 'JSX.IntrinsicElements' exists.
app/global-error.tsx(16,7): error TS7026: JSX element implicitly has type 'any' because no interface 'JSX.IntrinsicElements' exists.
app/global-error.tsx(17,5): error TS7026: JSX element implicitly has type 'any' because no interface 'JSX.IntrinsicElements' exists.
app/layout.tsx(1,31): error TS2307: Cannot find module 'next' or its corresponding type declarations.
app/layout.tsx(2,35): error TS2307: Cannot find module 'next/font/google' or its corresponding type declarations.
app/layout.tsx(3,23): error TS2307: Cannot find module 'next/font/local' or its corresponding type declarations.
app/layout.tsx(7,31): error TS2307: Cannot find module '@vercel/speed-insights/next' or its corresponding type declarations.
app/layout.tsx(8,27): error TS2307: Cannot find module '@vercel/analytics/next' or its corresponding type declarations.
app/layout.tsx(38,15): error TS2503: Cannot find namespace 'React'.
app/layout.tsx(41,9): error TS7026: JSX element implicitly has type 'any' because no interface 'JSX.IntrinsicElements' exists.
app/layout.tsx(41,9): error TS2875: This JSX tag requires the module path 'react/jsx-runtime' to exist, but none could be found. Make sure you have types for the appropriate package installed.
app/layout.tsx(51,13): error TS7026: JSX element implicitly has type 'any' because no interface 'JSX.IntrinsicElements' exists.
app/layout.tsx(55,13): error TS7026: JSX element implicitly has type 'any' because no interface 'JSX.IntrinsicElements' exists.
app/layout.tsx(56,9): error TS7026: JSX element implicitly has type 'any' because no interface 'JSX.IntrinsicElements' exists.
app/not-found.tsx(3,18): error TS2307: Cannot find module 'next/link' or its corresponding type declarations.
app/not-found.tsx(5,70): error TS2307: Cannot find module '@phosphor-icons/react/dist/ssr' or its corresponding type declarations.
app/not-found.tsx(9,5): error TS7026: JSX element implicitly has type 'any' because no interface 'JSX.IntrinsicElements' exists.
app/not-found.tsx(9,5): error TS2875: This JSX tag requires the module path 'react/jsx-runtime' to exist, but none could be found. Make sure you have types for the appropriate package installed.
app/not-found.tsx(11,7): error TS7026: JSX element implicitly has type 'any' because no interface 'JSX.IntrinsicElements' exists.
app/not-found.tsx(13,11): error TS7026: JSX element implicitly has type 'any' because no interface 'JSX.IntrinsicElements' exists.
app/not-found.tsx(14,13): error TS7026: JSX element implicitly has type 'any' because no interface 'JSX.IntrinsicElements' exists.
app/not-found.tsx(14,84): error TS7026: JSX element implicitly has type 'any' because no interface 'JSX.IntrinsicElements' exists.
app/not-found.tsx(15,11): error TS7026: JSX element implicitly has type 'any' because no interface 'JSX.IntrinsicElements' exists.
app/not-found.tsx(16,11): error TS7026: JSX element implicitly has type 'any' because no interface 'JSX.IntrinsicElements' exists.
app/not-found.tsx(18,11): error TS7026: JSX element implicitly has type 'any' because no interface 'JSX.IntrinsicElements' exists.
app/not-found.tsx(23,7): error TS7026: JSX element implicitly has type 'any' because no interface 'JSX.IntrinsicElements' exists.
app/not-found.tsx(26,7): error TS7026: JSX element implicitly has type 'any' because no interface 'JSX.IntrinsicElements' exists.
app/not-found.tsx(27,9): error TS7026: JSX element implicitly has type 'any' because no interface 'JSX.IntrinsicElements' exists.
app/not-found.tsx(28,11): error TS7026: JSX element implicitly has type 'any' because no interface 'JSX.IntrinsicElements' exists.
app/not-found.tsx(30,13): error TS7026: JSX element implicitly has type 'any' because no interface 'JSX.IntrinsicElements' exists.
app/not-found.tsx(31,15): error TS7026: JSX element implicitly has type 'any' because no interface 'JSX.IntrinsicElements' exists.
app/not-found.tsx(33,17): error TS7026: JSX element implicitly has type 'any' because no interface 'JSX.IntrinsicElements' exists.
app/not-found.tsx(34,17): error TS7026: JSX element implicitly has type 'any' because no interface 'JSX.IntrinsicElements' exists.
app/not-found.tsx(36,17): error TS7026: JSX element implicitly has type 'any' because no interface 'JSX.IntrinsicElements' exists.
app/not-found.tsx(38,17): error TS7026: JSX element implicitly has type 'any' because no interface 'JSX.IntrinsicElements' exists.
app/not-found.tsx(39,15): error TS7026: JSX element implicitly has type 'any' because no interface 'JSX.IntrinsicElements' exists.
app/not-found.tsx(40,13): error TS7026: JSX element implicitly has type 'any' because no interface 'JSX.IntrinsicElements' exists.
app/not-found.tsx(43,13): error TS7026: JSX element implicitly has type 'any' because no interface 'JSX.IntrinsicElements' exists.
app/not-found.tsx(44,15): error TS7026: JSX element implicitly has type 'any' because no interface 'JSX.IntrinsicElements' exists.
app/not-found.tsx(44,30): error TS7026: JSX element implicitly has type 'any' because no interface 'JSX.IntrinsicElements' exists.
app/not-found.tsx(45,13): error TS7026: JSX element implicitly has type 'any' because no interface 'JSX.IntrinsicElements' exists.
app/not-found.tsx(48,13): error TS7026: JSX element implicitly has type 'any' because no interface 'JSX.IntrinsicElements' exists.
app/not-found.tsx(50,13): error TS7026: JSX element implicitly has type 'any' because no interface 'JSX.IntrinsicElements' exists.
app/not-found.tsx(51,13): error TS7026: JSX element implicitly has type 'any' because no interface 'JSX.IntrinsicElements' exists.
app/not-found.tsx(53,13): error TS7026: JSX element implicitly has type 'any' because no interface 'JSX.IntrinsicElements' exists.
app/not-found.tsx(56,13): error TS7026: JSX element implicitly has type 'any' because no interface 'JSX.IntrinsicElements' exists.
app/not-found.tsx(69,13): error TS7026: JSX element implicitly has type 'any' because no interface 'JSX.IntrinsicElements' exists.
app/not-found.tsx(72,13): error TS7026: JSX element implicitly has type 'any' because no interface 'JSX.IntrinsicElements' exists.
app/not-found.tsx(73,15): error TS7026: JSX element implicitly has type 'any' because no interface 'JSX.IntrinsicElements' exists.
app/not-found.tsx(73,87): error TS7026: JSX element implicitly has type 'any' because no interface 'JSX.IntrinsicElements' exists.
app/not-found.tsx(74,15): error TS7026: JSX element implicitly has type 'any' because no interface 'JSX.IntrinsicElements' exists.
app/not-found.tsx(75,17): error TS7026: JSX element implicitly has type 'any' because no interface 'JSX.IntrinsicElements' exists.
app/not-found.tsx(76,19): error TS7026: JSX element implicitly has type 'any' because no interface 'JSX.IntrinsicElements' exists.
app/not-found.tsx(78,19): error TS7026: JSX element implicitly has type 'any' because no interface 'JSX.IntrinsicElements' exists.
app/not-found.tsx(79,19): error TS7026: JSX element implicitly has type 'any' because no interface 'JSX.IntrinsicElements' exists.
app/not-found.tsx(79,48): error TS7026: JSX element implicitly has type 'any' because no interface 'JSX.IntrinsicElements' exists.
app/not-found.tsx(80,17): error TS7026: JSX element implicitly has type 'any' because no interface 'JSX.IntrinsicElements' exists.
app/not-found.tsx(81,17): error TS7026: JSX element implicitly has type 'any' because no interface 'JSX.IntrinsicElements' exists.
app/not-found.tsx(82,19): error TS7026: JSX element implicitly has type 'any' because no interface 'JSX.IntrinsicElements' exists.
app/not-found.tsx(84,19): error TS7026: JSX element implicitly has type 'any' because no interface 'JSX.IntrinsicElements' exists.
app/not-found.tsx(85,19): error TS7026: JSX element implicitly has type 'any' because no interface 'JSX.IntrinsicElements' exists.
app/not-found.tsx(85,51): error TS7026: JSX element implicitly has type 'any' because no interface 'JSX.IntrinsicElements' exists.
app/not-found.tsx(86,17): error TS7026: JSX element implicitly has type 'any' because no interface 'JSX.IntrinsicElements' exists.
app/not-found.tsx(87,17): error TS7026: JSX element implicitly has type 'any' because no interface 'JSX.IntrinsicElements' exists.
app/not-found.tsx(88,19): error TS7026: JSX element implicitly has type 'any' because no interface 'JSX.IntrinsicElements' exists.
app/not-found.tsx(90,19): error TS7026: JSX element implicitly has type 'any' because no interface 'JSX.IntrinsicElements' exists.
app/not-found.tsx(91,19): error TS7026: JSX element implicitly has type 'any' because no interface 'JSX.IntrinsicElements' exists.
app/not-found.tsx(92,21): error TS7026: JSX element implicitly has type 'any' because no interface 'JSX.IntrinsicElements' exists.
app/not-found.tsx(94,21): error TS7026: JSX element implicitly has type 'any' because no interface 'JSX.IntrinsicElements' exists.
app/not-found.tsx(96,19): error TS7026: JSX element implicitly has type 'any' because no interface 'JSX.IntrinsicElements' exists.
app/not-found.tsx(97,17): error TS7026: JSX element implicitly has type 'any' because no interface 'JSX.IntrinsicElements' exists.
app/not-found.tsx(98,15): error TS7026: JSX element implicitly has type 'any' because no interface 'JSX.IntrinsicElements' exists.
app/not-found.tsx(99,13): error TS7026: JSX element implicitly has type 'any' because no interface 'JSX.IntrinsicElements' exists.
app/not-found.tsx(100,11): error TS7026: JSX element implicitly has type 'any' because no interface 'JSX.IntrinsicElements' exists.
app/not-found.tsx(101,9): error TS7026: JSX element implicitly has type 'any' because no interface 'JSX.IntrinsicElements' exists.
app/not-found.tsx(102,7): error TS7026: JSX element implicitly has type 'any' because no interface 'JSX.IntrinsicElements' exists.
app/not-found.tsx(105,7): error TS7026: JSX element implicitly has type 'any' because no interface 'JSX.IntrinsicElements' exists.
app/not-found.tsx(106,9): error TS7026: JSX element implicitly has type 'any' because no interface 'JSX.IntrinsicElements' exists.
app/not-found.tsx(108,9): error TS7026: JSX element implicitly has type 'any' because no interface 'JSX.IntrinsicElements' exists.
app/not-found.tsx(109,7): error TS7026: JSX element implicitly has type 'any' because no interface 'JSX.IntrinsicElements' exists.
app/not-found.tsx(110,5): error TS7026: JSX element implicitly has type 'any' because no interface 'JSX.IntrinsicElements' exists.
app/page.tsx(3,18): error TS2307: Cannot find module 'next/link' or its corresponding type declarations.
app/page.tsx(37,8): error TS2307: Cannot find module '@phosphor-icons/react' or its corresponding type declarations.
app/page.tsx(38,26): error TS2307: Cannot find module 'react' or its corresponding type declarations.
app/page.tsx(45,5): error TS7026: JSX element implicitly has type 'any' because no interface 'JSX.IntrinsicElements' exists.
app/page.tsx(46,7): error TS7026: JSX element implicitly has type 'any' because no interface 'JSX.IntrinsicElements' exists.
app/page.tsx(47,9): error TS7026: JSX element implicitly has type 'any' because no interface 'JSX.IntrinsicElements' exists.
app/page.tsx(49,13): error TS7026: JSX element implicitly has type 'any' because no interface 'JSX.IntrinsicElements' exists.
app/page.tsx(54,13): error TS7026: JSX element implicitly has type 'any' because no interface 'JSX.IntrinsicElements' exists.
app/page.tsx(58,11): error TS7026: JSX element implicitly has type 'any' because no interface 'JSX.IntrinsicElements' exists.
app/page.tsx(71,11): error TS7026: JSX element implicitly has type 'any' because no interface 'JSX.IntrinsicElements' exists.
app/page.tsx(73,11): error TS7026: JSX element implicitly has type 'any' because no interface 'JSX.IntrinsicElements' exists.
app/page.tsx(91,11): error TS7026: JSX element implicitly has type 'any' because no interface 'JSX.IntrinsicElements' exists.
app/page.tsx(92,9): error TS7026: JSX element implicitly has type 'any' because no interface 'JSX.IntrinsicElements' exists.
app/page.tsx(96,11): error TS7026: JSX element implicitly has type 'any' because no interface 'JSX.IntrinsicElements' exists.
app/page.tsx(109,13): error TS7026: JSX element implicitly has type 'any' because no interface 'JSX.IntrinsicElements' exists.
app/page.tsx(116,13): error TS7026: JSX element implicitly has type 'any' because no interface 'JSX.IntrinsicElements' exists.
app/page.tsx(117,11): error TS7026: JSX element implicitly has type 'any' because no interface 'JSX.IntrinsicElements' exists.
app/page.tsx(119,7): error TS7026: JSX element implicitly has type 'any' because no interface 'JSX.IntrinsicElements' exists.
app/page.tsx(120,5): error TS7026: JSX element implicitly has type 'any' because no interface 'JSX.IntrinsicElements' exists.
app/page.tsx(127,5): error TS7026: JSX element implicitly has type 'any' because no interface 'JSX.IntrinsicElements' exists.
app/page.tsx(129,7): error TS7026: JSX element implicitly has type 'any' because no interface 'JSX.IntrinsicElements' exists.
app/page.tsx(131,7): error TS7026: JSX element implicitly has type 'any' because no interface 'JSX.IntrinsicElements' exists.
app/page.tsx(132,9): error TS7026: JSX element implicitly has type 'any' because no interface 'JSX.IntrinsicElements' exists.
app/page.tsx(134,11): error TS7026: JSX element implicitly has type 'any' because no interface 'JSX.IntrinsicElements' exists.
app/page.tsx(135,13): error TS7026: JSX element implicitly has type 'any' because no interface 'JSX.IntrinsicElements' exists.
app/page.tsx(136,15): error TS7026: JSX element implicitly has type 'any' because no interface 'JSX.IntrinsicElements' exists.
app/page.tsx(141,15): error TS7026: JSX element implicitly has type 'any' because no interface 'JSX.IntrinsicElements' exists.
app/page.tsx(143,15): error TS7026: JSX element implicitly has type 'any' because no interface 'JSX.IntrinsicElements' exists.
app/page.tsx(144,13): error TS7026: JSX element implicitly has type 'any' because no interface 'JSX.IntrinsicElements' exists.
app/page.tsx(145,11): error TS7026: JSX element implicitly has type 'any' because no interface 'JSX.IntrinsicElements' exists.
app/page.tsx(148,11): error TS7026: JSX element implicitly has type 'any' because no interface 'JSX.IntrinsicElements' exists.
app/page.tsx(150,13): error TS7026: JSX element implicitly has type 'any' because no interface 'JSX.IntrinsicElements' exists.
app/page.tsx(150,110): error TS7026: JSX element implicitly has type 'any' because no interface 'JSX.IntrinsicElements' exists.
app/page.tsx(151,11): error TS7026: JSX element implicitly has type 'any' because no interface 'JSX.IntrinsicElements' exists.
app/page.tsx(154,11): error TS7026: JSX element implicitly has type 'any' because no interface 'JSX.IntrinsicElements' exists.
app/page.tsx(156,13): error TS7026: JSX element implicitly has type 'any' because no interface 'JSX.IntrinsicElements' exists.
app/page.tsx(156,68): error TS7026: JSX element implicitly has type 'any' because no interface 'JSX.IntrinsicElements' exists.
app/page.tsx(157,11): error TS7026: JSX element implicitly has type 'any' because no interface 'JSX.IntrinsicElements' exists.
app/page.tsx(160,11): error TS7026: JSX element implicitly has type 'any' because no interface 'JSX.IntrinsicElements' exists.
app/page.tsx(163,11): error TS7026: JSX element implicitly has type 'any' because no interface 'JSX.IntrinsicElements' exists.
app/page.tsx(166,11): error TS7026: JSX element implicitly has type 'any' because no interface 'JSX.IntrinsicElements' exists.
app/page.tsx(179,11): error TS7026: JSX element implicitly has type 'any' because no interface 'JSX.IntrinsicElements' exists.
app/page.tsx(182,11): error TS7026: JSX element implicitly has type 'any' because no interface 'JSX.IntrinsicElements' exists.
app/page.tsx(184,15): error TS7026: JSX element implicitly has type 'any' because no interface 'JSX.IntrinsicElements' exists.
app/page.tsx(185,17): error TS7026: JSX element implicitly has type 'any' because no interface 'JSX.IntrinsicElements' exists.
app/page.tsx(185,95): error TS7026: JSX element implicitly has type 'any' because no interface 'JSX.IntrinsicElements' exists.
app/page.tsx(186,17): error TS7026: JSX element implicitly has type 'any' because no interface 'JSX.IntrinsicElements' exists.
app/page.tsx(186,89): error TS7026: JSX element implicitly has type 'any' because no interface 'JSX.IntrinsicElements' exists.
app/page.tsx(187,15): error TS7026: JSX element implicitly has type 'any' because no interface 'JSX.IntrinsicElements' exists.
app/page.tsx(189,11): error TS7026: JSX element implicitly has type 'any' because no interface 'JSX.IntrinsicElements' exists.
app/page.tsx(190,9): error TS7026: JSX element implicitly has type 'any' because no interface 'JSX.IntrinsicElements' exists.
app/page.tsx(193,9): error TS7026: JSX element implicitly has type 'any' because no interface 'JSX.IntrinsicElements' exists.
app/page.tsx(194,11): error TS7026: JSX element implicitly has type 'any' because no interface 'JSX.IntrinsicElements' exists.
app/page.tsx(196,13): error TS7026: JSX element implicitly has type 'any' because no interface 'JSX.IntrinsicElements' exists.
app/page.tsx(198,15): error TS7026: JSX element implicitly has type 'any' because no interface 'JSX.IntrinsicElements' exists.
app/page.tsx(199,17): error TS7026: JSX element implicitly has type 'any' because no interface 'JSX.IntrinsicElements' exists.
app/page.tsx(200,19): error TS7026: JSX element implicitly has type 'any' because no interface 'JSX.IntrinsicElements' exists.
app/page.tsx(201,19): error TS7026: JSX element implicitly has type 'any' because no interface 'JSX.IntrinsicElements' exists.
app/page.tsx(202,19): error TS7026: JSX element implicitly has type 'any' because no interface 'JSX.IntrinsicElements' exists.
app/page.tsx(203,17): error TS7026: JSX element implicitly has type 'any' because no interface 'JSX.IntrinsicElements' exists.
app/page.tsx(204,17): error TS7026: JSX element implicitly has type 'any' because no interface 'JSX.IntrinsicElements' exists.
app/page.tsx(205,19): error TS7026: JSX element implicitly has type 'any' because no interface 'JSX.IntrinsicElements' exists.
app/page.tsx(208,19): error TS7026: JSX element implicitly has type 'any' because no interface 'JSX.IntrinsicElements' exists.
app/page.tsx(209,17): error TS7026: JSX element implicitly has type 'any' because no interface 'JSX.IntrinsicElements' exists.
app/page.tsx(210,15): error TS7026: JSX element implicitly has type 'any' because no interface 'JSX.IntrinsicElements' exists.
app/page.tsx(214,17): error TS7026: JSX element implicitly has type 'any' because no interface 'JSX.IntrinsicElements' exists.
app/page.tsx(216,19): error TS7026: JSX element implicitly has type 'any' because no interface 'JSX.IntrinsicElements' exists.
app/page.tsx(218,21): error TS7026: JSX element implicitly has type 'any' because no interface 'JSX.IntrinsicElements' exists.
app/page.tsx(225,25): error TS7026: JSX element implicitly has type 'any' because no interface 'JSX.IntrinsicElements' exists.
app/page.tsx(226,27): error TS7026: JSX element implicitly has type 'any' because no interface 'JSX.IntrinsicElements' exists.
app/page.tsx(232,42): error TS7026: JSX element implicitly has type 'any' because no interface 'JSX.IntrinsicElements' exists.
app/page.tsx(233,27): error TS7026: JSX element implicitly has type 'any' because no interface 'JSX.IntrinsicElements' exists.
app/page.tsx(233,115): error TS7026: JSX element implicitly has type 'any' because no interface 'JSX.IntrinsicElements' exists.
app/page.tsx(234,25): error TS7026: JSX element implicitly has type 'any' because no interface 'JSX.IntrinsicElements' exists.
app/page.tsx(236,21): error TS7026: JSX element implicitly has type 'any' because no interface 'JSX.IntrinsicElements' exists.
app/page.tsx(239,21): error TS7026: JSX element implicitly has type 'any' because no interface 'JSX.IntrinsicElements' exists.
app/page.tsx(240,23): error TS7026: JSX element implicitly has type 'any' because no interface 'JSX.IntrinsicElements' exists.
app/page.tsx(240,94): error TS7026: JSX element implicitly has type 'any' because no interface 'JSX.IntrinsicElements' exists.
app/page.tsx(241,23): error TS7026: JSX element implicitly has type 'any' because no interface 'JSX.IntrinsicElements' exists.
app/page.tsx(243,27): error TS7026: JSX element implicitly has type 'any' because no interface 'JSX.IntrinsicElements' exists.
app/page.tsx(245,23): error TS7026: JSX element implicitly has type 'any' because no interface 'JSX.IntrinsicElements' exists.
app/page.tsx(246,21): error TS7026: JSX element implicitly has type 'any' because no interface 'JSX.IntrinsicElements' exists.
app/page.tsx(249,21): error TS7026: JSX element implicitly has type 'any' because no interface 'JSX.IntrinsicElements' exists.
app/page.tsx(250,23): error TS7026: JSX element implicitly has type 'any' because no interface 'JSX.IntrinsicElements' exists.
app/page.tsx(250,83): error TS7026: JSX element implicitly has type 'any' because no interface 'JSX.IntrinsicElements' exists.
app/page.tsx(252,25): error TS7026: JSX element implicitly has type 'any' because no interface 'JSX.IntrinsicElements' exists.
app/page.tsx(253,27): error TS7026: JSX element implicitly has type 'any' because no interface 'JSX.IntrinsicElements' exists.
app/page.tsx(254,27): error TS7026: JSX element implicitly has type 'any' because no interface 'JSX.IntrinsicElements' exists.
app/page.tsx(255,29): error TS7026: JSX element implicitly has type 'any' because no interface 'JSX.IntrinsicElements' exists.
app/page.tsx(256,29): error TS7026: JSX element implicitly has type 'any' because no interface 'JSX.IntrinsicElements' exists.
app/page.tsx(257,27): error TS7026: JSX element implicitly has type 'any' because no interface 'JSX.IntrinsicElements' exists.
app/page.tsx(258,25): error TS7026: JSX element implicitly has type 'any' because no interface 'JSX.IntrinsicElements' exists.
app/page.tsx(260,21): error TS7026: JSX element implicitly has type 'any' because no interface 'JSX.IntrinsicElements' exists.
app/page.tsx(261,19): error TS7026: JSX element implicitly has type 'any' because no interface 'JSX.IntrinsicElements' exists.
app/page.tsx(264,19): error TS7026: JSX element implicitly has type 'any' because no interface 'JSX.IntrinsicElements' exists.
app/page.tsx(265,21): error TS7026: JSX element implicitly has type 'any' because no interface 'JSX.IntrinsicElements' exists.
app/page.tsx(266,23): error TS7026: JSX element implicitly has type 'any' because no interface 'JSX.IntrinsicElements' exists.
app/page.tsx(267,25): error TS7026: JSX element implicitly has type 'any' because no interface 'JSX.IntrinsicElements' exists.
app/page.tsx(267,95): error TS7026: JSX element implicitly has type 'any' because no interface 'JSX.IntrinsicElements' exists.
app/page.tsx(269,23): error TS7026: JSX element implicitly has type 'any' because no interface 'JSX.IntrinsicElements' exists.
app/page.tsx(270,21): error TS7026: JSX element implicitly has type 'any' because no interface 'JSX.IntrinsicElements' exists.
app/page.tsx(271,19): error TS7026: JSX element implicitly has type 'any' because no interface 'JSX.IntrinsicElements' exists.
app/page.tsx(272,17): error TS7026: JSX element implicitly has type 'any' because no interface 'JSX.IntrinsicElements' exists.
app/page.tsx(274,13): error TS7026: JSX element implicitly has type 'any' because no interface 'JSX.IntrinsicElements' exists.
app/page.tsx(275,11): error TS7026: JSX element implicitly has type 'any' because no interface 'JSX.IntrinsicElements' exists.
app/page.tsx(276,9): error TS7026: JSX element implicitly has type 'any' because no interface 'JSX.IntrinsicElements' exists.
app/page.tsx(277,7): error TS7026: JSX element implicitly has type 'any' because no interface 'JSX.IntrinsicElements' exists.
app/page.tsx(278,5): error TS7026: JSX element implicitly has type 'any' because no interface 'JSX.IntrinsicElements' exists.
app/page.tsx(289,5): error TS7026: JSX element implicitly has type 'any' because no interface 'JSX.IntrinsicElements' exists.
app/page.tsx(290,7): error TS7026: JSX element implicitly has type 'any' because no interface 'JSX.IntrinsicElements' exists.
app/page.tsx(291,9): error TS7026: JSX element implicitly has type 'any' because no interface 'JSX.IntrinsicElements' exists.
app/page.tsx(293,9): error TS7026: JSX element implicitly has type 'any' because no interface 'JSX.IntrinsicElements' exists.
app/page.tsx(294,9): error TS7026: JSX element implicitly has type 'any' because no interface 'JSX.IntrinsicElements' exists.
app/page.tsx(296,13): error TS7026: JSX element implicitly has type 'any' because no interface 'JSX.IntrinsicElements' exists.
app/page.tsx(298,13): error TS7026: JSX element implicitly has type 'any' because no interface 'JSX.IntrinsicElements' exists.
app/page.tsx(300,9): error TS7026: JSX element implicitly has type 'any' because no interface 'JSX.IntrinsicElements' exists.
app/page.tsx(301,7): error TS7026: JSX element implicitly has type 'any' because no interface 'JSX.IntrinsicElements' exists.
app/page.tsx(302,5): error TS7026: JSX element implicitly has type 'any' because no interface 'JSX.IntrinsicElements' exists.
app/page.tsx(357,5): error TS7026: JSX element implicitly has type 'any' because no interface 'JSX.IntrinsicElements' exists.
app/page.tsx(358,7): error TS7026: JSX element implicitly has type 'any' because no interface 'JSX.IntrinsicElements' exists.
app/page.tsx(359,9): error TS7026: JSX element implicitly has type 'any' because no interface 'JSX.IntrinsicElements' exists.
app/page.tsx(360,11): error TS7026: JSX element implicitly has type 'any' because no interface 'JSX.IntrinsicElements' exists.
app/page.tsx(362,13): error TS7026: JSX element implicitly has type 'any' because no interface 'JSX.IntrinsicElements' exists.
app/page.tsx(362,92): error TS7026: JSX element implicitly has type 'any' because no interface 'JSX.IntrinsicElements' exists.
app/page.tsx(363,11): error TS7026: JSX element implicitly has type 'any' because no interface 'JSX.IntrinsicElements' exists.
app/page.tsx(364,11): error TS7026: JSX element implicitly has type 'any' because no interface 'JSX.IntrinsicElements' exists.
app/page.tsx(366,11): error TS7026: JSX element implicitly has type 'any' because no interface 'JSX.IntrinsicElements' exists.
app/page.tsx(367,11): error TS7026: JSX element implicitly has type 'any' because no interface 'JSX.IntrinsicElements' exists.
app/page.tsx(369,11): error TS7026: JSX element implicitly has type 'any' because no interface 'JSX.IntrinsicElements' exists.
app/page.tsx(370,9): error TS7026: JSX element implicitly has type 'any' because no interface 'JSX.IntrinsicElements' exists.
app/page.tsx(372,9): error TS7026: JSX element implicitly has type 'any' because no interface 'JSX.IntrinsicElements' exists.
app/page.tsx(374,13): error TS7026: JSX element implicitly has type 'any' because no interface 'JSX.IntrinsicElements' exists.
app/page.tsx(379,15): error TS7026: JSX element implicitly has type 'any' because no interface 'JSX.IntrinsicElements' exists.
app/page.tsx(381,15): error TS7026: JSX element implicitly has type 'any' because no interface 'JSX.IntrinsicElements' exists.
app/page.tsx(382,15): error TS7026: JSX element implicitly has type 'any' because no interface 'JSX.IntrinsicElements' exists.
app/page.tsx(382,86): error TS7026: JSX element implicitly has type 'any' because no interface 'JSX.IntrinsicElements' exists.
app/page.tsx(383,15): error TS7026: JSX element implicitly has type 'any' because no interface 'JSX.IntrinsicElements' exists.
app/page.tsx(383,87): error TS7026: JSX element implicitly has type 'any' because no interface 'JSX.IntrinsicElements' exists.
app/page.tsx(384,15): error TS7026: JSX element implicitly has type 'any' because no interface 'JSX.IntrinsicElements' exists.
app/page.tsx(386,15): error TS7026: JSX element implicitly has type 'any' because no interface 'JSX.IntrinsicElements' exists.
app/page.tsx(387,13): error TS7026: JSX element implicitly has type 'any' because no interface 'JSX.IntrinsicElements' exists.
app/page.tsx(389,9): error TS7026: JSX element implicitly has type 'any' because no interface 'JSX.IntrinsicElements' exists.
app/page.tsx(390,7): error TS7026: JSX element implicitly has type 'any' because no interface 'JSX.IntrinsicElements' exists.
app/page.tsx(391,5): error TS7026: JSX element implicitly has type 'any' because no interface 'JSX.IntrinsicElements' exists.
app/page.tsx(425,5): error TS7026: JSX element implicitly has type 'any' because no interface 'JSX.IntrinsicElements' exists.
app/page.tsx(426,7): error TS7026: JSX element implicitly has type 'any' because no interface 'JSX.IntrinsicElements' exists.
app/page.tsx(427,9): error TS7026: JSX element implicitly has type 'any' because no interface 'JSX.IntrinsicElements' exists.
app/page.tsx(428,11): error TS7026: JSX element implicitly has type 'any' because no interface 'JSX.IntrinsicElements' exists.
app/page.tsx(430,13): error TS7026: JSX element implicitly has type 'any' because no interface 'JSX.IntrinsicElements' exists.
app/page.tsx(430,89): error TS7026: JSX element implicitly has type 'any' because no interface 'JSX.IntrinsicElements' exists.
app/page.tsx(431,11): error TS7026: JSX element implicitly has type 'any' because no interface 'JSX.IntrinsicElements' exists.
app/page.tsx(432,11): error TS7026: JSX element implicitly has type 'any' because no interface 'JSX.IntrinsicElements' exists.
app/page.tsx(434,11): error TS7026: JSX element implicitly has type 'any' because no interface 'JSX.IntrinsicElements' exists.
app/page.tsx(435,11): error TS7026: JSX element implicitly has type 'any' because no interface 'JSX.IntrinsicElements' exists.
app/page.tsx(437,11): error TS7026: JSX element implicitly has type 'any' because no interface 'JSX.IntrinsicElements' exists.
app/page.tsx(438,9): error TS7026: JSX element implicitly has type 'any' because no interface 'JSX.IntrinsicElements' exists.
app/page.tsx(440,9): error TS7026: JSX element implicitly has type 'any' because no interface 'JSX.IntrinsicElements' exists.
app/page.tsx(442,11): error TS7026: JSX element implicitly has type 'any' because no interface 'JSX.IntrinsicElements' exists.
app/page.tsx(444,11): error TS7026: JSX element implicitly has type 'any' because no interface 'JSX.IntrinsicElements' exists.
app/page.tsx(446,15): error TS7026: JSX element implicitly has type 'any' because no interface 'JSX.IntrinsicElements' exists.
app/page.tsx(451,17): error TS7026: JSX element implicitly has type 'any' because no interface 'JSX.IntrinsicElements' exists.
app/page.tsx(453,19): error TS7026: JSX element implicitly has type 'any' because no interface 'JSX.IntrinsicElements' exists.
app/page.tsx(455,19): error TS7026: JSX element implicitly has type 'any' because no interface 'JSX.IntrinsicElements' exists.
app/page.tsx(458,19): error TS7026: JSX element implicitly has type 'any' because no interface 'JSX.IntrinsicElements' exists.
app/page.tsx(459,21): error TS7026: JSX element implicitly has type 'any' because no interface 'JSX.IntrinsicElements' exists.
app/page.tsx(461,21): error TS7026: JSX element implicitly has type 'any' because no interface 'JSX.IntrinsicElements' exists.
app/page.tsx(462,21): error TS7026: JSX element implicitly has type 'any' because no interface 'JSX.IntrinsicElements' exists.
app/page.tsx(462,89): error TS7026: JSX element implicitly has type 'any' because no interface 'JSX.IntrinsicElements' exists.
app/page.tsx(463,21): error TS7026: JSX element implicitly has type 'any' because no interface 'JSX.IntrinsicElements' exists.
app/page.tsx(463,90): error TS7026: JSX element implicitly has type 'any' because no interface 'JSX.IntrinsicElements' exists.
app/page.tsx(464,19): error TS7026: JSX element implicitly has type 'any' because no interface 'JSX.IntrinsicElements' exists.
app/page.tsx(465,17): error TS7026: JSX element implicitly has type 'any' because no interface 'JSX.IntrinsicElements' exists.
app/page.tsx(466,15): error TS7026: JSX element implicitly has type 'any' because no interface 'JSX.IntrinsicElements' exists.
app/page.tsx(468,11): error TS7026: JSX element implicitly has type 'any' because no interface 'JSX.IntrinsicElements' exists.
app/page.tsx(469,9): error TS7026: JSX element implicitly has type 'any' because no interface 'JSX.IntrinsicElements' exists.
app/page.tsx(470,7): error TS7026: JSX element implicitly has type 'any' because no interface 'JSX.IntrinsicElements' exists.
app/page.tsx(471,5): error TS7026: JSX element implicitly has type 'any' because no interface 'JSX.IntrinsicElements' exists.
app/page.tsx(484,5): error TS7026: JSX element implicitly has type 'any' because no interface 'JSX.IntrinsicElements' exists.
app/page.tsx(485,7): error TS7026: JSX element implicitly has type 'any' because no interface 'JSX.IntrinsicElements' exists.
app/page.tsx(486,9): error TS7026: JSX element implicitly has type 'any' because no interface 'JSX.IntrinsicElements' exists.
app/page.tsx(487,11): error TS7026: JSX element implicitly has type 'any' because no interface 'JSX.IntrinsicElements' exists.
app/page.tsx(488,13): error TS7026: JSX element implicitly has type 'any' because no interface 'JSX.IntrinsicElements' exists.
app/page.tsx(490,15): error TS7026: JSX element implicitly has type 'any' because no interface 'JSX.IntrinsicElements' exists.
app/page.tsx(490,100): error TS7026: JSX element implicitly has type 'any' because no interface 'JSX.IntrinsicElements' exists.
app/page.tsx(491,13): error TS7026: JSX element implicitly has type 'any' because no interface 'JSX.IntrinsicElements' exists.
app/page.tsx(492,13): error TS7026: JSX element implicitly has type 'any' because no interface 'JSX.IntrinsicElements' exists.
app/page.tsx(494,13): error TS7026: JSX element implicitly has type 'any' because no interface 'JSX.IntrinsicElements' exists.
app/page.tsx(495,13): error TS7026: JSX element implicitly has type 'any' because no interface 'JSX.IntrinsicElements' exists.
app/page.tsx(497,13): error TS7026: JSX element implicitly has type 'any' because no interface 'JSX.IntrinsicElements' exists.
app/page.tsx(499,13): error TS7026: JSX element implicitly has type 'any' because no interface 'JSX.IntrinsicElements' exists.
app/page.tsx(505,17): error TS7026: JSX element implicitly has type 'any' because no interface 'JSX.IntrinsicElements' exists.
app/page.tsx(506,19): error TS7026: JSX element implicitly has type 'any' because no interface 'JSX.IntrinsicElements' exists.
app/page.tsx(508,19): error TS7026: JSX element implicitly has type 'any' because no interface 'JSX.IntrinsicElements' exists.
app/page.tsx(509,19): error TS7026: JSX element implicitly has type 'any' because no interface 'JSX.IntrinsicElements' exists.
app/page.tsx(509,81): error TS7026: JSX element implicitly has type 'any' because no interface 'JSX.IntrinsicElements' exists.
app/page.tsx(510,17): error TS7026: JSX element implicitly has type 'any' because no interface 'JSX.IntrinsicElements' exists.
app/page.tsx(512,13): error TS7026: JSX element implicitly has type 'any' because no interface 'JSX.IntrinsicElements' exists.
app/page.tsx(514,13): error TS7026: JSX element implicitly has type 'any' because no interface 'JSX.IntrinsicElements' exists.
app/page.tsx(521,13): error TS7026: JSX element implicitly has type 'any' because no interface 'JSX.IntrinsicElements' exists.
app/page.tsx(522,11): error TS7026: JSX element implicitly has type 'any' because no interface 'JSX.IntrinsicElements' exists.
app/page.tsx(524,11): error TS7026: JSX element implicitly has type 'any' because no interface 'JSX.IntrinsicElements' exists.
app/page.tsx(525,13): error TS7026: JSX element implicitly has type 'any' because no interface 'JSX.IntrinsicElements' exists.
app/page.tsx(526,15): error TS7026: JSX element implicitly has type 'any' because no interface 'JSX.IntrinsicElements' exists.
app/page.tsx(526,94): error TS7026: JSX element implicitly has type 'any' because no interface 'JSX.IntrinsicElements' exists.
app/page.tsx(527,43): error TS2322: Type '{ data: ({ status: "success"; count: number; } | { status: "warning"; count: number; } | { status: "error"; count: number; })[]; size: string; className: string; }' is not assignable to type 'TrackerProps'.
  Property 'size' does not exist on type 'TrackerProps'.
app/page.tsx(528,15): error TS7026: JSX element implicitly has type 'any' because no interface 'JSX.IntrinsicElements' exists.
app/page.tsx(529,17): error TS7026: JSX element implicitly has type 'any' because no interface 'JSX.IntrinsicElements' exists.
app/page.tsx(530,19): error TS7026: JSX element implicitly has type 'any' because no interface 'JSX.IntrinsicElements' exists.
app/page.tsx(530,85): error TS7026: JSX element implicitly has type 'any' because no interface 'JSX.IntrinsicElements' exists.
app/page.tsx(531,19): error TS7026: JSX element implicitly has type 'any' because no interface 'JSX.IntrinsicElements' exists.
app/page.tsx(531,76): error TS7026: JSX element implicitly has type 'any' because no interface 'JSX.IntrinsicElements' exists.
app/page.tsx(532,17): error TS7026: JSX element implicitly has type 'any' because no interface 'JSX.IntrinsicElements' exists.
app/page.tsx(533,17): error TS7026: JSX element implicitly has type 'any' because no interface 'JSX.IntrinsicElements' exists.
app/page.tsx(534,19): error TS7026: JSX element implicitly has type 'any' because no interface 'JSX.IntrinsicElements' exists.
app/page.tsx(534,85): error TS7026: JSX element implicitly has type 'any' because no interface 'JSX.IntrinsicElements' exists.
app/page.tsx(535,19): error TS7026: JSX element implicitly has type 'any' because no interface 'JSX.IntrinsicElements' exists.
app/page.tsx(535,75): error TS7026: JSX element implicitly has type 'any' because no interface 'JSX.IntrinsicElements' exists.
app/page.tsx(536,17): error TS7026: JSX element implicitly has type 'any' because no interface 'JSX.IntrinsicElements' exists.
app/page.tsx(537,17): error TS7026: JSX element implicitly has type 'any' because no interface 'JSX.IntrinsicElements' exists.
app/page.tsx(538,19): error TS7026: JSX element implicitly has type 'any' because no interface 'JSX.IntrinsicElements' exists.
app/page.tsx(538,82): error TS7026: JSX element implicitly has type 'any' because no interface 'JSX.IntrinsicElements' exists.
app/page.tsx(539,19): error TS7026: JSX element implicitly has type 'any' because no interface 'JSX.IntrinsicElements' exists.
app/page.tsx(539,76): error TS7026: JSX element implicitly has type 'any' because no interface 'JSX.IntrinsicElements' exists.
app/page.tsx(540,17): error TS7026: JSX element implicitly has type 'any' because no interface 'JSX.IntrinsicElements' exists.
app/page.tsx(541,15): error TS7026: JSX element implicitly has type 'any' because no interface 'JSX.IntrinsicElements' exists.
app/page.tsx(542,13): error TS7026: JSX element implicitly has type 'any' because no interface 'JSX.IntrinsicElements' exists.
app/page.tsx(543,11): error TS7026: JSX element implicitly has type 'any' because no interface 'JSX.IntrinsicElements' exists.
app/page.tsx(544,9): error TS7026: JSX element implicitly has type 'any' because no interface 'JSX.IntrinsicElements' exists.
app/page.tsx(545,7): error TS7026: JSX element implicitly has type 'any' because no interface 'JSX.IntrinsicElements' exists.
app/page.tsx(546,5): error TS7026: JSX element implicitly has type 'any' because no interface 'JSX.IntrinsicElements' exists.
app/page.tsx(609,5): error TS7026: JSX element implicitly has type 'any' because no interface 'JSX.IntrinsicElements' exists.
app/page.tsx(610,7): error TS7026: JSX element implicitly has type 'any' because no interface 'JSX.IntrinsicElements' exists.
app/page.tsx(611,9): error TS7026: JSX element implicitly has type 'any' because no interface 'JSX.IntrinsicElements' exists.
app/page.tsx(612,11): error TS7026: JSX element implicitly has type 'any' because no interface 'JSX.IntrinsicElements' exists.
app/page.tsx(614,13): error TS7026: JSX element implicitly has type 'any' because no interface 'JSX.IntrinsicElements' exists.
app/page.tsx(614,94): error TS7026: JSX element implicitly has type 'any' because no interface 'JSX.IntrinsicElements' exists.
app/page.tsx(615,11): error TS7026: JSX element implicitly has type 'any' because no interface 'JSX.IntrinsicElements' exists.
app/page.tsx(616,11): error TS7026: JSX element implicitly has type 'any' because no interface 'JSX.IntrinsicElements' exists.
app/page.tsx(618,11): error TS7026: JSX element implicitly has type 'any' because no interface 'JSX.IntrinsicElements' exists.
app/page.tsx(619,11): error TS7026: JSX element implicitly has type 'any' because no interface 'JSX.IntrinsicElements' exists.
app/page.tsx(621,11): error TS7026: JSX element implicitly has type 'any' because no interface 'JSX.IntrinsicElements' exists.
app/page.tsx(622,9): error TS7026: JSX element implicitly has type 'any' because no interface 'JSX.IntrinsicElements' exists.
app/page.tsx(624,9): error TS7026: JSX element implicitly has type 'any' because no interface 'JSX.IntrinsicElements' exists.
app/page.tsx(626,13): error TS7026: JSX element implicitly has type 'any' because no interface 'JSX.IntrinsicElements' exists.
app/page.tsx(635,17): error TS7026: JSX element implicitly has type 'any' because no interface 'JSX.IntrinsicElements' exists.
app/page.tsx(636,19): error TS7026: JSX element implicitly has type 'any' because no interface 'JSX.IntrinsicElements' exists.
app/page.tsx(639,19): error TS7026: JSX element implicitly has type 'any' because no interface 'JSX.IntrinsicElements' exists.
app/page.tsx(640,17): error TS7026: JSX element implicitly has type 'any' because no interface 'JSX.IntrinsicElements' exists.
app/page.tsx(643,15): error TS7026: JSX element implicitly has type 'any' because no interface 'JSX.IntrinsicElements' exists.
app/page.tsx(644,17): error TS7026: JSX element implicitly has type 'any' because no interface 'JSX.IntrinsicElements' exists.
app/page.tsx(644,84): error TS7026: JSX element implicitly has type 'any' because no interface 'JSX.IntrinsicElements' exists.
app/page.tsx(645,17): error TS7026: JSX element implicitly has type 'any' because no interface 'JSX.IntrinsicElements' exists.
app/page.tsx(646,19): error TS7026: JSX element implicitly has type 'any' because no interface 'JSX.IntrinsicElements' exists.
app/page.tsx(646,98): error TS7026: JSX element implicitly has type 'any' because no interface 'JSX.IntrinsicElements' exists.
app/page.tsx(647,19): error TS7026: JSX element implicitly has type 'any' because no interface 'JSX.IntrinsicElements' exists.
app/page.tsx(647,86): error TS7026: JSX element implicitly has type 'any' because no interface 'JSX.IntrinsicElements' exists.
app/page.tsx(648,17): error TS7026: JSX element implicitly has type 'any' because no interface 'JSX.IntrinsicElements' exists.
app/page.tsx(649,17): error TS7026: JSX element implicitly has type 'any' because no interface 'JSX.IntrinsicElements' exists.
app/page.tsx(649,91): error TS7026: JSX element implicitly has type 'any' because no interface 'JSX.IntrinsicElements' exists.
app/page.tsx(650,15): error TS7026: JSX element implicitly has type 'any' because no interface 'JSX.IntrinsicElements' exists.
app/page.tsx(652,15): error TS7026: JSX element implicitly has type 'any' because no interface 'JSX.IntrinsicElements' exists.
app/page.tsx(654,19): error TS7026: JSX element implicitly has type 'any' because no interface 'JSX.IntrinsicElements' exists.
app/page.tsx(655,21): error TS7026: JSX element implicitly has type 'any' because no interface 'JSX.IntrinsicElements' exists.
app/page.tsx(657,21): error TS7026: JSX element implicitly has type 'any' because no interface 'JSX.IntrinsicElements' exists.
app/page.tsx(658,21): error TS7026: JSX element implicitly has type 'any' because no interface 'JSX.IntrinsicElements' exists.
app/page.tsx(658,84): error TS7026: JSX element implicitly has type 'any' because no interface 'JSX.IntrinsicElements' exists.
app/page.tsx(659,19): error TS7026: JSX element implicitly has type 'any' because no interface 'JSX.IntrinsicElements' exists.
app/page.tsx(662,19): error TS7026: JSX element implicitly has type 'any' because no interface 'JSX.IntrinsicElements' exists.
app/page.tsx(663,21): error TS7026: JSX element implicitly has type 'any' because no interface 'JSX.IntrinsicElements' exists.
app/page.tsx(665,21): error TS7026: JSX element implicitly has type 'any' because no interface 'JSX.IntrinsicElements' exists.
app/page.tsx(666,21): error TS7026: JSX element implicitly has type 'any' because no interface 'JSX.IntrinsicElements' exists.
app/page.tsx(666,85): error TS7026: JSX element implicitly has type 'any' because no interface 'JSX.IntrinsicElements' exists.
app/page.tsx(667,19): error TS7026: JSX element implicitly has type 'any' because no interface 'JSX.IntrinsicElements' exists.
app/page.tsx(669,15): error TS7026: JSX element implicitly has type 'any' because no interface 'JSX.IntrinsicElements' exists.
app/page.tsx(682,13): error TS7026: JSX element implicitly has type 'any' because no interface 'JSX.IntrinsicElements' exists.
app/page.tsx(684,9): error TS7026: JSX element implicitly has type 'any' because no interface 'JSX.IntrinsicElements' exists.
app/page.tsx(686,9): error TS7026: JSX element implicitly has type 'any' because no interface 'JSX.IntrinsicElements' exists.
app/page.tsx(688,9): error TS7026: JSX element implicitly has type 'any' because no interface 'JSX.IntrinsicElements' exists.
app/page.tsx(689,7): error TS7026: JSX element implicitly has type 'any' because no interface 'JSX.IntrinsicElements' exists.
app/page.tsx(690,5): error TS7026: JSX element implicitly has type 'any' because no interface 'JSX.IntrinsicElements' exists.
app/page.tsx(697,5): error TS7026: JSX element implicitly has type 'any' because no interface 'JSX.IntrinsicElements' exists.
app/page.tsx(698,7): error TS7026: JSX element implicitly has type 'any' because no interface 'JSX.IntrinsicElements' exists.
app/page.tsx(699,9): error TS7026: JSX element implicitly has type 'any' because no interface 'JSX.IntrinsicElements' exists.
app/page.tsx(700,11): error TS7026: JSX element implicitly has type 'any' because no interface 'JSX.IntrinsicElements' exists.
app/page.tsx(702,13): error TS7026: JSX element implicitly has type 'any' because no interface 'JSX.IntrinsicElements' exists.
app/page.tsx(702,95): error TS7026: JSX element implicitly has type 'any' because no interface 'JSX.IntrinsicElements' exists.
app/page.tsx(703,11): error TS7026: JSX element implicitly has type 'any' because no interface 'JSX.IntrinsicElements' exists.
app/page.tsx(704,11): error TS7026: JSX element implicitly has type 'any' because no interface 'JSX.IntrinsicElements' exists.
app/page.tsx(706,11): error TS7026: JSX element implicitly has type 'any' because no interface 'JSX.IntrinsicElements' exists.
app/page.tsx(707,11): error TS7026: JSX element implicitly has type 'any' because no interface 'JSX.IntrinsicElements' exists.
app/page.tsx(709,11): error TS7026: JSX element implicitly has type 'any' because no interface 'JSX.IntrinsicElements' exists.
app/page.tsx(710,9): error TS7026: JSX element implicitly has type 'any' because no interface 'JSX.IntrinsicElements' exists.
app/page.tsx(713,9): error TS7026: JSX element implicitly has type 'any' because no interface 'JSX.IntrinsicElements' exists.
app/page.tsx(714,11): error TS7026: JSX element implicitly has type 'any' because no interface 'JSX.IntrinsicElements' exists.
app/page.tsx(716,11): error TS7026: JSX element implicitly has type 'any' because no interface 'JSX.IntrinsicElements' exists.
app/page.tsx(717,9): error TS7026: JSX element implicitly has type 'any' because no interface 'JSX.IntrinsicElements' exists.
app/page.tsx(718,7): error TS7026: JSX element implicitly has type 'any' because no interface 'JSX.IntrinsicElements' exists.
app/page.tsx(719,5): error TS7026: JSX element implicitly has type 'any' because no interface 'JSX.IntrinsicElements' exists.
app/page.tsx(726,5): error TS7026: JSX element implicitly has type 'any' because no interface 'JSX.IntrinsicElements' exists.
app/page.tsx(727,7): error TS7026: JSX element implicitly has type 'any' because no interface 'JSX.IntrinsicElements' exists.
app/page.tsx(728,9): error TS7026: JSX element implicitly has type 'any' because no interface 'JSX.IntrinsicElements' exists.
app/page.tsx(730,11): error TS7026: JSX element implicitly has type 'any' because no interface 'JSX.IntrinsicElements' exists.
app/page.tsx(732,11): error TS7026: JSX element implicitly has type 'any' because no interface 'JSX.IntrinsicElements' exists.
app/page.tsx(734,13): error TS7026: JSX element implicitly has type 'any' because no interface 'JSX.IntrinsicElements' exists.
app/page.tsx(735,15): error TS7026: JSX element implicitly has type 'any' because no interface 'JSX.IntrinsicElements' exists.
app/page.tsx(740,15): error TS7026: JSX element implicitly has type 'any' because no interface 'JSX.IntrinsicElements' exists.
app/page.tsx(741,13): error TS7026: JSX element implicitly has type 'any' because no interface 'JSX.IntrinsicElements' exists.
app/page.tsx(743,13): error TS7026: JSX element implicitly has type 'any' because no interface 'JSX.IntrinsicElements' exists.
app/page.tsx(745,13): error TS7026: JSX element implicitly has type 'any' because no interface 'JSX.IntrinsicElements' exists.
app/page.tsx(746,13): error TS7026: JSX element implicitly has type 'any' because no interface 'JSX.IntrinsicElements' exists.
app/page.tsx(749,13): error TS7026: JSX element implicitly has type 'any' because no interface 'JSX.IntrinsicElements' exists.
app/page.tsx(750,13): error TS7026: JSX element implicitly has type 'any' because no interface 'JSX.IntrinsicElements' exists.
app/page.tsx(762,13): error TS7026: JSX element implicitly has type 'any' because no interface 'JSX.IntrinsicElements' exists.
app/page.tsx(763,13): error TS7026: JSX element implicitly has type 'any' because no interface 'JSX.IntrinsicElements' exists.
app/page.tsx(765,13): error TS7026: JSX element implicitly has type 'any' because no interface 'JSX.IntrinsicElements' exists.
app/page.tsx(766,11): error TS7026: JSX element implicitly has type 'any' because no interface 'JSX.IntrinsicElements' exists.
app/page.tsx(767,9): error TS7026: JSX element implicitly has type 'any' because no interface 'JSX.IntrinsicElements' exists.
app/page.tsx(768,7): error TS7026: JSX element implicitly has type 'any' because no interface 'JSX.IntrinsicElements' exists.
app/page.tsx(769,5): error TS7026: JSX element implicitly has type 'any' because no interface 'JSX.IntrinsicElements' exists.
app/page.tsx(798,5): error TS7026: JSX element implicitly has type 'any' because no interface 'JSX.IntrinsicElements' exists.
app/page.tsx(799,7): error TS7026: JSX element implicitly has type 'any' because no interface 'JSX.IntrinsicElements' exists.
app/page.tsx(800,9): error TS7026: JSX element implicitly has type 'any' because no interface 'JSX.IntrinsicElements' exists.
app/page.tsx(801,11): error TS7026: JSX element implicitly has type 'any' because no interface 'JSX.IntrinsicElements' exists.
app/page.tsx(802,13): error TS7026: JSX element implicitly has type 'any' because no interface 'JSX.IntrinsicElements' exists.
app/page.tsx(803,15): error TS7026: JSX element implicitly has type 'any' because no interface 'JSX.IntrinsicElements' exists.
app/page.tsx(808,15): error TS7026: JSX element implicitly has type 'any' because no interface 'JSX.IntrinsicElements' exists.
app/page.tsx(810,13): error TS7026: JSX element implicitly has type 'any' because no interface 'JSX.IntrinsicElements' exists.
app/page.tsx(811,13): error TS7026: JSX element implicitly has type 'any' because no interface 'JSX.IntrinsicElements' exists.
app/page.tsx(813,13): error TS7026: JSX element implicitly has type 'any' because no interface 'JSX.IntrinsicElements' exists.
app/page.tsx(814,13): error TS7026: JSX element implicitly has type 'any' because no interface 'JSX.IntrinsicElements' exists.
app/page.tsx(815,15): error TS7026: JSX element implicitly has type 'any' because no interface 'JSX.IntrinsicElements' exists.
app/page.tsx(817,15): error TS7026: JSX element implicitly has type 'any' because no interface 'JSX.IntrinsicElements' exists.
app/page.tsx(818,15): error TS7026: JSX element implicitly has type 'any' because no interface 'JSX.IntrinsicElements' exists.
app/page.tsx(820,15): error TS7026: JSX element implicitly has type 'any' because no interface 'JSX.IntrinsicElements' exists.
app/page.tsx(821,15): error TS7026: JSX element implicitly has type 'any' because no interface 'JSX.IntrinsicElements' exists.
app/page.tsx(823,15): error TS7026: JSX element implicitly has type 'any' because no interface 'JSX.IntrinsicElements' exists.
app/page.tsx(824,13): error TS7026: JSX element implicitly has type 'any' because no interface 'JSX.IntrinsicElements' exists.
app/page.tsx(825,11): error TS7026: JSX element implicitly has type 'any' because no interface 'JSX.IntrinsicElements' exists.
app/page.tsx(828,13): error TS7026: JSX element implicitly has type 'any' because no interface 'JSX.IntrinsicElements' exists.
app/page.tsx(829,15): error TS7026: JSX element implicitly has type 'any' because no interface 'JSX.IntrinsicElements' exists.
app/page.tsx(829,80): error TS7026: JSX element implicitly has type 'any' because no interface 'JSX.IntrinsicElements' exists.
app/page.tsx(830,15): error TS7026: JSX element implicitly has type 'any' because no interface 'JSX.IntrinsicElements' exists.
app/page.tsx(832,19): error TS7026: JSX element implicitly has type 'any' because no interface 'JSX.IntrinsicElements' exists.
app/page.tsx(834,23): error TS7026: JSX element implicitly has type 'any' because no interface 'JSX.IntrinsicElements' exists.
app/page.tsx(841,23): error TS7026: JSX element implicitly has type 'any' because no interface 'JSX.IntrinsicElements' exists.
app/page.tsx(843,23): error TS7026: JSX element implicitly has type 'any' because no interface 'JSX.IntrinsicElements' exists.
app/page.tsx(845,23): error TS7026: JSX element implicitly has type 'any' because no interface 'JSX.IntrinsicElements' exists.
app/page.tsx(854,19): error TS7026: JSX element implicitly has type 'any' because no interface 'JSX.IntrinsicElements' exists.
app/page.tsx(856,15): error TS7026: JSX element implicitly has type 'any' because no interface 'JSX.IntrinsicElements' exists.
app/page.tsx(857,13): error TS7026: JSX element implicitly has type 'any' because no interface 'JSX.IntrinsicElements' exists.
app/page.tsx(859,9): error TS7026: JSX element implicitly has type 'any' because no interface 'JSX.IntrinsicElements' exists.
app/page.tsx(861,9): error TS7026: JSX element implicitly has type 'any' because no interface 'JSX.IntrinsicElements' exists.
app/page.tsx(862,11): error TS7026: JSX element implicitly has type 'any' because no interface 'JSX.IntrinsicElements' exists.
app/page.tsx(864,11): error TS7026: JSX element implicitly has type 'any' because no interface 'JSX.IntrinsicElements' exists.
app/page.tsx(865,11): error TS7026: JSX element implicitly has type 'any' because no interface 'JSX.IntrinsicElements' exists.
app/page.tsx(872,11): error TS7026: JSX element implicitly has type 'any' because no interface 'JSX.IntrinsicElements' exists.
app/page.tsx(873,9): error TS7026: JSX element implicitly has type 'any' because no interface 'JSX.IntrinsicElements' exists.
app/page.tsx(874,7): error TS7026: JSX element implicitly has type 'any' because no interface 'JSX.IntrinsicElements' exists.
app/page.tsx(875,5): error TS7026: JSX element implicitly has type 'any' because no interface 'JSX.IntrinsicElements' exists.
app/page.tsx(882,5): error TS7026: JSX element implicitly has type 'any' because no interface 'JSX.IntrinsicElements' exists.
app/page.tsx(882,5): error TS2875: This JSX tag requires the module path 'react/jsx-runtime' to exist, but none could be found. Make sure you have types for the appropriate package installed.
app/page.tsx(893,5): error TS7026: JSX element implicitly has type 'any' because no interface 'JSX.IntrinsicElements' exists.
app/privacy/page.tsx(3,18): error TS2307: Cannot find module 'next/link' or its corresponding type declarations.
app/privacy/page.tsx(5,27): error TS2307: Cannot find module '@phosphor-icons/react/dist/ssr' or its corresponding type declarations.
app/privacy/page.tsx(9,5): error TS7026: JSX element implicitly has type 'any' because no interface 'JSX.IntrinsicElements' exists.
app/privacy/page.tsx(9,5): error TS2875: This JSX tag requires the module path 'react/jsx-runtime' to exist, but none could be found. Make sure you have types for the appropriate package installed.
app/privacy/page.tsx(10,7): error TS7026: JSX element implicitly has type 'any' because no interface 'JSX.IntrinsicElements' exists.
app/privacy/page.tsx(11,9): error TS7026: JSX element implicitly has type 'any' because no interface 'JSX.IntrinsicElements' exists.
app/privacy/page.tsx(18,9): error TS7026: JSX element implicitly has type 'any' because no interface 'JSX.IntrinsicElements' exists.
app/privacy/page.tsx(19,7): error TS7026: JSX element implicitly has type 'any' because no interface 'JSX.IntrinsicElements' exists.
app/privacy/page.tsx(21,7): error TS7026: JSX element implicitly has type 'any' because no interface 'JSX.IntrinsicElements' exists.
app/privacy/page.tsx(22,9): error TS7026: JSX element implicitly has type 'any' because no interface 'JSX.IntrinsicElements' exists.
app/privacy/page.tsx(22,79): error TS7026: JSX element implicitly has type 'any' because no interface 'JSX.IntrinsicElements' exists.
app/privacy/page.tsx(23,9): error TS7026: JSX element implicitly has type 'any' because no interface 'JSX.IntrinsicElements' exists.
app/privacy/page.tsx(25,9): error TS7026: JSX element implicitly has type 'any' because no interface 'JSX.IntrinsicElements' exists.
app/privacy/page.tsx(27,9): error TS7026: JSX element implicitly has type 'any' because no interface 'JSX.IntrinsicElements' exists.
app/privacy/page.tsx(28,11): error TS7026: JSX element implicitly has type 'any' because no interface 'JSX.IntrinsicElements' exists.
app/privacy/page.tsx(29,13): error TS7026: JSX element implicitly has type 'any' because no interface 'JSX.IntrinsicElements' exists.
app/privacy/page.tsx(29,94): error TS7026: JSX element implicitly has type 'any' because no interface 'JSX.IntrinsicElements' exists.
app/privacy/page.tsx(30,13): error TS7026: JSX element implicitly has type 'any' because no interface 'JSX.IntrinsicElements' exists.
app/privacy/page.tsx(32,13): error TS7026: JSX element implicitly has type 'any' because no interface 'JSX.IntrinsicElements' exists.
app/privacy/page.tsx(33,11): error TS7026: JSX element implicitly has type 'any' because no interface 'JSX.IntrinsicElements' exists.
app/privacy/page.tsx(35,11): error TS7026: JSX element implicitly has type 'any' because no interface 'JSX.IntrinsicElements' exists.
app/privacy/page.tsx(36,13): error TS7026: JSX element implicitly has type 'any' because no interface 'JSX.IntrinsicElements' exists.
app/privacy/page.tsx(36,99): error TS7026: JSX element implicitly has type 'any' because no interface 'JSX.IntrinsicElements' exists.
app/privacy/page.tsx(37,13): error TS7026: JSX element implicitly has type 'any' because no interface 'JSX.IntrinsicElements' exists.
app/privacy/page.tsx(39,13): error TS7026: JSX element implicitly has type 'any' because no interface 'JSX.IntrinsicElements' exists.
app/privacy/page.tsx(40,11): error TS7026: JSX element implicitly has type 'any' because no interface 'JSX.IntrinsicElements' exists.
app/privacy/page.tsx(42,11): error TS7026: JSX element implicitly has type 'any' because no interface 'JSX.IntrinsicElements' exists.
app/privacy/page.tsx(43,13): error TS7026: JSX element implicitly has type 'any' because no interface 'JSX.IntrinsicElements' exists.
app/privacy/page.tsx(43,91): error TS7026: JSX element implicitly has type 'any' because no interface 'JSX.IntrinsicElements' exists.
app/privacy/page.tsx(44,13): error TS7026: JSX element implicitly has type 'any' because no interface 'JSX.IntrinsicElements' exists.
app/privacy/page.tsx(46,13): error TS7026: JSX element implicitly has type 'any' because no interface 'JSX.IntrinsicElements' exists.
app/privacy/page.tsx(47,11): error TS7026: JSX element implicitly has type 'any' because no interface 'JSX.IntrinsicElements' exists.
app/privacy/page.tsx(49,11): error TS7026: JSX element implicitly has type 'any' because no interface 'JSX.IntrinsicElements' exists.
app/privacy/page.tsx(50,13): error TS7026: JSX element implicitly has type 'any' because no interface 'JSX.IntrinsicElements' exists.
app/privacy/page.tsx(50,85): error TS7026: JSX element implicitly has type 'any' because no interface 'JSX.IntrinsicElements' exists.
app/privacy/page.tsx(51,13): error TS7026: JSX element implicitly has type 'any' because no interface 'JSX.IntrinsicElements' exists.
app/privacy/page.tsx(53,13): error TS7026: JSX element implicitly has type 'any' because no interface 'JSX.IntrinsicElements' exists.
app/privacy/page.tsx(54,11): error TS7026: JSX element implicitly has type 'any' because no interface 'JSX.IntrinsicElements' exists.
app/privacy/page.tsx(56,11): error TS7026: JSX element implicitly has type 'any' because no interface 'JSX.IntrinsicElements' exists.
app/privacy/page.tsx(57,13): error TS7026: JSX element implicitly has type 'any' because no interface 'JSX.IntrinsicElements' exists.
app/privacy/page.tsx(57,83): error TS7026: JSX element implicitly has type 'any' because no interface 'JSX.IntrinsicElements' exists.
app/privacy/page.tsx(58,13): error TS7026: JSX element implicitly has type 'any' because no interface 'JSX.IntrinsicElements' exists.
app/privacy/page.tsx(60,13): error TS7026: JSX element implicitly has type 'any' because no interface 'JSX.IntrinsicElements' exists.
app/privacy/page.tsx(61,11): error TS7026: JSX element implicitly has type 'any' because no interface 'JSX.IntrinsicElements' exists.
app/privacy/page.tsx(63,11): error TS7026: JSX element implicitly has type 'any' because no interface 'JSX.IntrinsicElements' exists.
app/privacy/page.tsx(64,13): error TS7026: JSX element implicitly has type 'any' because no interface 'JSX.IntrinsicElements' exists.
app/privacy/page.tsx(64,79): error TS7026: JSX element implicitly has type 'any' because no interface 'JSX.IntrinsicElements' exists.
app/privacy/page.tsx(65,13): error TS7026: JSX element implicitly has type 'any' because no interface 'JSX.IntrinsicElements' exists.
app/privacy/page.tsx(67,13): error TS7026: JSX element implicitly has type 'any' because no interface 'JSX.IntrinsicElements' exists.
app/privacy/page.tsx(68,11): error TS7026: JSX element implicitly has type 'any' because no interface 'JSX.IntrinsicElements' exists.
app/privacy/page.tsx(70,11): error TS7026: JSX element implicitly has type 'any' because no interface 'JSX.IntrinsicElements' exists.
app/privacy/page.tsx(71,13): error TS7026: JSX element implicitly has type 'any' because no interface 'JSX.IntrinsicElements' exists.
app/privacy/page.tsx(71,94): error TS7026: JSX element implicitly has type 'any' because no interface 'JSX.IntrinsicElements' exists.
app/privacy/page.tsx(72,13): error TS7026: JSX element implicitly has type 'any' because no interface 'JSX.IntrinsicElements' exists.
app/privacy/page.tsx(74,13): error TS7026: JSX element implicitly has type 'any' because no interface 'JSX.IntrinsicElements' exists.
app/privacy/page.tsx(75,11): error TS7026: JSX element implicitly has type 'any' because no interface 'JSX.IntrinsicElements' exists.
app/privacy/page.tsx(77,11): error TS7026: JSX element implicitly has type 'any' because no interface 'JSX.IntrinsicElements' exists.
app/privacy/page.tsx(78,13): error TS7026: JSX element implicitly has type 'any' because no interface 'JSX.IntrinsicElements' exists.
app/privacy/page.tsx(78,82): error TS7026: JSX element implicitly has type 'any' because no interface 'JSX.IntrinsicElements' exists.
app/privacy/page.tsx(79,13): error TS7026: JSX element implicitly has type 'any' because no interface 'JSX.IntrinsicElements' exists.
app/privacy/page.tsx(81,13): error TS7026: JSX element implicitly has type 'any' because no interface 'JSX.IntrinsicElements' exists.
app/privacy/page.tsx(82,11): error TS7026: JSX element implicitly has type 'any' because no interface 'JSX.IntrinsicElements' exists.
app/privacy/page.tsx(83,9): error TS7026: JSX element implicitly has type 'any' because no interface 'JSX.IntrinsicElements' exists.
app/privacy/page.tsx(84,7): error TS7026: JSX element implicitly has type 'any' because no interface 'JSX.IntrinsicElements' exists.
app/privacy/page.tsx(85,5): error TS7026: JSX element implicitly has type 'any' because no interface 'JSX.IntrinsicElements' exists.
app/providers.tsx(3,31): error TS2307: Cannot find module 'next-themes' or its corresponding type declarations.
app/providers.tsx(4,32): error TS2307: Cannot find module 'react' or its corresponding type declarations.
app/providers.tsx(5,25): error TS2307: Cannot find module 'sonner' or its corresponding type declarations.
app/providers.tsx(10,29): error TS2307: Cannot find module 'nuqs/adapters/next/app' or its corresponding type declarations.
app/providers.tsx(15,9): error TS2875: This JSX tag requires the module path 'react/jsx-runtime' to exist, but none could be found. Make sure you have types for the appropriate package installed.
app/reset-password/page.tsx(3,24): error TS2307: Cannot find module 'react' or its corresponding type declarations.
app/reset-password/page.tsx(4,18): error TS2307: Cannot find module 'next/link' or its corresponding type declarations.
app/reset-password/page.tsx(5,44): error TS2307: Cannot find module 'next/navigation' or its corresponding type declarations.
app/reset-password/page.tsx(6,25): error TS2307: Cannot find module 'react-hook-form' or its corresponding type declarations.
app/reset-password/page.tsx(7,29): error TS2307: Cannot find module '@hookform/resolvers/zod' or its corresponding type declarations.
app/reset-password/page.tsx(11,63): error TS2307: Cannot find module '@phosphor-icons/react' or its corresponding type declarations.
app/reset-password/page.tsx(104,7): error TS7026: JSX element implicitly has type 'any' because no interface 'JSX.IntrinsicElements' exists.
app/reset-password/page.tsx(104,7): error TS2875: This JSX tag requires the module path 'react/jsx-runtime' to exist, but none could be found. Make sure you have types for the appropriate package installed.
app/reset-password/page.tsx(105,9): error TS7026: JSX element implicitly has type 'any' because no interface 'JSX.IntrinsicElements' exists.
app/reset-password/page.tsx(112,9): error TS7026: JSX element implicitly has type 'any' because no interface 'JSX.IntrinsicElements' exists.
app/reset-password/page.tsx(114,9): error TS7026: JSX element implicitly has type 'any' because no interface 'JSX.IntrinsicElements' exists.
app/reset-password/page.tsx(115,11): error TS7026: JSX element implicitly has type 'any' because no interface 'JSX.IntrinsicElements' exists.
app/reset-password/page.tsx(116,13): error TS7026: JSX element implicitly has type 'any' because no interface 'JSX.IntrinsicElements' exists.
app/reset-password/page.tsx(117,15): error TS7026: JSX element implicitly has type 'any' because no interface 'JSX.IntrinsicElements' exists.
app/reset-password/page.tsx(117,91): error TS7026: JSX element implicitly has type 'any' because no interface 'JSX.IntrinsicElements' exists.
app/reset-password/page.tsx(118,13): error TS7026: JSX element implicitly has type 'any' because no interface 'JSX.IntrinsicElements' exists.
app/reset-password/page.tsx(119,11): error TS7026: JSX element implicitly has type 'any' because no interface 'JSX.IntrinsicElements' exists.
app/reset-password/page.tsx(120,9): error TS7026: JSX element implicitly has type 'any' because no interface 'JSX.IntrinsicElements' exists.
app/reset-password/page.tsx(121,7): error TS7026: JSX element implicitly has type 'any' because no interface 'JSX.IntrinsicElements' exists.
app/reset-password/page.tsx(127,7): error TS7026: JSX element implicitly has type 'any' because no interface 'JSX.IntrinsicElements' exists.
app/reset-password/page.tsx(128,9): error TS7026: JSX element implicitly has type 'any' because no interface 'JSX.IntrinsicElements' exists.
app/reset-password/page.tsx(135,9): error TS7026: JSX element implicitly has type 'any' because no interface 'JSX.IntrinsicElements' exists.
app/reset-password/page.tsx(137,9): error TS7026: JSX element implicitly has type 'any' because no interface 'JSX.IntrinsicElements' exists.
app/reset-password/page.tsx(138,11): error TS7026: JSX element implicitly has type 'any' because no interface 'JSX.IntrinsicElements' exists.
app/reset-password/page.tsx(139,13): error TS7026: JSX element implicitly has type 'any' because no interface 'JSX.IntrinsicElements' exists.
app/reset-password/page.tsx(140,15): error TS7026: JSX element implicitly has type 'any' because no interface 'JSX.IntrinsicElements' exists.
app/reset-password/page.tsx(141,17): error TS7026: JSX element implicitly has type 'any' because no interface 'JSX.IntrinsicElements' exists.
app/reset-password/page.tsx(143,17): error TS7026: JSX element implicitly has type 'any' because no interface 'JSX.IntrinsicElements' exists.
app/reset-password/page.tsx(144,17): error TS7026: JSX element implicitly has type 'any' because no interface 'JSX.IntrinsicElements' exists.
app/reset-password/page.tsx(144,91): error TS7026: JSX element implicitly has type 'any' because no interface 'JSX.IntrinsicElements' exists.
app/reset-password/page.tsx(145,17): error TS7026: JSX element implicitly has type 'any' because no interface 'JSX.IntrinsicElements' exists.
app/reset-password/page.tsx(147,17): error TS7026: JSX element implicitly has type 'any' because no interface 'JSX.IntrinsicElements' exists.
app/reset-password/page.tsx(148,15): error TS7026: JSX element implicitly has type 'any' because no interface 'JSX.IntrinsicElements' exists.
app/reset-password/page.tsx(150,15): error TS7026: JSX element implicitly has type 'any' because no interface 'JSX.IntrinsicElements' exists.
app/reset-password/page.tsx(157,15): error TS7026: JSX element implicitly has type 'any' because no interface 'JSX.IntrinsicElements' exists.
app/reset-password/page.tsx(158,13): error TS7026: JSX element implicitly has type 'any' because no interface 'JSX.IntrinsicElements' exists.
app/reset-password/page.tsx(159,11): error TS7026: JSX element implicitly has type 'any' because no interface 'JSX.IntrinsicElements' exists.
app/reset-password/page.tsx(160,9): error TS7026: JSX element implicitly has type 'any' because no interface 'JSX.IntrinsicElements' exists.
app/reset-password/page.tsx(161,7): error TS7026: JSX element implicitly has type 'any' because no interface 'JSX.IntrinsicElements' exists.
app/reset-password/page.tsx(167,7): error TS7026: JSX element implicitly has type 'any' because no interface 'JSX.IntrinsicElements' exists.
app/reset-password/page.tsx(168,9): error TS7026: JSX element implicitly has type 'any' because no interface 'JSX.IntrinsicElements' exists.
app/reset-password/page.tsx(175,9): error TS7026: JSX element implicitly has type 'any' because no interface 'JSX.IntrinsicElements' exists.
app/reset-password/page.tsx(177,9): error TS7026: JSX element implicitly has type 'any' because no interface 'JSX.IntrinsicElements' exists.
app/reset-password/page.tsx(178,11): error TS7026: JSX element implicitly has type 'any' because no interface 'JSX.IntrinsicElements' exists.
app/reset-password/page.tsx(179,13): error TS7026: JSX element implicitly has type 'any' because no interface 'JSX.IntrinsicElements' exists.
app/reset-password/page.tsx(180,15): error TS7026: JSX element implicitly has type 'any' because no interface 'JSX.IntrinsicElements' exists.
app/reset-password/page.tsx(181,17): error TS7026: JSX element implicitly has type 'any' because no interface 'JSX.IntrinsicElements' exists.
app/reset-password/page.tsx(183,17): error TS7026: JSX element implicitly has type 'any' because no interface 'JSX.IntrinsicElements' exists.
app/reset-password/page.tsx(184,17): error TS7026: JSX element implicitly has type 'any' because no interface 'JSX.IntrinsicElements' exists.
app/reset-password/page.tsx(184,98): error TS7026: JSX element implicitly has type 'any' because no interface 'JSX.IntrinsicElements' exists.
app/reset-password/page.tsx(185,17): error TS7026: JSX element implicitly has type 'any' because no interface 'JSX.IntrinsicElements' exists.
app/reset-password/page.tsx(187,17): error TS7026: JSX element implicitly has type 'any' because no interface 'JSX.IntrinsicElements' exists.
app/reset-password/page.tsx(188,15): error TS7026: JSX element implicitly has type 'any' because no interface 'JSX.IntrinsicElements' exists.
app/reset-password/page.tsx(193,13): error TS7026: JSX element implicitly has type 'any' because no interface 'JSX.IntrinsicElements' exists.
app/reset-password/page.tsx(194,11): error TS7026: JSX element implicitly has type 'any' because no interface 'JSX.IntrinsicElements' exists.
app/reset-password/page.tsx(195,9): error TS7026: JSX element implicitly has type 'any' because no interface 'JSX.IntrinsicElements' exists.
app/reset-password/page.tsx(196,7): error TS7026: JSX element implicitly has type 'any' because no interface 'JSX.IntrinsicElements' exists.
app/reset-password/page.tsx(201,5): error TS7026: JSX element implicitly has type 'any' because no interface 'JSX.IntrinsicElements' exists.
app/reset-password/page.tsx(202,7): error TS7026: JSX element implicitly has type 'any' because no interface 'JSX.IntrinsicElements' exists.
app/reset-password/page.tsx(209,7): error TS7026: JSX element implicitly has type 'any' because no interface 'JSX.IntrinsicElements' exists.
app/reset-password/page.tsx(211,7): error TS7026: JSX element implicitly has type 'any' because no interface 'JSX.IntrinsicElements' exists.
app/reset-password/page.tsx(212,9): error TS7026: JSX element implicitly has type 'any' because no interface 'JSX.IntrinsicElements' exists.
app/reset-password/page.tsx(213,11): error TS7026: JSX element implicitly has type 'any' because no interface 'JSX.IntrinsicElements' exists.
app/reset-password/page.tsx(214,13): error TS7026: JSX element implicitly has type 'any' because no interface 'JSX.IntrinsicElements' exists.
app/reset-password/page.tsx(215,15): error TS7026: JSX element implicitly has type 'any' because no interface 'JSX.IntrinsicElements' exists.
app/reset-password/page.tsx(217,15): error TS7026: JSX element implicitly has type 'any' because no interface 'JSX.IntrinsicElements' exists.
app/reset-password/page.tsx(218,15): error TS7026: JSX element implicitly has type 'any' because no interface 'JSX.IntrinsicElements' exists.
app/reset-password/page.tsx(218,85): error TS7026: JSX element implicitly has type 'any' because no interface 'JSX.IntrinsicElements' exists.
app/reset-password/page.tsx(219,15): error TS7026: JSX element implicitly has type 'any' because no interface 'JSX.IntrinsicElements' exists.
app/reset-password/page.tsx(221,15): error TS7026: JSX element implicitly has type 'any' because no interface 'JSX.IntrinsicElements' exists.
app/reset-password/page.tsx(222,13): error TS7026: JSX element implicitly has type 'any' because no interface 'JSX.IntrinsicElements' exists.
app/reset-password/page.tsx(225,16): error TS2322: Type '{ children: any; variant: string; size: string; className: string; }' is not assignable to type 'CalloutProps'.
  Property 'children' does not exist on type 'CalloutProps'.
app/reset-password/page.tsx(230,13): error TS7026: JSX element implicitly has type 'any' because no interface 'JSX.IntrinsicElements' exists.
app/reset-password/page.tsx(231,15): error TS7026: JSX element implicitly has type 'any' because no interface 'JSX.IntrinsicElements' exists.
app/reset-password/page.tsx(232,17): error TS7026: JSX element implicitly has type 'any' because no interface 'JSX.IntrinsicElements' exists.
app/reset-password/page.tsx(234,17): error TS7026: JSX element implicitly has type 'any' because no interface 'JSX.IntrinsicElements' exists.
app/reset-password/page.tsx(235,18): error TS2322: Type '{ children: any; hasError: boolean; }' is not assignable to type 'InputRootProps'.
  Property 'children' does not exist on type 'InputRootProps'.
app/reset-password/page.tsx(247,21): error TS7026: JSX element implicitly has type 'any' because no interface 'JSX.IntrinsicElements' exists.
app/reset-password/page.tsx(254,21): error TS7026: JSX element implicitly has type 'any' because no interface 'JSX.IntrinsicElements' exists.
app/reset-password/page.tsx(258,19): error TS7026: JSX element implicitly has type 'any' because no interface 'JSX.IntrinsicElements' exists.
app/reset-password/page.tsx(261,19): error TS7026: JSX element implicitly has type 'any' because no interface 'JSX.IntrinsicElements' exists.
app/reset-password/page.tsx(263,15): error TS7026: JSX element implicitly has type 'any' because no interface 'JSX.IntrinsicElements' exists.
app/reset-password/page.tsx(265,15): error TS7026: JSX element implicitly has type 'any' because no interface 'JSX.IntrinsicElements' exists.
app/reset-password/page.tsx(266,17): error TS7026: JSX element implicitly has type 'any' because no interface 'JSX.IntrinsicElements' exists.
app/reset-password/page.tsx(268,17): error TS7026: JSX element implicitly has type 'any' because no interface 'JSX.IntrinsicElements' exists.
app/reset-password/page.tsx(269,18): error TS2322: Type '{ children: any; hasError: boolean; }' is not assignable to type 'InputRootProps'.
  Property 'children' does not exist on type 'InputRootProps'.
app/reset-password/page.tsx(281,21): error TS7026: JSX element implicitly has type 'any' because no interface 'JSX.IntrinsicElements' exists.
app/reset-password/page.tsx(288,21): error TS7026: JSX element implicitly has type 'any' because no interface 'JSX.IntrinsicElements' exists.
app/reset-password/page.tsx(292,19): error TS7026: JSX element implicitly has type 'any' because no interface 'JSX.IntrinsicElements' exists.
app/reset-password/page.tsx(295,19): error TS7026: JSX element implicitly has type 'any' because no interface 'JSX.IntrinsicElements' exists.
app/reset-password/page.tsx(297,15): error TS7026: JSX element implicitly has type 'any' because no interface 'JSX.IntrinsicElements' exists.
app/reset-password/page.tsx(307,13): error TS7026: JSX element implicitly has type 'any' because no interface 'JSX.IntrinsicElements' exists.
app/reset-password/page.tsx(308,11): error TS7026: JSX element implicitly has type 'any' because no interface 'JSX.IntrinsicElements' exists.
app/reset-password/page.tsx(309,9): error TS7026: JSX element implicitly has type 'any' because no interface 'JSX.IntrinsicElements' exists.
app/reset-password/page.tsx(310,7): error TS7026: JSX element implicitly has type 'any' because no interface 'JSX.IntrinsicElements' exists.
app/reset-password/page.tsx(311,5): error TS7026: JSX element implicitly has type 'any' because no interface 'JSX.IntrinsicElements' exists.
app/robots.ts(1,36): error TS2307: Cannot find module 'next' or its corresponding type declarations.
app/robots.ts(12,21): error TS2580: Cannot find name 'process'. Do you need to install type definitions for node? Try `npm i --save-dev @types/node`.
app/sitemap.ts(1,36): error TS2307: Cannot find module 'next' or its corresponding type declarations.
app/sitemap.ts(4,21): error TS2580: Cannot find name 'process'. Do you need to install type definitions for node? Try `npm i --save-dev @types/node`.
app/terms/page.tsx(3,18): error TS2307: Cannot find module 'next/link' or its corresponding type declarations.
app/terms/page.tsx(5,27): error TS2307: Cannot find module '@phosphor-icons/react/dist/ssr' or its corresponding type declarations.
app/terms/page.tsx(9,5): error TS7026: JSX element implicitly has type 'any' because no interface 'JSX.IntrinsicElements' exists.
app/terms/page.tsx(9,5): error TS2875: This JSX tag requires the module path 'react/jsx-runtime' to exist, but none could be found. Make sure you have types for the appropriate package installed.
app/terms/page.tsx(10,7): error TS7026: JSX element implicitly has type 'any' because no interface 'JSX.IntrinsicElements' exists.
app/terms/page.tsx(11,9): error TS7026: JSX element implicitly has type 'any' because no interface 'JSX.IntrinsicElements' exists.
app/terms/page.tsx(18,9): error TS7026: JSX element implicitly has type 'any' because no interface 'JSX.IntrinsicElements' exists.
app/terms/page.tsx(19,7): error TS7026: JSX element implicitly has type 'any' because no interface 'JSX.IntrinsicElements' exists.
app/terms/page.tsx(21,7): error TS7026: JSX element implicitly has type 'any' because no interface 'JSX.IntrinsicElements' exists.
app/terms/page.tsx(22,9): error TS7026: JSX element implicitly has type 'any' because no interface 'JSX.IntrinsicElements' exists.
app/terms/page.tsx(22,81): error TS7026: JSX element implicitly has type 'any' because no interface 'JSX.IntrinsicElements' exists.
app/terms/page.tsx(23,9): error TS7026: JSX element implicitly has type 'any' because no interface 'JSX.IntrinsicElements' exists.
app/terms/page.tsx(25,9): error TS7026: JSX element implicitly has type 'any' because no interface 'JSX.IntrinsicElements' exists.
app/terms/page.tsx(27,9): error TS7026: JSX element implicitly has type 'any' because no interface 'JSX.IntrinsicElements' exists.
app/terms/page.tsx(28,11): error TS7026: JSX element implicitly has type 'any' because no interface 'JSX.IntrinsicElements' exists.
app/terms/page.tsx(29,13): error TS7026: JSX element implicitly has type 'any' because no interface 'JSX.IntrinsicElements' exists.
app/terms/page.tsx(29,91): error TS7026: JSX element implicitly has type 'any' because no interface 'JSX.IntrinsicElements' exists.
app/terms/page.tsx(30,13): error TS7026: JSX element implicitly has type 'any' because no interface 'JSX.IntrinsicElements' exists.
app/terms/page.tsx(32,13): error TS7026: JSX element implicitly has type 'any' because no interface 'JSX.IntrinsicElements' exists.
app/terms/page.tsx(33,11): error TS7026: JSX element implicitly has type 'any' because no interface 'JSX.IntrinsicElements' exists.
app/terms/page.tsx(35,11): error TS7026: JSX element implicitly has type 'any' because no interface 'JSX.IntrinsicElements' exists.
app/terms/page.tsx(36,13): error TS7026: JSX element implicitly has type 'any' because no interface 'JSX.IntrinsicElements' exists.
app/terms/page.tsx(36,83): error TS7026: JSX element implicitly has type 'any' because no interface 'JSX.IntrinsicElements' exists.
app/terms/page.tsx(37,13): error TS7026: JSX element implicitly has type 'any' because no interface 'JSX.IntrinsicElements' exists.
app/terms/page.tsx(39,13): error TS7026: JSX element implicitly has type 'any' because no interface 'JSX.IntrinsicElements' exists.
app/terms/page.tsx(40,11): error TS7026: JSX element implicitly has type 'any' because no interface 'JSX.IntrinsicElements' exists.
app/terms/page.tsx(42,11): error TS7026: JSX element implicitly has type 'any' because no interface 'JSX.IntrinsicElements' exists.
app/terms/page.tsx(43,13): error TS7026: JSX element implicitly has type 'any' because no interface 'JSX.IntrinsicElements' exists.
app/terms/page.tsx(43,85): error TS7026: JSX element implicitly has type 'any' because no interface 'JSX.IntrinsicElements' exists.
app/terms/page.tsx(44,13): error TS7026: JSX element implicitly has type 'any' because no interface 'JSX.IntrinsicElements' exists.
app/terms/page.tsx(46,13): error TS7026: JSX element implicitly has type 'any' because no interface 'JSX.IntrinsicElements' exists.
app/terms/page.tsx(47,11): error TS7026: JSX element implicitly has type 'any' because no interface 'JSX.IntrinsicElements' exists.
app/terms/page.tsx(49,11): error TS7026: JSX element implicitly has type 'any' because no interface 'JSX.IntrinsicElements' exists.
app/terms/page.tsx(50,13): error TS7026: JSX element implicitly has type 'any' because no interface 'JSX.IntrinsicElements' exists.
app/terms/page.tsx(50,85): error TS7026: JSX element implicitly has type 'any' because no interface 'JSX.IntrinsicElements' exists.
app/terms/page.tsx(51,13): error TS7026: JSX element implicitly has type 'any' because no interface 'JSX.IntrinsicElements' exists.
app/terms/page.tsx(53,13): error TS7026: JSX element implicitly has type 'any' because no interface 'JSX.IntrinsicElements' exists.
app/terms/page.tsx(54,11): error TS7026: JSX element implicitly has type 'any' because no interface 'JSX.IntrinsicElements' exists.
app/terms/page.tsx(56,11): error TS7026: JSX element implicitly has type 'any' because no interface 'JSX.IntrinsicElements' exists.
app/terms/page.tsx(57,13): error TS7026: JSX element implicitly has type 'any' because no interface 'JSX.IntrinsicElements' exists.
app/terms/page.tsx(57,87): error TS7026: JSX element implicitly has type 'any' because no interface 'JSX.IntrinsicElements' exists.
app/terms/page.tsx(58,13): error TS7026: JSX element implicitly has type 'any' because no interface 'JSX.IntrinsicElements' exists.
app/terms/page.tsx(60,13): error TS7026: JSX element implicitly has type 'any' because no interface 'JSX.IntrinsicElements' exists.
app/terms/page.tsx(61,11): error TS7026: JSX element implicitly has type 'any' because no interface 'JSX.IntrinsicElements' exists.
app/terms/page.tsx(63,11): error TS7026: JSX element implicitly has type 'any' because no interface 'JSX.IntrinsicElements' exists.
app/terms/page.tsx(64,13): error TS7026: JSX element implicitly has type 'any' because no interface 'JSX.IntrinsicElements' exists.
app/terms/page.tsx(64,95): error TS7026: JSX element implicitly has type 'any' because no interface 'JSX.IntrinsicElements' exists.
app/terms/page.tsx(65,13): error TS7026: JSX element implicitly has type 'any' because no interface 'JSX.IntrinsicElements' exists.
app/terms/page.tsx(67,13): error TS7026: JSX element implicitly has type 'any' because no interface 'JSX.IntrinsicElements' exists.
app/terms/page.tsx(68,11): error TS7026: JSX element implicitly has type 'any' because no interface 'JSX.IntrinsicElements' exists.
app/terms/page.tsx(70,11): error TS7026: JSX element implicitly has type 'any' because no interface 'JSX.IntrinsicElements' exists.
app/terms/page.tsx(71,13): error TS7026: JSX element implicitly has type 'any' because no interface 'JSX.IntrinsicElements' exists.
app/terms/page.tsx(71,91): error TS7026: JSX element implicitly has type 'any' because no interface 'JSX.IntrinsicElements' exists.
app/terms/page.tsx(72,13): error TS7026: JSX element implicitly has type 'any' because no interface 'JSX.IntrinsicElements' exists.
app/terms/page.tsx(74,13): error TS7026: JSX element implicitly has type 'any' because no interface 'JSX.IntrinsicElements' exists.
app/terms/page.tsx(75,11): error TS7026: JSX element implicitly has type 'any' because no interface 'JSX.IntrinsicElements' exists.
app/terms/page.tsx(76,9): error TS7026: JSX element implicitly has type 'any' because no interface 'JSX.IntrinsicElements' exists.
app/terms/page.tsx(77,7): error TS7026: JSX element implicitly has type 'any' because no interface 'JSX.IntrinsicElements' exists.
app/terms/page.tsx(78,5): error TS7026: JSX element implicitly has type 'any' because no interface 'JSX.IntrinsicElements' exists.
app/verify-email/page.tsx(3,24): error TS2307: Cannot find module 'react' or its corresponding type declarations.
app/verify-email/page.tsx(4,18): error TS2307: Cannot find module 'next/link' or its corresponding type declarations.
app/verify-email/page.tsx(5,44): error TS2307: Cannot find module 'next/navigation' or its corresponding type declarations.
app/verify-email/page.tsx(8,65): error TS2307: Cannot find module '@phosphor-icons/react' or its corresponding type declarations.
app/verify-email/page.tsx(54,7): error TS7026: JSX element implicitly has type 'any' because no interface 'JSX.IntrinsicElements' exists.
app/verify-email/page.tsx(54,7): error TS2875: This JSX tag requires the module path 'react/jsx-runtime' to exist, but none could be found. Make sure you have types for the appropriate package installed.
app/verify-email/page.tsx(55,9): error TS7026: JSX element implicitly has type 'any' because no interface 'JSX.IntrinsicElements' exists.
app/verify-email/page.tsx(62,9): error TS7026: JSX element implicitly has type 'any' because no interface 'JSX.IntrinsicElements' exists.
app/verify-email/page.tsx(64,9): error TS7026: JSX element implicitly has type 'any' because no interface 'JSX.IntrinsicElements' exists.
app/verify-email/page.tsx(65,11): error TS7026: JSX element implicitly has type 'any' because no interface 'JSX.IntrinsicElements' exists.
app/verify-email/page.tsx(66,13): error TS7026: JSX element implicitly has type 'any' because no interface 'JSX.IntrinsicElements' exists.
app/verify-email/page.tsx(67,15): error TS7026: JSX element implicitly has type 'any' because no interface 'JSX.IntrinsicElements' exists.
app/verify-email/page.tsx(69,15): error TS7026: JSX element implicitly has type 'any' because no interface 'JSX.IntrinsicElements' exists.
app/verify-email/page.tsx(70,15): error TS7026: JSX element implicitly has type 'any' because no interface 'JSX.IntrinsicElements' exists.
app/verify-email/page.tsx(70,89): error TS7026: JSX element implicitly has type 'any' because no interface 'JSX.IntrinsicElements' exists.
app/verify-email/page.tsx(71,13): error TS7026: JSX element implicitly has type 'any' because no interface 'JSX.IntrinsicElements' exists.
app/verify-email/page.tsx(72,11): error TS7026: JSX element implicitly has type 'any' because no interface 'JSX.IntrinsicElements' exists.
app/verify-email/page.tsx(73,9): error TS7026: JSX element implicitly has type 'any' because no interface 'JSX.IntrinsicElements' exists.
app/verify-email/page.tsx(74,7): error TS7026: JSX element implicitly has type 'any' because no interface 'JSX.IntrinsicElements' exists.
app/verify-email/page.tsx(80,7): error TS7026: JSX element implicitly has type 'any' because no interface 'JSX.IntrinsicElements' exists.
app/verify-email/page.tsx(81,9): error TS7026: JSX element implicitly has type 'any' because no interface 'JSX.IntrinsicElements' exists.
app/verify-email/page.tsx(88,9): error TS7026: JSX element implicitly has type 'any' because no interface 'JSX.IntrinsicElements' exists.
app/verify-email/page.tsx(90,9): error TS7026: JSX element implicitly has type 'any' because no interface 'JSX.IntrinsicElements' exists.
app/verify-email/page.tsx(91,11): error TS7026: JSX element implicitly has type 'any' because no interface 'JSX.IntrinsicElements' exists.
app/verify-email/page.tsx(92,13): error TS7026: JSX element implicitly has type 'any' because no interface 'JSX.IntrinsicElements' exists.
app/verify-email/page.tsx(93,15): error TS7026: JSX element implicitly has type 'any' because no interface 'JSX.IntrinsicElements' exists.
app/verify-email/page.tsx(94,17): error TS7026: JSX element implicitly has type 'any' because no interface 'JSX.IntrinsicElements' exists.
app/verify-email/page.tsx(96,17): error TS7026: JSX element implicitly has type 'any' because no interface 'JSX.IntrinsicElements' exists.
app/verify-email/page.tsx(97,17): error TS7026: JSX element implicitly has type 'any' because no interface 'JSX.IntrinsicElements' exists.
app/verify-email/page.tsx(97,88): error TS7026: JSX element implicitly has type 'any' because no interface 'JSX.IntrinsicElements' exists.
app/verify-email/page.tsx(98,17): error TS7026: JSX element implicitly has type 'any' because no interface 'JSX.IntrinsicElements' exists.
app/verify-email/page.tsx(100,17): error TS7026: JSX element implicitly has type 'any' because no interface 'JSX.IntrinsicElements' exists.
app/verify-email/page.tsx(101,15): error TS7026: JSX element implicitly has type 'any' because no interface 'JSX.IntrinsicElements' exists.
app/verify-email/page.tsx(106,13): error TS7026: JSX element implicitly has type 'any' because no interface 'JSX.IntrinsicElements' exists.
app/verify-email/page.tsx(107,11): error TS7026: JSX element implicitly has type 'any' because no interface 'JSX.IntrinsicElements' exists.
app/verify-email/page.tsx(108,9): error TS7026: JSX element implicitly has type 'any' because no interface 'JSX.IntrinsicElements' exists.
app/verify-email/page.tsx(109,7): error TS7026: JSX element implicitly has type 'any' because no interface 'JSX.IntrinsicElements' exists.
app/verify-email/page.tsx(114,5): error TS7026: JSX element implicitly has type 'any' because no interface 'JSX.IntrinsicElements' exists.
app/verify-email/page.tsx(115,7): error TS7026: JSX element implicitly has type 'any' because no interface 'JSX.IntrinsicElements' exists.
app/verify-email/page.tsx(122,7): error TS7026: JSX element implicitly has type 'any' because no interface 'JSX.IntrinsicElements' exists.
app/verify-email/page.tsx(124,7): error TS7026: JSX element implicitly has type 'any' because no interface 'JSX.IntrinsicElements' exists.
app/verify-email/page.tsx(125,9): error TS7026: JSX element implicitly has type 'any' because no interface 'JSX.IntrinsicElements' exists.
app/verify-email/page.tsx(126,11): error TS7026: JSX element implicitly has type 'any' because no interface 'JSX.IntrinsicElements' exists.
app/verify-email/page.tsx(127,13): error TS7026: JSX element implicitly has type 'any' because no interface 'JSX.IntrinsicElements' exists.
app/verify-email/page.tsx(128,15): error TS7026: JSX element implicitly has type 'any' because no interface 'JSX.IntrinsicElements' exists.
app/verify-email/page.tsx(130,15): error TS7026: JSX element implicitly has type 'any' because no interface 'JSX.IntrinsicElements' exists.
app/verify-email/page.tsx(131,15): error TS7026: JSX element implicitly has type 'any' because no interface 'JSX.IntrinsicElements' exists.
app/verify-email/page.tsx(131,90): error TS7026: JSX element implicitly has type 'any' because no interface 'JSX.IntrinsicElements' exists.
app/verify-email/page.tsx(132,15): error TS7026: JSX element implicitly has type 'any' because no interface 'JSX.IntrinsicElements' exists.
app/verify-email/page.tsx(134,15): error TS7026: JSX element implicitly has type 'any' because no interface 'JSX.IntrinsicElements' exists.
app/verify-email/page.tsx(135,13): error TS7026: JSX element implicitly has type 'any' because no interface 'JSX.IntrinsicElements' exists.
app/verify-email/page.tsx(138,16): error TS2322: Type '{ children: any; variant: string; size: string; className: string; }' is not assignable to type 'CalloutProps'.
  Property 'children' does not exist on type 'CalloutProps'.
app/verify-email/page.tsx(143,13): error TS7026: JSX element implicitly has type 'any' because no interface 'JSX.IntrinsicElements' exists.
app/verify-email/page.tsx(150,13): error TS7026: JSX element implicitly has type 'any' because no interface 'JSX.IntrinsicElements' exists.
app/verify-email/page.tsx(151,11): error TS7026: JSX element implicitly has type 'any' because no interface 'JSX.IntrinsicElements' exists.
app/verify-email/page.tsx(152,9): error TS7026: JSX element implicitly has type 'any' because no interface 'JSX.IntrinsicElements' exists.
app/verify-email/page.tsx(153,7): error TS7026: JSX element implicitly has type 'any' because no interface 'JSX.IntrinsicElements' exists.
app/verify-email/page.tsx(154,5): error TS7026: JSX element implicitly has type 'any' because no interface 'JSX.IntrinsicElements' exists.
components/claude-generated-components/account-switcher.tsx(6,24): error TS2307: Cannot find module 'react' or its corresponding type declarations.
components/claude-generated-components/account-switcher.tsx(7,19): error TS2307: Cannot find module 'next/image' or its corresponding type declarations.
components/claude-generated-components/account-switcher.tsx(19,8): error TS2307: Cannot find module '@phosphor-icons/react/dist/ssr' or its corresponding type declarations.
components/claude-generated-components/account-switcher.tsx(20,40): error TS2307: Cannot find module '@radix-ui/react-dropdown-menu' or its corresponding type declarations.
components/claude-generated-components/account-switcher.tsx(196,34): error TS2875: This JSX tag requires the module path 'react/jsx-runtime' to exist, but none could be found. Make sure you have types for the appropriate package installed.
components/claude-generated-components/account-switcher.tsx(204,7): error TS7031: Binding element 'className' implicitly has an 'any' type.
components/claude-generated-components/account-switcher.tsx(205,7): error TS7031: Binding element 'accounts' implicitly has an 'any' type.
components/claude-generated-components/account-switcher.tsx(206,7): error TS7031: Binding element 'selectedAccountId' implicitly has an 'any' type.
components/claude-generated-components/account-switcher.tsx(207,7): error TS7031: Binding element 'onAccountChange' implicitly has an 'any' type.
components/claude-generated-components/account-switcher.tsx(208,7): error TS7031: Binding element 'onAddAccount' implicitly has an 'any' type.
components/claude-generated-components/account-switcher.tsx(209,7): error TS7031: Binding element 'onSignOut' implicitly has an 'any' type.
components/claude-generated-components/account-switcher.tsx(216,5): error TS7006: Parameter 'forwardedRef' implicitly has an 'any' type.
components/claude-generated-components/account-switcher.tsx(220,44): error TS7006: Parameter 'acc' implicitly has an 'any' type.
components/claude-generated-components/account-switcher.tsx(232,7): error TS7026: JSX element implicitly has type 'any' because no interface 'JSX.IntrinsicElements' exists.
components/claude-generated-components/account-switcher.tsx(235,13): error TS7026: JSX element implicitly has type 'any' because no interface 'JSX.IntrinsicElements' exists.
components/claude-generated-components/account-switcher.tsx(236,15): error TS7026: JSX element implicitly has type 'any' because no interface 'JSX.IntrinsicElements' exists.
components/claude-generated-components/account-switcher.tsx(244,19): error TS7026: JSX element implicitly has type 'any' because no interface 'JSX.IntrinsicElements' exists.
components/claude-generated-components/account-switcher.tsx(249,15): error TS7026: JSX element implicitly has type 'any' because no interface 'JSX.IntrinsicElements' exists.
components/claude-generated-components/account-switcher.tsx(251,15): error TS7026: JSX element implicitly has type 'any' because no interface 'JSX.IntrinsicElements' exists.
components/claude-generated-components/account-switcher.tsx(252,17): error TS7026: JSX element implicitly has type 'any' because no interface 'JSX.IntrinsicElements' exists.
components/claude-generated-components/account-switcher.tsx(252,71): error TS7026: JSX element implicitly has type 'any' because no interface 'JSX.IntrinsicElements' exists.
components/claude-generated-components/account-switcher.tsx(253,17): error TS7026: JSX element implicitly has type 'any' because no interface 'JSX.IntrinsicElements' exists.
components/claude-generated-components/account-switcher.tsx(253,73): error TS7026: JSX element implicitly has type 'any' because no interface 'JSX.IntrinsicElements' exists.
components/claude-generated-components/account-switcher.tsx(254,15): error TS7026: JSX element implicitly has type 'any' because no interface 'JSX.IntrinsicElements' exists.
components/claude-generated-components/account-switcher.tsx(256,15): error TS7026: JSX element implicitly has type 'any' because no interface 'JSX.IntrinsicElements' exists.
components/claude-generated-components/account-switcher.tsx(258,15): error TS7026: JSX element implicitly has type 'any' because no interface 'JSX.IntrinsicElements' exists.
components/claude-generated-components/account-switcher.tsx(259,13): error TS7026: JSX element implicitly has type 'any' because no interface 'JSX.IntrinsicElements' exists.
components/claude-generated-components/account-switcher.tsx(277,21): error TS7026: JSX element implicitly has type 'any' because no interface 'JSX.IntrinsicElements' exists.
components/claude-generated-components/account-switcher.tsx(279,25): error TS7026: JSX element implicitly has type 'any' because no interface 'JSX.IntrinsicElements' exists.
components/claude-generated-components/account-switcher.tsx(279,76): error TS7026: JSX element implicitly has type 'any' because no interface 'JSX.IntrinsicElements' exists.
components/claude-generated-components/account-switcher.tsx(281,23): error TS7026: JSX element implicitly has type 'any' because no interface 'JSX.IntrinsicElements' exists.
components/claude-generated-components/account-switcher.tsx(281,76): error TS7026: JSX element implicitly has type 'any' because no interface 'JSX.IntrinsicElements' exists.
components/claude-generated-components/account-switcher.tsx(282,21): error TS7026: JSX element implicitly has type 'any' because no interface 'JSX.IntrinsicElements' exists.
components/claude-generated-components/account-switcher.tsx(284,23): error TS7026: JSX element implicitly has type 'any' because no interface 'JSX.IntrinsicElements' exists.
components/claude-generated-components/account-switcher.tsx(284,81): error TS7026: JSX element implicitly has type 'any' because no interface 'JSX.IntrinsicElements' exists.
components/claude-generated-components/account-switcher.tsx(303,34): error TS7006: Parameter 'account' implicitly has an 'any' type.
components/claude-generated-components/account-switcher.tsx(312,23): error TS7026: JSX element implicitly has type 'any' because no interface 'JSX.IntrinsicElements' exists.
components/claude-generated-components/account-switcher.tsx(320,27): error TS7026: JSX element implicitly has type 'any' because no interface 'JSX.IntrinsicElements' exists.
components/claude-generated-components/account-switcher.tsx(328,23): error TS7026: JSX element implicitly has type 'any' because no interface 'JSX.IntrinsicElements' exists.
components/claude-generated-components/account-switcher.tsx(330,23): error TS7026: JSX element implicitly has type 'any' because no interface 'JSX.IntrinsicElements' exists.
components/claude-generated-components/account-switcher.tsx(331,25): error TS7026: JSX element implicitly has type 'any' because no interface 'JSX.IntrinsicElements' exists.
components/claude-generated-components/account-switcher.tsx(331,82): error TS7026: JSX element implicitly has type 'any' because no interface 'JSX.IntrinsicElements' exists.
components/claude-generated-components/account-switcher.tsx(332,25): error TS7026: JSX element implicitly has type 'any' because no interface 'JSX.IntrinsicElements' exists.
components/claude-generated-components/account-switcher.tsx(332,84): error TS7026: JSX element implicitly has type 'any' because no interface 'JSX.IntrinsicElements' exists.
components/claude-generated-components/account-switcher.tsx(333,23): error TS7026: JSX element implicitly has type 'any' because no interface 'JSX.IntrinsicElements' exists.
components/claude-generated-components/account-switcher.tsx(336,25): error TS7026: JSX element implicitly has type 'any' because no interface 'JSX.IntrinsicElements' exists.
components/claude-generated-components/account-switcher.tsx(341,25): error TS7026: JSX element implicitly has type 'any' because no interface 'JSX.IntrinsicElements' exists.
components/claude-generated-components/account-switcher.tsx(344,25): error TS7026: JSX element implicitly has type 'any' because no interface 'JSX.IntrinsicElements' exists.
components/claude-generated-components/account-switcher.tsx(356,17): error TS7026: JSX element implicitly has type 'any' because no interface 'JSX.IntrinsicElements' exists.
components/claude-generated-components/account-switcher.tsx(364,17): error TS7026: JSX element implicitly has type 'any' because no interface 'JSX.IntrinsicElements' exists.
components/claude-generated-components/account-switcher.tsx(375,19): error TS7026: JSX element implicitly has type 'any' because no interface 'JSX.IntrinsicElements' exists.
components/claude-generated-components/account-switcher.tsx(377,21): error TS7026: JSX element implicitly has type 'any' because no interface 'JSX.IntrinsicElements' exists.
components/claude-generated-components/account-switcher.tsx(377,70): error TS7026: JSX element implicitly has type 'any' because no interface 'JSX.IntrinsicElements' exists.
components/claude-generated-components/account-switcher.tsx(378,19): error TS7026: JSX element implicitly has type 'any' because no interface 'JSX.IntrinsicElements' exists.
components/claude-generated-components/account-switcher.tsx(379,19): error TS7026: JSX element implicitly has type 'any' because no interface 'JSX.IntrinsicElements' exists.
components/claude-generated-components/account-switcher.tsx(379,65): error TS7026: JSX element implicitly has type 'any' because no interface 'JSX.IntrinsicElements' exists.
components/claude-generated-components/account-switcher.tsx(385,7): error TS7026: JSX element implicitly has type 'any' because no interface 'JSX.IntrinsicElements' exists.
components/claude-generated-components/account-switcher.tsx(404,6): error TS7031: Binding element 'className' implicitly has an 'any' type.
components/claude-generated-components/account-switcher.tsx(404,17): error TS7031: Binding element 'label' implicitly has an 'any' type.
components/claude-generated-components/account-switcher.tsx(404,24): error TS7031: Binding element 'icon' implicitly has an 'any' type.
components/claude-generated-components/account-switcher.tsx(404,30): error TS7031: Binding element 'shortcut' implicitly has an 'any' type.
components/claude-generated-components/account-switcher.tsx(404,51): error TS7006: Parameter 'forwardedRef' implicitly has an 'any' type.
components/claude-generated-components/account-switcher.tsx(413,7): error TS7026: JSX element implicitly has type 'any' because no interface 'JSX.IntrinsicElements' exists.
components/claude-generated-components/account-switcher.tsx(414,18): error TS7026: JSX element implicitly has type 'any' because no interface 'JSX.IntrinsicElements' exists.
components/claude-generated-components/account-switcher.tsx(414,64): error TS7026: JSX element implicitly has type 'any' because no interface 'JSX.IntrinsicElements' exists.
components/claude-generated-components/account-switcher.tsx(415,9): error TS7026: JSX element implicitly has type 'any' because no interface 'JSX.IntrinsicElements' exists.
components/claude-generated-components/account-switcher.tsx(415,57): error TS7026: JSX element implicitly has type 'any' because no interface 'JSX.IntrinsicElements' exists.
components/claude-generated-components/account-switcher.tsx(416,7): error TS7026: JSX element implicitly has type 'any' because no interface 'JSX.IntrinsicElements' exists.
components/claude-generated-components/account-switcher.tsx(417,20): error TS7026: JSX element implicitly has type 'any' because no interface 'JSX.IntrinsicElements' exists.
components/claude-generated-components/account-switcher.tsx(417,73): error TS7026: JSX element implicitly has type 'any' because no interface 'JSX.IntrinsicElements' exists.
components/claude-generated-components/app-store-buttons.tsx(6,24): error TS2307: Cannot find module 'react' or its corresponding type declarations.
components/claude-generated-components/app-store-buttons.tsx(60,5): error TS7026: JSX element implicitly has type 'any' because no interface 'JSX.IntrinsicElements' exists.
components/claude-generated-components/app-store-buttons.tsx(66,7): error TS7026: JSX element implicitly has type 'any' because no interface 'JSX.IntrinsicElements' exists.
components/claude-generated-components/app-store-buttons.tsx(67,5): error TS7026: JSX element implicitly has type 'any' because no interface 'JSX.IntrinsicElements' exists.
components/claude-generated-components/app-store-buttons.tsx(74,5): error TS7026: JSX element implicitly has type 'any' because no interface 'JSX.IntrinsicElements' exists.
components/claude-generated-components/app-store-buttons.tsx(80,7): error TS7026: JSX element implicitly has type 'any' because no interface 'JSX.IntrinsicElements' exists.
components/claude-generated-components/app-store-buttons.tsx(84,7): error TS7026: JSX element implicitly has type 'any' because no interface 'JSX.IntrinsicElements' exists.
components/claude-generated-components/app-store-buttons.tsx(88,7): error TS7026: JSX element implicitly has type 'any' because no interface 'JSX.IntrinsicElements' exists.
components/claude-generated-components/app-store-buttons.tsx(92,7): error TS7026: JSX element implicitly has type 'any' because no interface 'JSX.IntrinsicElements' exists.
components/claude-generated-components/app-store-buttons.tsx(96,5): error TS7026: JSX element implicitly has type 'any' because no interface 'JSX.IntrinsicElements' exists.
components/claude-generated-components/app-store-buttons.tsx(107,6): error TS7031: Binding element 'className' implicitly has an 'any' type.
components/claude-generated-components/app-store-buttons.tsx(107,54): error TS7031: Binding element 'href' implicitly has an 'any' type.
components/claude-generated-components/app-store-buttons.tsx(107,71): error TS7006: Parameter 'forwardedRef' implicitly has an 'any' type.
components/claude-generated-components/app-store-buttons.tsx(111,7): error TS7026: JSX element implicitly has type 'any' because no interface 'JSX.IntrinsicElements' exists.
components/claude-generated-components/app-store-buttons.tsx(121,9): error TS7026: JSX element implicitly has type 'any' because no interface 'JSX.IntrinsicElements' exists.
components/claude-generated-components/app-store-buttons.tsx(122,11): error TS7026: JSX element implicitly has type 'any' because no interface 'JSX.IntrinsicElements' exists.
components/claude-generated-components/app-store-buttons.tsx(130,11): error TS7026: JSX element implicitly has type 'any' because no interface 'JSX.IntrinsicElements' exists.
components/claude-generated-components/app-store-buttons.tsx(131,11): error TS7026: JSX element implicitly has type 'any' because no interface 'JSX.IntrinsicElements' exists.
components/claude-generated-components/app-store-buttons.tsx(140,11): error TS7026: JSX element implicitly has type 'any' because no interface 'JSX.IntrinsicElements' exists.
components/claude-generated-components/app-store-buttons.tsx(141,9): error TS7026: JSX element implicitly has type 'any' because no interface 'JSX.IntrinsicElements' exists.
components/claude-generated-components/app-store-buttons.tsx(142,7): error TS7026: JSX element implicitly has type 'any' because no interface 'JSX.IntrinsicElements' exists.
components/claude-generated-components/app-store-buttons.tsx(157,6): error TS7031: Binding element 'className' implicitly has an 'any' type.
components/claude-generated-components/app-store-buttons.tsx(157,54): error TS7031: Binding element 'href' implicitly has an 'any' type.
components/claude-generated-components/app-store-buttons.tsx(157,71): error TS7006: Parameter 'forwardedRef' implicitly has an 'any' type.
components/claude-generated-components/app-store-buttons.tsx(161,5): error TS7026: JSX element implicitly has type 'any' because no interface 'JSX.IntrinsicElements' exists.
components/claude-generated-components/app-store-buttons.tsx(171,7): error TS7026: JSX element implicitly has type 'any' because no interface 'JSX.IntrinsicElements' exists.
components/claude-generated-components/app-store-buttons.tsx(172,9): error TS7026: JSX element implicitly has type 'any' because no interface 'JSX.IntrinsicElements' exists.
components/claude-generated-components/app-store-buttons.tsx(180,9): error TS7026: JSX element implicitly has type 'any' because no interface 'JSX.IntrinsicElements' exists.
components/claude-generated-components/app-store-buttons.tsx(181,9): error TS7026: JSX element implicitly has type 'any' because no interface 'JSX.IntrinsicElements' exists.
components/claude-generated-components/app-store-buttons.tsx(190,9): error TS7026: JSX element implicitly has type 'any' because no interface 'JSX.IntrinsicElements' exists.
components/claude-generated-components/app-store-buttons.tsx(191,7): error TS7026: JSX element implicitly has type 'any' because no interface 'JSX.IntrinsicElements' exists.
components/claude-generated-components/app-store-buttons.tsx(192,5): error TS7026: JSX element implicitly has type 'any' because no interface 'JSX.IntrinsicElements' exists.
components/claude-generated-components/app-store-buttons.tsx(213,5): error TS7026: JSX element implicitly has type 'any' because no interface 'JSX.IntrinsicElements' exists.
components/claude-generated-components/app-store-buttons.tsx(213,5): error TS2875: This JSX tag requires the module path 'react/jsx-runtime' to exist, but none could be found. Make sure you have types for the appropriate package installed.
components/claude-generated-components/app-store-buttons.tsx(220,5): error TS7026: JSX element implicitly has type 'any' because no interface 'JSX.IntrinsicElements' exists.
components/claude-generated-components/avatar-group.tsx(6,24): error TS2307: Cannot find module 'react' or its corresponding type declarations.
components/claude-generated-components/avatar-group.tsx(88,7): error TS7031: Binding element 'className' implicitly has an 'any' type.
components/claude-generated-components/avatar-group.tsx(88,51): error TS7031: Binding element 'max' implicitly has an 'any' type.
components/claude-generated-components/avatar-group.tsx(88,56): error TS7031: Binding element 'children' implicitly has an 'any' type.
components/claude-generated-components/avatar-group.tsx(89,5): error TS7006: Parameter 'forwardedRef' implicitly has an 'any' type.
components/claude-generated-components/avatar-group.tsx(101,9): error TS7026: JSX element implicitly has type 'any' because no interface 'JSX.IntrinsicElements' exists.
components/claude-generated-components/avatar-group.tsx(108,51): error TS7006: Parameter 'child' implicitly has an 'any' type.
components/claude-generated-components/avatar-group.tsx(108,58): error TS7006: Parameter 'index' implicitly has an 'any' type.
components/claude-generated-components/avatar-group.tsx(125,9): error TS7026: JSX element implicitly has type 'any' because no interface 'JSX.IntrinsicElements' exists.
components/claude-generated-components/avatar-group.tsx(147,5): error TS7026: JSX element implicitly has type 'any' because no interface 'JSX.IntrinsicElements' exists.
components/claude-generated-components/avatar-group.tsx(147,5): error TS2875: This JSX tag requires the module path 'react/jsx-runtime' to exist, but none could be found. Make sure you have types for the appropriate package installed.
components/claude-generated-components/avatar-group.tsx(153,5): error TS7026: JSX element implicitly has type 'any' because no interface 'JSX.IntrinsicElements' exists.
components/claude-generated-components/avatar-group.tsx(166,5): error TS7026: JSX element implicitly has type 'any' because no interface 'JSX.IntrinsicElements' exists.
components/claude-generated-components/avatar-group.tsx(168,5): error TS7026: JSX element implicitly has type 'any' because no interface 'JSX.IntrinsicElements' exists.
components/claude-generated-components/background-patterns.tsx(6,24): error TS2307: Cannot find module 'react' or its corresponding type declarations.
components/claude-generated-components/background-patterns.tsx(21,21): error TS7053: Element implicitly has an 'any' type because expression of type 'any' can't be used to index type '{ small: number; medium: number; large: number; }'.
components/claude-generated-components/background-patterns.tsx(27,5): error TS7026: JSX element implicitly has type 'any' because no interface 'JSX.IntrinsicElements' exists.
components/claude-generated-components/background-patterns.tsx(27,5): error TS2875: This JSX tag requires the module path 'react/jsx-runtime' to exist, but none could be found. Make sure you have types for the appropriate package installed.
components/claude-generated-components/background-patterns.tsx(36,7): error TS7026: JSX element implicitly has type 'any' because no interface 'JSX.IntrinsicElements' exists.
components/claude-generated-components/background-patterns.tsx(37,9): error TS7026: JSX element implicitly has type 'any' because no interface 'JSX.IntrinsicElements' exists.
components/claude-generated-components/background-patterns.tsx(38,11): error TS7026: JSX element implicitly has type 'any' because no interface 'JSX.IntrinsicElements' exists.
components/claude-generated-components/background-patterns.tsx(39,11): error TS7026: JSX element implicitly has type 'any' because no interface 'JSX.IntrinsicElements' exists.
components/claude-generated-components/background-patterns.tsx(40,9): error TS7026: JSX element implicitly has type 'any' because no interface 'JSX.IntrinsicElements' exists.
components/claude-generated-components/background-patterns.tsx(41,7): error TS7026: JSX element implicitly has type 'any' because no interface 'JSX.IntrinsicElements' exists.
components/claude-generated-components/background-patterns.tsx(43,7): error TS7026: JSX element implicitly has type 'any' because no interface 'JSX.IntrinsicElements' exists.
components/claude-generated-components/background-patterns.tsx(51,9): error TS7026: JSX element implicitly has type 'any' because no interface 'JSX.IntrinsicElements' exists.
components/claude-generated-components/background-patterns.tsx(62,5): error TS7026: JSX element implicitly has type 'any' because no interface 'JSX.IntrinsicElements' exists.
components/claude-generated-components/background-patterns.tsx(67,21): error TS7053: Element implicitly has an 'any' type because expression of type 'any' can't be used to index type '{ small: number; medium: number; large: number; }'.
components/claude-generated-components/background-patterns.tsx(75,5): error TS7026: JSX element implicitly has type 'any' because no interface 'JSX.IntrinsicElements' exists.
components/claude-generated-components/background-patterns.tsx(84,7): error TS7026: JSX element implicitly has type 'any' because no interface 'JSX.IntrinsicElements' exists.
components/claude-generated-components/background-patterns.tsx(85,9): error TS7026: JSX element implicitly has type 'any' because no interface 'JSX.IntrinsicElements' exists.
components/claude-generated-components/background-patterns.tsx(86,11): error TS7026: JSX element implicitly has type 'any' because no interface 'JSX.IntrinsicElements' exists.
components/claude-generated-components/background-patterns.tsx(87,11): error TS7026: JSX element implicitly has type 'any' because no interface 'JSX.IntrinsicElements' exists.
components/claude-generated-components/background-patterns.tsx(88,9): error TS7026: JSX element implicitly has type 'any' because no interface 'JSX.IntrinsicElements' exists.
components/claude-generated-components/background-patterns.tsx(89,9): error TS7026: JSX element implicitly has type 'any' because no interface 'JSX.IntrinsicElements' exists.
components/claude-generated-components/background-patterns.tsx(90,11): error TS7026: JSX element implicitly has type 'any' because no interface 'JSX.IntrinsicElements' exists.
components/claude-generated-components/background-patterns.tsx(91,9): error TS7026: JSX element implicitly has type 'any' because no interface 'JSX.IntrinsicElements' exists.
components/claude-generated-components/background-patterns.tsx(92,7): error TS7026: JSX element implicitly has type 'any' because no interface 'JSX.IntrinsicElements' exists.
components/claude-generated-components/background-patterns.tsx(93,7): error TS7026: JSX element implicitly has type 'any' because no interface 'JSX.IntrinsicElements' exists.
components/claude-generated-components/background-patterns.tsx(96,11): error TS7026: JSX element implicitly has type 'any' because no interface 'JSX.IntrinsicElements' exists.
components/claude-generated-components/background-patterns.tsx(109,11): error TS7026: JSX element implicitly has type 'any' because no interface 'JSX.IntrinsicElements' exists.
components/claude-generated-components/background-patterns.tsx(120,7): error TS7026: JSX element implicitly has type 'any' because no interface 'JSX.IntrinsicElements' exists.
components/claude-generated-components/background-patterns.tsx(121,5): error TS7026: JSX element implicitly has type 'any' because no interface 'JSX.IntrinsicElements' exists.
components/claude-generated-components/background-patterns.tsx(126,21): error TS7053: Element implicitly has an 'any' type because expression of type 'any' can't be used to index type '{ small: number; medium: number; large: number; }'.
components/claude-generated-components/background-patterns.tsx(134,5): error TS7026: JSX element implicitly has type 'any' because no interface 'JSX.IntrinsicElements' exists.
components/claude-generated-components/background-patterns.tsx(143,7): error TS7026: JSX element implicitly has type 'any' because no interface 'JSX.IntrinsicElements' exists.
components/claude-generated-components/background-patterns.tsx(144,9): error TS7026: JSX element implicitly has type 'any' because no interface 'JSX.IntrinsicElements' exists.
components/claude-generated-components/background-patterns.tsx(145,11): error TS7026: JSX element implicitly has type 'any' because no interface 'JSX.IntrinsicElements' exists.
components/claude-generated-components/background-patterns.tsx(146,11): error TS7026: JSX element implicitly has type 'any' because no interface 'JSX.IntrinsicElements' exists.
components/claude-generated-components/background-patterns.tsx(147,9): error TS7026: JSX element implicitly has type 'any' because no interface 'JSX.IntrinsicElements' exists.
components/claude-generated-components/background-patterns.tsx(148,9): error TS7026: JSX element implicitly has type 'any' because no interface 'JSX.IntrinsicElements' exists.
components/claude-generated-components/background-patterns.tsx(149,11): error TS7026: JSX element implicitly has type 'any' because no interface 'JSX.IntrinsicElements' exists.
components/claude-generated-components/background-patterns.tsx(150,9): error TS7026: JSX element implicitly has type 'any' because no interface 'JSX.IntrinsicElements' exists.
components/claude-generated-components/background-patterns.tsx(151,7): error TS7026: JSX element implicitly has type 'any' because no interface 'JSX.IntrinsicElements' exists.
components/claude-generated-components/background-patterns.tsx(152,7): error TS7026: JSX element implicitly has type 'any' because no interface 'JSX.IntrinsicElements' exists.
components/claude-generated-components/background-patterns.tsx(155,11): error TS7026: JSX element implicitly has type 'any' because no interface 'JSX.IntrinsicElements' exists.
components/claude-generated-components/background-patterns.tsx(168,11): error TS7026: JSX element implicitly has type 'any' because no interface 'JSX.IntrinsicElements' exists.
components/claude-generated-components/background-patterns.tsx(182,13): error TS7026: JSX element implicitly has type 'any' because no interface 'JSX.IntrinsicElements' exists.
components/claude-generated-components/background-patterns.tsx(192,7): error TS7026: JSX element implicitly has type 'any' because no interface 'JSX.IntrinsicElements' exists.
components/claude-generated-components/background-patterns.tsx(193,5): error TS7026: JSX element implicitly has type 'any' because no interface 'JSX.IntrinsicElements' exists.
components/claude-generated-components/background-patterns.tsx(198,21): error TS7053: Element implicitly has an 'any' type because expression of type 'any' can't be used to index type '{ small: number; medium: number; large: number; }'.
components/claude-generated-components/background-patterns.tsx(208,5): error TS7026: JSX element implicitly has type 'any' because no interface 'JSX.IntrinsicElements' exists.
components/claude-generated-components/background-patterns.tsx(217,7): error TS7026: JSX element implicitly has type 'any' because no interface 'JSX.IntrinsicElements' exists.
components/claude-generated-components/background-patterns.tsx(218,9): error TS7026: JSX element implicitly has type 'any' because no interface 'JSX.IntrinsicElements' exists.
components/claude-generated-components/background-patterns.tsx(219,11): error TS7026: JSX element implicitly has type 'any' because no interface 'JSX.IntrinsicElements' exists.
components/claude-generated-components/background-patterns.tsx(220,11): error TS7026: JSX element implicitly has type 'any' because no interface 'JSX.IntrinsicElements' exists.
components/claude-generated-components/background-patterns.tsx(221,9): error TS7026: JSX element implicitly has type 'any' because no interface 'JSX.IntrinsicElements' exists.
components/claude-generated-components/background-patterns.tsx(222,9): error TS7026: JSX element implicitly has type 'any' because no interface 'JSX.IntrinsicElements' exists.
components/claude-generated-components/background-patterns.tsx(223,11): error TS7026: JSX element implicitly has type 'any' because no interface 'JSX.IntrinsicElements' exists.
components/claude-generated-components/background-patterns.tsx(224,9): error TS7026: JSX element implicitly has type 'any' because no interface 'JSX.IntrinsicElements' exists.
components/claude-generated-components/background-patterns.tsx(225,7): error TS7026: JSX element implicitly has type 'any' because no interface 'JSX.IntrinsicElements' exists.
components/claude-generated-components/background-patterns.tsx(226,7): error TS7026: JSX element implicitly has type 'any' because no interface 'JSX.IntrinsicElements' exists.
components/claude-generated-components/background-patterns.tsx(229,13): error TS7026: JSX element implicitly has type 'any' because no interface 'JSX.IntrinsicElements' exists.
components/claude-generated-components/background-patterns.tsx(244,7): error TS7026: JSX element implicitly has type 'any' because no interface 'JSX.IntrinsicElements' exists.
components/claude-generated-components/background-patterns.tsx(245,5): error TS7026: JSX element implicitly has type 'any' because no interface 'JSX.IntrinsicElements' exists.
components/claude-generated-components/background-patterns.tsx(250,21): error TS7053: Element implicitly has an 'any' type because expression of type 'any' can't be used to index type '{ small: number; medium: number; large: number; }'.
components/claude-generated-components/background-patterns.tsx(259,5): error TS7026: JSX element implicitly has type 'any' because no interface 'JSX.IntrinsicElements' exists.
components/claude-generated-components/background-patterns.tsx(268,7): error TS7026: JSX element implicitly has type 'any' because no interface 'JSX.IntrinsicElements' exists.
components/claude-generated-components/background-patterns.tsx(269,9): error TS7026: JSX element implicitly has type 'any' because no interface 'JSX.IntrinsicElements' exists.
components/claude-generated-components/background-patterns.tsx(270,11): error TS7026: JSX element implicitly has type 'any' because no interface 'JSX.IntrinsicElements' exists.
components/claude-generated-components/background-patterns.tsx(271,11): error TS7026: JSX element implicitly has type 'any' because no interface 'JSX.IntrinsicElements' exists.
components/claude-generated-components/background-patterns.tsx(272,9): error TS7026: JSX element implicitly has type 'any' because no interface 'JSX.IntrinsicElements' exists.
components/claude-generated-components/background-patterns.tsx(273,9): error TS7026: JSX element implicitly has type 'any' because no interface 'JSX.IntrinsicElements' exists.
components/claude-generated-components/background-patterns.tsx(274,11): error TS7026: JSX element implicitly has type 'any' because no interface 'JSX.IntrinsicElements' exists.
components/claude-generated-components/background-patterns.tsx(275,9): error TS7026: JSX element implicitly has type 'any' because no interface 'JSX.IntrinsicElements' exists.
components/claude-generated-components/background-patterns.tsx(276,7): error TS7026: JSX element implicitly has type 'any' because no interface 'JSX.IntrinsicElements' exists.
components/claude-generated-components/background-patterns.tsx(277,7): error TS7026: JSX element implicitly has type 'any' because no interface 'JSX.IntrinsicElements' exists.
components/claude-generated-components/background-patterns.tsx(280,13): error TS7026: JSX element implicitly has type 'any' because no interface 'JSX.IntrinsicElements' exists.
components/claude-generated-components/background-patterns.tsx(290,7): error TS7026: JSX element implicitly has type 'any' because no interface 'JSX.IntrinsicElements' exists.
components/claude-generated-components/background-patterns.tsx(291,5): error TS7026: JSX element implicitly has type 'any' because no interface 'JSX.IntrinsicElements' exists.
components/claude-generated-components/background-patterns.tsx(296,21): error TS7053: Element implicitly has an 'any' type because expression of type 'any' can't be used to index type '{ small: number; medium: number; large: number; }'.
components/claude-generated-components/background-patterns.tsx(302,5): error TS7026: JSX element implicitly has type 'any' because no interface 'JSX.IntrinsicElements' exists.
components/claude-generated-components/background-patterns.tsx(311,7): error TS7026: JSX element implicitly has type 'any' because no interface 'JSX.IntrinsicElements' exists.
components/claude-generated-components/background-patterns.tsx(312,9): error TS7026: JSX element implicitly has type 'any' because no interface 'JSX.IntrinsicElements' exists.
components/claude-generated-components/background-patterns.tsx(313,11): error TS7026: JSX element implicitly has type 'any' because no interface 'JSX.IntrinsicElements' exists.
components/claude-generated-components/background-patterns.tsx(314,11): error TS7026: JSX element implicitly has type 'any' because no interface 'JSX.IntrinsicElements' exists.
components/claude-generated-components/background-patterns.tsx(315,9): error TS7026: JSX element implicitly has type 'any' because no interface 'JSX.IntrinsicElements' exists.
components/claude-generated-components/background-patterns.tsx(316,9): error TS7026: JSX element implicitly has type 'any' because no interface 'JSX.IntrinsicElements' exists.
components/claude-generated-components/background-patterns.tsx(317,11): error TS7026: JSX element implicitly has type 'any' because no interface 'JSX.IntrinsicElements' exists.
components/claude-generated-components/background-patterns.tsx(318,9): error TS7026: JSX element implicitly has type 'any' because no interface 'JSX.IntrinsicElements' exists.
components/claude-generated-components/background-patterns.tsx(319,7): error TS7026: JSX element implicitly has type 'any' because no interface 'JSX.IntrinsicElements' exists.
components/claude-generated-components/background-patterns.tsx(320,7): error TS7026: JSX element implicitly has type 'any' because no interface 'JSX.IntrinsicElements' exists.
components/claude-generated-components/background-patterns.tsx(325,13): error TS7026: JSX element implicitly has type 'any' because no interface 'JSX.IntrinsicElements' exists.
components/claude-generated-components/background-patterns.tsx(335,7): error TS7026: JSX element implicitly has type 'any' because no interface 'JSX.IntrinsicElements' exists.
components/claude-generated-components/background-patterns.tsx(336,5): error TS7026: JSX element implicitly has type 'any' because no interface 'JSX.IntrinsicElements' exists.
components/claude-generated-components/carousel.tsx(5,24): error TS2307: Cannot find module 'react' or its corresponding type declarations.
components/claude-generated-components/carousel.tsx(6,61): error TS2307: Cannot find module 'embla-carousel-react' or its corresponding type declarations.
components/claude-generated-components/carousel.tsx(7,39): error TS2307: Cannot find module '@phosphor-icons/react/dist/ssr' or its corresponding type declarations.
components/claude-generated-components/carousel.tsx(10,22): error TS2307: Cannot find module '@radix-ui/react-slot' or its corresponding type declarations.
components/claude-generated-components/carousel.tsx(96,7): error TS7031: Binding element 'opts' implicitly has an 'any' type.
components/claude-generated-components/carousel.tsx(97,7): error TS7031: Binding element 'setApi' implicitly has an 'any' type.
components/claude-generated-components/carousel.tsx(98,7): error TS7031: Binding element 'plugins' implicitly has an 'any' type.
components/claude-generated-components/carousel.tsx(99,7): error TS7031: Binding element 'className' implicitly has an 'any' type.
components/claude-generated-components/carousel.tsx(100,7): error TS7031: Binding element 'children' implicitly has an 'any' type.
components/claude-generated-components/carousel.tsx(103,5): error TS7006: Parameter 'forwardedRef' implicitly has an 'any' type.
components/claude-generated-components/carousel.tsx(186,9): error TS7026: JSX element implicitly has type 'any' because no interface 'JSX.IntrinsicElements' exists.
components/claude-generated-components/carousel.tsx(195,9): error TS7026: JSX element implicitly has type 'any' because no interface 'JSX.IntrinsicElements' exists.
components/claude-generated-components/carousel.tsx(207,6): error TS7031: Binding element 'className' implicitly has an 'any' type.
components/claude-generated-components/carousel.tsx(207,51): error TS7006: Parameter 'forwardedRef' implicitly has an 'any' type.
components/claude-generated-components/carousel.tsx(212,7): error TS7026: JSX element implicitly has type 'any' because no interface 'JSX.IntrinsicElements' exists.
components/claude-generated-components/carousel.tsx(216,9): error TS7026: JSX element implicitly has type 'any' because no interface 'JSX.IntrinsicElements' exists.
components/claude-generated-components/carousel.tsx(217,7): error TS7026: JSX element implicitly has type 'any' because no interface 'JSX.IntrinsicElements' exists.
components/claude-generated-components/carousel.tsx(226,6): error TS7031: Binding element 'className' implicitly has an 'any' type.
components/claude-generated-components/carousel.tsx(226,28): error TS7006: Parameter 'forwardedRef' implicitly has an 'any' type.
components/claude-generated-components/carousel.tsx(230,7): error TS7026: JSX element implicitly has type 'any' because no interface 'JSX.IntrinsicElements' exists.
components/claude-generated-components/carousel.tsx(247,6): error TS7031: Binding element 'className' implicitly has an 'any' type.
components/claude-generated-components/carousel.tsx(247,17): error TS7031: Binding element 'asChild' implicitly has an 'any' type.
components/claude-generated-components/carousel.tsx(247,26): error TS7031: Binding element 'children' implicitly has an 'any' type.
components/claude-generated-components/carousel.tsx(247,47): error TS7006: Parameter 'forwardedRef' implicitly has an 'any' type.
components/claude-generated-components/carousel.tsx(269,6): error TS7031: Binding element 'className' implicitly has an 'any' type.
components/claude-generated-components/carousel.tsx(269,17): error TS7031: Binding element 'asChild' implicitly has an 'any' type.
components/claude-generated-components/carousel.tsx(269,26): error TS7031: Binding element 'children' implicitly has an 'any' type.
components/claude-generated-components/carousel.tsx(269,47): error TS7006: Parameter 'forwardedRef' implicitly has an 'any' type.
components/claude-generated-components/carousel.tsx(295,6): error TS7031: Binding element 'className' implicitly has an 'any' type.
components/claude-generated-components/carousel.tsx(295,17): error TS7031: Binding element 'index' implicitly has an 'any' type.
components/claude-generated-components/carousel.tsx(295,35): error TS7006: Parameter 'forwardedRef' implicitly has an 'any' type.
components/claude-generated-components/carousel.tsx(305,7): error TS7026: JSX element implicitly has type 'any' because no interface 'JSX.IntrinsicElements' exists.
components/claude-generated-components/carousel.tsx(335,5): error TS7026: JSX element implicitly has type 'any' because no interface 'JSX.IntrinsicElements' exists.
components/claude-generated-components/carousel.tsx(335,5): error TS2875: This JSX tag requires the module path 'react/jsx-runtime' to exist, but none could be found. Make sure you have types for the appropriate package installed.
components/claude-generated-components/carousel.tsx(337,28): error TS7006: Parameter '_' implicitly has an 'any' type.
components/claude-generated-components/carousel.tsx(337,31): error TS7006: Parameter 'index' implicitly has an 'any' type.
components/claude-generated-components/carousel.tsx(339,5): error TS7026: JSX element implicitly has type 'any' because no interface 'JSX.IntrinsicElements' exists.
components/claude-generated-components/chart-utils.tsx(6,24): error TS2307: Cannot find module 'react' or its corresponding type declarations.
components/claude-generated-components/chart-utils.tsx(106,5): error TS7026: JSX element implicitly has type 'any' because no interface 'JSX.IntrinsicElements' exists.
components/claude-generated-components/chart-utils.tsx(106,5): error TS2875: This JSX tag requires the module path 'react/jsx-runtime' to exist, but none could be found. Make sure you have types for the appropriate package installed.
components/claude-generated-components/chart-utils.tsx(115,9): error TS7026: JSX element implicitly has type 'any' because no interface 'JSX.IntrinsicElements' exists.
components/claude-generated-components/chart-utils.tsx(116,11): error TS7026: JSX element implicitly has type 'any' because no interface 'JSX.IntrinsicElements' exists.
components/claude-generated-components/chart-utils.tsx(120,11): error TS7026: JSX element implicitly has type 'any' because no interface 'JSX.IntrinsicElements' exists.
components/claude-generated-components/chart-utils.tsx(120,74): error TS7026: JSX element implicitly has type 'any' because no interface 'JSX.IntrinsicElements' exists.
components/claude-generated-components/chart-utils.tsx(121,9): error TS7026: JSX element implicitly has type 'any' because no interface 'JSX.IntrinsicElements' exists.
components/claude-generated-components/chart-utils.tsx(123,5): error TS7026: JSX element implicitly has type 'any' because no interface 'JSX.IntrinsicElements' exists.
components/claude-generated-components/chart-utils.tsx(161,5): error TS7026: JSX element implicitly has type 'any' because no interface 'JSX.IntrinsicElements' exists.
components/claude-generated-components/chart-utils.tsx(168,9): error TS7026: JSX element implicitly has type 'any' because no interface 'JSX.IntrinsicElements' exists.
components/claude-generated-components/chart-utils.tsx(168,80): error TS7026: JSX element implicitly has type 'any' because no interface 'JSX.IntrinsicElements' exists.
components/claude-generated-components/chart-utils.tsx(170,7): error TS7026: JSX element implicitly has type 'any' because no interface 'JSX.IntrinsicElements' exists.
components/claude-generated-components/chart-utils.tsx(177,13): error TS7026: JSX element implicitly has type 'any' because no interface 'JSX.IntrinsicElements' exists.
components/claude-generated-components/chart-utils.tsx(181,15): error TS7026: JSX element implicitly has type 'any' because no interface 'JSX.IntrinsicElements' exists.
components/claude-generated-components/chart-utils.tsx(182,17): error TS7026: JSX element implicitly has type 'any' because no interface 'JSX.IntrinsicElements' exists.
components/claude-generated-components/chart-utils.tsx(186,17): error TS7026: JSX element implicitly has type 'any' because no interface 'JSX.IntrinsicElements' exists.
components/claude-generated-components/chart-utils.tsx(188,17): error TS7026: JSX element implicitly has type 'any' because no interface 'JSX.IntrinsicElements' exists.
components/claude-generated-components/chart-utils.tsx(189,15): error TS7026: JSX element implicitly has type 'any' because no interface 'JSX.IntrinsicElements' exists.
components/claude-generated-components/chart-utils.tsx(190,15): error TS7026: JSX element implicitly has type 'any' because no interface 'JSX.IntrinsicElements' exists.
components/claude-generated-components/chart-utils.tsx(190,75): error TS7026: JSX element implicitly has type 'any' because no interface 'JSX.IntrinsicElements' exists.
components/claude-generated-components/chart-utils.tsx(191,13): error TS7026: JSX element implicitly has type 'any' because no interface 'JSX.IntrinsicElements' exists.
components/claude-generated-components/chart-utils.tsx(194,7): error TS7026: JSX element implicitly has type 'any' because no interface 'JSX.IntrinsicElements' exists.
components/claude-generated-components/chart-utils.tsx(195,5): error TS7026: JSX element implicitly has type 'any' because no interface 'JSX.IntrinsicElements' exists.
components/claude-generated-components/chart-utils.tsx(223,5): error TS7026: JSX element implicitly has type 'any' because no interface 'JSX.IntrinsicElements' exists.
components/claude-generated-components/chart-utils.tsx(224,7): error TS7026: JSX element implicitly has type 'any' because no interface 'JSX.IntrinsicElements' exists.
components/claude-generated-components/chart-utils.tsx(225,7): error TS7026: JSX element implicitly has type 'any' because no interface 'JSX.IntrinsicElements' exists.
components/claude-generated-components/chart-utils.tsx(226,7): error TS7026: JSX element implicitly has type 'any' because no interface 'JSX.IntrinsicElements' exists.
components/claude-generated-components/chart-utils.tsx(227,5): error TS7026: JSX element implicitly has type 'any' because no interface 'JSX.IntrinsicElements' exists.
components/claude-generated-components/chart-utils.tsx(240,6): error TS7031: Binding element 'className' implicitly has an 'any' type.
components/claude-generated-components/chart-utils.tsx(240,17): error TS7031: Binding element 'aspectRatio' implicitly has an 'any' type.
components/claude-generated-components/chart-utils.tsx(240,30): error TS7031: Binding element 'style' implicitly has an 'any' type.
components/claude-generated-components/chart-utils.tsx(240,48): error TS7006: Parameter 'forwardedRef' implicitly has an 'any' type.
components/claude-generated-components/chart-utils.tsx(242,7): error TS7026: JSX element implicitly has type 'any' because no interface 'JSX.IntrinsicElements' exists.
components/claude-generated-components/chart-utils.tsx(270,5): error TS7026: JSX element implicitly has type 'any' because no interface 'JSX.IntrinsicElements' exists.
components/claude-generated-components/chart-utils.tsx(278,7): error TS7026: JSX element implicitly has type 'any' because no interface 'JSX.IntrinsicElements' exists.
components/claude-generated-components/chart-utils.tsx(278,68): error TS7026: JSX element implicitly has type 'any' because no interface 'JSX.IntrinsicElements' exists.
components/claude-generated-components/chart-utils.tsx(279,5): error TS7026: JSX element implicitly has type 'any' because no interface 'JSX.IntrinsicElements' exists.
components/claude-generated-components/charts.tsx(6,24): error TS2307: Cannot find module 'react' or its corresponding type declarations.
components/claude-generated-components/charts.tsx(28,8): error TS2307: Cannot find module 'recharts' or its corresponding type declarations.
components/claude-generated-components/charts.tsx(82,12): error TS2875: This JSX tag requires the module path 'react/jsx-runtime' to exist, but none could be found. Make sure you have types for the appropriate package installed.
components/claude-generated-components/charts.tsx(108,29): error TS7006: Parameter 'value' implicitly has an 'any' type.
components/claude-generated-components/charts.tsx(114,27): error TS7031: Binding element 'active' implicitly has an 'any' type.
components/claude-generated-components/charts.tsx(114,35): error TS7031: Binding element 'payload' implicitly has an 'any' type.
components/claude-generated-components/charts.tsx(114,44): error TS7031: Binding element 'label' implicitly has an 'any' type.
components/claude-generated-components/charts.tsx(126,27): error TS7031: Binding element 'payload' implicitly has an 'any' type.
components/claude-generated-components/charts.tsx(197,29): error TS7006: Parameter 'value' implicitly has an 'any' type.
components/claude-generated-components/charts.tsx(203,27): error TS7031: Binding element 'active' implicitly has an 'any' type.
components/claude-generated-components/charts.tsx(203,35): error TS7031: Binding element 'payload' implicitly has an 'any' type.
components/claude-generated-components/charts.tsx(203,44): error TS7031: Binding element 'label' implicitly has an 'any' type.
components/claude-generated-components/charts.tsx(215,27): error TS7031: Binding element 'payload' implicitly has an 'any' type.
components/claude-generated-components/charts.tsx(302,33): error TS7006: Parameter 'value' implicitly has an 'any' type.
components/claude-generated-components/charts.tsx(329,33): error TS7006: Parameter 'value' implicitly has an 'any' type.
components/claude-generated-components/charts.tsx(337,27): error TS7031: Binding element 'active' implicitly has an 'any' type.
components/claude-generated-components/charts.tsx(337,35): error TS7031: Binding element 'payload' implicitly has an 'any' type.
components/claude-generated-components/charts.tsx(337,44): error TS7031: Binding element 'label' implicitly has an 'any' type.
components/claude-generated-components/charts.tsx(349,27): error TS7031: Binding element 'payload' implicitly has an 'any' type.
components/claude-generated-components/charts.tsx(435,27): error TS7031: Binding element 'active' implicitly has an 'any' type.
components/claude-generated-components/charts.tsx(435,35): error TS7031: Binding element 'payload' implicitly has an 'any' type.
components/claude-generated-components/charts.tsx(446,27): error TS7031: Binding element 'payload' implicitly has an 'any' type.
components/claude-generated-components/charts.tsx(486,9): error TS7026: JSX element implicitly has type 'any' because no interface 'JSX.IntrinsicElements' exists.
components/claude-generated-components/charts.tsx(487,11): error TS7026: JSX element implicitly has type 'any' because no interface 'JSX.IntrinsicElements' exists.
components/claude-generated-components/charts.tsx(487,53): error TS7026: JSX element implicitly has type 'any' because no interface 'JSX.IntrinsicElements' exists.
components/claude-generated-components/charts.tsx(488,9): error TS7026: JSX element implicitly has type 'any' because no interface 'JSX.IntrinsicElements' exists.
components/claude-generated-components/charts.tsx(517,27): error TS7031: Binding element 'active' implicitly has an 'any' type.
components/claude-generated-components/charts.tsx(517,35): error TS7031: Binding element 'payload' implicitly has an 'any' type.
components/claude-generated-components/charts.tsx(528,27): error TS7031: Binding element 'payload' implicitly has an 'any' type.
components/claude-generated-components/charts.tsx(583,27): error TS7031: Binding element 'active' implicitly has an 'any' type.
components/claude-generated-components/charts.tsx(583,35): error TS7031: Binding element 'payload' implicitly has an 'any' type.
components/claude-generated-components/charts.tsx(583,44): error TS7031: Binding element 'label' implicitly has an 'any' type.
components/claude-generated-components/charts.tsx(590,27): error TS7031: Binding element 'payload' implicitly has an 'any' type.
components/claude-generated-components/empty-state.tsx(5,24): error TS2307: Cannot find module 'react' or its corresponding type declarations.
components/claude-generated-components/empty-state.tsx(77,6): error TS7031: Binding element 'className' implicitly has an 'any' type.
components/claude-generated-components/empty-state.tsx(77,33): error TS7031: Binding element 'children' implicitly has an 'any' type.
components/claude-generated-components/empty-state.tsx(77,54): error TS7006: Parameter 'forwardedRef' implicitly has an 'any' type.
components/claude-generated-components/empty-state.tsx(82,9): error TS7026: JSX element implicitly has type 'any' because no interface 'JSX.IntrinsicElements' exists.
components/claude-generated-components/empty-state.tsx(84,9): error TS7026: JSX element implicitly has type 'any' because no interface 'JSX.IntrinsicElements' exists.
components/claude-generated-components/empty-state.tsx(98,7): error TS7031: Binding element 'className' implicitly has an 'any' type.
components/claude-generated-components/empty-state.tsx(98,62): error TS7031: Binding element 'children' implicitly has an 'any' type.
components/claude-generated-components/empty-state.tsx(99,5): error TS7006: Parameter 'forwardedRef' implicitly has an 'any' type.
components/claude-generated-components/empty-state.tsx(112,30): error TS7053: Element implicitly has an 'any' type because expression of type 'string' can't be used to index type '{ small: number; medium: number; large: number; }'.
  No index signature with a parameter of type 'string' was found on type '{ small: number; medium: number; large: number; }'.
components/claude-generated-components/empty-state.tsx(115,7): error TS7026: JSX element implicitly has type 'any' because no interface 'JSX.IntrinsicElements' exists.
components/claude-generated-components/empty-state.tsx(117,11): error TS7026: JSX element implicitly has type 'any' because no interface 'JSX.IntrinsicElements' exists.
components/claude-generated-components/empty-state.tsx(125,13): error TS7026: JSX element implicitly has type 'any' because no interface 'JSX.IntrinsicElements' exists.
components/claude-generated-components/empty-state.tsx(126,15): error TS7026: JSX element implicitly has type 'any' because no interface 'JSX.IntrinsicElements' exists.
components/claude-generated-components/empty-state.tsx(132,17): error TS7026: JSX element implicitly has type 'any' because no interface 'JSX.IntrinsicElements' exists.
components/claude-generated-components/empty-state.tsx(133,17): error TS7026: JSX element implicitly has type 'any' because no interface 'JSX.IntrinsicElements' exists.
components/claude-generated-components/empty-state.tsx(134,15): error TS7026: JSX element implicitly has type 'any' because no interface 'JSX.IntrinsicElements' exists.
components/claude-generated-components/empty-state.tsx(135,13): error TS7026: JSX element implicitly has type 'any' because no interface 'JSX.IntrinsicElements' exists.
components/claude-generated-components/empty-state.tsx(136,13): error TS7026: JSX element implicitly has type 'any' because no interface 'JSX.IntrinsicElements' exists.
components/claude-generated-components/empty-state.tsx(145,15): error TS7026: JSX element implicitly has type 'any' because no interface 'JSX.IntrinsicElements' exists.
components/claude-generated-components/empty-state.tsx(156,11): error TS7026: JSX element implicitly has type 'any' because no interface 'JSX.IntrinsicElements' exists.
components/claude-generated-components/empty-state.tsx(159,7): error TS7026: JSX element implicitly has type 'any' because no interface 'JSX.IntrinsicElements' exists.
components/claude-generated-components/empty-state.tsx(198,5): error TS2875: This JSX tag requires the module path 'react/jsx-runtime' to exist, but none could be found. Make sure you have types for the appropriate package installed.
components/claude-generated-components/empty-state.tsx(199,49): error TS7053: Element implicitly has an 'any' type because expression of type 'any' can't be used to index type '{ gray: string; primary: string; error: string; warning: string; success: string; }'.
components/claude-generated-components/empty-state.tsx(202,7): error TS7026: JSX element implicitly has type 'any' because no interface 'JSX.IntrinsicElements' exists.
components/claude-generated-components/empty-state.tsx(202,23): error TS7053: Element implicitly has an 'any' type because expression of type 'any' can't be used to index type '{ small: string; medium: string; large: string; }'.
components/claude-generated-components/empty-state.tsx(202,61): error TS7026: JSX element implicitly has type 'any' because no interface 'JSX.IntrinsicElements' exists.
components/claude-generated-components/empty-state.tsx(211,6): error TS7031: Binding element 'className' implicitly has an 'any' type.
components/claude-generated-components/empty-state.tsx(211,28): error TS7006: Parameter 'forwardedRef' implicitly has an 'any' type.
components/claude-generated-components/empty-state.tsx(216,7): error TS7026: JSX element implicitly has type 'any' because no interface 'JSX.IntrinsicElements' exists.
components/claude-generated-components/empty-state.tsx(225,6): error TS7031: Binding element 'className' implicitly has an 'any' type.
components/claude-generated-components/empty-state.tsx(225,28): error TS7006: Parameter 'forwardedRef' implicitly has an 'any' type.
components/claude-generated-components/empty-state.tsx(230,7): error TS7026: JSX element implicitly has type 'any' because no interface 'JSX.IntrinsicElements' exists.
components/claude-generated-components/empty-state.tsx(241,6): error TS7031: Binding element 'className' implicitly has an 'any' type.
components/claude-generated-components/empty-state.tsx(241,28): error TS7006: Parameter 'forwardedRef' implicitly has an 'any' type.
components/claude-generated-components/empty-state.tsx(246,5): error TS7026: JSX element implicitly has type 'any' because no interface 'JSX.IntrinsicElements' exists.
components/claude-generated-components/empty-state.tsx(254,6): error TS7031: Binding element 'className' implicitly has an 'any' type.
components/claude-generated-components/empty-state.tsx(254,28): error TS7006: Parameter 'forwardedRef' implicitly has an 'any' type.
components/claude-generated-components/empty-state.tsx(258,7): error TS7026: JSX element implicitly has type 'any' because no interface 'JSX.IntrinsicElements' exists.
components/claude-generated-components/featured-card.tsx(6,24): error TS2307: Cannot find module 'react' or its corresponding type declarations.
components/claude-generated-components/featured-card.tsx(9,19): error TS2307: Cannot find module '@phosphor-icons/react/dist/ssr' or its corresponding type declarations.
components/claude-generated-components/featured-card.tsx(99,7): error TS7031: Binding element 'className' implicitly has an 'any' type.
components/claude-generated-components/featured-card.tsx(101,7): error TS7031: Binding element 'title' implicitly has an 'any' type.
components/claude-generated-components/featured-card.tsx(102,7): error TS7031: Binding element 'description' implicitly has an 'any' type.
components/claude-generated-components/featured-card.tsx(103,7): error TS7031: Binding element 'progress' implicitly has an 'any' type.
components/claude-generated-components/featured-card.tsx(106,7): error TS7031: Binding element 'onDismiss' implicitly has an 'any' type.
components/claude-generated-components/featured-card.tsx(107,7): error TS7031: Binding element 'onConfirm' implicitly has an 'any' type.
components/claude-generated-components/featured-card.tsx(111,5): error TS7006: Parameter 'forwardedRef' implicitly has an 'any' type.
components/claude-generated-components/featured-card.tsx(117,7): error TS7026: JSX element implicitly has type 'any' because no interface 'JSX.IntrinsicElements' exists.
components/claude-generated-components/featured-card.tsx(117,7): error TS2875: This JSX tag requires the module path 'react/jsx-runtime' to exist, but none could be found. Make sure you have types for the appropriate package installed.
components/claude-generated-components/featured-card.tsx(123,11): error TS7026: JSX element implicitly has type 'any' because no interface 'JSX.IntrinsicElements' exists.
components/claude-generated-components/featured-card.tsx(130,11): error TS7026: JSX element implicitly has type 'any' because no interface 'JSX.IntrinsicElements' exists.
components/claude-generated-components/featured-card.tsx(133,9): error TS7026: JSX element implicitly has type 'any' because no interface 'JSX.IntrinsicElements' exists.
components/claude-generated-components/featured-card.tsx(133,46): error TS7026: JSX element implicitly has type 'any' because no interface 'JSX.IntrinsicElements' exists.
components/claude-generated-components/featured-card.tsx(134,9): error TS7026: JSX element implicitly has type 'any' because no interface 'JSX.IntrinsicElements' exists.
components/claude-generated-components/featured-card.tsx(134,58): error TS7026: JSX element implicitly has type 'any' because no interface 'JSX.IntrinsicElements' exists.
components/claude-generated-components/featured-card.tsx(136,9): error TS7026: JSX element implicitly has type 'any' because no interface 'JSX.IntrinsicElements' exists.
components/claude-generated-components/featured-card.tsx(143,11): error TS7026: JSX element implicitly has type 'any' because no interface 'JSX.IntrinsicElements' exists.
components/claude-generated-components/featured-card.tsx(147,9): error TS7026: JSX element implicitly has type 'any' because no interface 'JSX.IntrinsicElements' exists.
components/claude-generated-components/featured-card.tsx(149,9): error TS7026: JSX element implicitly has type 'any' because no interface 'JSX.IntrinsicElements' exists.
components/claude-generated-components/featured-card.tsx(150,11): error TS7026: JSX element implicitly has type 'any' because no interface 'JSX.IntrinsicElements' exists.
components/claude-generated-components/featured-card.tsx(156,11): error TS7026: JSX element implicitly has type 'any' because no interface 'JSX.IntrinsicElements' exists.
components/claude-generated-components/featured-card.tsx(157,11): error TS7026: JSX element implicitly has type 'any' because no interface 'JSX.IntrinsicElements' exists.
components/claude-generated-components/featured-card.tsx(163,11): error TS7026: JSX element implicitly has type 'any' because no interface 'JSX.IntrinsicElements' exists.
components/claude-generated-components/featured-card.tsx(164,9): error TS7026: JSX element implicitly has type 'any' because no interface 'JSX.IntrinsicElements' exists.
components/claude-generated-components/featured-card.tsx(165,7): error TS7026: JSX element implicitly has type 'any' because no interface 'JSX.IntrinsicElements' exists.
components/claude-generated-components/featured-card.tsx(185,7): error TS7031: Binding element 'className' implicitly has an 'any' type.
components/claude-generated-components/featured-card.tsx(187,7): error TS7031: Binding element 'title' implicitly has an 'any' type.
components/claude-generated-components/featured-card.tsx(188,7): error TS7031: Binding element 'description' implicitly has an 'any' type.
components/claude-generated-components/featured-card.tsx(189,7): error TS7031: Binding element 'progress' implicitly has an 'any' type.
components/claude-generated-components/featured-card.tsx(192,7): error TS7031: Binding element 'onDismiss' implicitly has an 'any' type.
components/claude-generated-components/featured-card.tsx(193,7): error TS7031: Binding element 'onConfirm' implicitly has an 'any' type.
components/claude-generated-components/featured-card.tsx(197,5): error TS7006: Parameter 'forwardedRef' implicitly has an 'any' type.
components/claude-generated-components/featured-card.tsx(217,7): error TS7026: JSX element implicitly has type 'any' because no interface 'JSX.IntrinsicElements' exists.
components/claude-generated-components/featured-card.tsx(223,11): error TS7026: JSX element implicitly has type 'any' because no interface 'JSX.IntrinsicElements' exists.
components/claude-generated-components/featured-card.tsx(230,11): error TS7026: JSX element implicitly has type 'any' because no interface 'JSX.IntrinsicElements' exists.
components/claude-generated-components/featured-card.tsx(233,9): error TS7026: JSX element implicitly has type 'any' because no interface 'JSX.IntrinsicElements' exists.
components/claude-generated-components/featured-card.tsx(240,11): error TS7026: JSX element implicitly has type 'any' because no interface 'JSX.IntrinsicElements' exists.
components/claude-generated-components/featured-card.tsx(247,13): error TS7026: JSX element implicitly has type 'any' because no interface 'JSX.IntrinsicElements' exists.
components/claude-generated-components/featured-card.tsx(256,13): error TS7026: JSX element implicitly has type 'any' because no interface 'JSX.IntrinsicElements' exists.
components/claude-generated-components/featured-card.tsx(266,60): error TS7053: Element implicitly has an 'any' type because expression of type 'string' can't be used to index type '{ primary: string; success: string; warning: string; error: string; }'.
  No index signature with a parameter of type 'string' was found on type '{ primary: string; success: string; warning: string; error: string; }'.
components/claude-generated-components/featured-card.tsx(268,11): error TS7026: JSX element implicitly has type 'any' because no interface 'JSX.IntrinsicElements' exists.
components/claude-generated-components/featured-card.tsx(269,9): error TS7026: JSX element implicitly has type 'any' because no interface 'JSX.IntrinsicElements' exists.
components/claude-generated-components/featured-card.tsx(271,9): error TS7026: JSX element implicitly has type 'any' because no interface 'JSX.IntrinsicElements' exists.
components/claude-generated-components/featured-card.tsx(272,11): error TS7026: JSX element implicitly has type 'any' because no interface 'JSX.IntrinsicElements' exists.
components/claude-generated-components/featured-card.tsx(272,48): error TS7026: JSX element implicitly has type 'any' because no interface 'JSX.IntrinsicElements' exists.
components/claude-generated-components/featured-card.tsx(273,11): error TS7026: JSX element implicitly has type 'any' because no interface 'JSX.IntrinsicElements' exists.
components/claude-generated-components/featured-card.tsx(273,60): error TS7026: JSX element implicitly has type 'any' because no interface 'JSX.IntrinsicElements' exists.
components/claude-generated-components/featured-card.tsx(274,9): error TS7026: JSX element implicitly has type 'any' because no interface 'JSX.IntrinsicElements' exists.
components/claude-generated-components/featured-card.tsx(276,9): error TS7026: JSX element implicitly has type 'any' because no interface 'JSX.IntrinsicElements' exists.
components/claude-generated-components/featured-card.tsx(277,11): error TS7026: JSX element implicitly has type 'any' because no interface 'JSX.IntrinsicElements' exists.
components/claude-generated-components/featured-card.tsx(283,11): error TS7026: JSX element implicitly has type 'any' because no interface 'JSX.IntrinsicElements' exists.
components/claude-generated-components/featured-card.tsx(284,11): error TS7026: JSX element implicitly has type 'any' because no interface 'JSX.IntrinsicElements' exists.
components/claude-generated-components/featured-card.tsx(290,11): error TS7026: JSX element implicitly has type 'any' because no interface 'JSX.IntrinsicElements' exists.
components/claude-generated-components/featured-card.tsx(291,9): error TS7026: JSX element implicitly has type 'any' because no interface 'JSX.IntrinsicElements' exists.
components/claude-generated-components/featured-card.tsx(292,7): error TS7026: JSX element implicitly has type 'any' because no interface 'JSX.IntrinsicElements' exists.
components/claude-generated-components/featured-card.tsx(308,7): error TS7031: Binding element 'className' implicitly has an 'any' type.
components/claude-generated-components/featured-card.tsx(309,7): error TS7031: Binding element 'title' implicitly has an 'any' type.
components/claude-generated-components/featured-card.tsx(310,7): error TS7031: Binding element 'description' implicitly has an 'any' type.
components/claude-generated-components/featured-card.tsx(311,7): error TS7031: Binding element 'icon' implicitly has an 'any' type.
components/claude-generated-components/featured-card.tsx(314,7): error TS7031: Binding element 'onDismiss' implicitly has an 'any' type.
components/claude-generated-components/featured-card.tsx(315,7): error TS7031: Binding element 'onConfirm' implicitly has an 'any' type.
components/claude-generated-components/featured-card.tsx(319,5): error TS7006: Parameter 'forwardedRef' implicitly has an 'any' type.
components/claude-generated-components/featured-card.tsx(324,7): error TS7026: JSX element implicitly has type 'any' because no interface 'JSX.IntrinsicElements' exists.
components/claude-generated-components/featured-card.tsx(330,11): error TS7026: JSX element implicitly has type 'any' because no interface 'JSX.IntrinsicElements' exists.
components/claude-generated-components/featured-card.tsx(337,11): error TS7026: JSX element implicitly has type 'any' because no interface 'JSX.IntrinsicElements' exists.
components/claude-generated-components/featured-card.tsx(340,18): error TS7026: JSX element implicitly has type 'any' because no interface 'JSX.IntrinsicElements' exists.
components/claude-generated-components/featured-card.tsx(340,46): error TS7026: JSX element implicitly has type 'any' because no interface 'JSX.IntrinsicElements' exists.
components/claude-generated-components/featured-card.tsx(342,9): error TS7026: JSX element implicitly has type 'any' because no interface 'JSX.IntrinsicElements' exists.
components/claude-generated-components/featured-card.tsx(342,46): error TS7026: JSX element implicitly has type 'any' because no interface 'JSX.IntrinsicElements' exists.
components/claude-generated-components/featured-card.tsx(343,9): error TS7026: JSX element implicitly has type 'any' because no interface 'JSX.IntrinsicElements' exists.
components/claude-generated-components/featured-card.tsx(343,58): error TS7026: JSX element implicitly has type 'any' because no interface 'JSX.IntrinsicElements' exists.
components/claude-generated-components/featured-card.tsx(345,9): error TS7026: JSX element implicitly has type 'any' because no interface 'JSX.IntrinsicElements' exists.
components/claude-generated-components/featured-card.tsx(346,11): error TS7026: JSX element implicitly has type 'any' because no interface 'JSX.IntrinsicElements' exists.
components/claude-generated-components/featured-card.tsx(352,11): error TS7026: JSX element implicitly has type 'any' because no interface 'JSX.IntrinsicElements' exists.
components/claude-generated-components/featured-card.tsx(353,11): error TS7026: JSX element implicitly has type 'any' because no interface 'JSX.IntrinsicElements' exists.
components/claude-generated-components/featured-card.tsx(359,11): error TS7026: JSX element implicitly has type 'any' because no interface 'JSX.IntrinsicElements' exists.
components/claude-generated-components/featured-card.tsx(360,9): error TS7026: JSX element implicitly has type 'any' because no interface 'JSX.IntrinsicElements' exists.
components/claude-generated-components/featured-card.tsx(361,7): error TS7026: JSX element implicitly has type 'any' because no interface 'JSX.IntrinsicElements' exists.
components/claude-generated-components/featured-icon.tsx(3,24): error TS2307: Cannot find module 'react' or its corresponding type declarations.
components/claude-generated-components/featured-icon.tsx(179,14): error TS7026: JSX element implicitly has type 'any' because no interface 'JSX.IntrinsicElements' exists.
components/claude-generated-components/featured-icon.tsx(179,51): error TS7026: JSX element implicitly has type 'any' because no interface 'JSX.IntrinsicElements' exists.
components/claude-generated-components/featured-icon.tsx(185,9): error TS7026: JSX element implicitly has type 'any' because no interface 'JSX.IntrinsicElements' exists.
components/claude-generated-components/featured-icon.tsx(187,9): error TS7026: JSX element implicitly has type 'any' because no interface 'JSX.IntrinsicElements' exists.
components/claude-generated-components/featured-icon.tsx(195,5): error TS2875: This JSX tag requires the module path 'react/jsx-runtime' to exist, but none could be found. Make sure you have types for the appropriate package installed.
components/claude-generated-components/illustrations.tsx(4,24): error TS2307: Cannot find module 'react' or its corresponding type declarations.
components/claude-generated-components/illustrations.tsx(34,29): error TS7053: Element implicitly has an 'any' type because expression of type 'any' can't be used to index type '{ small: { width: number; height: number; }; medium: { width: number; height: number; }; large: { width: number; height: number; }; }'.
components/claude-generated-components/illustrations.tsx(37,5): error TS7026: JSX element implicitly has type 'any' because no interface 'JSX.IntrinsicElements' exists.
components/claude-generated-components/illustrations.tsx(37,5): error TS2875: This JSX tag requires the module path 'react/jsx-runtime' to exist, but none could be found. Make sure you have types for the appropriate package installed.
components/claude-generated-components/illustrations.tsx(43,21): error TS7053: Element implicitly has an 'any' type because expression of type 'any' can't be used to index type '{ gray: string; primary: string; success: string; warning: string; error: string; }'.
components/claude-generated-components/illustrations.tsx(47,7): error TS7026: JSX element implicitly has type 'any' because no interface 'JSX.IntrinsicElements' exists.
components/claude-generated-components/illustrations.tsx(56,7): error TS7026: JSX element implicitly has type 'any' because no interface 'JSX.IntrinsicElements' exists.
components/claude-generated-components/illustrations.tsx(63,5): error TS7026: JSX element implicitly has type 'any' because no interface 'JSX.IntrinsicElements' exists.
components/claude-generated-components/illustrations.tsx(73,29): error TS7053: Element implicitly has an 'any' type because expression of type 'any' can't be used to index type '{ small: { width: number; height: number; }; medium: { width: number; height: number; }; large: { width: number; height: number; }; }'.
components/claude-generated-components/illustrations.tsx(76,5): error TS7026: JSX element implicitly has type 'any' because no interface 'JSX.IntrinsicElements' exists.
components/claude-generated-components/illustrations.tsx(82,21): error TS7053: Element implicitly has an 'any' type because expression of type 'any' can't be used to index type '{ gray: string; primary: string; success: string; warning: string; error: string; }'.
components/claude-generated-components/illustrations.tsx(86,7): error TS7026: JSX element implicitly has type 'any' because no interface 'JSX.IntrinsicElements' exists.
components/claude-generated-components/illustrations.tsx(92,7): error TS7026: JSX element implicitly has type 'any' because no interface 'JSX.IntrinsicElements' exists.
components/claude-generated-components/illustrations.tsx(101,7): error TS7026: JSX element implicitly has type 'any' because no interface 'JSX.IntrinsicElements' exists.
components/claude-generated-components/illustrations.tsx(108,5): error TS7026: JSX element implicitly has type 'any' because no interface 'JSX.IntrinsicElements' exists.
components/claude-generated-components/illustrations.tsx(118,29): error TS7053: Element implicitly has an 'any' type because expression of type 'any' can't be used to index type '{ small: { width: number; height: number; }; medium: { width: number; height: number; }; large: { width: number; height: number; }; }'.
components/claude-generated-components/illustrations.tsx(121,5): error TS7026: JSX element implicitly has type 'any' because no interface 'JSX.IntrinsicElements' exists.
components/claude-generated-components/illustrations.tsx(127,21): error TS7053: Element implicitly has an 'any' type because expression of type 'any' can't be used to index type '{ gray: string; primary: string; success: string; warning: string; error: string; }'.
components/claude-generated-components/illustrations.tsx(131,7): error TS7026: JSX element implicitly has type 'any' because no interface 'JSX.IntrinsicElements' exists.
components/claude-generated-components/illustrations.tsx(144,7): error TS7026: JSX element implicitly has type 'any' because no interface 'JSX.IntrinsicElements' exists.
components/claude-generated-components/illustrations.tsx(151,7): error TS7026: JSX element implicitly has type 'any' because no interface 'JSX.IntrinsicElements' exists.
components/claude-generated-components/illustrations.tsx(158,7): error TS7026: JSX element implicitly has type 'any' because no interface 'JSX.IntrinsicElements' exists.
components/claude-generated-components/illustrations.tsx(167,7): error TS7026: JSX element implicitly has type 'any' because no interface 'JSX.IntrinsicElements' exists.
components/claude-generated-components/illustrations.tsx(176,7): error TS7026: JSX element implicitly has type 'any' because no interface 'JSX.IntrinsicElements' exists.
components/claude-generated-components/illustrations.tsx(185,7): error TS7026: JSX element implicitly has type 'any' because no interface 'JSX.IntrinsicElements' exists.
components/claude-generated-components/illustrations.tsx(194,5): error TS7026: JSX element implicitly has type 'any' because no interface 'JSX.IntrinsicElements' exists.
components/claude-generated-components/illustrations.tsx(204,29): error TS7053: Element implicitly has an 'any' type because expression of type 'any' can't be used to index type '{ small: { width: number; height: number; }; medium: { width: number; height: number; }; large: { width: number; height: number; }; }'.
components/claude-generated-components/illustrations.tsx(207,5): error TS7026: JSX element implicitly has type 'any' because no interface 'JSX.IntrinsicElements' exists.
components/claude-generated-components/illustrations.tsx(213,21): error TS7053: Element implicitly has an 'any' type because expression of type 'any' can't be used to index type '{ gray: string; primary: string; success: string; warning: string; error: string; }'.
components/claude-generated-components/illustrations.tsx(217,7): error TS7026: JSX element implicitly has type 'any' because no interface 'JSX.IntrinsicElements' exists.
components/claude-generated-components/illustrations.tsx(228,7): error TS7026: JSX element implicitly has type 'any' because no interface 'JSX.IntrinsicElements' exists.
components/claude-generated-components/illustrations.tsx(236,7): error TS7026: JSX element implicitly has type 'any' because no interface 'JSX.IntrinsicElements' exists.
components/claude-generated-components/illustrations.tsx(243,5): error TS7026: JSX element implicitly has type 'any' because no interface 'JSX.IntrinsicElements' exists.
components/claude-generated-components/illustrations.tsx(253,29): error TS7053: Element implicitly has an 'any' type because expression of type 'any' can't be used to index type '{ small: { width: number; height: number; }; medium: { width: number; height: number; }; large: { width: number; height: number; }; }'.
components/claude-generated-components/illustrations.tsx(256,5): error TS7026: JSX element implicitly has type 'any' because no interface 'JSX.IntrinsicElements' exists.
components/claude-generated-components/illustrations.tsx(262,21): error TS7053: Element implicitly has an 'any' type because expression of type 'any' can't be used to index type '{ gray: string; primary: string; success: string; warning: string; error: string; }'.
components/claude-generated-components/illustrations.tsx(266,7): error TS7026: JSX element implicitly has type 'any' because no interface 'JSX.IntrinsicElements' exists.
components/claude-generated-components/illustrations.tsx(275,7): error TS7026: JSX element implicitly has type 'any' because no interface 'JSX.IntrinsicElements' exists.
components/claude-generated-components/illustrations.tsx(282,7): error TS7026: JSX element implicitly has type 'any' because no interface 'JSX.IntrinsicElements' exists.
components/claude-generated-components/illustrations.tsx(287,5): error TS7026: JSX element implicitly has type 'any' because no interface 'JSX.IntrinsicElements' exists.
components/claude-generated-components/illustrations.tsx(297,29): error TS7053: Element implicitly has an 'any' type because expression of type 'any' can't be used to index type '{ small: { width: number; height: number; }; medium: { width: number; height: number; }; large: { width: number; height: number; }; }'.
components/claude-generated-components/illustrations.tsx(300,5): error TS7026: JSX element implicitly has type 'any' because no interface 'JSX.IntrinsicElements' exists.
components/claude-generated-components/illustrations.tsx(306,21): error TS7053: Element implicitly has an 'any' type because expression of type 'any' can't be used to index type '{ gray: string; primary: string; success: string; warning: string; error: string; }'.
components/claude-generated-components/illustrations.tsx(310,7): error TS7026: JSX element implicitly has type 'any' because no interface 'JSX.IntrinsicElements' exists.
components/claude-generated-components/illustrations.tsx(323,7): error TS7026: JSX element implicitly has type 'any' because no interface 'JSX.IntrinsicElements' exists.
components/claude-generated-components/illustrations.tsx(331,7): error TS7026: JSX element implicitly has type 'any' because no interface 'JSX.IntrinsicElements' exists.
components/claude-generated-components/illustrations.tsx(338,7): error TS7026: JSX element implicitly has type 'any' because no interface 'JSX.IntrinsicElements' exists.
components/claude-generated-components/illustrations.tsx(347,5): error TS7026: JSX element implicitly has type 'any' because no interface 'JSX.IntrinsicElements' exists.
components/claude-generated-components/illustrations.tsx(357,29): error TS7053: Element implicitly has an 'any' type because expression of type 'any' can't be used to index type '{ small: { width: number; height: number; }; medium: { width: number; height: number; }; large: { width: number; height: number; }; }'.
components/claude-generated-components/illustrations.tsx(360,5): error TS7026: JSX element implicitly has type 'any' because no interface 'JSX.IntrinsicElements' exists.
components/claude-generated-components/illustrations.tsx(366,21): error TS7053: Element implicitly has an 'any' type because expression of type 'any' can't be used to index type '{ gray: string; primary: string; success: string; warning: string; error: string; }'.
components/claude-generated-components/illustrations.tsx(370,7): error TS7026: JSX element implicitly has type 'any' because no interface 'JSX.IntrinsicElements' exists.
components/claude-generated-components/illustrations.tsx(381,7): error TS7026: JSX element implicitly has type 'any' because no interface 'JSX.IntrinsicElements' exists.
components/claude-generated-components/illustrations.tsx(387,5): error TS7026: JSX element implicitly has type 'any' because no interface 'JSX.IntrinsicElements' exists.
components/claude-generated-components/illustrations.tsx(397,29): error TS7053: Element implicitly has an 'any' type because expression of type 'any' can't be used to index type '{ small: { width: number; height: number; }; medium: { width: number; height: number; }; large: { width: number; height: number; }; }'.
components/claude-generated-components/illustrations.tsx(400,5): error TS7026: JSX element implicitly has type 'any' because no interface 'JSX.IntrinsicElements' exists.
components/claude-generated-components/illustrations.tsx(406,21): error TS7053: Element implicitly has an 'any' type because expression of type 'any' can't be used to index type '{ gray: string; primary: string; success: string; warning: string; error: string; }'.
components/claude-generated-components/illustrations.tsx(410,7): error TS7026: JSX element implicitly has type 'any' because no interface 'JSX.IntrinsicElements' exists.
components/claude-generated-components/illustrations.tsx(421,7): error TS7026: JSX element implicitly has type 'any' because no interface 'JSX.IntrinsicElements' exists.
components/claude-generated-components/illustrations.tsx(428,5): error TS7026: JSX element implicitly has type 'any' because no interface 'JSX.IntrinsicElements' exists.
components/claude-generated-components/inline-calendar.tsx(6,24): error TS2307: Cannot find module 'react' or its corresponding type declarations.
components/claude-generated-components/inline-calendar.tsx(9,39): error TS2307: Cannot find module '@phosphor-icons/react/dist/ssr' or its corresponding type declarations.
components/claude-generated-components/inline-calendar.tsx(175,7): error TS7031: Binding element 'className' implicitly has an 'any' type.
components/claude-generated-components/inline-calendar.tsx(176,7): error TS7031: Binding element 'value' implicitly has an 'any' type.
components/claude-generated-components/inline-calendar.tsx(177,7): error TS7031: Binding element 'onChange' implicitly has an 'any' type.
components/claude-generated-components/inline-calendar.tsx(178,7): error TS7031: Binding element 'minDate' implicitly has an 'any' type.
components/claude-generated-components/inline-calendar.tsx(179,7): error TS7031: Binding element 'maxDate' implicitly has an 'any' type.
components/claude-generated-components/inline-calendar.tsx(186,5): error TS7006: Parameter 'forwardedRef' implicitly has an 'any' type.
components/claude-generated-components/inline-calendar.tsx(377,24): error TS18047: 'newDate' is possibly 'null'.
components/claude-generated-components/inline-calendar.tsx(380,19): error TS2345: Argument of type 'Date | null' is not assignable to parameter of type 'Date'.
  Type 'null' is not assignable to type 'Date'.
components/claude-generated-components/inline-calendar.tsx(395,51): error TS7006: Parameter 'd' implicitly has an 'any' type.
components/claude-generated-components/inline-calendar.tsx(404,7): error TS7026: JSX element implicitly has type 'any' because no interface 'JSX.IntrinsicElements' exists.
components/claude-generated-components/inline-calendar.tsx(404,7): error TS2875: This JSX tag requires the module path 'react/jsx-runtime' to exist, but none could be found. Make sure you have types for the appropriate package installed.
components/claude-generated-components/inline-calendar.tsx(410,9): error TS7026: JSX element implicitly has type 'any' because no interface 'JSX.IntrinsicElements' exists.
components/claude-generated-components/inline-calendar.tsx(411,11): error TS7026: JSX element implicitly has type 'any' because no interface 'JSX.IntrinsicElements' exists.
components/claude-generated-components/inline-calendar.tsx(418,11): error TS7026: JSX element implicitly has type 'any' because no interface 'JSX.IntrinsicElements' exists.
components/claude-generated-components/inline-calendar.tsx(419,11): error TS7026: JSX element implicitly has type 'any' because no interface 'JSX.IntrinsicElements' exists.
components/claude-generated-components/inline-calendar.tsx(421,11): error TS7026: JSX element implicitly has type 'any' because no interface 'JSX.IntrinsicElements' exists.
components/claude-generated-components/inline-calendar.tsx(422,11): error TS7026: JSX element implicitly has type 'any' because no interface 'JSX.IntrinsicElements' exists.
components/claude-generated-components/inline-calendar.tsx(429,11): error TS7026: JSX element implicitly has type 'any' because no interface 'JSX.IntrinsicElements' exists.
components/claude-generated-components/inline-calendar.tsx(430,9): error TS7026: JSX element implicitly has type 'any' because no interface 'JSX.IntrinsicElements' exists.
components/claude-generated-components/inline-calendar.tsx(434,11): error TS7026: JSX element implicitly has type 'any' because no interface 'JSX.IntrinsicElements' exists.
components/claude-generated-components/inline-calendar.tsx(436,15): error TS7026: JSX element implicitly has type 'any' because no interface 'JSX.IntrinsicElements' exists.
components/claude-generated-components/inline-calendar.tsx(446,15): error TS7026: JSX element implicitly has type 'any' because no interface 'JSX.IntrinsicElements' exists.
components/claude-generated-components/inline-calendar.tsx(452,15): error TS7026: JSX element implicitly has type 'any' because no interface 'JSX.IntrinsicElements' exists.
components/claude-generated-components/inline-calendar.tsx(454,11): error TS7026: JSX element implicitly has type 'any' because no interface 'JSX.IntrinsicElements' exists.
components/claude-generated-components/inline-calendar.tsx(458,9): error TS7026: JSX element implicitly has type 'any' because no interface 'JSX.IntrinsicElements' exists.
components/claude-generated-components/inline-calendar.tsx(467,11): error TS7026: JSX element implicitly has type 'any' because no interface 'JSX.IntrinsicElements' exists.
components/claude-generated-components/inline-calendar.tsx(469,15): error TS7026: JSX element implicitly has type 'any' because no interface 'JSX.IntrinsicElements' exists.
components/claude-generated-components/inline-calendar.tsx(471,15): error TS7026: JSX element implicitly has type 'any' because no interface 'JSX.IntrinsicElements' exists.
components/claude-generated-components/inline-calendar.tsx(473,11): error TS7026: JSX element implicitly has type 'any' because no interface 'JSX.IntrinsicElements' exists.
components/claude-generated-components/inline-calendar.tsx(476,11): error TS7026: JSX element implicitly has type 'any' because no interface 'JSX.IntrinsicElements' exists.
components/claude-generated-components/inline-calendar.tsx(477,32): error TS7006: Parameter 'day' implicitly has an 'any' type.
components/claude-generated-components/inline-calendar.tsx(477,37): error TS7006: Parameter 'index' implicitly has an 'any' type.
components/claude-generated-components/inline-calendar.tsx(482,17): error TS7026: JSX element implicitly has type 'any' because no interface 'JSX.IntrinsicElements' exists.
components/claude-generated-components/inline-calendar.tsx(504,17): error TS7026: JSX element implicitly has type 'any' because no interface 'JSX.IntrinsicElements' exists.
components/claude-generated-components/inline-calendar.tsx(507,11): error TS7026: JSX element implicitly has type 'any' because no interface 'JSX.IntrinsicElements' exists.
components/claude-generated-components/inline-calendar.tsx(508,9): error TS7026: JSX element implicitly has type 'any' because no interface 'JSX.IntrinsicElements' exists.
components/claude-generated-components/inline-calendar.tsx(509,7): error TS7026: JSX element implicitly has type 'any' because no interface 'JSX.IntrinsicElements' exists.
components/claude-generated-components/loading-indicator.tsx(5,24): error TS2307: Cannot find module 'react' or its corresponding type declarations.
components/claude-generated-components/loading-indicator.tsx(63,7): error TS7031: Binding element 'className' implicitly has an 'any' type.
components/claude-generated-components/loading-indicator.tsx(63,51): error TS7031: Binding element 'label' implicitly has an 'any' type.
components/claude-generated-components/loading-indicator.tsx(64,5): error TS7006: Parameter 'forwardedRef' implicitly has an 'any' type.
components/claude-generated-components/loading-indicator.tsx(76,11): error TS7026: JSX element implicitly has type 'any' because no interface 'JSX.IntrinsicElements' exists.
components/claude-generated-components/loading-indicator.tsx(82,13): error TS7026: JSX element implicitly has type 'any' because no interface 'JSX.IntrinsicElements' exists.
components/claude-generated-components/loading-indicator.tsx(93,11): error TS7026: JSX element implicitly has type 'any' because no interface 'JSX.IntrinsicElements' exists.
components/claude-generated-components/loading-indicator.tsx(99,11): error TS7026: JSX element implicitly has type 'any' because no interface 'JSX.IntrinsicElements' exists.
components/claude-generated-components/loading-indicator.tsx(105,13): error TS7026: JSX element implicitly has type 'any' because no interface 'JSX.IntrinsicElements' exists.
components/claude-generated-components/loading-indicator.tsx(113,13): error TS7026: JSX element implicitly has type 'any' because no interface 'JSX.IntrinsicElements' exists.
components/claude-generated-components/loading-indicator.tsx(121,13): error TS7026: JSX element implicitly has type 'any' because no interface 'JSX.IntrinsicElements' exists.
components/claude-generated-components/loading-indicator.tsx(122,15): error TS7026: JSX element implicitly has type 'any' because no interface 'JSX.IntrinsicElements' exists.
components/claude-generated-components/loading-indicator.tsx(130,17): error TS7026: JSX element implicitly has type 'any' because no interface 'JSX.IntrinsicElements' exists.
components/claude-generated-components/loading-indicator.tsx(131,17): error TS7026: JSX element implicitly has type 'any' because no interface 'JSX.IntrinsicElements' exists.
components/claude-generated-components/loading-indicator.tsx(132,15): error TS7026: JSX element implicitly has type 'any' because no interface 'JSX.IntrinsicElements' exists.
components/claude-generated-components/loading-indicator.tsx(133,15): error TS7026: JSX element implicitly has type 'any' because no interface 'JSX.IntrinsicElements' exists.
components/claude-generated-components/loading-indicator.tsx(141,17): error TS7026: JSX element implicitly has type 'any' because no interface 'JSX.IntrinsicElements' exists.
components/claude-generated-components/loading-indicator.tsx(142,17): error TS7026: JSX element implicitly has type 'any' because no interface 'JSX.IntrinsicElements' exists.
components/claude-generated-components/loading-indicator.tsx(143,15): error TS7026: JSX element implicitly has type 'any' because no interface 'JSX.IntrinsicElements' exists.
components/claude-generated-components/loading-indicator.tsx(144,13): error TS7026: JSX element implicitly has type 'any' because no interface 'JSX.IntrinsicElements' exists.
components/claude-generated-components/loading-indicator.tsx(145,11): error TS7026: JSX element implicitly has type 'any' because no interface 'JSX.IntrinsicElements' exists.
components/claude-generated-components/loading-indicator.tsx(151,9): error TS7026: JSX element implicitly has type 'any' because no interface 'JSX.IntrinsicElements' exists.
components/claude-generated-components/loading-indicator.tsx(157,11): error TS7026: JSX element implicitly has type 'any' because no interface 'JSX.IntrinsicElements' exists.
components/claude-generated-components/loading-indicator.tsx(165,11): error TS7026: JSX element implicitly has type 'any' because no interface 'JSX.IntrinsicElements' exists.
components/claude-generated-components/loading-indicator.tsx(176,9): error TS7026: JSX element implicitly has type 'any' because no interface 'JSX.IntrinsicElements' exists.
components/claude-generated-components/loading-indicator.tsx(181,7): error TS7026: JSX element implicitly has type 'any' because no interface 'JSX.IntrinsicElements' exists.
components/claude-generated-components/loading-indicator.tsx(181,7): error TS2875: This JSX tag requires the module path 'react/jsx-runtime' to exist, but none could be found. Make sure you have types for the appropriate package installed.
components/claude-generated-components/loading-indicator.tsx(189,19): error TS7026: JSX element implicitly has type 'any' because no interface 'JSX.IntrinsicElements' exists.
components/claude-generated-components/loading-indicator.tsx(189,59): error TS7026: JSX element implicitly has type 'any' because no interface 'JSX.IntrinsicElements' exists.
components/claude-generated-components/loading-indicator.tsx(190,7): error TS7026: JSX element implicitly has type 'any' because no interface 'JSX.IntrinsicElements' exists.
components/claude-generated-components/meeting-card.tsx(6,24): error TS2307: Cannot find module 'react' or its corresponding type declarations.
components/claude-generated-components/meeting-card.tsx(7,19): error TS2307: Cannot find module 'next/image' or its corresponding type declarations.
components/claude-generated-components/meeting-card.tsx(10,50): error TS2307: Cannot find module '@phosphor-icons/react/dist/ssr' or its corresponding type declarations.
components/claude-generated-components/meeting-card.tsx(132,7): error TS7031: Binding element 'className' implicitly has an 'any' type.
components/claude-generated-components/meeting-card.tsx(135,7): error TS7031: Binding element 'title' implicitly has an 'any' type.
components/claude-generated-components/meeting-card.tsx(136,7): error TS7031: Binding element 'startTime' implicitly has an 'any' type.
components/claude-generated-components/meeting-card.tsx(137,7): error TS7031: Binding element 'endTime' implicitly has an 'any' type.
components/claude-generated-components/meeting-card.tsx(138,7): error TS7031: Binding element 'location' implicitly has an 'any' type.
components/claude-generated-components/meeting-card.tsx(139,7): error TS7031: Binding element 'attendees' implicitly has an 'any' type.
components/claude-generated-components/meeting-card.tsx(140,7): error TS7031: Binding element 'isVideoCall' implicitly has an 'any' type.
components/claude-generated-components/meeting-card.tsx(141,7): error TS7031: Binding element 'category' implicitly has an 'any' type.
components/claude-generated-components/meeting-card.tsx(142,7): error TS7031: Binding element 'actions' implicitly has an 'any' type.
components/claude-generated-components/meeting-card.tsx(143,7): error TS7031: Binding element 'onCardClick' implicitly has an 'any' type.
components/claude-generated-components/meeting-card.tsx(146,5): error TS7006: Parameter 'forwardedRef' implicitly has an 'any' type.
components/claude-generated-components/meeting-card.tsx(158,7): error TS7026: JSX element implicitly has type 'any' because no interface 'JSX.IntrinsicElements' exists.
components/claude-generated-components/meeting-card.tsx(168,9): error TS7026: JSX element implicitly has type 'any' because no interface 'JSX.IntrinsicElements' exists.
components/claude-generated-components/meeting-card.tsx(171,9): error TS7026: JSX element implicitly has type 'any' because no interface 'JSX.IntrinsicElements' exists.
components/claude-generated-components/meeting-card.tsx(173,11): error TS7026: JSX element implicitly has type 'any' because no interface 'JSX.IntrinsicElements' exists.
components/claude-generated-components/meeting-card.tsx(174,13): error TS7026: JSX element implicitly has type 'any' because no interface 'JSX.IntrinsicElements' exists.
components/claude-generated-components/meeting-card.tsx(174,51): error TS7026: JSX element implicitly has type 'any' because no interface 'JSX.IntrinsicElements' exists.
components/claude-generated-components/meeting-card.tsx(175,26): error TS7026: JSX element implicitly has type 'any' because no interface 'JSX.IntrinsicElements' exists.
components/claude-generated-components/meeting-card.tsx(175,69): error TS7026: JSX element implicitly has type 'any' because no interface 'JSX.IntrinsicElements' exists.
components/claude-generated-components/meeting-card.tsx(176,11): error TS7026: JSX element implicitly has type 'any' because no interface 'JSX.IntrinsicElements' exists.
components/claude-generated-components/meeting-card.tsx(179,11): error TS7026: JSX element implicitly has type 'any' because no interface 'JSX.IntrinsicElements' exists.
components/claude-generated-components/meeting-card.tsx(181,13): error TS7026: JSX element implicitly has type 'any' because no interface 'JSX.IntrinsicElements' exists.
components/claude-generated-components/meeting-card.tsx(184,13): error TS7026: JSX element implicitly has type 'any' because no interface 'JSX.IntrinsicElements' exists.
components/claude-generated-components/meeting-card.tsx(185,11): error TS7026: JSX element implicitly has type 'any' because no interface 'JSX.IntrinsicElements' exists.
components/claude-generated-components/meeting-card.tsx(189,13): error TS7026: JSX element implicitly has type 'any' because no interface 'JSX.IntrinsicElements' exists.
components/claude-generated-components/meeting-card.tsx(191,17): error TS7026: JSX element implicitly has type 'any' because no interface 'JSX.IntrinsicElements' exists.
components/claude-generated-components/meeting-card.tsx(193,19): error TS7026: JSX element implicitly has type 'any' because no interface 'JSX.IntrinsicElements' exists.
components/claude-generated-components/meeting-card.tsx(193,35): error TS7026: JSX element implicitly has type 'any' because no interface 'JSX.IntrinsicElements' exists.
components/claude-generated-components/meeting-card.tsx(194,17): error TS7026: JSX element implicitly has type 'any' because no interface 'JSX.IntrinsicElements' exists.
components/claude-generated-components/meeting-card.tsx(197,17): error TS7026: JSX element implicitly has type 'any' because no interface 'JSX.IntrinsicElements' exists.
components/claude-generated-components/meeting-card.tsx(199,19): error TS7026: JSX element implicitly has type 'any' because no interface 'JSX.IntrinsicElements' exists.
components/claude-generated-components/meeting-card.tsx(201,19): error TS7026: JSX element implicitly has type 'any' because no interface 'JSX.IntrinsicElements' exists.
components/claude-generated-components/meeting-card.tsx(202,17): error TS7026: JSX element implicitly has type 'any' because no interface 'JSX.IntrinsicElements' exists.
components/claude-generated-components/meeting-card.tsx(205,17): error TS7026: JSX element implicitly has type 'any' because no interface 'JSX.IntrinsicElements' exists.
components/claude-generated-components/meeting-card.tsx(207,19): error TS7026: JSX element implicitly has type 'any' because no interface 'JSX.IntrinsicElements' exists.
components/claude-generated-components/meeting-card.tsx(207,35): error TS7026: JSX element implicitly has type 'any' because no interface 'JSX.IntrinsicElements' exists.
components/claude-generated-components/meeting-card.tsx(208,17): error TS7026: JSX element implicitly has type 'any' because no interface 'JSX.IntrinsicElements' exists.
components/claude-generated-components/meeting-card.tsx(210,13): error TS7026: JSX element implicitly has type 'any' because no interface 'JSX.IntrinsicElements' exists.
components/claude-generated-components/meeting-card.tsx(212,9): error TS7026: JSX element implicitly has type 'any' because no interface 'JSX.IntrinsicElements' exists.
components/claude-generated-components/meeting-card.tsx(215,21): error TS7026: JSX element implicitly has type 'any' because no interface 'JSX.IntrinsicElements' exists.
components/claude-generated-components/meeting-card.tsx(215,64): error TS7026: JSX element implicitly has type 'any' because no interface 'JSX.IntrinsicElements' exists.
components/claude-generated-components/meeting-card.tsx(216,7): error TS7026: JSX element implicitly has type 'any' because no interface 'JSX.IntrinsicElements' exists.
components/claude-generated-components/meeting-card.tsx(238,5): error TS7026: JSX element implicitly has type 'any' because no interface 'JSX.IntrinsicElements' exists.
components/claude-generated-components/meeting-card.tsx(238,5): error TS2875: This JSX tag requires the module path 'react/jsx-runtime' to exist, but none could be found. Make sure you have types for the appropriate package installed.
components/claude-generated-components/meeting-card.tsx(240,9): error TS7026: JSX element implicitly has type 'any' because no interface 'JSX.IntrinsicElements' exists.
components/claude-generated-components/meeting-card.tsx(240,75): error TS7026: JSX element implicitly has type 'any' because no interface 'JSX.IntrinsicElements' exists.
components/claude-generated-components/meeting-card.tsx(242,7): error TS7026: JSX element implicitly has type 'any' because no interface 'JSX.IntrinsicElements' exists.
components/claude-generated-components/meeting-card.tsx(242,54): error TS7026: JSX element implicitly has type 'any' because no interface 'JSX.IntrinsicElements' exists.
components/claude-generated-components/meeting-card.tsx(243,5): error TS7026: JSX element implicitly has type 'any' because no interface 'JSX.IntrinsicElements' exists.
components/claude-generated-components/meeting-card.tsx(314,5): error TS7026: JSX element implicitly has type 'any' because no interface 'JSX.IntrinsicElements' exists.
components/claude-generated-components/meeting-card.tsx(316,9): error TS7026: JSX element implicitly has type 'any' because no interface 'JSX.IntrinsicElements' exists.
components/claude-generated-components/meeting-card.tsx(318,9): error TS7026: JSX element implicitly has type 'any' because no interface 'JSX.IntrinsicElements' exists.
components/claude-generated-components/meeting-card.tsx(320,9): error TS7026: JSX element implicitly has type 'any' because no interface 'JSX.IntrinsicElements' exists.
components/claude-generated-components/meeting-card.tsx(320,53): error TS7026: JSX element implicitly has type 'any' because no interface 'JSX.IntrinsicElements' exists.
components/claude-generated-components/meeting-card.tsx(323,7): error TS7026: JSX element implicitly has type 'any' because no interface 'JSX.IntrinsicElements' exists.
components/claude-generated-components/meeting-card.tsx(324,9): error TS7026: JSX element implicitly has type 'any' because no interface 'JSX.IntrinsicElements' exists.
components/claude-generated-components/meeting-card.tsx(324,46): error TS7026: JSX element implicitly has type 'any' because no interface 'JSX.IntrinsicElements' exists.
components/claude-generated-components/meeting-card.tsx(325,9): error TS7026: JSX element implicitly has type 'any' because no interface 'JSX.IntrinsicElements' exists.
components/claude-generated-components/meeting-card.tsx(325,58): error TS7026: JSX element implicitly has type 'any' because no interface 'JSX.IntrinsicElements' exists.
components/claude-generated-components/meeting-card.tsx(326,9): error TS7026: JSX element implicitly has type 'any' because no interface 'JSX.IntrinsicElements' exists.
components/claude-generated-components/meeting-card.tsx(328,11): error TS7026: JSX element implicitly has type 'any' because no interface 'JSX.IntrinsicElements' exists.
components/claude-generated-components/meeting-card.tsx(328,23): error TS7026: JSX element implicitly has type 'any' because no interface 'JSX.IntrinsicElements' exists.
components/claude-generated-components/meeting-card.tsx(329,9): error TS7026: JSX element implicitly has type 'any' because no interface 'JSX.IntrinsicElements' exists.
components/claude-generated-components/meeting-card.tsx(330,7): error TS7026: JSX element implicitly has type 'any' because no interface 'JSX.IntrinsicElements' exists.
components/claude-generated-components/meeting-card.tsx(331,5): error TS7026: JSX element implicitly has type 'any' because no interface 'JSX.IntrinsicElements' exists.
components/claude-generated-components/pagination-dots.tsx(6,24): error TS2307: Cannot find module 'react' or its corresponding type declarations.
components/claude-generated-components/pagination-dots.tsx(90,7): error TS7031: Binding element 'className' implicitly has an 'any' type.
components/claude-generated-components/pagination-dots.tsx(93,7): error TS7031: Binding element 'activeIndex' implicitly has an 'any' type.
components/claude-generated-components/pagination-dots.tsx(94,7): error TS7031: Binding element 'count' implicitly has an 'any' type.
components/claude-generated-components/pagination-dots.tsx(95,7): error TS7031: Binding element 'onDotClick' implicitly has an 'any' type.
components/claude-generated-components/pagination-dots.tsx(96,7): error TS7031: Binding element 'children' implicitly has an 'any' type.
components/claude-generated-components/pagination-dots.tsx(99,5): error TS7006: Parameter 'forwardedRef' implicitly has an 'any' type.
components/claude-generated-components/pagination-dots.tsx(116,9): error TS7026: JSX element implicitly has type 'any' because no interface 'JSX.IntrinsicElements' exists.
components/claude-generated-components/pagination-dots.tsx(124,9): error TS7026: JSX element implicitly has type 'any' because no interface 'JSX.IntrinsicElements' exists.
components/claude-generated-components/pagination-dots.tsx(148,5): error TS2875: This JSX tag requires the module path 'react/jsx-runtime' to exist, but none could be found. Make sure you have types for the appropriate package installed.
components/claude-generated-components/pagination-dots.tsx(148,5): error TS7026: JSX element implicitly has type 'any' because no interface 'JSX.IntrinsicElements' exists.
components/claude-generated-components/payment-icons.tsx(4,24): error TS2307: Cannot find module 'react' or its corresponding type declarations.
components/claude-generated-components/payment-icons.tsx(10,5): error TS7026: JSX element implicitly has type 'any' because no interface 'JSX.IntrinsicElements' exists.
components/claude-generated-components/payment-icons.tsx(10,5): error TS2875: This JSX tag requires the module path 'react/jsx-runtime' to exist, but none could be found. Make sure you have types for the appropriate package installed.
components/claude-generated-components/payment-icons.tsx(16,7): error TS7026: JSX element implicitly has type 'any' because no interface 'JSX.IntrinsicElements' exists.
components/claude-generated-components/payment-icons.tsx(20,7): error TS7026: JSX element implicitly has type 'any' because no interface 'JSX.IntrinsicElements' exists.
components/claude-generated-components/payment-icons.tsx(29,5): error TS7026: JSX element implicitly has type 'any' because no interface 'JSX.IntrinsicElements' exists.
components/claude-generated-components/payment-icons.tsx(35,5): error TS7026: JSX element implicitly has type 'any' because no interface 'JSX.IntrinsicElements' exists.
components/claude-generated-components/payment-icons.tsx(41,7): error TS7026: JSX element implicitly has type 'any' because no interface 'JSX.IntrinsicElements' exists.
components/claude-generated-components/payment-icons.tsx(42,7): error TS7026: JSX element implicitly has type 'any' because no interface 'JSX.IntrinsicElements' exists.
components/claude-generated-components/payment-icons.tsx(43,7): error TS7026: JSX element implicitly has type 'any' because no interface 'JSX.IntrinsicElements' exists.
components/claude-generated-components/payment-icons.tsx(47,7): error TS7026: JSX element implicitly has type 'any' because no interface 'JSX.IntrinsicElements' exists.
components/claude-generated-components/payment-icons.tsx(56,5): error TS7026: JSX element implicitly has type 'any' because no interface 'JSX.IntrinsicElements' exists.
components/claude-generated-components/payment-icons.tsx(62,5): error TS7026: JSX element implicitly has type 'any' because no interface 'JSX.IntrinsicElements' exists.
components/claude-generated-components/payment-icons.tsx(68,7): error TS7026: JSX element implicitly has type 'any' because no interface 'JSX.IntrinsicElements' exists.
components/claude-generated-components/payment-icons.tsx(69,7): error TS7026: JSX element implicitly has type 'any' because no interface 'JSX.IntrinsicElements' exists.
components/claude-generated-components/payment-icons.tsx(73,7): error TS7026: JSX element implicitly has type 'any' because no interface 'JSX.IntrinsicElements' exists.
components/claude-generated-components/payment-icons.tsx(82,5): error TS7026: JSX element implicitly has type 'any' because no interface 'JSX.IntrinsicElements' exists.
components/claude-generated-components/payment-icons.tsx(88,5): error TS7026: JSX element implicitly has type 'any' because no interface 'JSX.IntrinsicElements' exists.
components/claude-generated-components/payment-icons.tsx(94,7): error TS7026: JSX element implicitly has type 'any' because no interface 'JSX.IntrinsicElements' exists.
components/claude-generated-components/payment-icons.tsx(95,7): error TS7026: JSX element implicitly has type 'any' because no interface 'JSX.IntrinsicElements' exists.
components/claude-generated-components/payment-icons.tsx(96,7): error TS7026: JSX element implicitly has type 'any' because no interface 'JSX.IntrinsicElements' exists.
components/claude-generated-components/payment-icons.tsx(97,7): error TS7026: JSX element implicitly has type 'any' because no interface 'JSX.IntrinsicElements' exists.
components/claude-generated-components/payment-icons.tsx(101,7): error TS7026: JSX element implicitly has type 'any' because no interface 'JSX.IntrinsicElements' exists.
components/claude-generated-components/payment-icons.tsx(102,7): error TS7026: JSX element implicitly has type 'any' because no interface 'JSX.IntrinsicElements' exists.
components/claude-generated-components/payment-icons.tsx(106,7): error TS7026: JSX element implicitly has type 'any' because no interface 'JSX.IntrinsicElements' exists.
components/claude-generated-components/payment-icons.tsx(115,5): error TS7026: JSX element implicitly has type 'any' because no interface 'JSX.IntrinsicElements' exists.
components/claude-generated-components/payment-icons.tsx(121,5): error TS7026: JSX element implicitly has type 'any' because no interface 'JSX.IntrinsicElements' exists.
components/claude-generated-components/payment-icons.tsx(127,7): error TS7026: JSX element implicitly has type 'any' because no interface 'JSX.IntrinsicElements' exists.
components/claude-generated-components/payment-icons.tsx(131,7): error TS7026: JSX element implicitly has type 'any' because no interface 'JSX.IntrinsicElements' exists.
components/claude-generated-components/payment-icons.tsx(135,7): error TS7026: JSX element implicitly has type 'any' because no interface 'JSX.IntrinsicElements' exists.
components/claude-generated-components/payment-icons.tsx(144,5): error TS7026: JSX element implicitly has type 'any' because no interface 'JSX.IntrinsicElements' exists.
components/claude-generated-components/payment-icons.tsx(150,5): error TS7026: JSX element implicitly has type 'any' because no interface 'JSX.IntrinsicElements' exists.
components/claude-generated-components/payment-icons.tsx(156,7): error TS7026: JSX element implicitly has type 'any' because no interface 'JSX.IntrinsicElements' exists.
components/claude-generated-components/payment-icons.tsx(157,7): error TS7026: JSX element implicitly has type 'any' because no interface 'JSX.IntrinsicElements' exists.
components/claude-generated-components/payment-icons.tsx(161,7): error TS7026: JSX element implicitly has type 'any' because no interface 'JSX.IntrinsicElements' exists.
components/claude-generated-components/payment-icons.tsx(165,7): error TS7026: JSX element implicitly has type 'any' because no interface 'JSX.IntrinsicElements' exists.
components/claude-generated-components/payment-icons.tsx(169,7): error TS7026: JSX element implicitly has type 'any' because no interface 'JSX.IntrinsicElements' exists.
components/claude-generated-components/payment-icons.tsx(173,7): error TS7026: JSX element implicitly has type 'any' because no interface 'JSX.IntrinsicElements' exists.
components/claude-generated-components/payment-icons.tsx(182,5): error TS7026: JSX element implicitly has type 'any' because no interface 'JSX.IntrinsicElements' exists.
components/claude-generated-components/payment-icons.tsx(188,5): error TS7026: JSX element implicitly has type 'any' because no interface 'JSX.IntrinsicElements' exists.
components/claude-generated-components/payment-icons.tsx(194,7): error TS7026: JSX element implicitly has type 'any' because no interface 'JSX.IntrinsicElements' exists.
components/claude-generated-components/payment-icons.tsx(195,7): error TS7026: JSX element implicitly has type 'any' because no interface 'JSX.IntrinsicElements' exists.
components/claude-generated-components/payment-icons.tsx(199,7): error TS7026: JSX element implicitly has type 'any' because no interface 'JSX.IntrinsicElements' exists.
components/claude-generated-components/payment-icons.tsx(208,5): error TS7026: JSX element implicitly has type 'any' because no interface 'JSX.IntrinsicElements' exists.
components/claude-generated-components/payment-icons.tsx(214,5): error TS7026: JSX element implicitly has type 'any' because no interface 'JSX.IntrinsicElements' exists.
components/claude-generated-components/payment-icons.tsx(220,7): error TS7026: JSX element implicitly has type 'any' because no interface 'JSX.IntrinsicElements' exists.
components/claude-generated-components/payment-icons.tsx(221,7): error TS7026: JSX element implicitly has type 'any' because no interface 'JSX.IntrinsicElements' exists.
components/claude-generated-components/payment-icons.tsx(222,7): error TS7026: JSX element implicitly has type 'any' because no interface 'JSX.IntrinsicElements' exists.
components/claude-generated-components/payment-icons.tsx(223,7): error TS7026: JSX element implicitly has type 'any' because no interface 'JSX.IntrinsicElements' exists.
components/claude-generated-components/payment-icons.tsx(224,7): error TS7026: JSX element implicitly has type 'any' because no interface 'JSX.IntrinsicElements' exists.
components/claude-generated-components/payment-icons.tsx(233,5): error TS7026: JSX element implicitly has type 'any' because no interface 'JSX.IntrinsicElements' exists.
components/claude-generated-components/payment-icons.tsx(239,5): error TS7026: JSX element implicitly has type 'any' because no interface 'JSX.IntrinsicElements' exists.
components/claude-generated-components/payment-icons.tsx(245,7): error TS7026: JSX element implicitly has type 'any' because no interface 'JSX.IntrinsicElements' exists.
components/claude-generated-components/payment-icons.tsx(246,7): error TS7026: JSX element implicitly has type 'any' because no interface 'JSX.IntrinsicElements' exists.
components/claude-generated-components/payment-icons.tsx(250,7): error TS7026: JSX element implicitly has type 'any' because no interface 'JSX.IntrinsicElements' exists.
components/claude-generated-components/payment-icons.tsx(254,7): error TS7026: JSX element implicitly has type 'any' because no interface 'JSX.IntrinsicElements' exists.
components/claude-generated-components/payment-icons.tsx(258,7): error TS7026: JSX element implicitly has type 'any' because no interface 'JSX.IntrinsicElements' exists.
components/claude-generated-components/payment-icons.tsx(262,7): error TS7026: JSX element implicitly has type 'any' because no interface 'JSX.IntrinsicElements' exists.
components/claude-generated-components/payment-icons.tsx(266,7): error TS7026: JSX element implicitly has type 'any' because no interface 'JSX.IntrinsicElements' exists.
components/claude-generated-components/payment-icons.tsx(275,5): error TS7026: JSX element implicitly has type 'any' because no interface 'JSX.IntrinsicElements' exists.
components/claude-generated-components/pin-input.tsx(5,24): error TS2307: Cannot find module 'react' or its corresponding type declarations.
components/claude-generated-components/pin-input.tsx(6,43): error TS2307: Cannot find module 'input-otp' or its corresponding type declarations.
components/claude-generated-components/pin-input.tsx(111,6): error TS7031: Binding element 'className' implicitly has an 'any' type.
components/claude-generated-components/pin-input.tsx(111,70): error TS7031: Binding element 'children' implicitly has an 'any' type.
components/claude-generated-components/pin-input.tsx(111,91): error TS7006: Parameter 'forwardedRef' implicitly has an 'any' type.
components/claude-generated-components/pin-input.tsx(117,9): error TS7026: JSX element implicitly has type 'any' because no interface 'JSX.IntrinsicElements' exists.
components/claude-generated-components/pin-input.tsx(124,9): error TS7026: JSX element implicitly has type 'any' because no interface 'JSX.IntrinsicElements' exists.
components/claude-generated-components/pin-input.tsx(142,7): error TS7031: Binding element 'containerClassName' implicitly has an 'any' type.
components/claude-generated-components/pin-input.tsx(142,27): error TS7031: Binding element 'inputClassName' implicitly has an 'any' type.
components/claude-generated-components/pin-input.tsx(142,58): error TS7031: Binding element 'children' implicitly has an 'any' type.
components/claude-generated-components/pin-input.tsx(142,68): error TS7031: Binding element 'render' implicitly has an 'any' type.
components/claude-generated-components/pin-input.tsx(143,5): error TS7006: Parameter 'forwardedRef' implicitly has an 'any' type.
components/claude-generated-components/pin-input.tsx(172,6): error TS7031: Binding element 'index' implicitly has an 'any' type.
components/claude-generated-components/pin-input.tsx(172,13): error TS7031: Binding element 'className' implicitly has an 'any' type.
components/claude-generated-components/pin-input.tsx(172,35): error TS7006: Parameter 'forwardedRef' implicitly has an 'any' type.
components/claude-generated-components/pin-input.tsx(182,7): error TS7026: JSX element implicitly has type 'any' because no interface 'JSX.IntrinsicElements' exists.
components/claude-generated-components/pin-input.tsx(197,11): error TS7026: JSX element implicitly has type 'any' because no interface 'JSX.IntrinsicElements' exists.
components/claude-generated-components/pin-input.tsx(197,49): error TS7026: JSX element implicitly has type 'any' because no interface 'JSX.IntrinsicElements' exists.
components/claude-generated-components/pin-input.tsx(199,7): error TS7026: JSX element implicitly has type 'any' because no interface 'JSX.IntrinsicElements' exists.
components/claude-generated-components/pin-input.tsx(207,5): error TS7026: JSX element implicitly has type 'any' because no interface 'JSX.IntrinsicElements' exists.
components/claude-generated-components/pin-input.tsx(218,5): error TS7026: JSX element implicitly has type 'any' because no interface 'JSX.IntrinsicElements' exists.
components/claude-generated-components/pin-input.tsx(218,5): error TS2875: This JSX tag requires the module path 'react/jsx-runtime' to exist, but none could be found. Make sure you have types for the appropriate package installed.
components/claude-generated-components/pin-input.tsx(224,5): error TS7026: JSX element implicitly has type 'any' because no interface 'JSX.IntrinsicElements' exists.
components/claude-generated-components/pin-input.tsx(236,5): error TS7026: JSX element implicitly has type 'any' because no interface 'JSX.IntrinsicElements' exists.
components/claude-generated-components/pin-input.tsx(253,5): error TS7026: JSX element implicitly has type 'any' because no interface 'JSX.IntrinsicElements' exists.
components/claude-generated-components/progress-circle.tsx(6,24): error TS2307: Cannot find module 'react' or its corresponding type declarations.
components/claude-generated-components/progress-circle.tsx(85,7): error TS7031: Binding element 'className' implicitly has an 'any' type.
components/claude-generated-components/progress-circle.tsx(88,7): error TS7031: Binding element 'value' implicitly has an 'any' type.
components/claude-generated-components/progress-circle.tsx(89,7): error TS7031: Binding element 'strokeWidth' implicitly has an 'any' type.
components/claude-generated-components/progress-circle.tsx(91,7): error TS7031: Binding element 'label' implicitly has an 'any' type.
components/claude-generated-components/progress-circle.tsx(92,7): error TS7031: Binding element 'children' implicitly has an 'any' type.
components/claude-generated-components/progress-circle.tsx(95,5): error TS7006: Parameter 'forwardedRef' implicitly has an 'any' type.
components/claude-generated-components/progress-circle.tsx(115,21): error TS7053: Element implicitly has an 'any' type because expression of type 'string' can't be used to index type '{ small: number; medium: number; large: number; xlarge: number; }'.
  No index signature with a parameter of type 'string' was found on type '{ small: number; medium: number; large: number; xlarge: number; }'.
components/claude-generated-components/progress-circle.tsx(116,35): error TS7053: Element implicitly has an 'any' type because expression of type 'string' can't be used to index type '{ small: number; medium: number; large: number; xlarge: number; }'.
  No index signature with a parameter of type 'string' was found on type '{ small: number; medium: number; large: number; xlarge: number; }'.
components/claude-generated-components/progress-circle.tsx(123,7): error TS7026: JSX element implicitly has type 'any' because no interface 'JSX.IntrinsicElements' exists.
components/claude-generated-components/progress-circle.tsx(123,7): error TS2875: This JSX tag requires the module path 'react/jsx-runtime' to exist, but none could be found. Make sure you have types for the appropriate package installed.
components/claude-generated-components/progress-circle.tsx(133,9): error TS7026: JSX element implicitly has type 'any' because no interface 'JSX.IntrinsicElements' exists.
components/claude-generated-components/progress-circle.tsx(141,11): error TS7026: JSX element implicitly has type 'any' because no interface 'JSX.IntrinsicElements' exists.
components/claude-generated-components/progress-circle.tsx(151,11): error TS7026: JSX element implicitly has type 'any' because no interface 'JSX.IntrinsicElements' exists.
components/claude-generated-components/progress-circle.tsx(163,9): error TS7026: JSX element implicitly has type 'any' because no interface 'JSX.IntrinsicElements' exists.
components/claude-generated-components/progress-circle.tsx(166,9): error TS7026: JSX element implicitly has type 'any' because no interface 'JSX.IntrinsicElements' exists.
components/claude-generated-components/progress-circle.tsx(172,17): error TS7026: JSX element implicitly has type 'any' because no interface 'JSX.IntrinsicElements' exists.
components/claude-generated-components/progress-circle.tsx(172,77): error TS7026: JSX element implicitly has type 'any' because no interface 'JSX.IntrinsicElements' exists.
components/claude-generated-components/progress-circle.tsx(174,25): error TS7026: JSX element implicitly has type 'any' because no interface 'JSX.IntrinsicElements' exists.
components/claude-generated-components/progress-circle.tsx(174,65): error TS7026: JSX element implicitly has type 'any' because no interface 'JSX.IntrinsicElements' exists.
components/claude-generated-components/progress-circle.tsx(177,9): error TS7026: JSX element implicitly has type 'any' because no interface 'JSX.IntrinsicElements' exists.
components/claude-generated-components/progress-circle.tsx(178,7): error TS7026: JSX element implicitly has type 'any' because no interface 'JSX.IntrinsicElements' exists.
components/claude-generated-components/sidebar-navigation.tsx(5,24): error TS2307: Cannot find module 'react' or its corresponding type declarations.
components/claude-generated-components/sidebar-navigation.tsx(6,33): error TS2307: Cannot find module '@phosphor-icons/react/dist/ssr' or its corresponding type declarations.
components/claude-generated-components/sidebar-navigation.tsx(8,22): error TS2307: Cannot find module '@radix-ui/react-slot' or its corresponding type declarations.
components/claude-generated-components/sidebar-navigation.tsx(107,6): error TS7031: Binding element 'className' implicitly has an 'any' type.
components/claude-generated-components/sidebar-navigation.tsx(107,38): error TS7031: Binding element 'activeUrl' implicitly has an 'any' type.
components/claude-generated-components/sidebar-navigation.tsx(107,49): error TS7031: Binding element 'children' implicitly has an 'any' type.
components/claude-generated-components/sidebar-navigation.tsx(107,70): error TS7006: Parameter 'forwardedRef' implicitly has an 'any' type.
components/claude-generated-components/sidebar-navigation.tsx(112,9): error TS7026: JSX element implicitly has type 'any' because no interface 'JSX.IntrinsicElements' exists.
components/claude-generated-components/sidebar-navigation.tsx(114,9): error TS7026: JSX element implicitly has type 'any' because no interface 'JSX.IntrinsicElements' exists.
components/claude-generated-components/sidebar-navigation.tsx(124,6): error TS7031: Binding element 'className' implicitly has an 'any' type.
components/claude-generated-components/sidebar-navigation.tsx(124,28): error TS7006: Parameter 'forwardedRef' implicitly has an 'any' type.
components/claude-generated-components/sidebar-navigation.tsx(129,7): error TS7026: JSX element implicitly has type 'any' because no interface 'JSX.IntrinsicElements' exists.
components/claude-generated-components/sidebar-navigation.tsx(138,6): error TS7031: Binding element 'className' implicitly has an 'any' type.
components/claude-generated-components/sidebar-navigation.tsx(138,28): error TS7006: Parameter 'forwardedRef' implicitly has an 'any' type.
components/claude-generated-components/sidebar-navigation.tsx(143,7): error TS7026: JSX element implicitly has type 'any' because no interface 'JSX.IntrinsicElements' exists.
components/claude-generated-components/sidebar-navigation.tsx(152,6): error TS7031: Binding element 'className' implicitly has an 'any' type.
components/claude-generated-components/sidebar-navigation.tsx(152,28): error TS7006: Parameter 'forwardedRef' implicitly has an 'any' type.
components/claude-generated-components/sidebar-navigation.tsx(156,7): error TS7026: JSX element implicitly has type 'any' because no interface 'JSX.IntrinsicElements' exists.
components/claude-generated-components/sidebar-navigation.tsx(165,6): error TS7031: Binding element 'className' implicitly has an 'any' type.
components/claude-generated-components/sidebar-navigation.tsx(165,28): error TS7006: Parameter 'forwardedRef' implicitly has an 'any' type.
components/claude-generated-components/sidebar-navigation.tsx(169,7): error TS7026: JSX element implicitly has type 'any' because no interface 'JSX.IntrinsicElements' exists.
components/claude-generated-components/sidebar-navigation.tsx(209,5): error TS2875: This JSX tag requires the module path 'react/jsx-runtime' to exist, but none could be found. Make sure you have types for the appropriate package installed.
components/claude-generated-components/sidebar-navigation.tsx(215,7): error TS7026: JSX element implicitly has type 'any' because no interface 'JSX.IntrinsicElements' exists.
components/claude-generated-components/sidebar-navigation.tsx(215,50): error TS7026: JSX element implicitly has type 'any' because no interface 'JSX.IntrinsicElements' exists.
components/claude-generated-components/sidebar-navigation.tsx(216,17): error TS7026: JSX element implicitly has type 'any' because no interface 'JSX.IntrinsicElements' exists.
components/claude-generated-components/sidebar-navigation.tsx(216,57): error TS7026: JSX element implicitly has type 'any' because no interface 'JSX.IntrinsicElements' exists.
components/claude-generated-components/sidebar-navigation.tsx(225,6): error TS7031: Binding element 'className' implicitly has an 'any' type.
components/claude-generated-components/sidebar-navigation.tsx(225,28): error TS7006: Parameter 'forwardedRef' implicitly has an 'any' type.
components/claude-generated-components/sidebar-navigation.tsx(229,7): error TS7026: JSX element implicitly has type 'any' because no interface 'JSX.IntrinsicElements' exists.
components/claude-generated-components/sidebar-navigation.tsx(240,10): error TS7026: JSX element implicitly has type 'any' because no interface 'JSX.IntrinsicElements' exists.
components/claude-generated-components/sidebar-navigation.tsx(247,6): error TS7031: Binding element 'className' implicitly has an 'any' type.
components/claude-generated-components/sidebar-navigation.tsx(247,55): error TS7006: Parameter 'forwardedRef' implicitly has an 'any' type.
components/claude-generated-components/sidebar-navigation.tsx(251,7): error TS7026: JSX element implicitly has type 'any' because no interface 'JSX.IntrinsicElements' exists.
components/claude-generated-components/sidebar-navigation.tsx(253,9): error TS7026: JSX element implicitly has type 'any' because no interface 'JSX.IntrinsicElements' exists.
components/claude-generated-components/sidebar-navigation.tsx(260,7): error TS7026: JSX element implicitly has type 'any' because no interface 'JSX.IntrinsicElements' exists.
components/claude-generated-components/sidebar-navigation.tsx(271,10): error TS7026: JSX element implicitly has type 'any' because no interface 'JSX.IntrinsicElements' exists.
components/claude-generated-components/skeleton.tsx(6,24): error TS2307: Cannot find module 'react' or its corresponding type declarations.
components/claude-generated-components/skeleton.tsx(61,7): error TS7031: Binding element 'className' implicitly has an 'any' type.
components/claude-generated-components/skeleton.tsx(64,7): error TS7031: Binding element 'width' implicitly has an 'any' type.
components/claude-generated-components/skeleton.tsx(65,7): error TS7031: Binding element 'height' implicitly has an 'any' type.
components/claude-generated-components/skeleton.tsx(66,7): error TS7031: Binding element 'style' implicitly has an 'any' type.
components/claude-generated-components/skeleton.tsx(69,5): error TS7006: Parameter 'forwardedRef' implicitly has an 'any' type.
components/claude-generated-components/skeleton.tsx(72,7): error TS7026: JSX element implicitly has type 'any' because no interface 'JSX.IntrinsicElements' exists.
components/claude-generated-components/skeleton.tsx(113,5): error TS7026: JSX element implicitly has type 'any' because no interface 'JSX.IntrinsicElements' exists.
components/claude-generated-components/skeleton.tsx(113,5): error TS2875: This JSX tag requires the module path 'react/jsx-runtime' to exist, but none could be found. Make sure you have types for the appropriate package installed.
components/claude-generated-components/skeleton.tsx(123,5): error TS7026: JSX element implicitly has type 'any' because no interface 'JSX.IntrinsicElements' exists.
components/claude-generated-components/skeleton.tsx(207,5): error TS7026: JSX element implicitly has type 'any' because no interface 'JSX.IntrinsicElements' exists.
components/claude-generated-components/skeleton.tsx(215,7): error TS7026: JSX element implicitly has type 'any' because no interface 'JSX.IntrinsicElements' exists.
components/claude-generated-components/skeleton.tsx(218,7): error TS7026: JSX element implicitly has type 'any' because no interface 'JSX.IntrinsicElements' exists.
components/claude-generated-components/skeleton.tsx(219,5): error TS7026: JSX element implicitly has type 'any' because no interface 'JSX.IntrinsicElements' exists.
components/claude-generated-components/slideout-menu.tsx(5,24): error TS2307: Cannot find module 'react' or its corresponding type declarations.
components/claude-generated-components/slideout-menu.tsx(6,34): error TS2307: Cannot find module '@radix-ui/react-dialog' or its corresponding type declarations.
components/claude-generated-components/slideout-menu.tsx(7,19): error TS2307: Cannot find module '@phosphor-icons/react/dist/ssr' or its corresponding type declarations.
components/claude-generated-components/slideout-menu.tsx(94,5): error TS2875: This JSX tag requires the module path 'react/jsx-runtime' to exist, but none could be found. Make sure you have types for the appropriate package installed.
components/claude-generated-components/slideout-menu.tsx(112,6): error TS7031: Binding element 'className' implicitly has an 'any' type.
components/claude-generated-components/slideout-menu.tsx(112,28): error TS7006: Parameter 'forwardedRef' implicitly has an 'any' type.
components/claude-generated-components/slideout-menu.tsx(128,6): error TS7031: Binding element 'className' implicitly has an 'any' type.
components/claude-generated-components/slideout-menu.tsx(128,17): error TS7031: Binding element 'children' implicitly has an 'any' type.
components/claude-generated-components/slideout-menu.tsx(128,38): error TS7006: Parameter 'forwardedRef' implicitly has an 'any' type.
components/claude-generated-components/slideout-menu.tsx(140,9): error TS7026: JSX element implicitly has type 'any' because no interface 'JSX.IntrinsicElements' exists.
components/claude-generated-components/slideout-menu.tsx(140,69): error TS7026: JSX element implicitly has type 'any' because no interface 'JSX.IntrinsicElements' exists.
components/claude-generated-components/slideout-menu.tsx(160,5): error TS7026: JSX element implicitly has type 'any' because no interface 'JSX.IntrinsicElements' exists.
components/claude-generated-components/slideout-menu.tsx(174,5): error TS7026: JSX element implicitly has type 'any' because no interface 'JSX.IntrinsicElements' exists.
components/claude-generated-components/slideout-menu.tsx(182,6): error TS7031: Binding element 'className' implicitly has an 'any' type.
components/claude-generated-components/slideout-menu.tsx(182,28): error TS7006: Parameter 'forwardedRef' implicitly has an 'any' type.
components/claude-generated-components/slideout-menu.tsx(198,6): error TS7031: Binding element 'className' implicitly has an 'any' type.
components/claude-generated-components/slideout-menu.tsx(198,28): error TS7006: Parameter 'forwardedRef' implicitly has an 'any' type.
components/claude-generated-components/slideout-menu.tsx(217,10): error TS7026: JSX element implicitly has type 'any' because no interface 'JSX.IntrinsicElements' exists.
components/claude-generated-components/slideout-menu.tsx(227,10): error TS7026: JSX element implicitly has type 'any' because no interface 'JSX.IntrinsicElements' exists.
components/claude-generated-components/social-icons.tsx(4,24): error TS2307: Cannot find module 'react' or its corresponding type declarations.
components/claude-generated-components/social-icons.tsx(14,7): error TS7026: JSX element implicitly has type 'any' because no interface 'JSX.IntrinsicElements' exists.
components/claude-generated-components/social-icons.tsx(14,7): error TS2875: This JSX tag requires the module path 'react/jsx-runtime' to exist, but none could be found. Make sure you have types for the appropriate package installed.
components/claude-generated-components/social-icons.tsx(15,9): error TS7026: JSX element implicitly has type 'any' because no interface 'JSX.IntrinsicElements' exists.
components/claude-generated-components/social-icons.tsx(16,9): error TS7026: JSX element implicitly has type 'any' because no interface 'JSX.IntrinsicElements' exists.
components/claude-generated-components/social-icons.tsx(17,9): error TS7026: JSX element implicitly has type 'any' because no interface 'JSX.IntrinsicElements' exists.
components/claude-generated-components/social-icons.tsx(18,9): error TS7026: JSX element implicitly has type 'any' because no interface 'JSX.IntrinsicElements' exists.
components/claude-generated-components/social-icons.tsx(19,7): error TS7026: JSX element implicitly has type 'any' because no interface 'JSX.IntrinsicElements' exists.
components/claude-generated-components/social-icons.tsx(23,5): error TS7026: JSX element implicitly has type 'any' because no interface 'JSX.IntrinsicElements' exists.
components/claude-generated-components/social-icons.tsx(24,7): error TS7026: JSX element implicitly has type 'any' because no interface 'JSX.IntrinsicElements' exists.
components/claude-generated-components/social-icons.tsx(25,7): error TS7026: JSX element implicitly has type 'any' because no interface 'JSX.IntrinsicElements' exists.
components/claude-generated-components/social-icons.tsx(26,7): error TS7026: JSX element implicitly has type 'any' because no interface 'JSX.IntrinsicElements' exists.
components/claude-generated-components/social-icons.tsx(27,7): error TS7026: JSX element implicitly has type 'any' because no interface 'JSX.IntrinsicElements' exists.
components/claude-generated-components/social-icons.tsx(28,5): error TS7026: JSX element implicitly has type 'any' because no interface 'JSX.IntrinsicElements' exists.
components/claude-generated-components/social-icons.tsx(34,5): error TS7026: JSX element implicitly has type 'any' because no interface 'JSX.IntrinsicElements' exists.
components/claude-generated-components/social-icons.tsx(35,7): error TS7026: JSX element implicitly has type 'any' because no interface 'JSX.IntrinsicElements' exists.
components/claude-generated-components/social-icons.tsx(36,5): error TS7026: JSX element implicitly has type 'any' because no interface 'JSX.IntrinsicElements' exists.
components/claude-generated-components/social-icons.tsx(42,5): error TS7026: JSX element implicitly has type 'any' because no interface 'JSX.IntrinsicElements' exists.
components/claude-generated-components/social-icons.tsx(43,7): error TS7026: JSX element implicitly has type 'any' because no interface 'JSX.IntrinsicElements' exists.
components/claude-generated-components/social-icons.tsx(44,5): error TS7026: JSX element implicitly has type 'any' because no interface 'JSX.IntrinsicElements' exists.
components/claude-generated-components/social-icons.tsx(50,5): error TS7026: JSX element implicitly has type 'any' because no interface 'JSX.IntrinsicElements' exists.
components/claude-generated-components/social-icons.tsx(51,7): error TS7026: JSX element implicitly has type 'any' because no interface 'JSX.IntrinsicElements' exists.
components/claude-generated-components/social-icons.tsx(52,5): error TS7026: JSX element implicitly has type 'any' because no interface 'JSX.IntrinsicElements' exists.
components/claude-generated-components/social-icons.tsx(58,5): error TS7026: JSX element implicitly has type 'any' because no interface 'JSX.IntrinsicElements' exists.
components/claude-generated-components/social-icons.tsx(59,7): error TS7026: JSX element implicitly has type 'any' because no interface 'JSX.IntrinsicElements' exists.
components/claude-generated-components/social-icons.tsx(60,5): error TS7026: JSX element implicitly has type 'any' because no interface 'JSX.IntrinsicElements' exists.
components/claude-generated-components/social-icons.tsx(67,7): error TS7026: JSX element implicitly has type 'any' because no interface 'JSX.IntrinsicElements' exists.
components/claude-generated-components/social-icons.tsx(68,9): error TS7026: JSX element implicitly has type 'any' because no interface 'JSX.IntrinsicElements' exists.
components/claude-generated-components/social-icons.tsx(69,11): error TS7026: JSX element implicitly has type 'any' because no interface 'JSX.IntrinsicElements' exists.
components/claude-generated-components/social-icons.tsx(70,13): error TS7026: JSX element implicitly has type 'any' because no interface 'JSX.IntrinsicElements' exists.
components/claude-generated-components/social-icons.tsx(71,13): error TS7026: JSX element implicitly has type 'any' because no interface 'JSX.IntrinsicElements' exists.
components/claude-generated-components/social-icons.tsx(72,13): error TS7026: JSX element implicitly has type 'any' because no interface 'JSX.IntrinsicElements' exists.
components/claude-generated-components/social-icons.tsx(73,13): error TS7026: JSX element implicitly has type 'any' because no interface 'JSX.IntrinsicElements' exists.
components/claude-generated-components/social-icons.tsx(74,13): error TS7026: JSX element implicitly has type 'any' because no interface 'JSX.IntrinsicElements' exists.
components/claude-generated-components/social-icons.tsx(75,11): error TS7026: JSX element implicitly has type 'any' because no interface 'JSX.IntrinsicElements' exists.
components/claude-generated-components/social-icons.tsx(76,9): error TS7026: JSX element implicitly has type 'any' because no interface 'JSX.IntrinsicElements' exists.
components/claude-generated-components/social-icons.tsx(77,9): error TS7026: JSX element implicitly has type 'any' because no interface 'JSX.IntrinsicElements' exists.
components/claude-generated-components/social-icons.tsx(78,7): error TS7026: JSX element implicitly has type 'any' because no interface 'JSX.IntrinsicElements' exists.
components/claude-generated-components/social-icons.tsx(82,5): error TS7026: JSX element implicitly has type 'any' because no interface 'JSX.IntrinsicElements' exists.
components/claude-generated-components/social-icons.tsx(83,7): error TS7026: JSX element implicitly has type 'any' because no interface 'JSX.IntrinsicElements' exists.
components/claude-generated-components/social-icons.tsx(84,5): error TS7026: JSX element implicitly has type 'any' because no interface 'JSX.IntrinsicElements' exists.
components/claude-generated-components/social-icons.tsx(90,5): error TS7026: JSX element implicitly has type 'any' because no interface 'JSX.IntrinsicElements' exists.
components/claude-generated-components/social-icons.tsx(91,7): error TS7026: JSX element implicitly has type 'any' because no interface 'JSX.IntrinsicElements' exists.
components/claude-generated-components/social-icons.tsx(92,5): error TS7026: JSX element implicitly has type 'any' because no interface 'JSX.IntrinsicElements' exists.
components/claude-generated-components/social-icons.tsx(98,5): error TS7026: JSX element implicitly has type 'any' because no interface 'JSX.IntrinsicElements' exists.
components/claude-generated-components/social-icons.tsx(99,7): error TS7026: JSX element implicitly has type 'any' because no interface 'JSX.IntrinsicElements' exists.
components/claude-generated-components/social-icons.tsx(100,5): error TS7026: JSX element implicitly has type 'any' because no interface 'JSX.IntrinsicElements' exists.
components/claude-generated-components/social-icons.tsx(106,5): error TS7026: JSX element implicitly has type 'any' because no interface 'JSX.IntrinsicElements' exists.
components/claude-generated-components/social-icons.tsx(107,7): error TS7026: JSX element implicitly has type 'any' because no interface 'JSX.IntrinsicElements' exists.
components/claude-generated-components/social-icons.tsx(108,5): error TS7026: JSX element implicitly has type 'any' because no interface 'JSX.IntrinsicElements' exists.
components/claude-generated-components/social-icons.tsx(115,7): error TS7026: JSX element implicitly has type 'any' because no interface 'JSX.IntrinsicElements' exists.
components/claude-generated-components/social-icons.tsx(116,9): error TS7026: JSX element implicitly has type 'any' because no interface 'JSX.IntrinsicElements' exists.
components/claude-generated-components/social-icons.tsx(117,9): error TS7026: JSX element implicitly has type 'any' because no interface 'JSX.IntrinsicElements' exists.
components/claude-generated-components/social-icons.tsx(118,9): error TS7026: JSX element implicitly has type 'any' because no interface 'JSX.IntrinsicElements' exists.
components/claude-generated-components/social-icons.tsx(119,9): error TS7026: JSX element implicitly has type 'any' because no interface 'JSX.IntrinsicElements' exists.
components/claude-generated-components/social-icons.tsx(120,7): error TS7026: JSX element implicitly has type 'any' because no interface 'JSX.IntrinsicElements' exists.
components/claude-generated-components/social-icons.tsx(124,5): error TS7026: JSX element implicitly has type 'any' because no interface 'JSX.IntrinsicElements' exists.
components/claude-generated-components/social-icons.tsx(125,7): error TS7026: JSX element implicitly has type 'any' because no interface 'JSX.IntrinsicElements' exists.
components/claude-generated-components/social-icons.tsx(126,5): error TS7026: JSX element implicitly has type 'any' because no interface 'JSX.IntrinsicElements' exists.
components/claude-generated-components/social-icons.tsx(133,7): error TS7026: JSX element implicitly has type 'any' because no interface 'JSX.IntrinsicElements' exists.
components/claude-generated-components/social-icons.tsx(134,9): error TS7026: JSX element implicitly has type 'any' because no interface 'JSX.IntrinsicElements' exists.
components/claude-generated-components/social-icons.tsx(135,9): error TS7026: JSX element implicitly has type 'any' because no interface 'JSX.IntrinsicElements' exists.
components/claude-generated-components/social-icons.tsx(136,9): error TS7026: JSX element implicitly has type 'any' because no interface 'JSX.IntrinsicElements' exists.
components/claude-generated-components/social-icons.tsx(137,9): error TS7026: JSX element implicitly has type 'any' because no interface 'JSX.IntrinsicElements' exists.
components/claude-generated-components/social-icons.tsx(138,9): error TS7026: JSX element implicitly has type 'any' because no interface 'JSX.IntrinsicElements' exists.
components/claude-generated-components/social-icons.tsx(139,7): error TS7026: JSX element implicitly has type 'any' because no interface 'JSX.IntrinsicElements' exists.
components/claude-generated-components/social-icons.tsx(143,5): error TS7026: JSX element implicitly has type 'any' because no interface 'JSX.IntrinsicElements' exists.
components/claude-generated-components/social-icons.tsx(144,7): error TS7026: JSX element implicitly has type 'any' because no interface 'JSX.IntrinsicElements' exists.
components/claude-generated-components/social-icons.tsx(145,5): error TS7026: JSX element implicitly has type 'any' because no interface 'JSX.IntrinsicElements' exists.
components/claude-generated-components/social-icons.tsx(151,5): error TS7026: JSX element implicitly has type 'any' because no interface 'JSX.IntrinsicElements' exists.
components/claude-generated-components/social-icons.tsx(152,7): error TS7026: JSX element implicitly has type 'any' because no interface 'JSX.IntrinsicElements' exists.
components/claude-generated-components/social-icons.tsx(153,5): error TS7026: JSX element implicitly has type 'any' because no interface 'JSX.IntrinsicElements' exists.
components/claude-generated-components/social-icons.tsx(159,5): error TS7026: JSX element implicitly has type 'any' because no interface 'JSX.IntrinsicElements' exists.
components/claude-generated-components/social-icons.tsx(160,7): error TS7026: JSX element implicitly has type 'any' because no interface 'JSX.IntrinsicElements' exists.
components/claude-generated-components/social-icons.tsx(161,5): error TS7026: JSX element implicitly has type 'any' because no interface 'JSX.IntrinsicElements' exists.
components/claude-generated-components/social-icons.tsx(167,5): error TS7026: JSX element implicitly has type 'any' because no interface 'JSX.IntrinsicElements' exists.
components/claude-generated-components/social-icons.tsx(168,7): error TS7026: JSX element implicitly has type 'any' because no interface 'JSX.IntrinsicElements' exists.
components/claude-generated-components/social-icons.tsx(169,5): error TS7026: JSX element implicitly has type 'any' because no interface 'JSX.IntrinsicElements' exists.
components/claude-generated-components/social-icons.tsx(175,5): error TS7026: JSX element implicitly has type 'any' because no interface 'JSX.IntrinsicElements' exists.
components/claude-generated-components/social-icons.tsx(176,7): error TS7026: JSX element implicitly has type 'any' because no interface 'JSX.IntrinsicElements' exists.
components/claude-generated-components/social-icons.tsx(177,5): error TS7026: JSX element implicitly has type 'any' because no interface 'JSX.IntrinsicElements' exists.
components/claude-generated-components/social-icons.tsx(183,5): error TS7026: JSX element implicitly has type 'any' because no interface 'JSX.IntrinsicElements' exists.
components/claude-generated-components/social-icons.tsx(184,7): error TS7026: JSX element implicitly has type 'any' because no interface 'JSX.IntrinsicElements' exists.
components/claude-generated-components/social-icons.tsx(185,5): error TS7026: JSX element implicitly has type 'any' because no interface 'JSX.IntrinsicElements' exists.
components/claude-generated-components/social-icons.tsx(191,5): error TS7026: JSX element implicitly has type 'any' because no interface 'JSX.IntrinsicElements' exists.
components/claude-generated-components/social-icons.tsx(192,7): error TS7026: JSX element implicitly has type 'any' because no interface 'JSX.IntrinsicElements' exists.
components/claude-generated-components/social-icons.tsx(193,5): error TS7026: JSX element implicitly has type 'any' because no interface 'JSX.IntrinsicElements' exists.
components/claude-generated-components/stepper.tsx(6,24): error TS2307: Cannot find module 'react' or its corresponding type declarations.
components/claude-generated-components/stepper.tsx(9,23): error TS2307: Cannot find module '@phosphor-icons/react/dist/ssr' or its corresponding type declarations.
components/claude-generated-components/stepper.tsx(165,7): error TS7031: Binding element 'className' implicitly has an 'any' type.
components/claude-generated-components/stepper.tsx(168,7): error TS7031: Binding element 'activeStep' implicitly has an 'any' type.
components/claude-generated-components/stepper.tsx(169,7): error TS7031: Binding element 'onStepClick' implicitly has an 'any' type.
components/claude-generated-components/stepper.tsx(171,7): error TS7031: Binding element 'children' implicitly has an 'any' type.
components/claude-generated-components/stepper.tsx(174,5): error TS7006: Parameter 'forwardedRef' implicitly has an 'any' type.
components/claude-generated-components/stepper.tsx(190,9): error TS7026: JSX element implicitly has type 'any' because no interface 'JSX.IntrinsicElements' exists.
components/claude-generated-components/stepper.tsx(198,9): error TS7026: JSX element implicitly has type 'any' because no interface 'JSX.IntrinsicElements' exists.
components/claude-generated-components/stepper.tsx(245,5): error TS7026: JSX element implicitly has type 'any' because no interface 'JSX.IntrinsicElements' exists.
components/claude-generated-components/stepper.tsx(245,5): error TS2875: This JSX tag requires the module path 'react/jsx-runtime' to exist, but none could be found. Make sure you have types for the appropriate package installed.
components/claude-generated-components/stepper.tsx(252,5): error TS7026: JSX element implicitly has type 'any' because no interface 'JSX.IntrinsicElements' exists.
components/claude-generated-components/stepper.tsx(263,6): error TS7031: Binding element 'className' implicitly has an 'any' type.
components/claude-generated-components/stepper.tsx(263,48): error TS7031: Binding element 'children' implicitly has an 'any' type.
components/claude-generated-components/stepper.tsx(263,69): error TS7006: Parameter 'forwardedRef' implicitly has an 'any' type.
components/claude-generated-components/stepper.tsx(276,7): error TS7026: JSX element implicitly has type 'any' because no interface 'JSX.IntrinsicElements' exists.
components/claude-generated-components/stepper.tsx(286,7): error TS7026: JSX element implicitly has type 'any' because no interface 'JSX.IntrinsicElements' exists.
components/claude-generated-components/stepper.tsx(328,5): error TS7026: JSX element implicitly has type 'any' because no interface 'JSX.IntrinsicElements' exists.
components/claude-generated-components/stepper.tsx(330,5): error TS7026: JSX element implicitly has type 'any' because no interface 'JSX.IntrinsicElements' exists.
components/claude-generated-components/stepper.tsx(341,10): error TS7026: JSX element implicitly has type 'any' because no interface 'JSX.IntrinsicElements' exists.
components/claude-generated-components/stepper.tsx(351,10): error TS7026: JSX element implicitly has type 'any' because no interface 'JSX.IntrinsicElements' exists.
components/claude-generated-components/stepper.tsx(374,5): error TS7026: JSX element implicitly has type 'any' because no interface 'JSX.IntrinsicElements' exists.
components/claude-generated-components/stepper.tsx(392,5): error TS7026: JSX element implicitly has type 'any' because no interface 'JSX.IntrinsicElements' exists.
components/claude-generated-components/toggle.tsx(6,24): error TS2307: Cannot find module 'react' or its corresponding type declarations.
components/claude-generated-components/toggle.tsx(7,35): error TS2307: Cannot find module '@radix-ui/react-switch' or its corresponding type declarations.
components/claude-generated-components/toggle.tsx(154,7): error TS7031: Binding element 'className' implicitly has an 'any' type.
components/claude-generated-components/toggle.tsx(158,7): error TS7031: Binding element 'label' implicitly has an 'any' type.
components/claude-generated-components/toggle.tsx(159,7): error TS7031: Binding element 'hint' implicitly has an 'any' type.
components/claude-generated-components/toggle.tsx(160,7): error TS7031: Binding element 'id' implicitly has an 'any' type.
components/claude-generated-components/toggle.tsx(163,5): error TS7006: Parameter 'forwardedRef' implicitly has an 'any' type.
components/claude-generated-components/toggle.tsx(172,7): error TS7026: JSX element implicitly has type 'any' because no interface 'JSX.IntrinsicElements' exists.
components/claude-generated-components/toggle.tsx(182,11): error TS7026: JSX element implicitly has type 'any' because no interface 'JSX.IntrinsicElements' exists.
components/claude-generated-components/toggle.tsx(190,11): error TS7026: JSX element implicitly has type 'any' because no interface 'JSX.IntrinsicElements' exists.
components/claude-generated-components/toggle.tsx(194,11): error TS7026: JSX element implicitly has type 'any' because no interface 'JSX.IntrinsicElements' exists.
components/claude-generated-components/toggle.tsx(196,15): error TS7026: JSX element implicitly has type 'any' because no interface 'JSX.IntrinsicElements' exists.
components/claude-generated-components/toggle.tsx(198,15): error TS7026: JSX element implicitly has type 'any' because no interface 'JSX.IntrinsicElements' exists.
components/claude-generated-components/toggle.tsx(201,15): error TS7026: JSX element implicitly has type 'any' because no interface 'JSX.IntrinsicElements' exists.
components/claude-generated-components/toggle.tsx(203,15): error TS7026: JSX element implicitly has type 'any' because no interface 'JSX.IntrinsicElements' exists.
components/claude-generated-components/toggle.tsx(205,11): error TS7026: JSX element implicitly has type 'any' because no interface 'JSX.IntrinsicElements' exists.
components/claude-generated-components/toggle.tsx(207,7): error TS7026: JSX element implicitly has type 'any' because no interface 'JSX.IntrinsicElements' exists.
components/claude-generated-components/toggle.tsx(218,10): error TS2875: This JSX tag requires the module path 'react/jsx-runtime' to exist, but none could be found. Make sure you have types for the appropriate package installed.
components/claude-generated-components/toggle.tsx(218,10): error TS7026: JSX element implicitly has type 'any' because no interface 'JSX.IntrinsicElements' exists.
components/claude-generated-components/toggle.tsx(227,10): error TS7026: JSX element implicitly has type 'any' because no interface 'JSX.IntrinsicElements' exists.
components/dashboard/activity-feed.tsx(3,24): error TS2307: Cannot find module 'react' or its corresponding type declarations.
components/dashboard/activity-feed.tsx(23,8): error TS2307: Cannot find module '@phosphor-icons/react' or its corresponding type declarations.
components/dashboard/activity-feed.tsx(76,5): error TS7026: JSX element implicitly has type 'any' because no interface 'JSX.IntrinsicElements' exists.
components/dashboard/activity-feed.tsx(82,13): error TS7026: JSX element implicitly has type 'any' because no interface 'JSX.IntrinsicElements' exists.
components/dashboard/activity-feed.tsx(84,13): error TS7026: JSX element implicitly has type 'any' because no interface 'JSX.IntrinsicElements' exists.
components/dashboard/activity-feed.tsx(88,9): error TS7026: JSX element implicitly has type 'any' because no interface 'JSX.IntrinsicElements' exists.
components/dashboard/activity-feed.tsx(93,9): error TS7026: JSX element implicitly has type 'any' because no interface 'JSX.IntrinsicElements' exists.
components/dashboard/activity-feed.tsx(97,7): error TS7026: JSX element implicitly has type 'any' because no interface 'JSX.IntrinsicElements' exists.
components/dashboard/activity-feed.tsx(98,9): error TS7026: JSX element implicitly has type 'any' because no interface 'JSX.IntrinsicElements' exists.
components/dashboard/activity-feed.tsx(99,11): error TS7026: JSX element implicitly has type 'any' because no interface 'JSX.IntrinsicElements' exists.
components/dashboard/activity-feed.tsx(99,61): error TS7026: JSX element implicitly has type 'any' because no interface 'JSX.IntrinsicElements' exists.
components/dashboard/activity-feed.tsx(101,11): error TS7026: JSX element implicitly has type 'any' because no interface 'JSX.IntrinsicElements' exists.
components/dashboard/activity-feed.tsx(101,69): error TS7026: JSX element implicitly has type 'any' because no interface 'JSX.IntrinsicElements' exists.
components/dashboard/activity-feed.tsx(102,9): error TS7026: JSX element implicitly has type 'any' because no interface 'JSX.IntrinsicElements' exists.
components/dashboard/activity-feed.tsx(103,9): error TS7026: JSX element implicitly has type 'any' because no interface 'JSX.IntrinsicElements' exists.
components/dashboard/activity-feed.tsx(105,9): error TS7026: JSX element implicitly has type 'any' because no interface 'JSX.IntrinsicElements' exists.
components/dashboard/activity-feed.tsx(106,7): error TS7026: JSX element implicitly has type 'any' because no interface 'JSX.IntrinsicElements' exists.
components/dashboard/activity-feed.tsx(107,5): error TS7026: JSX element implicitly has type 'any' because no interface 'JSX.IntrinsicElements' exists.
components/dashboard/activity-feed.tsx(122,7): error TS7026: JSX element implicitly has type 'any' because no interface 'JSX.IntrinsicElements' exists.
components/dashboard/activity-feed.tsx(122,7): error TS2875: This JSX tag requires the module path 'react/jsx-runtime' to exist, but none could be found. Make sure you have types for the appropriate package installed.
components/dashboard/activity-feed.tsx(124,7): error TS7026: JSX element implicitly has type 'any' because no interface 'JSX.IntrinsicElements' exists.
components/dashboard/activity-feed.tsx(130,7): error TS7026: JSX element implicitly has type 'any' because no interface 'JSX.IntrinsicElements' exists.
components/dashboard/activity-feed.tsx(131,9): error TS7026: JSX element implicitly has type 'any' because no interface 'JSX.IntrinsicElements' exists.
components/dashboard/activity-feed.tsx(133,9): error TS7026: JSX element implicitly has type 'any' because no interface 'JSX.IntrinsicElements' exists.
components/dashboard/activity-feed.tsx(134,7): error TS7026: JSX element implicitly has type 'any' because no interface 'JSX.IntrinsicElements' exists.
components/dashboard/activity-feed.tsx(140,7): error TS7026: JSX element implicitly has type 'any' because no interface 'JSX.IntrinsicElements' exists.
components/dashboard/activity-feed.tsx(141,9): error TS7026: JSX element implicitly has type 'any' because no interface 'JSX.IntrinsicElements' exists.
components/dashboard/activity-feed.tsx(143,9): error TS7026: JSX element implicitly has type 'any' because no interface 'JSX.IntrinsicElements' exists.
components/dashboard/activity-feed.tsx(144,7): error TS7026: JSX element implicitly has type 'any' because no interface 'JSX.IntrinsicElements' exists.
components/dashboard/activity-feed.tsx(149,5): error TS7026: JSX element implicitly has type 'any' because no interface 'JSX.IntrinsicElements' exists.
components/dashboard/activity-feed.tsx(150,7): error TS7026: JSX element implicitly has type 'any' because no interface 'JSX.IntrinsicElements' exists.
components/dashboard/activity-feed.tsx(151,25): error TS7006: Parameter 'activity' implicitly has an 'any' type.
components/dashboard/activity-feed.tsx(152,25): error TS2322: Type '{ key: any; activity: any; }' is not assignable to type '{ activity: OrganizationActivity; }'.
  Property 'key' does not exist on type '{ activity: OrganizationActivity; }'.
components/dashboard/activity-feed.tsx(154,7): error TS7026: JSX element implicitly has type 'any' because no interface 'JSX.IntrinsicElements' exists.
components/dashboard/activity-feed.tsx(157,9): error TS7026: JSX element implicitly has type 'any' because no interface 'JSX.IntrinsicElements' exists.
components/dashboard/activity-feed.tsx(162,36): error TS7006: Parameter 'p' implicitly has an 'any' type.
components/dashboard/activity-feed.tsx(174,9): error TS7026: JSX element implicitly has type 'any' because no interface 'JSX.IntrinsicElements' exists.
components/dashboard/activity-feed.tsx(176,5): error TS7026: JSX element implicitly has type 'any' because no interface 'JSX.IntrinsicElements' exists.
components/dashboard/activity-feed.tsx(190,7): error TS7026: JSX element implicitly has type 'any' because no interface 'JSX.IntrinsicElements' exists.
components/dashboard/activity-feed.tsx(192,11): error TS7026: JSX element implicitly has type 'any' because no interface 'JSX.IntrinsicElements' exists.
components/dashboard/activity-feed.tsx(193,13): error TS7026: JSX element implicitly has type 'any' because no interface 'JSX.IntrinsicElements' exists.
components/dashboard/activity-feed.tsx(194,13): error TS7026: JSX element implicitly has type 'any' because no interface 'JSX.IntrinsicElements' exists.
components/dashboard/activity-feed.tsx(195,15): error TS7026: JSX element implicitly has type 'any' because no interface 'JSX.IntrinsicElements' exists.
components/dashboard/activity-feed.tsx(196,15): error TS7026: JSX element implicitly has type 'any' because no interface 'JSX.IntrinsicElements' exists.
components/dashboard/activity-feed.tsx(197,13): error TS7026: JSX element implicitly has type 'any' because no interface 'JSX.IntrinsicElements' exists.
components/dashboard/activity-feed.tsx(198,11): error TS7026: JSX element implicitly has type 'any' because no interface 'JSX.IntrinsicElements' exists.
components/dashboard/activity-feed.tsx(200,7): error TS7026: JSX element implicitly has type 'any' because no interface 'JSX.IntrinsicElements' exists.
components/dashboard/activity-feed.tsx(206,7): error TS7026: JSX element implicitly has type 'any' because no interface 'JSX.IntrinsicElements' exists.
components/dashboard/activity-feed.tsx(208,7): error TS7026: JSX element implicitly has type 'any' because no interface 'JSX.IntrinsicElements' exists.
components/dashboard/activity-feed.tsx(213,5): error TS7026: JSX element implicitly has type 'any' because no interface 'JSX.IntrinsicElements' exists.
components/dashboard/activity-feed.tsx(214,23): error TS7006: Parameter 'activity' implicitly has an 'any' type.
components/dashboard/activity-feed.tsx(215,24): error TS7053: Element implicitly has an 'any' type because expression of type 'any' can't be used to index type 'Record<OrganizationActivityType, { icon: React.ElementType; color: string; bgColor: string; }>'.
components/dashboard/activity-feed.tsx(219,11): error TS7026: JSX element implicitly has type 'any' because no interface 'JSX.IntrinsicElements' exists.
components/dashboard/activity-feed.tsx(220,13): error TS7026: JSX element implicitly has type 'any' because no interface 'JSX.IntrinsicElements' exists.
components/dashboard/activity-feed.tsx(225,13): error TS7026: JSX element implicitly has type 'any' because no interface 'JSX.IntrinsicElements' exists.
components/dashboard/activity-feed.tsx(226,13): error TS7026: JSX element implicitly has type 'any' because no interface 'JSX.IntrinsicElements' exists.
components/dashboard/activity-feed.tsx(227,15): error TS7026: JSX element implicitly has type 'any' because no interface 'JSX.IntrinsicElements' exists.
components/dashboard/activity-feed.tsx(229,15): error TS7026: JSX element implicitly has type 'any' because no interface 'JSX.IntrinsicElements' exists.
components/dashboard/activity-feed.tsx(230,15): error TS7026: JSX element implicitly has type 'any' because no interface 'JSX.IntrinsicElements' exists.
components/dashboard/activity-feed.tsx(232,15): error TS7026: JSX element implicitly has type 'any' because no interface 'JSX.IntrinsicElements' exists.
components/dashboard/activity-feed.tsx(233,13): error TS7026: JSX element implicitly has type 'any' because no interface 'JSX.IntrinsicElements' exists.
components/dashboard/activity-feed.tsx(234,11): error TS7026: JSX element implicitly has type 'any' because no interface 'JSX.IntrinsicElements' exists.
components/dashboard/activity-feed.tsx(237,5): error TS7026: JSX element implicitly has type 'any' because no interface 'JSX.IntrinsicElements' exists.
components/dashboard/campaign-card.tsx(3,24): error TS2307: Cannot find module 'react' or its corresponding type declarations.
components/dashboard/campaign-card.tsx(4,19): error TS2307: Cannot find module 'next/image' or its corresponding type declarations.
components/dashboard/campaign-card.tsx(21,8): error TS2307: Cannot find module '@phosphor-icons/react' or its corresponding type declarations.
components/dashboard/campaign-card.tsx(127,5): error TS7026: JSX element implicitly has type 'any' because no interface 'JSX.IntrinsicElements' exists.
components/dashboard/campaign-card.tsx(127,5): error TS2875: This JSX tag requires the module path 'react/jsx-runtime' to exist, but none could be found. Make sure you have types for the appropriate package installed.
components/dashboard/campaign-card.tsx(129,7): error TS7026: JSX element implicitly has type 'any' because no interface 'JSX.IntrinsicElements' exists.
components/dashboard/campaign-card.tsx(130,9): error TS7026: JSX element implicitly has type 'any' because no interface 'JSX.IntrinsicElements' exists.
components/dashboard/campaign-card.tsx(132,11): error TS7026: JSX element implicitly has type 'any' because no interface 'JSX.IntrinsicElements' exists.
components/dashboard/campaign-card.tsx(134,15): error TS7026: JSX element implicitly has type 'any' because no interface 'JSX.IntrinsicElements' exists.
components/dashboard/campaign-card.tsx(142,15): error TS7026: JSX element implicitly has type 'any' because no interface 'JSX.IntrinsicElements' exists.
components/dashboard/campaign-card.tsx(144,15): error TS7026: JSX element implicitly has type 'any' because no interface 'JSX.IntrinsicElements' exists.
components/dashboard/campaign-card.tsx(146,15): error TS7026: JSX element implicitly has type 'any' because no interface 'JSX.IntrinsicElements' exists.
components/dashboard/campaign-card.tsx(148,11): error TS7026: JSX element implicitly has type 'any' because no interface 'JSX.IntrinsicElements' exists.
components/dashboard/campaign-card.tsx(151,11): error TS7026: JSX element implicitly has type 'any' because no interface 'JSX.IntrinsicElements' exists.
components/dashboard/campaign-card.tsx(152,13): error TS7026: JSX element implicitly has type 'any' because no interface 'JSX.IntrinsicElements' exists.
components/dashboard/campaign-card.tsx(153,15): error TS7026: JSX element implicitly has type 'any' because no interface 'JSX.IntrinsicElements' exists.
components/dashboard/campaign-card.tsx(154,17): error TS7026: JSX element implicitly has type 'any' because no interface 'JSX.IntrinsicElements' exists.
components/dashboard/campaign-card.tsx(156,17): error TS7026: JSX element implicitly has type 'any' because no interface 'JSX.IntrinsicElements' exists.
components/dashboard/campaign-card.tsx(157,17): error TS7026: JSX element implicitly has type 'any' because no interface 'JSX.IntrinsicElements' exists.
components/dashboard/campaign-card.tsx(165,19): error TS7026: JSX element implicitly has type 'any' because no interface 'JSX.IntrinsicElements' exists.
components/dashboard/campaign-card.tsx(167,19): error TS7026: JSX element implicitly has type 'any' because no interface 'JSX.IntrinsicElements' exists.
components/dashboard/campaign-card.tsx(168,17): error TS7026: JSX element implicitly has type 'any' because no interface 'JSX.IntrinsicElements' exists.
components/dashboard/campaign-card.tsx(169,15): error TS7026: JSX element implicitly has type 'any' because no interface 'JSX.IntrinsicElements' exists.
components/dashboard/campaign-card.tsx(174,21): error TS7026: JSX element implicitly has type 'any' because no interface 'JSX.IntrinsicElements' exists.
components/dashboard/campaign-card.tsx(176,21): error TS7026: JSX element implicitly has type 'any' because no interface 'JSX.IntrinsicElements' exists.
components/dashboard/campaign-card.tsx(194,13): error TS7026: JSX element implicitly has type 'any' because no interface 'JSX.IntrinsicElements' exists.
components/dashboard/campaign-card.tsx(195,11): error TS7026: JSX element implicitly has type 'any' because no interface 'JSX.IntrinsicElements' exists.
components/dashboard/campaign-card.tsx(196,9): error TS7026: JSX element implicitly has type 'any' because no interface 'JSX.IntrinsicElements' exists.
components/dashboard/campaign-card.tsx(197,7): error TS7026: JSX element implicitly has type 'any' because no interface 'JSX.IntrinsicElements' exists.
components/dashboard/campaign-card.tsx(201,9): error TS7026: JSX element implicitly has type 'any' because no interface 'JSX.IntrinsicElements' exists.
components/dashboard/campaign-card.tsx(202,11): error TS7026: JSX element implicitly has type 'any' because no interface 'JSX.IntrinsicElements' exists.
components/dashboard/campaign-card.tsx(203,13): error TS7026: JSX element implicitly has type 'any' because no interface 'JSX.IntrinsicElements' exists.
components/dashboard/campaign-card.tsx(204,15): error TS7026: JSX element implicitly has type 'any' because no interface 'JSX.IntrinsicElements' exists.
components/dashboard/campaign-card.tsx(206,15): error TS7026: JSX element implicitly has type 'any' because no interface 'JSX.IntrinsicElements' exists.
components/dashboard/campaign-card.tsx(207,15): error TS7026: JSX element implicitly has type 'any' because no interface 'JSX.IntrinsicElements' exists.
components/dashboard/campaign-card.tsx(207,97): error TS7026: JSX element implicitly has type 'any' because no interface 'JSX.IntrinsicElements' exists.
components/dashboard/campaign-card.tsx(208,13): error TS7026: JSX element implicitly has type 'any' because no interface 'JSX.IntrinsicElements' exists.
components/dashboard/campaign-card.tsx(209,13): error TS7026: JSX element implicitly has type 'any' because no interface 'JSX.IntrinsicElements' exists.
components/dashboard/campaign-card.tsx(210,15): error TS7026: JSX element implicitly has type 'any' because no interface 'JSX.IntrinsicElements' exists.
components/dashboard/campaign-card.tsx(212,15): error TS7026: JSX element implicitly has type 'any' because no interface 'JSX.IntrinsicElements' exists.
components/dashboard/campaign-card.tsx(213,15): error TS7026: JSX element implicitly has type 'any' because no interface 'JSX.IntrinsicElements' exists.
components/dashboard/campaign-card.tsx(213,96): error TS7026: JSX element implicitly has type 'any' because no interface 'JSX.IntrinsicElements' exists.
components/dashboard/campaign-card.tsx(214,13): error TS7026: JSX element implicitly has type 'any' because no interface 'JSX.IntrinsicElements' exists.
components/dashboard/campaign-card.tsx(215,13): error TS7026: JSX element implicitly has type 'any' because no interface 'JSX.IntrinsicElements' exists.
components/dashboard/campaign-card.tsx(216,15): error TS7026: JSX element implicitly has type 'any' because no interface 'JSX.IntrinsicElements' exists.
components/dashboard/campaign-card.tsx(218,15): error TS7026: JSX element implicitly has type 'any' because no interface 'JSX.IntrinsicElements' exists.
components/dashboard/campaign-card.tsx(219,15): error TS7026: JSX element implicitly has type 'any' because no interface 'JSX.IntrinsicElements' exists.
components/dashboard/campaign-card.tsx(219,97): error TS7026: JSX element implicitly has type 'any' because no interface 'JSX.IntrinsicElements' exists.
components/dashboard/campaign-card.tsx(220,13): error TS7026: JSX element implicitly has type 'any' because no interface 'JSX.IntrinsicElements' exists.
components/dashboard/campaign-card.tsx(221,11): error TS7026: JSX element implicitly has type 'any' because no interface 'JSX.IntrinsicElements' exists.
components/dashboard/campaign-card.tsx(225,13): error TS7026: JSX element implicitly has type 'any' because no interface 'JSX.IntrinsicElements' exists.
components/dashboard/campaign-card.tsx(226,15): error TS7026: JSX element implicitly has type 'any' because no interface 'JSX.IntrinsicElements' exists.
components/dashboard/campaign-card.tsx(227,17): error TS7026: JSX element implicitly has type 'any' because no interface 'JSX.IntrinsicElements' exists.
components/dashboard/campaign-card.tsx(227,79): error TS7026: JSX element implicitly has type 'any' because no interface 'JSX.IntrinsicElements' exists.
components/dashboard/campaign-card.tsx(228,17): error TS7026: JSX element implicitly has type 'any' because no interface 'JSX.IntrinsicElements' exists.
components/dashboard/campaign-card.tsx(228,128): error TS7026: JSX element implicitly has type 'any' because no interface 'JSX.IntrinsicElements' exists.
components/dashboard/campaign-card.tsx(229,15): error TS7026: JSX element implicitly has type 'any' because no interface 'JSX.IntrinsicElements' exists.
components/dashboard/campaign-card.tsx(231,13): error TS7026: JSX element implicitly has type 'any' because no interface 'JSX.IntrinsicElements' exists.
components/dashboard/campaign-card.tsx(233,9): error TS7026: JSX element implicitly has type 'any' because no interface 'JSX.IntrinsicElements' exists.
components/dashboard/campaign-card.tsx(238,9): error TS7026: JSX element implicitly has type 'any' because no interface 'JSX.IntrinsicElements' exists.
components/dashboard/campaign-card.tsx(239,11): error TS7026: JSX element implicitly has type 'any' because no interface 'JSX.IntrinsicElements' exists.
components/dashboard/campaign-card.tsx(240,13): error TS7026: JSX element implicitly has type 'any' because no interface 'JSX.IntrinsicElements' exists.
components/dashboard/campaign-card.tsx(242,15): error TS7026: JSX element implicitly has type 'any' because no interface 'JSX.IntrinsicElements' exists.
components/dashboard/campaign-card.tsx(243,17): error TS7026: JSX element implicitly has type 'any' because no interface 'JSX.IntrinsicElements' exists.
components/dashboard/campaign-card.tsx(243,93): error TS7026: JSX element implicitly has type 'any' because no interface 'JSX.IntrinsicElements' exists.
components/dashboard/campaign-card.tsx(244,15): error TS7026: JSX element implicitly has type 'any' because no interface 'JSX.IntrinsicElements' exists.
components/dashboard/campaign-card.tsx(245,13): error TS7026: JSX element implicitly has type 'any' because no interface 'JSX.IntrinsicElements' exists.
components/dashboard/campaign-card.tsx(246,11): error TS7026: JSX element implicitly has type 'any' because no interface 'JSX.IntrinsicElements' exists.
components/dashboard/campaign-card.tsx(247,9): error TS7026: JSX element implicitly has type 'any' because no interface 'JSX.IntrinsicElements' exists.
components/dashboard/campaign-card.tsx(251,7): error TS7026: JSX element implicitly has type 'any' because no interface 'JSX.IntrinsicElements' exists.
components/dashboard/campaign-card.tsx(252,9): error TS7026: JSX element implicitly has type 'any' because no interface 'JSX.IntrinsicElements' exists.
components/dashboard/campaign-card.tsx(254,13): error TS7026: JSX element implicitly has type 'any' because no interface 'JSX.IntrinsicElements' exists.
components/dashboard/campaign-card.tsx(254,85): error TS7026: JSX element implicitly has type 'any' because no interface 'JSX.IntrinsicElements' exists.
components/dashboard/campaign-card.tsx(256,13): error TS7026: JSX element implicitly has type 'any' because no interface 'JSX.IntrinsicElements' exists.
components/dashboard/campaign-card.tsx(256,77): error TS7026: JSX element implicitly has type 'any' because no interface 'JSX.IntrinsicElements' exists.
components/dashboard/campaign-card.tsx(258,13): error TS7026: JSX element implicitly has type 'any' because no interface 'JSX.IntrinsicElements' exists.
components/dashboard/campaign-card.tsx(258,82): error TS7026: JSX element implicitly has type 'any' because no interface 'JSX.IntrinsicElements' exists.
components/dashboard/campaign-card.tsx(260,13): error TS7026: JSX element implicitly has type 'any' because no interface 'JSX.IntrinsicElements' exists.
components/dashboard/campaign-card.tsx(260,68): error TS7026: JSX element implicitly has type 'any' because no interface 'JSX.IntrinsicElements' exists.
components/dashboard/campaign-card.tsx(262,13): error TS7026: JSX element implicitly has type 'any' because no interface 'JSX.IntrinsicElements' exists.
components/dashboard/campaign-card.tsx(262,63): error TS7026: JSX element implicitly has type 'any' because no interface 'JSX.IntrinsicElements' exists.
components/dashboard/campaign-card.tsx(264,13): error TS7026: JSX element implicitly has type 'any' because no interface 'JSX.IntrinsicElements' exists.
components/dashboard/campaign-card.tsx(264,51): error TS7026: JSX element implicitly has type 'any' because no interface 'JSX.IntrinsicElements' exists.
components/dashboard/campaign-card.tsx(266,9): error TS7026: JSX element implicitly has type 'any' because no interface 'JSX.IntrinsicElements' exists.
components/dashboard/campaign-card.tsx(268,9): error TS7026: JSX element implicitly has type 'any' because no interface 'JSX.IntrinsicElements' exists.
components/dashboard/campaign-card.tsx(275,9): error TS7026: JSX element implicitly has type 'any' because no interface 'JSX.IntrinsicElements' exists.
components/dashboard/campaign-card.tsx(276,7): error TS7026: JSX element implicitly has type 'any' because no interface 'JSX.IntrinsicElements' exists.
components/dashboard/campaign-card.tsx(277,5): error TS7026: JSX element implicitly has type 'any' because no interface 'JSX.IntrinsicElements' exists.
components/dashboard/campaign-card.tsx(300,5): error TS7026: JSX element implicitly has type 'any' because no interface 'JSX.IntrinsicElements' exists.
components/dashboard/campaign-card.tsx(302,9): error TS7026: JSX element implicitly has type 'any' because no interface 'JSX.IntrinsicElements' exists.
components/dashboard/campaign-card.tsx(310,9): error TS7026: JSX element implicitly has type 'any' because no interface 'JSX.IntrinsicElements' exists.
components/dashboard/campaign-card.tsx(312,9): error TS7026: JSX element implicitly has type 'any' because no interface 'JSX.IntrinsicElements' exists.
components/dashboard/campaign-card.tsx(314,9): error TS7026: JSX element implicitly has type 'any' because no interface 'JSX.IntrinsicElements' exists.
components/dashboard/campaign-card.tsx(317,7): error TS7026: JSX element implicitly has type 'any' because no interface 'JSX.IntrinsicElements' exists.
components/dashboard/campaign-card.tsx(318,9): error TS7026: JSX element implicitly has type 'any' because no interface 'JSX.IntrinsicElements' exists.
components/dashboard/campaign-card.tsx(319,11): error TS7026: JSX element implicitly has type 'any' because no interface 'JSX.IntrinsicElements' exists.
components/dashboard/campaign-card.tsx(321,11): error TS7026: JSX element implicitly has type 'any' because no interface 'JSX.IntrinsicElements' exists.
components/dashboard/campaign-card.tsx(329,9): error TS7026: JSX element implicitly has type 'any' because no interface 'JSX.IntrinsicElements' exists.
components/dashboard/campaign-card.tsx(330,9): error TS7026: JSX element implicitly has type 'any' because no interface 'JSX.IntrinsicElements' exists.
components/dashboard/campaign-card.tsx(332,9): error TS7026: JSX element implicitly has type 'any' because no interface 'JSX.IntrinsicElements' exists.
components/dashboard/campaign-card.tsx(333,7): error TS7026: JSX element implicitly has type 'any' because no interface 'JSX.IntrinsicElements' exists.
components/dashboard/campaign-card.tsx(336,9): error TS7026: JSX element implicitly has type 'any' because no interface 'JSX.IntrinsicElements' exists.
components/dashboard/campaign-card.tsx(342,9): error TS7026: JSX element implicitly has type 'any' because no interface 'JSX.IntrinsicElements' exists.
components/dashboard/campaign-card.tsx(344,5): error TS7026: JSX element implicitly has type 'any' because no interface 'JSX.IntrinsicElements' exists.
components/dashboard/command-menu.tsx(3,24): error TS2307: Cannot find module 'react' or its corresponding type declarations.
components/dashboard/command-menu.tsx(4,27): error TS2307: Cannot find module 'next/navigation' or its corresponding type declarations.
components/dashboard/command-menu.tsx(18,8): error TS2307: Cannot find module '@phosphor-icons/react' or its corresponding type declarations.
components/dashboard/command-menu.tsx(52,5): error TS2875: This JSX tag requires the module path 'react/jsx-runtime' to exist, but none could be found. Make sure you have types for the appropriate package installed.
components/dashboard/command-menu.tsx(59,7): error TS7026: JSX element implicitly has type 'any' because no interface 'JSX.IntrinsicElements' exists.
components/dashboard/command-menu.tsx(66,9): error TS7026: JSX element implicitly has type 'any' because no interface 'JSX.IntrinsicElements' exists.
components/dashboard/command-menu.tsx(67,11): error TS7026: JSX element implicitly has type 'any' because no interface 'JSX.IntrinsicElements' exists.
components/dashboard/command-menu.tsx(67,44): error TS7026: JSX element implicitly has type 'any' because no interface 'JSX.IntrinsicElements' exists.
components/dashboard/command-menu.tsx(68,9): error TS7026: JSX element implicitly has type 'any' because no interface 'JSX.IntrinsicElements' exists.
components/dashboard/command-menu.tsx(69,7): error TS7026: JSX element implicitly has type 'any' because no interface 'JSX.IntrinsicElements' exists.
components/dashboard/command-menu.tsx(76,13): error TS7026: JSX element implicitly has type 'any' because no interface 'JSX.IntrinsicElements' exists.
components/dashboard/command-menu.tsx(76,57): error TS7026: JSX element implicitly has type 'any' because no interface 'JSX.IntrinsicElements' exists.
components/dashboard/command-menu.tsx(77,13): error TS7026: JSX element implicitly has type 'any' because no interface 'JSX.IntrinsicElements' exists.
components/dashboard/command-menu.tsx(77,69): error TS7026: JSX element implicitly has type 'any' because no interface 'JSX.IntrinsicElements' exists.
components/dashboard/command-menu.tsx(81,13): error TS7026: JSX element implicitly has type 'any' because no interface 'JSX.IntrinsicElements' exists.
components/dashboard/command-menu.tsx(81,53): error TS7026: JSX element implicitly has type 'any' because no interface 'JSX.IntrinsicElements' exists.
components/dashboard/command-menu.tsx(82,13): error TS7026: JSX element implicitly has type 'any' because no interface 'JSX.IntrinsicElements' exists.
components/dashboard/command-menu.tsx(82,69): error TS7026: JSX element implicitly has type 'any' because no interface 'JSX.IntrinsicElements' exists.
components/dashboard/command-menu.tsx(86,13): error TS7026: JSX element implicitly has type 'any' because no interface 'JSX.IntrinsicElements' exists.
components/dashboard/command-menu.tsx(86,56): error TS7026: JSX element implicitly has type 'any' because no interface 'JSX.IntrinsicElements' exists.
components/dashboard/command-menu.tsx(87,13): error TS7026: JSX element implicitly has type 'any' because no interface 'JSX.IntrinsicElements' exists.
components/dashboard/command-menu.tsx(87,69): error TS7026: JSX element implicitly has type 'any' because no interface 'JSX.IntrinsicElements' exists.
components/dashboard/command-menu.tsx(91,13): error TS7026: JSX element implicitly has type 'any' because no interface 'JSX.IntrinsicElements' exists.
components/dashboard/command-menu.tsx(91,57): error TS7026: JSX element implicitly has type 'any' because no interface 'JSX.IntrinsicElements' exists.
components/dashboard/command-menu.tsx(92,13): error TS7026: JSX element implicitly has type 'any' because no interface 'JSX.IntrinsicElements' exists.
components/dashboard/command-menu.tsx(92,69): error TS7026: JSX element implicitly has type 'any' because no interface 'JSX.IntrinsicElements' exists.
components/dashboard/command-menu.tsx(100,13): error TS7026: JSX element implicitly has type 'any' because no interface 'JSX.IntrinsicElements' exists.
components/dashboard/command-menu.tsx(100,53): error TS7026: JSX element implicitly has type 'any' because no interface 'JSX.IntrinsicElements' exists.
components/dashboard/command-menu.tsx(101,13): error TS7026: JSX element implicitly has type 'any' because no interface 'JSX.IntrinsicElements' exists.
components/dashboard/command-menu.tsx(101,69): error TS7026: JSX element implicitly has type 'any' because no interface 'JSX.IntrinsicElements' exists.
components/dashboard/command-menu.tsx(105,13): error TS7026: JSX element implicitly has type 'any' because no interface 'JSX.IntrinsicElements' exists.
components/dashboard/command-menu.tsx(105,53): error TS7026: JSX element implicitly has type 'any' because no interface 'JSX.IntrinsicElements' exists.
components/dashboard/command-menu.tsx(106,13): error TS7026: JSX element implicitly has type 'any' because no interface 'JSX.IntrinsicElements' exists.
components/dashboard/command-menu.tsx(106,69): error TS7026: JSX element implicitly has type 'any' because no interface 'JSX.IntrinsicElements' exists.
components/dashboard/command-menu.tsx(110,13): error TS7026: JSX element implicitly has type 'any' because no interface 'JSX.IntrinsicElements' exists.
components/dashboard/command-menu.tsx(110,55): error TS7026: JSX element implicitly has type 'any' because no interface 'JSX.IntrinsicElements' exists.
components/dashboard/command-menu.tsx(111,13): error TS7026: JSX element implicitly has type 'any' because no interface 'JSX.IntrinsicElements' exists.
components/dashboard/command-menu.tsx(111,69): error TS7026: JSX element implicitly has type 'any' because no interface 'JSX.IntrinsicElements' exists.
components/dashboard/command-menu.tsx(115,13): error TS7026: JSX element implicitly has type 'any' because no interface 'JSX.IntrinsicElements' exists.
components/dashboard/command-menu.tsx(115,52): error TS7026: JSX element implicitly has type 'any' because no interface 'JSX.IntrinsicElements' exists.
components/dashboard/command-menu.tsx(116,13): error TS7026: JSX element implicitly has type 'any' because no interface 'JSX.IntrinsicElements' exists.
components/dashboard/command-menu.tsx(116,69): error TS7026: JSX element implicitly has type 'any' because no interface 'JSX.IntrinsicElements' exists.
components/dashboard/command-menu.tsx(120,13): error TS7026: JSX element implicitly has type 'any' because no interface 'JSX.IntrinsicElements' exists.
components/dashboard/command-menu.tsx(120,50): error TS7026: JSX element implicitly has type 'any' because no interface 'JSX.IntrinsicElements' exists.
components/dashboard/command-menu.tsx(121,13): error TS7026: JSX element implicitly has type 'any' because no interface 'JSX.IntrinsicElements' exists.
components/dashboard/command-menu.tsx(121,69): error TS7026: JSX element implicitly has type 'any' because no interface 'JSX.IntrinsicElements' exists.
components/dashboard/command-menu.tsx(125,13): error TS7026: JSX element implicitly has type 'any' because no interface 'JSX.IntrinsicElements' exists.
components/dashboard/command-menu.tsx(125,52): error TS7026: JSX element implicitly has type 'any' because no interface 'JSX.IntrinsicElements' exists.
components/dashboard/command-menu.tsx(126,13): error TS7026: JSX element implicitly has type 'any' because no interface 'JSX.IntrinsicElements' exists.
components/dashboard/command-menu.tsx(126,69): error TS7026: JSX element implicitly has type 'any' because no interface 'JSX.IntrinsicElements' exists.
components/dashboard/command-menu.tsx(134,13): error TS7026: JSX element implicitly has type 'any' because no interface 'JSX.IntrinsicElements' exists.
components/dashboard/command-menu.tsx(134,58): error TS7026: JSX element implicitly has type 'any' because no interface 'JSX.IntrinsicElements' exists.
components/dashboard/command-menu.tsx(135,13): error TS7026: JSX element implicitly has type 'any' because no interface 'JSX.IntrinsicElements' exists.
components/dashboard/command-menu.tsx(135,76): error TS7026: JSX element implicitly has type 'any' because no interface 'JSX.IntrinsicElements' exists.
components/dashboard/command-menu.tsx(139,13): error TS7026: JSX element implicitly has type 'any' because no interface 'JSX.IntrinsicElements' exists.
components/dashboard/command-menu.tsx(139,62): error TS7026: JSX element implicitly has type 'any' because no interface 'JSX.IntrinsicElements' exists.
components/dashboard/command-menu.tsx(140,13): error TS7026: JSX element implicitly has type 'any' because no interface 'JSX.IntrinsicElements' exists.
components/dashboard/command-menu.tsx(140,78): error TS7026: JSX element implicitly has type 'any' because no interface 'JSX.IntrinsicElements' exists.
components/dashboard/command-menu.tsx(144,13): error TS7026: JSX element implicitly has type 'any' because no interface 'JSX.IntrinsicElements' exists.
components/dashboard/command-menu.tsx(144,58): error TS7026: JSX element implicitly has type 'any' because no interface 'JSX.IntrinsicElements' exists.
components/dashboard/command-menu.tsx(145,13): error TS7026: JSX element implicitly has type 'any' because no interface 'JSX.IntrinsicElements' exists.
components/dashboard/command-menu.tsx(145,75): error TS7026: JSX element implicitly has type 'any' because no interface 'JSX.IntrinsicElements' exists.
components/dashboard/command-menu.tsx(151,9): error TS7026: JSX element implicitly has type 'any' because no interface 'JSX.IntrinsicElements' exists.
components/dashboard/command-menu.tsx(152,11): error TS7026: JSX element implicitly has type 'any' because no interface 'JSX.IntrinsicElements' exists.
components/dashboard/command-menu.tsx(155,13): error TS7026: JSX element implicitly has type 'any' because no interface 'JSX.IntrinsicElements' exists.
components/dashboard/command-menu.tsx(155,27): error TS7026: JSX element implicitly has type 'any' because no interface 'JSX.IntrinsicElements' exists.
components/dashboard/command-menu.tsx(156,11): error TS7026: JSX element implicitly has type 'any' because no interface 'JSX.IntrinsicElements' exists.
components/dashboard/command-menu.tsx(157,11): error TS7026: JSX element implicitly has type 'any' because no interface 'JSX.IntrinsicElements' exists.
components/dashboard/command-menu.tsx(159,13): error TS7026: JSX element implicitly has type 'any' because no interface 'JSX.IntrinsicElements' exists.
components/dashboard/command-menu.tsx(159,25): error TS7026: JSX element implicitly has type 'any' because no interface 'JSX.IntrinsicElements' exists.
components/dashboard/command-menu.tsx(160,11): error TS7026: JSX element implicitly has type 'any' because no interface 'JSX.IntrinsicElements' exists.
components/dashboard/command-menu.tsx(161,11): error TS7026: JSX element implicitly has type 'any' because no interface 'JSX.IntrinsicElements' exists.
components/dashboard/command-menu.tsx(163,13): error TS7026: JSX element implicitly has type 'any' because no interface 'JSX.IntrinsicElements' exists.
components/dashboard/command-menu.tsx(163,24): error TS7026: JSX element implicitly has type 'any' because no interface 'JSX.IntrinsicElements' exists.
components/dashboard/command-menu.tsx(164,11): error TS7026: JSX element implicitly has type 'any' because no interface 'JSX.IntrinsicElements' exists.
components/dashboard/command-menu.tsx(165,9): error TS7026: JSX element implicitly has type 'any' because no interface 'JSX.IntrinsicElements' exists.
components/dashboard/dashboard-shell.tsx(3,24): error TS2307: Cannot find module 'react' or its corresponding type declarations.
components/dashboard/dashboard-shell.tsx(4,40): error TS2307: Cannot find module 'next/navigation' or its corresponding type declarations.
components/dashboard/dashboard-shell.tsx(5,32): error TS2307: Cannot find module '@tanstack/react-query' or its corresponding type declarations.
components/dashboard/dashboard-shell.tsx(16,10): error TS2724: '"@/hooks/use-notifications"' has no exported member named 'useNotifications'. Did you mean 'Notification'?
components/dashboard/dashboard-shell.tsx(16,28): error TS2305: Module '"@/hooks/use-notifications"' has no exported member 'useUnreadNotificationCount'.
components/dashboard/dashboard-shell.tsx(16,56): error TS2305: Module '"@/hooks/use-notifications"' has no exported member 'useMarkAllNotificationsRead'.
components/dashboard/dashboard-shell.tsx(16,85): error TS2305: Module '"@/hooks/use-notifications"' has no exported member 'useMarkNotificationRead'.
components/dashboard/dashboard-shell.tsx(17,30): error TS2307: Cannot find module '@/hooks/use-dashboard' or its corresponding type declarations.
components/dashboard/dashboard-shell.tsx(18,26): error TS2307: Cannot find module 'next-themes' or its corresponding type declarations.
components/dashboard/dashboard-shell.tsx(27,5): error TS2875: This JSX tag requires the module path 'react/jsx-runtime' to exist, but none could be found. Make sure you have types for the appropriate package installed.
components/dashboard/dashboard-shell.tsx(122,7): error TS7026: JSX element implicitly has type 'any' because no interface 'JSX.IntrinsicElements' exists.
components/dashboard/dashboard-shell.tsx(124,9): error TS7026: JSX element implicitly has type 'any' because no interface 'JSX.IntrinsicElements' exists.
components/dashboard/dashboard-shell.tsx(126,11): error TS7026: JSX element implicitly has type 'any' because no interface 'JSX.IntrinsicElements' exists.
components/dashboard/dashboard-shell.tsx(128,11): error TS7026: JSX element implicitly has type 'any' because no interface 'JSX.IntrinsicElements' exists.
components/dashboard/dashboard-shell.tsx(130,13): error TS7026: JSX element implicitly has type 'any' because no interface 'JSX.IntrinsicElements' exists.
components/dashboard/dashboard-shell.tsx(132,13): error TS7026: JSX element implicitly has type 'any' because no interface 'JSX.IntrinsicElements' exists.
components/dashboard/dashboard-shell.tsx(133,15): error TS7026: JSX element implicitly has type 'any' because no interface 'JSX.IntrinsicElements' exists.
components/dashboard/dashboard-shell.tsx(135,15): error TS7026: JSX element implicitly has type 'any' because no interface 'JSX.IntrinsicElements' exists.
components/dashboard/dashboard-shell.tsx(136,13): error TS7026: JSX element implicitly has type 'any' because no interface 'JSX.IntrinsicElements' exists.
components/dashboard/dashboard-shell.tsx(137,11): error TS7026: JSX element implicitly has type 'any' because no interface 'JSX.IntrinsicElements' exists.
components/dashboard/dashboard-shell.tsx(138,9): error TS7026: JSX element implicitly has type 'any' because no interface 'JSX.IntrinsicElements' exists.
components/dashboard/dashboard-shell.tsx(141,9): error TS7026: JSX element implicitly has type 'any' because no interface 'JSX.IntrinsicElements' exists.
components/dashboard/dashboard-shell.tsx(143,11): error TS7026: JSX element implicitly has type 'any' because no interface 'JSX.IntrinsicElements' exists.
components/dashboard/dashboard-shell.tsx(144,13): error TS7026: JSX element implicitly has type 'any' because no interface 'JSX.IntrinsicElements' exists.
components/dashboard/dashboard-shell.tsx(145,11): error TS7026: JSX element implicitly has type 'any' because no interface 'JSX.IntrinsicElements' exists.
components/dashboard/dashboard-shell.tsx(147,11): error TS7026: JSX element implicitly has type 'any' because no interface 'JSX.IntrinsicElements' exists.
components/dashboard/dashboard-shell.tsx(148,13): error TS7026: JSX element implicitly has type 'any' because no interface 'JSX.IntrinsicElements' exists.
components/dashboard/dashboard-shell.tsx(149,15): error TS7026: JSX element implicitly has type 'any' because no interface 'JSX.IntrinsicElements' exists.
components/dashboard/dashboard-shell.tsx(150,17): error TS7026: JSX element implicitly has type 'any' because no interface 'JSX.IntrinsicElements' exists.
components/dashboard/dashboard-shell.tsx(155,17): error TS7026: JSX element implicitly has type 'any' because no interface 'JSX.IntrinsicElements' exists.
components/dashboard/dashboard-shell.tsx(156,15): error TS7026: JSX element implicitly has type 'any' because no interface 'JSX.IntrinsicElements' exists.
components/dashboard/dashboard-shell.tsx(157,13): error TS7026: JSX element implicitly has type 'any' because no interface 'JSX.IntrinsicElements' exists.
components/dashboard/dashboard-shell.tsx(158,11): error TS7026: JSX element implicitly has type 'any' because no interface 'JSX.IntrinsicElements' exists.
components/dashboard/dashboard-shell.tsx(159,9): error TS7026: JSX element implicitly has type 'any' because no interface 'JSX.IntrinsicElements' exists.
components/dashboard/dashboard-shell.tsx(160,7): error TS7026: JSX element implicitly has type 'any' because no interface 'JSX.IntrinsicElements' exists.
components/dashboard/dashboard-shell.tsx(165,7): error TS7026: JSX element implicitly has type 'any' because no interface 'JSX.IntrinsicElements' exists.
components/dashboard/dashboard-shell.tsx(169,7): error TS7026: JSX element implicitly has type 'any' because no interface 'JSX.IntrinsicElements' exists.
components/dashboard/dashboard-shell.tsx(171,9): error TS7026: JSX element implicitly has type 'any' because no interface 'JSX.IntrinsicElements' exists.
components/dashboard/dashboard-shell.tsx(177,9): error TS7026: JSX element implicitly has type 'any' because no interface 'JSX.IntrinsicElements' exists.
components/dashboard/dashboard-shell.tsx(180,9): error TS7026: JSX element implicitly has type 'any' because no interface 'JSX.IntrinsicElements' exists.
components/dashboard/dashboard-shell.tsx(182,11): error TS7026: JSX element implicitly has type 'any' because no interface 'JSX.IntrinsicElements' exists.
components/dashboard/dashboard-shell.tsx(194,15): error TS7026: JSX element implicitly has type 'any' because no interface 'JSX.IntrinsicElements' exists.
components/dashboard/dashboard-shell.tsx(203,25): error TS7026: JSX element implicitly has type 'any' because no interface 'JSX.IntrinsicElements' exists.
components/dashboard/dashboard-shell.tsx(203,86): error TS7026: JSX element implicitly has type 'any' because no interface 'JSX.IntrinsicElements' exists.
components/dashboard/dashboard-shell.tsx(206,25): error TS7026: JSX element implicitly has type 'any' because no interface 'JSX.IntrinsicElements' exists.
components/dashboard/dashboard-shell.tsx(211,25): error TS7026: JSX element implicitly has type 'any' because no interface 'JSX.IntrinsicElements' exists.
components/dashboard/dashboard-shell.tsx(213,25): error TS7026: JSX element implicitly has type 'any' because no interface 'JSX.IntrinsicElements' exists.
components/dashboard/dashboard-shell.tsx(220,25): error TS7026: JSX element implicitly has type 'any' because no interface 'JSX.IntrinsicElements' exists.
components/dashboard/dashboard-shell.tsx(225,15): error TS7026: JSX element implicitly has type 'any' because no interface 'JSX.IntrinsicElements' exists.
components/dashboard/dashboard-shell.tsx(227,13): error TS7026: JSX element implicitly has type 'any' because no interface 'JSX.IntrinsicElements' exists.
components/dashboard/dashboard-shell.tsx(228,15): error TS7026: JSX element implicitly has type 'any' because no interface 'JSX.IntrinsicElements' exists.
components/dashboard/dashboard-shell.tsx(230,15): error TS7026: JSX element implicitly has type 'any' because no interface 'JSX.IntrinsicElements' exists.
components/dashboard/dashboard-shell.tsx(231,13): error TS7026: JSX element implicitly has type 'any' because no interface 'JSX.IntrinsicElements' exists.
components/dashboard/dashboard-shell.tsx(232,11): error TS7026: JSX element implicitly has type 'any' because no interface 'JSX.IntrinsicElements' exists.
components/dashboard/dashboard-shell.tsx(233,9): error TS7026: JSX element implicitly has type 'any' because no interface 'JSX.IntrinsicElements' exists.
components/dashboard/dashboard-shell.tsx(234,7): error TS7026: JSX element implicitly has type 'any' because no interface 'JSX.IntrinsicElements' exists.
components/dashboard/dashboard-shell.tsx(240,7): error TS7026: JSX element implicitly has type 'any' because no interface 'JSX.IntrinsicElements' exists.
components/dashboard/dashboard-shell.tsx(242,9): error TS7026: JSX element implicitly has type 'any' because no interface 'JSX.IntrinsicElements' exists.
components/dashboard/dashboard-shell.tsx(251,9): error TS7026: JSX element implicitly has type 'any' because no interface 'JSX.IntrinsicElements' exists.
components/dashboard/dashboard-shell.tsx(254,9): error TS7026: JSX element implicitly has type 'any' because no interface 'JSX.IntrinsicElements' exists.
components/dashboard/dashboard-shell.tsx(256,11): error TS7026: JSX element implicitly has type 'any' because no interface 'JSX.IntrinsicElements' exists.
components/dashboard/dashboard-shell.tsx(268,11): error TS7026: JSX element implicitly has type 'any' because no interface 'JSX.IntrinsicElements' exists.
components/dashboard/dashboard-shell.tsx(271,11): error TS7026: JSX element implicitly has type 'any' because no interface 'JSX.IntrinsicElements' exists.
components/dashboard/dashboard-shell.tsx(283,13): error TS7026: JSX element implicitly has type 'any' because no interface 'JSX.IntrinsicElements' exists.
components/dashboard/dashboard-shell.tsx(284,15): error TS7026: JSX element implicitly has type 'any' because no interface 'JSX.IntrinsicElements' exists.
components/dashboard/dashboard-shell.tsx(289,15): error TS7026: JSX element implicitly has type 'any' because no interface 'JSX.IntrinsicElements' exists.
components/dashboard/dashboard-shell.tsx(290,13): error TS7026: JSX element implicitly has type 'any' because no interface 'JSX.IntrinsicElements' exists.
components/dashboard/dashboard-shell.tsx(291,11): error TS7026: JSX element implicitly has type 'any' because no interface 'JSX.IntrinsicElements' exists.
components/dashboard/dashboard-shell.tsx(295,13): error TS7026: JSX element implicitly has type 'any' because no interface 'JSX.IntrinsicElements' exists.
components/dashboard/dashboard-shell.tsx(302,9): error TS7026: JSX element implicitly has type 'any' because no interface 'JSX.IntrinsicElements' exists.
components/dashboard/dashboard-shell.tsx(303,7): error TS7026: JSX element implicitly has type 'any' because no interface 'JSX.IntrinsicElements' exists.
components/dashboard/dashboard-shell.tsx(313,53): error TS7006: Parameter 'n' implicitly has an 'any' type.
components/dashboard/dashboard-shell.tsx(344,5): error TS7026: JSX element implicitly has type 'any' because no interface 'JSX.IntrinsicElements' exists.
components/dashboard/empty-states.tsx(3,24): error TS2307: Cannot find module 'react' or its corresponding type declarations.
components/dashboard/empty-states.tsx(4,18): error TS2307: Cannot find module 'next/link' or its corresponding type declarations.
components/dashboard/empty-states.tsx(22,8): error TS2307: Cannot find module '@phosphor-icons/react' or its corresponding type declarations.
components/dashboard/empty-states.tsx(30,5): error TS2875: This JSX tag requires the module path 'react/jsx-runtime' to exist, but none could be found. Make sure you have types for the appropriate package installed.
components/dashboard/empty-states.tsx(41,9): error TS7026: JSX element implicitly has type 'any' because no interface 'JSX.IntrinsicElements' exists.
components/dashboard/empty-states.tsx(42,11): error TS7026: JSX element implicitly has type 'any' because no interface 'JSX.IntrinsicElements' exists.
components/dashboard/empty-states.tsx(43,13): error TS7026: JSX element implicitly has type 'any' because no interface 'JSX.IntrinsicElements' exists.
components/dashboard/empty-states.tsx(43,113): error TS7026: JSX element implicitly has type 'any' because no interface 'JSX.IntrinsicElements' exists.
components/dashboard/empty-states.tsx(44,13): error TS7026: JSX element implicitly has type 'any' because no interface 'JSX.IntrinsicElements' exists.
components/dashboard/empty-states.tsx(44,35): error TS7026: JSX element implicitly has type 'any' because no interface 'JSX.IntrinsicElements' exists.
components/dashboard/empty-states.tsx(45,11): error TS7026: JSX element implicitly has type 'any' because no interface 'JSX.IntrinsicElements' exists.
components/dashboard/empty-states.tsx(46,11): error TS7026: JSX element implicitly has type 'any' because no interface 'JSX.IntrinsicElements' exists.
components/dashboard/empty-states.tsx(47,13): error TS7026: JSX element implicitly has type 'any' because no interface 'JSX.IntrinsicElements' exists.
components/dashboard/empty-states.tsx(47,113): error TS7026: JSX element implicitly has type 'any' because no interface 'JSX.IntrinsicElements' exists.
components/dashboard/empty-states.tsx(48,13): error TS7026: JSX element implicitly has type 'any' because no interface 'JSX.IntrinsicElements' exists.
components/dashboard/empty-states.tsx(48,36): error TS7026: JSX element implicitly has type 'any' because no interface 'JSX.IntrinsicElements' exists.
components/dashboard/empty-states.tsx(49,11): error TS7026: JSX element implicitly has type 'any' because no interface 'JSX.IntrinsicElements' exists.
components/dashboard/empty-states.tsx(50,11): error TS7026: JSX element implicitly has type 'any' because no interface 'JSX.IntrinsicElements' exists.
components/dashboard/empty-states.tsx(51,13): error TS7026: JSX element implicitly has type 'any' because no interface 'JSX.IntrinsicElements' exists.
components/dashboard/empty-states.tsx(51,113): error TS7026: JSX element implicitly has type 'any' because no interface 'JSX.IntrinsicElements' exists.
components/dashboard/empty-states.tsx(52,13): error TS7026: JSX element implicitly has type 'any' because no interface 'JSX.IntrinsicElements' exists.
components/dashboard/empty-states.tsx(52,45): error TS7026: JSX element implicitly has type 'any' because no interface 'JSX.IntrinsicElements' exists.
components/dashboard/empty-states.tsx(53,11): error TS7026: JSX element implicitly has type 'any' because no interface 'JSX.IntrinsicElements' exists.
components/dashboard/empty-states.tsx(54,9): error TS7026: JSX element implicitly has type 'any' because no interface 'JSX.IntrinsicElements' exists.
components/dashboard/enrollment-card.tsx(8,71): error TS2307: Cannot find module '@phosphor-icons/react' or its corresponding type declarations.
components/dashboard/enrollment-card.tsx(46,5): error TS7026: JSX element implicitly has type 'any' because no interface 'JSX.IntrinsicElements' exists.
components/dashboard/enrollment-card.tsx(46,5): error TS2875: This JSX tag requires the module path 'react/jsx-runtime' to exist, but none could be found. Make sure you have types for the appropriate package installed.
components/dashboard/enrollment-card.tsx(51,7): error TS7026: JSX element implicitly has type 'any' because no interface 'JSX.IntrinsicElements' exists.
components/dashboard/enrollment-card.tsx(54,11): error TS7026: JSX element implicitly has type 'any' because no interface 'JSX.IntrinsicElements' exists.
components/dashboard/enrollment-card.tsx(59,11): error TS7026: JSX element implicitly has type 'any' because no interface 'JSX.IntrinsicElements' exists.
components/dashboard/enrollment-card.tsx(74,9): error TS7026: JSX element implicitly has type 'any' because no interface 'JSX.IntrinsicElements' exists.
components/dashboard/enrollment-card.tsx(75,11): error TS7026: JSX element implicitly has type 'any' because no interface 'JSX.IntrinsicElements' exists.
components/dashboard/enrollment-card.tsx(76,13): error TS7026: JSX element implicitly has type 'any' because no interface 'JSX.IntrinsicElements' exists.
components/dashboard/enrollment-card.tsx(77,15): error TS7026: JSX element implicitly has type 'any' because no interface 'JSX.IntrinsicElements' exists.
components/dashboard/enrollment-card.tsx(79,15): error TS7026: JSX element implicitly has type 'any' because no interface 'JSX.IntrinsicElements' exists.
components/dashboard/enrollment-card.tsx(83,13): error TS7026: JSX element implicitly has type 'any' because no interface 'JSX.IntrinsicElements' exists.
components/dashboard/enrollment-card.tsx(91,11): error TS7026: JSX element implicitly has type 'any' because no interface 'JSX.IntrinsicElements' exists.
components/dashboard/enrollment-card.tsx(94,11): error TS7026: JSX element implicitly has type 'any' because no interface 'JSX.IntrinsicElements' exists.
components/dashboard/enrollment-card.tsx(95,13): error TS7026: JSX element implicitly has type 'any' because no interface 'JSX.IntrinsicElements' exists.
components/dashboard/enrollment-card.tsx(95,61): error TS7026: JSX element implicitly has type 'any' because no interface 'JSX.IntrinsicElements' exists.
components/dashboard/enrollment-card.tsx(96,13): error TS7026: JSX element implicitly has type 'any' because no interface 'JSX.IntrinsicElements' exists.
components/dashboard/enrollment-card.tsx(96,53): error TS7026: JSX element implicitly has type 'any' because no interface 'JSX.IntrinsicElements' exists.
components/dashboard/enrollment-card.tsx(97,13): error TS7026: JSX element implicitly has type 'any' because no interface 'JSX.IntrinsicElements' exists.
components/dashboard/enrollment-card.tsx(97,58): error TS7026: JSX element implicitly has type 'any' because no interface 'JSX.IntrinsicElements' exists.
components/dashboard/enrollment-card.tsx(98,13): error TS7026: JSX element implicitly has type 'any' because no interface 'JSX.IntrinsicElements' exists.
components/dashboard/enrollment-card.tsx(98,53): error TS7026: JSX element implicitly has type 'any' because no interface 'JSX.IntrinsicElements' exists.
components/dashboard/enrollment-card.tsx(99,13): error TS7026: JSX element implicitly has type 'any' because no interface 'JSX.IntrinsicElements' exists.
components/dashboard/enrollment-card.tsx(99,59): error TS7026: JSX element implicitly has type 'any' because no interface 'JSX.IntrinsicElements' exists.
components/dashboard/enrollment-card.tsx(100,11): error TS7026: JSX element implicitly has type 'any' because no interface 'JSX.IntrinsicElements' exists.
components/dashboard/enrollment-card.tsx(104,13): error TS7026: JSX element implicitly has type 'any' because no interface 'JSX.IntrinsicElements' exists.
components/dashboard/enrollment-card.tsx(106,13): error TS7026: JSX element implicitly has type 'any' because no interface 'JSX.IntrinsicElements' exists.
components/dashboard/enrollment-card.tsx(111,13): error TS7026: JSX element implicitly has type 'any' because no interface 'JSX.IntrinsicElements' exists.
components/dashboard/enrollment-card.tsx(114,13): error TS7026: JSX element implicitly has type 'any' because no interface 'JSX.IntrinsicElements' exists.
components/dashboard/enrollment-card.tsx(116,9): error TS7026: JSX element implicitly has type 'any' because no interface 'JSX.IntrinsicElements' exists.
components/dashboard/enrollment-card.tsx(119,9): error TS7026: JSX element implicitly has type 'any' because no interface 'JSX.IntrinsicElements' exists.
components/dashboard/enrollment-card.tsx(130,9): error TS7026: JSX element implicitly has type 'any' because no interface 'JSX.IntrinsicElements' exists.
components/dashboard/enrollment-card.tsx(131,7): error TS7026: JSX element implicitly has type 'any' because no interface 'JSX.IntrinsicElements' exists.
components/dashboard/enrollment-card.tsx(135,9): error TS7026: JSX element implicitly has type 'any' because no interface 'JSX.IntrinsicElements' exists.
components/dashboard/enrollment-card.tsx(136,11): error TS7026: JSX element implicitly has type 'any' because no interface 'JSX.IntrinsicElements' exists.
components/dashboard/enrollment-card.tsx(137,13): error TS7026: JSX element implicitly has type 'any' because no interface 'JSX.IntrinsicElements' exists.
components/dashboard/enrollment-card.tsx(137,79): error TS7026: JSX element implicitly has type 'any' because no interface 'JSX.IntrinsicElements' exists.
components/dashboard/enrollment-card.tsx(138,13): error TS7026: JSX element implicitly has type 'any' because no interface 'JSX.IntrinsicElements' exists.
components/dashboard/enrollment-card.tsx(140,13): error TS7026: JSX element implicitly has type 'any' because no interface 'JSX.IntrinsicElements' exists.
components/dashboard/enrollment-card.tsx(141,11): error TS7026: JSX element implicitly has type 'any' because no interface 'JSX.IntrinsicElements' exists.
components/dashboard/enrollment-card.tsx(142,9): error TS7026: JSX element implicitly has type 'any' because no interface 'JSX.IntrinsicElements' exists.
components/dashboard/enrollment-card.tsx(144,5): error TS7026: JSX element implicitly has type 'any' because no interface 'JSX.IntrinsicElements' exists.
components/dashboard/enrollment-card.tsx(173,5): error TS7026: JSX element implicitly has type 'any' because no interface 'JSX.IntrinsicElements' exists.
components/dashboard/enrollment-card.tsx(178,9): error TS7026: JSX element implicitly has type 'any' because no interface 'JSX.IntrinsicElements' exists.
components/dashboard/enrollment-card.tsx(183,9): error TS7026: JSX element implicitly has type 'any' because no interface 'JSX.IntrinsicElements' exists.
components/dashboard/enrollment-card.tsx(185,7): error TS7026: JSX element implicitly has type 'any' because no interface 'JSX.IntrinsicElements' exists.
components/dashboard/enrollment-card.tsx(186,9): error TS7026: JSX element implicitly has type 'any' because no interface 'JSX.IntrinsicElements' exists.
components/dashboard/enrollment-card.tsx(196,11): error TS7026: JSX element implicitly has type 'any' because no interface 'JSX.IntrinsicElements' exists.
components/dashboard/enrollment-card.tsx(198,11): error TS7026: JSX element implicitly has type 'any' because no interface 'JSX.IntrinsicElements' exists.
components/dashboard/enrollment-card.tsx(199,9): error TS7026: JSX element implicitly has type 'any' because no interface 'JSX.IntrinsicElements' exists.
components/dashboard/enrollment-card.tsx(200,7): error TS7026: JSX element implicitly has type 'any' because no interface 'JSX.IntrinsicElements' exists.
components/dashboard/enrollment-card.tsx(201,7): error TS7026: JSX element implicitly has type 'any' because no interface 'JSX.IntrinsicElements' exists.
components/dashboard/enrollment-card.tsx(202,9): error TS7026: JSX element implicitly has type 'any' because no interface 'JSX.IntrinsicElements' exists.
components/dashboard/enrollment-card.tsx(204,9): error TS7026: JSX element implicitly has type 'any' because no interface 'JSX.IntrinsicElements' exists.
components/dashboard/enrollment-card.tsx(205,7): error TS7026: JSX element implicitly has type 'any' because no interface 'JSX.IntrinsicElements' exists.
components/dashboard/enrollment-card.tsx(206,7): error TS7026: JSX element implicitly has type 'any' because no interface 'JSX.IntrinsicElements' exists.
components/dashboard/enrollment-card.tsx(207,9): error TS7026: JSX element implicitly has type 'any' because no interface 'JSX.IntrinsicElements' exists.
components/dashboard/enrollment-card.tsx(209,9): error TS7026: JSX element implicitly has type 'any' because no interface 'JSX.IntrinsicElements' exists.
components/dashboard/enrollment-card.tsx(210,7): error TS7026: JSX element implicitly has type 'any' because no interface 'JSX.IntrinsicElements' exists.
components/dashboard/enrollment-card.tsx(211,7): error TS7026: JSX element implicitly has type 'any' because no interface 'JSX.IntrinsicElements' exists.
components/dashboard/enrollment-card.tsx(215,7): error TS7026: JSX element implicitly has type 'any' because no interface 'JSX.IntrinsicElements' exists.
components/dashboard/enrollment-card.tsx(216,7): error TS7026: JSX element implicitly has type 'any' because no interface 'JSX.IntrinsicElements' exists.
components/dashboard/enrollment-card.tsx(226,7): error TS7026: JSX element implicitly has type 'any' because no interface 'JSX.IntrinsicElements' exists.
components/dashboard/enrollment-card.tsx(227,5): error TS7026: JSX element implicitly has type 'any' because no interface 'JSX.IntrinsicElements' exists.
components/dashboard/enrollment-card.tsx(256,5): error TS7026: JSX element implicitly has type 'any' because no interface 'JSX.IntrinsicElements' exists.
components/dashboard/enrollment-card.tsx(257,7): error TS7026: JSX element implicitly has type 'any' because no interface 'JSX.IntrinsicElements' exists.
components/dashboard/enrollment-card.tsx(260,7): error TS7026: JSX element implicitly has type 'any' because no interface 'JSX.IntrinsicElements' exists.
components/dashboard/enrollment-card.tsx(262,7): error TS7026: JSX element implicitly has type 'any' because no interface 'JSX.IntrinsicElements' exists.
components/dashboard/enrollment-card.tsx(263,9): error TS7026: JSX element implicitly has type 'any' because no interface 'JSX.IntrinsicElements' exists.
components/dashboard/enrollment-card.tsx(264,11): error TS7026: JSX element implicitly has type 'any' because no interface 'JSX.IntrinsicElements' exists.
components/dashboard/enrollment-card.tsx(264,75): error TS7026: JSX element implicitly has type 'any' because no interface 'JSX.IntrinsicElements' exists.
components/dashboard/enrollment-card.tsx(265,11): error TS7026: JSX element implicitly has type 'any' because no interface 'JSX.IntrinsicElements' exists.
components/dashboard/enrollment-card.tsx(265,91): error TS7026: JSX element implicitly has type 'any' because no interface 'JSX.IntrinsicElements' exists.
components/dashboard/enrollment-card.tsx(266,9): error TS7026: JSX element implicitly has type 'any' because no interface 'JSX.IntrinsicElements' exists.
components/dashboard/enrollment-card.tsx(267,9): error TS7026: JSX element implicitly has type 'any' because no interface 'JSX.IntrinsicElements' exists.
components/dashboard/enrollment-card.tsx(268,11): error TS7026: JSX element implicitly has type 'any' because no interface 'JSX.IntrinsicElements' exists.
components/dashboard/enrollment-card.tsx(268,79): error TS7026: JSX element implicitly has type 'any' because no interface 'JSX.IntrinsicElements' exists.
components/dashboard/enrollment-card.tsx(269,11): error TS7026: JSX element implicitly has type 'any' because no interface 'JSX.IntrinsicElements' exists.
components/dashboard/enrollment-card.tsx(269,83): error TS7026: JSX element implicitly has type 'any' because no interface 'JSX.IntrinsicElements' exists.
components/dashboard/enrollment-card.tsx(270,9): error TS7026: JSX element implicitly has type 'any' because no interface 'JSX.IntrinsicElements' exists.
components/dashboard/enrollment-card.tsx(271,7): error TS7026: JSX element implicitly has type 'any' because no interface 'JSX.IntrinsicElements' exists.
components/dashboard/enrollment-card.tsx(273,7): error TS7026: JSX element implicitly has type 'any' because no interface 'JSX.IntrinsicElements' exists.
components/dashboard/enrollment-card.tsx(274,9): error TS7026: JSX element implicitly has type 'any' because no interface 'JSX.IntrinsicElements' exists.
components/dashboard/enrollment-card.tsx(275,11): error TS7026: JSX element implicitly has type 'any' because no interface 'JSX.IntrinsicElements' exists.
components/dashboard/enrollment-card.tsx(275,70): error TS7026: JSX element implicitly has type 'any' because no interface 'JSX.IntrinsicElements' exists.
components/dashboard/enrollment-card.tsx(276,11): error TS7026: JSX element implicitly has type 'any' because no interface 'JSX.IntrinsicElements' exists.
components/dashboard/enrollment-card.tsx(276,78): error TS7026: JSX element implicitly has type 'any' because no interface 'JSX.IntrinsicElements' exists.
components/dashboard/enrollment-card.tsx(277,9): error TS7026: JSX element implicitly has type 'any' because no interface 'JSX.IntrinsicElements' exists.
components/dashboard/enrollment-card.tsx(278,9): error TS7026: JSX element implicitly has type 'any' because no interface 'JSX.IntrinsicElements' exists.
components/dashboard/enrollment-card.tsx(279,11): error TS7026: JSX element implicitly has type 'any' because no interface 'JSX.IntrinsicElements' exists.
components/dashboard/enrollment-card.tsx(279,63): error TS7026: JSX element implicitly has type 'any' because no interface 'JSX.IntrinsicElements' exists.
components/dashboard/enrollment-card.tsx(280,11): error TS7026: JSX element implicitly has type 'any' because no interface 'JSX.IntrinsicElements' exists.
components/dashboard/enrollment-card.tsx(280,77): error TS7026: JSX element implicitly has type 'any' because no interface 'JSX.IntrinsicElements' exists.
components/dashboard/enrollment-card.tsx(281,9): error TS7026: JSX element implicitly has type 'any' because no interface 'JSX.IntrinsicElements' exists.
components/dashboard/enrollment-card.tsx(282,9): error TS7026: JSX element implicitly has type 'any' because no interface 'JSX.IntrinsicElements' exists.
components/dashboard/enrollment-card.tsx(283,11): error TS7026: JSX element implicitly has type 'any' because no interface 'JSX.IntrinsicElements' exists.
components/dashboard/enrollment-card.tsx(283,59): error TS7026: JSX element implicitly has type 'any' because no interface 'JSX.IntrinsicElements' exists.
components/dashboard/enrollment-card.tsx(284,11): error TS7026: JSX element implicitly has type 'any' because no interface 'JSX.IntrinsicElements' exists.
components/dashboard/enrollment-card.tsx(284,79): error TS7026: JSX element implicitly has type 'any' because no interface 'JSX.IntrinsicElements' exists.
components/dashboard/enrollment-card.tsx(285,9): error TS7026: JSX element implicitly has type 'any' because no interface 'JSX.IntrinsicElements' exists.
components/dashboard/enrollment-card.tsx(286,9): error TS7026: JSX element implicitly has type 'any' because no interface 'JSX.IntrinsicElements' exists.
components/dashboard/enrollment-card.tsx(287,11): error TS7026: JSX element implicitly has type 'any' because no interface 'JSX.IntrinsicElements' exists.
components/dashboard/enrollment-card.tsx(288,13): error TS7026: JSX element implicitly has type 'any' because no interface 'JSX.IntrinsicElements' exists.
components/dashboard/enrollment-card.tsx(288,57): error TS7026: JSX element implicitly has type 'any' because no interface 'JSX.IntrinsicElements' exists.
components/dashboard/enrollment-card.tsx(289,13): error TS7026: JSX element implicitly has type 'any' because no interface 'JSX.IntrinsicElements' exists.
components/dashboard/enrollment-card.tsx(289,72): error TS7026: JSX element implicitly has type 'any' because no interface 'JSX.IntrinsicElements' exists.
components/dashboard/enrollment-card.tsx(290,11): error TS7026: JSX element implicitly has type 'any' because no interface 'JSX.IntrinsicElements' exists.
components/dashboard/enrollment-card.tsx(291,9): error TS7026: JSX element implicitly has type 'any' because no interface 'JSX.IntrinsicElements' exists.
components/dashboard/enrollment-card.tsx(292,7): error TS7026: JSX element implicitly has type 'any' because no interface 'JSX.IntrinsicElements' exists.
components/dashboard/enrollment-card.tsx(294,7): error TS7026: JSX element implicitly has type 'any' because no interface 'JSX.IntrinsicElements' exists.
components/dashboard/enrollment-card.tsx(297,7): error TS7026: JSX element implicitly has type 'any' because no interface 'JSX.IntrinsicElements' exists.
components/dashboard/enrollment-card.tsx(298,5): error TS7026: JSX element implicitly has type 'any' because no interface 'JSX.IntrinsicElements' exists.
components/dashboard/enrollment-timeline.tsx(3,24): error TS2307: Cannot find module 'react' or its corresponding type declarations.
components/dashboard/enrollment-timeline.tsx(15,8): error TS2307: Cannot find module '@phosphor-icons/react' or its corresponding type declarations.
components/dashboard/enrollment-timeline.tsx(89,5): error TS7026: JSX element implicitly has type 'any' because no interface 'JSX.IntrinsicElements' exists.
components/dashboard/enrollment-timeline.tsx(92,9): error TS7026: JSX element implicitly has type 'any' because no interface 'JSX.IntrinsicElements' exists.
components/dashboard/enrollment-timeline.tsx(96,7): error TS7026: JSX element implicitly has type 'any' because no interface 'JSX.IntrinsicElements' exists.
components/dashboard/enrollment-timeline.tsx(101,7): error TS7026: JSX element implicitly has type 'any' because no interface 'JSX.IntrinsicElements' exists.
components/dashboard/enrollment-timeline.tsx(104,7): error TS7026: JSX element implicitly has type 'any' because no interface 'JSX.IntrinsicElements' exists.
components/dashboard/enrollment-timeline.tsx(105,9): error TS7026: JSX element implicitly has type 'any' because no interface 'JSX.IntrinsicElements' exists.
components/dashboard/enrollment-timeline.tsx(106,11): error TS7026: JSX element implicitly has type 'any' because no interface 'JSX.IntrinsicElements' exists.
components/dashboard/enrollment-timeline.tsx(107,13): error TS7026: JSX element implicitly has type 'any' because no interface 'JSX.IntrinsicElements' exists.
components/dashboard/enrollment-timeline.tsx(109,13): error TS7026: JSX element implicitly has type 'any' because no interface 'JSX.IntrinsicElements' exists.
components/dashboard/enrollment-timeline.tsx(111,15): error TS7026: JSX element implicitly has type 'any' because no interface 'JSX.IntrinsicElements' exists.
components/dashboard/enrollment-timeline.tsx(113,15): error TS7026: JSX element implicitly has type 'any' because no interface 'JSX.IntrinsicElements' exists.
components/dashboard/enrollment-timeline.tsx(115,11): error TS7026: JSX element implicitly has type 'any' because no interface 'JSX.IntrinsicElements' exists.
components/dashboard/enrollment-timeline.tsx(116,11): error TS7026: JSX element implicitly has type 'any' because no interface 'JSX.IntrinsicElements' exists.
components/dashboard/enrollment-timeline.tsx(118,11): error TS7026: JSX element implicitly has type 'any' because no interface 'JSX.IntrinsicElements' exists.
components/dashboard/enrollment-timeline.tsx(119,9): error TS7026: JSX element implicitly has type 'any' because no interface 'JSX.IntrinsicElements' exists.
components/dashboard/enrollment-timeline.tsx(122,9): error TS7026: JSX element implicitly has type 'any' because no interface 'JSX.IntrinsicElements' exists.
components/dashboard/enrollment-timeline.tsx(128,11): error TS7026: JSX element implicitly has type 'any' because no interface 'JSX.IntrinsicElements' exists.
components/dashboard/enrollment-timeline.tsx(130,11): error TS7026: JSX element implicitly has type 'any' because no interface 'JSX.IntrinsicElements' exists.
components/dashboard/enrollment-timeline.tsx(131,9): error TS7026: JSX element implicitly has type 'any' because no interface 'JSX.IntrinsicElements' exists.
components/dashboard/enrollment-timeline.tsx(132,7): error TS7026: JSX element implicitly has type 'any' because no interface 'JSX.IntrinsicElements' exists.
components/dashboard/enrollment-timeline.tsx(133,5): error TS7026: JSX element implicitly has type 'any' because no interface 'JSX.IntrinsicElements' exists.
components/dashboard/enrollment-timeline.tsx(154,7): error TS7026: JSX element implicitly has type 'any' because no interface 'JSX.IntrinsicElements' exists.
components/dashboard/enrollment-timeline.tsx(154,7): error TS2875: This JSX tag requires the module path 'react/jsx-runtime' to exist, but none could be found. Make sure you have types for the appropriate package installed.
components/dashboard/enrollment-timeline.tsx(155,9): error TS7026: JSX element implicitly has type 'any' because no interface 'JSX.IntrinsicElements' exists.
components/dashboard/enrollment-timeline.tsx(155,79): error TS7026: JSX element implicitly has type 'any' because no interface 'JSX.IntrinsicElements' exists.
components/dashboard/enrollment-timeline.tsx(156,9): error TS7026: JSX element implicitly has type 'any' because no interface 'JSX.IntrinsicElements' exists.
components/dashboard/enrollment-timeline.tsx(158,9): error TS7026: JSX element implicitly has type 'any' because no interface 'JSX.IntrinsicElements' exists.
components/dashboard/enrollment-timeline.tsx(159,7): error TS7026: JSX element implicitly has type 'any' because no interface 'JSX.IntrinsicElements' exists.
components/dashboard/enrollment-timeline.tsx(164,5): error TS7026: JSX element implicitly has type 'any' because no interface 'JSX.IntrinsicElements' exists.
components/dashboard/enrollment-timeline.tsx(165,7): error TS7026: JSX element implicitly has type 'any' because no interface 'JSX.IntrinsicElements' exists.
components/dashboard/enrollment-timeline.tsx(165,77): error TS7026: JSX element implicitly has type 'any' because no interface 'JSX.IntrinsicElements' exists.
components/dashboard/enrollment-timeline.tsx(166,7): error TS7026: JSX element implicitly has type 'any' because no interface 'JSX.IntrinsicElements' exists.
components/dashboard/enrollment-timeline.tsx(169,13): error TS2322: Type '{ key: string; item: EnrollmentTransitionHistoryItem; isLast: boolean; }' is not assignable to type '{ item: EnrollmentTransitionHistoryItem; isLast: boolean; }'.
  Property 'key' does not exist on type '{ item: EnrollmentTransitionHistoryItem; isLast: boolean; }'.
components/dashboard/enrollment-timeline.tsx(174,7): error TS7026: JSX element implicitly has type 'any' because no interface 'JSX.IntrinsicElements' exists.
components/dashboard/enrollment-timeline.tsx(178,9): error TS7026: JSX element implicitly has type 'any' because no interface 'JSX.IntrinsicElements' exists.
components/dashboard/enrollment-timeline.tsx(179,11): error TS7026: JSX element implicitly has type 'any' because no interface 'JSX.IntrinsicElements' exists.
components/dashboard/enrollment-timeline.tsx(181,11): error TS7026: JSX element implicitly has type 'any' because no interface 'JSX.IntrinsicElements' exists.
components/dashboard/enrollment-timeline.tsx(182,9): error TS7026: JSX element implicitly has type 'any' because no interface 'JSX.IntrinsicElements' exists.
components/dashboard/enrollment-timeline.tsx(184,5): error TS7026: JSX element implicitly has type 'any' because no interface 'JSX.IntrinsicElements' exists.
components/dashboard/header.tsx(3,24): error TS2307: Cannot find module 'react' or its corresponding type declarations.
components/dashboard/header.tsx(8,26): error TS2307: Cannot find module 'next-themes' or its corresponding type declarations.
components/dashboard/header.tsx(9,37): error TS2307: Cannot find module 'react' or its corresponding type declarations.
components/dashboard/header.tsx(16,8): error TS2307: Cannot find module '@phosphor-icons/react' or its corresponding type declarations.
components/dashboard/header.tsx(59,5): error TS7026: JSX element implicitly has type 'any' because no interface 'JSX.IntrinsicElements' exists.
components/dashboard/header.tsx(59,5): error TS2875: This JSX tag requires the module path 'react/jsx-runtime' to exist, but none could be found. Make sure you have types for the appropriate package installed.
components/dashboard/header.tsx(61,7): error TS7026: JSX element implicitly has type 'any' because no interface 'JSX.IntrinsicElements' exists.
components/dashboard/header.tsx(64,11): error TS7026: JSX element implicitly has type 'any' because no interface 'JSX.IntrinsicElements' exists.
components/dashboard/header.tsx(93,11): error TS7026: JSX element implicitly has type 'any' because no interface 'JSX.IntrinsicElements' exists.
components/dashboard/header.tsx(98,11): error TS7026: JSX element implicitly has type 'any' because no interface 'JSX.IntrinsicElements' exists.
components/dashboard/header.tsx(114,11): error TS7026: JSX element implicitly has type 'any' because no interface 'JSX.IntrinsicElements' exists.
components/dashboard/header.tsx(118,9): error TS7026: JSX element implicitly has type 'any' because no interface 'JSX.IntrinsicElements' exists.
components/dashboard/header.tsx(128,11): error TS7026: JSX element implicitly has type 'any' because no interface 'JSX.IntrinsicElements' exists.
components/dashboard/header.tsx(128,78): error TS7026: JSX element implicitly has type 'any' because no interface 'JSX.IntrinsicElements' exists.
components/dashboard/header.tsx(129,11): error TS7026: JSX element implicitly has type 'any' because no interface 'JSX.IntrinsicElements' exists.
components/dashboard/header.tsx(131,11): error TS7026: JSX element implicitly has type 'any' because no interface 'JSX.IntrinsicElements' exists.
components/dashboard/header.tsx(132,9): error TS7026: JSX element implicitly has type 'any' because no interface 'JSX.IntrinsicElements' exists.
components/dashboard/header.tsx(133,7): error TS7026: JSX element implicitly has type 'any' because no interface 'JSX.IntrinsicElements' exists.
components/dashboard/header.tsx(136,7): error TS7026: JSX element implicitly has type 'any' because no interface 'JSX.IntrinsicElements' exists.
components/dashboard/header.tsx(138,7): error TS7026: JSX element implicitly has type 'any' because no interface 'JSX.IntrinsicElements' exists.
components/dashboard/header.tsx(141,7): error TS7026: JSX element implicitly has type 'any' because no interface 'JSX.IntrinsicElements' exists.
components/dashboard/header.tsx(143,10): error TS2580: Cannot find name 'process'. Do you need to install type definitions for node? Try `npm i --save-dev @types/node`.
components/dashboard/header.tsx(154,11): error TS7026: JSX element implicitly has type 'any' because no interface 'JSX.IntrinsicElements' exists.
components/dashboard/header.tsx(167,17): error TS7026: JSX element implicitly has type 'any' because no interface 'JSX.IntrinsicElements' exists.
components/dashboard/header.tsx(169,17): error TS7026: JSX element implicitly has type 'any' because no interface 'JSX.IntrinsicElements' exists.
components/dashboard/header.tsx(172,11): error TS7026: JSX element implicitly has type 'any' because no interface 'JSX.IntrinsicElements' exists.
components/dashboard/header.tsx(174,7): error TS7026: JSX element implicitly has type 'any' because no interface 'JSX.IntrinsicElements' exists.
components/dashboard/header.tsx(175,5): error TS7026: JSX element implicitly has type 'any' because no interface 'JSX.IntrinsicElements' exists.
components/dashboard/loading-skeletons.tsx(3,24): error TS2307: Cannot find module 'react' or its corresponding type declarations.
components/dashboard/loading-skeletons.tsx(13,5): error TS2875: This JSX tag requires the module path 'react/jsx-runtime' to exist, but none could be found. Make sure you have types for the appropriate package installed.
components/dashboard/loading-skeletons.tsx(13,5): error TS7026: JSX element implicitly has type 'any' because no interface 'JSX.IntrinsicElements' exists.
components/dashboard/loading-skeletons.tsx(26,5): error TS7026: JSX element implicitly has type 'any' because no interface 'JSX.IntrinsicElements' exists.
components/dashboard/loading-skeletons.tsx(27,7): error TS7026: JSX element implicitly has type 'any' because no interface 'JSX.IntrinsicElements' exists.
components/dashboard/loading-skeletons.tsx(30,7): error TS7026: JSX element implicitly has type 'any' because no interface 'JSX.IntrinsicElements' exists.
components/dashboard/loading-skeletons.tsx(34,5): error TS7026: JSX element implicitly has type 'any' because no interface 'JSX.IntrinsicElements' exists.
components/dashboard/loading-skeletons.tsx(41,5): error TS7026: JSX element implicitly has type 'any' because no interface 'JSX.IntrinsicElements' exists.
components/dashboard/loading-skeletons.tsx(42,7): error TS7026: JSX element implicitly has type 'any' because no interface 'JSX.IntrinsicElements' exists.
components/dashboard/loading-skeletons.tsx(43,9): error TS7026: JSX element implicitly has type 'any' because no interface 'JSX.IntrinsicElements' exists.
components/dashboard/loading-skeletons.tsx(44,11): error TS7026: JSX element implicitly has type 'any' because no interface 'JSX.IntrinsicElements' exists.
components/dashboard/loading-skeletons.tsx(47,11): error TS7026: JSX element implicitly has type 'any' because no interface 'JSX.IntrinsicElements' exists.
components/dashboard/loading-skeletons.tsx(49,9): error TS7026: JSX element implicitly has type 'any' because no interface 'JSX.IntrinsicElements' exists.
components/dashboard/loading-skeletons.tsx(51,7): error TS7026: JSX element implicitly has type 'any' because no interface 'JSX.IntrinsicElements' exists.
components/dashboard/loading-skeletons.tsx(52,7): error TS7026: JSX element implicitly has type 'any' because no interface 'JSX.IntrinsicElements' exists.
components/dashboard/loading-skeletons.tsx(53,9): error TS7026: JSX element implicitly has type 'any' because no interface 'JSX.IntrinsicElements' exists.
components/dashboard/loading-skeletons.tsx(56,9): error TS7026: JSX element implicitly has type 'any' because no interface 'JSX.IntrinsicElements' exists.
components/dashboard/loading-skeletons.tsx(58,7): error TS7026: JSX element implicitly has type 'any' because no interface 'JSX.IntrinsicElements' exists.
components/dashboard/loading-skeletons.tsx(59,7): error TS7026: JSX element implicitly has type 'any' because no interface 'JSX.IntrinsicElements' exists.
components/dashboard/loading-skeletons.tsx(63,7): error TS7026: JSX element implicitly has type 'any' because no interface 'JSX.IntrinsicElements' exists.
components/dashboard/loading-skeletons.tsx(64,5): error TS7026: JSX element implicitly has type 'any' because no interface 'JSX.IntrinsicElements' exists.
components/dashboard/loading-skeletons.tsx(71,5): error TS7026: JSX element implicitly has type 'any' because no interface 'JSX.IntrinsicElements' exists.
components/dashboard/loading-skeletons.tsx(72,7): error TS7026: JSX element implicitly has type 'any' because no interface 'JSX.IntrinsicElements' exists.
components/dashboard/loading-skeletons.tsx(74,9): error TS7026: JSX element implicitly has type 'any' because no interface 'JSX.IntrinsicElements' exists.
components/dashboard/loading-skeletons.tsx(75,11): error TS7026: JSX element implicitly has type 'any' because no interface 'JSX.IntrinsicElements' exists.
components/dashboard/loading-skeletons.tsx(78,11): error TS7026: JSX element implicitly has type 'any' because no interface 'JSX.IntrinsicElements' exists.
components/dashboard/loading-skeletons.tsx(79,11): error TS7026: JSX element implicitly has type 'any' because no interface 'JSX.IntrinsicElements' exists.
components/dashboard/loading-skeletons.tsx(83,11): error TS7026: JSX element implicitly has type 'any' because no interface 'JSX.IntrinsicElements' exists.
components/dashboard/loading-skeletons.tsx(85,9): error TS7026: JSX element implicitly has type 'any' because no interface 'JSX.IntrinsicElements' exists.
components/dashboard/loading-skeletons.tsx(87,7): error TS7026: JSX element implicitly has type 'any' because no interface 'JSX.IntrinsicElements' exists.
components/dashboard/loading-skeletons.tsx(88,5): error TS7026: JSX element implicitly has type 'any' because no interface 'JSX.IntrinsicElements' exists.
components/dashboard/loading-skeletons.tsx(95,5): error TS7026: JSX element implicitly has type 'any' because no interface 'JSX.IntrinsicElements' exists.
components/dashboard/loading-skeletons.tsx(97,9): error TS7026: JSX element implicitly has type 'any' because no interface 'JSX.IntrinsicElements' exists.
components/dashboard/loading-skeletons.tsx(99,9): error TS7026: JSX element implicitly has type 'any' because no interface 'JSX.IntrinsicElements' exists.
components/dashboard/loading-skeletons.tsx(101,5): error TS7026: JSX element implicitly has type 'any' because no interface 'JSX.IntrinsicElements' exists.
components/dashboard/loading-skeletons.tsx(108,5): error TS7026: JSX element implicitly has type 'any' because no interface 'JSX.IntrinsicElements' exists.
components/dashboard/loading-skeletons.tsx(109,7): error TS7026: JSX element implicitly has type 'any' because no interface 'JSX.IntrinsicElements' exists.
components/dashboard/loading-skeletons.tsx(110,9): error TS7026: JSX element implicitly has type 'any' because no interface 'JSX.IntrinsicElements' exists.
components/dashboard/loading-skeletons.tsx(111,11): error TS7026: JSX element implicitly has type 'any' because no interface 'JSX.IntrinsicElements' exists.
components/dashboard/loading-skeletons.tsx(113,15): error TS7026: JSX element implicitly has type 'any' because no interface 'JSX.IntrinsicElements' exists.
components/dashboard/loading-skeletons.tsx(115,15): error TS7026: JSX element implicitly has type 'any' because no interface 'JSX.IntrinsicElements' exists.
components/dashboard/loading-skeletons.tsx(117,11): error TS7026: JSX element implicitly has type 'any' because no interface 'JSX.IntrinsicElements' exists.
components/dashboard/loading-skeletons.tsx(118,9): error TS7026: JSX element implicitly has type 'any' because no interface 'JSX.IntrinsicElements' exists.
components/dashboard/loading-skeletons.tsx(119,9): error TS7026: JSX element implicitly has type 'any' because no interface 'JSX.IntrinsicElements' exists.
components/dashboard/loading-skeletons.tsx(121,31): error TS2322: Type '{ key: number; columns: number; }' is not assignable to type '{ columns?: number | undefined; }'.
  Property 'key' does not exist on type '{ columns?: number | undefined; }'.
components/dashboard/loading-skeletons.tsx(123,9): error TS7026: JSX element implicitly has type 'any' because no interface 'JSX.IntrinsicElements' exists.
components/dashboard/loading-skeletons.tsx(124,7): error TS7026: JSX element implicitly has type 'any' because no interface 'JSX.IntrinsicElements' exists.
components/dashboard/loading-skeletons.tsx(125,5): error TS7026: JSX element implicitly has type 'any' because no interface 'JSX.IntrinsicElements' exists.
components/dashboard/loading-skeletons.tsx(132,5): error TS7026: JSX element implicitly has type 'any' because no interface 'JSX.IntrinsicElements' exists.
components/dashboard/loading-skeletons.tsx(137,5): error TS7026: JSX element implicitly has type 'any' because no interface 'JSX.IntrinsicElements' exists.
components/dashboard/loading-skeletons.tsx(144,5): error TS7026: JSX element implicitly has type 'any' because no interface 'JSX.IntrinsicElements' exists.
components/dashboard/loading-skeletons.tsx(145,7): error TS7026: JSX element implicitly has type 'any' because no interface 'JSX.IntrinsicElements' exists.
components/dashboard/loading-skeletons.tsx(148,7): error TS7026: JSX element implicitly has type 'any' because no interface 'JSX.IntrinsicElements' exists.
components/dashboard/loading-skeletons.tsx(149,36): error TS2322: Type '{ className: string; style: { height: number; }; }' is not assignable to type 'SkeletonProps'.
  Property 'style' does not exist on type 'SkeletonProps'.
components/dashboard/loading-skeletons.tsx(150,7): error TS7026: JSX element implicitly has type 'any' because no interface 'JSX.IntrinsicElements' exists.
components/dashboard/loading-skeletons.tsx(151,9): error TS7026: JSX element implicitly has type 'any' because no interface 'JSX.IntrinsicElements' exists.
components/dashboard/loading-skeletons.tsx(154,9): error TS7026: JSX element implicitly has type 'any' because no interface 'JSX.IntrinsicElements' exists.
components/dashboard/loading-skeletons.tsx(155,9): error TS7026: JSX element implicitly has type 'any' because no interface 'JSX.IntrinsicElements' exists.
components/dashboard/loading-skeletons.tsx(158,9): error TS7026: JSX element implicitly has type 'any' because no interface 'JSX.IntrinsicElements' exists.
components/dashboard/loading-skeletons.tsx(159,7): error TS7026: JSX element implicitly has type 'any' because no interface 'JSX.IntrinsicElements' exists.
components/dashboard/loading-skeletons.tsx(160,5): error TS7026: JSX element implicitly has type 'any' because no interface 'JSX.IntrinsicElements' exists.
components/dashboard/loading-skeletons.tsx(167,5): error TS7026: JSX element implicitly has type 'any' because no interface 'JSX.IntrinsicElements' exists.
components/dashboard/loading-skeletons.tsx(168,7): error TS7026: JSX element implicitly has type 'any' because no interface 'JSX.IntrinsicElements' exists.
components/dashboard/loading-skeletons.tsx(171,7): error TS7026: JSX element implicitly has type 'any' because no interface 'JSX.IntrinsicElements' exists.
components/dashboard/loading-skeletons.tsx(173,5): error TS7026: JSX element implicitly has type 'any' because no interface 'JSX.IntrinsicElements' exists.
components/dashboard/loading-skeletons.tsx(180,5): error TS7026: JSX element implicitly has type 'any' because no interface 'JSX.IntrinsicElements' exists.
components/dashboard/loading-skeletons.tsx(184,5): error TS7026: JSX element implicitly has type 'any' because no interface 'JSX.IntrinsicElements' exists.
components/dashboard/loading-skeletons.tsx(191,5): error TS7026: JSX element implicitly has type 'any' because no interface 'JSX.IntrinsicElements' exists.
components/dashboard/loading-skeletons.tsx(195,5): error TS7026: JSX element implicitly has type 'any' because no interface 'JSX.IntrinsicElements' exists.
components/dashboard/loading-skeletons.tsx(202,5): error TS7026: JSX element implicitly has type 'any' because no interface 'JSX.IntrinsicElements' exists.
components/dashboard/loading-skeletons.tsx(203,7): error TS7026: JSX element implicitly has type 'any' because no interface 'JSX.IntrinsicElements' exists.
components/dashboard/loading-skeletons.tsx(206,7): error TS7026: JSX element implicitly has type 'any' because no interface 'JSX.IntrinsicElements' exists.
components/dashboard/loading-skeletons.tsx(207,7): error TS7026: JSX element implicitly has type 'any' because no interface 'JSX.IntrinsicElements' exists.
components/dashboard/loading-skeletons.tsx(210,7): error TS7026: JSX element implicitly has type 'any' because no interface 'JSX.IntrinsicElements' exists.
components/dashboard/loading-skeletons.tsx(211,7): error TS7026: JSX element implicitly has type 'any' because no interface 'JSX.IntrinsicElements' exists.
components/dashboard/loading-skeletons.tsx(214,7): error TS7026: JSX element implicitly has type 'any' because no interface 'JSX.IntrinsicElements' exists.
components/dashboard/loading-skeletons.tsx(215,7): error TS7026: JSX element implicitly has type 'any' because no interface 'JSX.IntrinsicElements' exists.
components/dashboard/loading-skeletons.tsx(218,7): error TS7026: JSX element implicitly has type 'any' because no interface 'JSX.IntrinsicElements' exists.
components/dashboard/loading-skeletons.tsx(219,5): error TS7026: JSX element implicitly has type 'any' because no interface 'JSX.IntrinsicElements' exists.
components/dashboard/loading-skeletons.tsx(226,5): error TS7026: JSX element implicitly has type 'any' because no interface 'JSX.IntrinsicElements' exists.
components/dashboard/loading-skeletons.tsx(228,7): error TS7026: JSX element implicitly has type 'any' because no interface 'JSX.IntrinsicElements' exists.
components/dashboard/loading-skeletons.tsx(230,9): error TS7026: JSX element implicitly has type 'any' because no interface 'JSX.IntrinsicElements' exists.
components/dashboard/loading-skeletons.tsx(233,9): error TS7026: JSX element implicitly has type 'any' because no interface 'JSX.IntrinsicElements' exists.
components/dashboard/loading-skeletons.tsx(234,7): error TS7026: JSX element implicitly has type 'any' because no interface 'JSX.IntrinsicElements' exists.
components/dashboard/loading-skeletons.tsx(237,7): error TS7026: JSX element implicitly has type 'any' because no interface 'JSX.IntrinsicElements' exists.
components/dashboard/loading-skeletons.tsx(239,11): error TS7026: JSX element implicitly has type 'any' because no interface 'JSX.IntrinsicElements' exists.
components/dashboard/loading-skeletons.tsx(242,11): error TS7026: JSX element implicitly has type 'any' because no interface 'JSX.IntrinsicElements' exists.
components/dashboard/loading-skeletons.tsx(244,7): error TS7026: JSX element implicitly has type 'any' because no interface 'JSX.IntrinsicElements' exists.
components/dashboard/loading-skeletons.tsx(246,7): error TS7026: JSX element implicitly has type 'any' because no interface 'JSX.IntrinsicElements' exists.
components/dashboard/loading-skeletons.tsx(249,7): error TS7026: JSX element implicitly has type 'any' because no interface 'JSX.IntrinsicElements' exists.
components/dashboard/loading-skeletons.tsx(251,11): error TS7026: JSX element implicitly has type 'any' because no interface 'JSX.IntrinsicElements' exists.
components/dashboard/loading-skeletons.tsx(254,11): error TS7026: JSX element implicitly has type 'any' because no interface 'JSX.IntrinsicElements' exists.
components/dashboard/loading-skeletons.tsx(256,7): error TS7026: JSX element implicitly has type 'any' because no interface 'JSX.IntrinsicElements' exists.
components/dashboard/loading-skeletons.tsx(257,5): error TS7026: JSX element implicitly has type 'any' because no interface 'JSX.IntrinsicElements' exists.
components/dashboard/loading-skeletons.tsx(264,5): error TS7026: JSX element implicitly has type 'any' because no interface 'JSX.IntrinsicElements' exists.
components/dashboard/loading-skeletons.tsx(265,7): error TS7026: JSX element implicitly has type 'any' because no interface 'JSX.IntrinsicElements' exists.
components/dashboard/loading-skeletons.tsx(266,9): error TS7026: JSX element implicitly has type 'any' because no interface 'JSX.IntrinsicElements' exists.
components/dashboard/loading-skeletons.tsx(267,9): error TS7026: JSX element implicitly has type 'any' because no interface 'JSX.IntrinsicElements' exists.
components/dashboard/loading-skeletons.tsx(268,7): error TS7026: JSX element implicitly has type 'any' because no interface 'JSX.IntrinsicElements' exists.
components/dashboard/loading-skeletons.tsx(269,7): error TS7026: JSX element implicitly has type 'any' because no interface 'JSX.IntrinsicElements' exists.
components/dashboard/loading-skeletons.tsx(269,72): error TS7026: JSX element implicitly has type 'any' because no interface 'JSX.IntrinsicElements' exists.
components/dashboard/loading-skeletons.tsx(270,5): error TS7026: JSX element implicitly has type 'any' because no interface 'JSX.IntrinsicElements' exists.
components/dashboard/loading-skeletons.tsx(283,5): error TS7026: JSX element implicitly has type 'any' because no interface 'JSX.IntrinsicElements' exists.
components/dashboard/loading-skeletons.tsx(284,7): error TS7026: JSX element implicitly has type 'any' because no interface 'JSX.IntrinsicElements' exists.
components/dashboard/loading-skeletons.tsx(285,5): error TS7026: JSX element implicitly has type 'any' because no interface 'JSX.IntrinsicElements' exists.
components/dashboard/loading-skeletons.tsx(292,5): error TS7026: JSX element implicitly has type 'any' because no interface 'JSX.IntrinsicElements' exists.
components/dashboard/loading-skeletons.tsx(295,7): error TS7026: JSX element implicitly has type 'any' because no interface 'JSX.IntrinsicElements' exists.
components/dashboard/loading-skeletons.tsx(298,7): error TS7026: JSX element implicitly has type 'any' because no interface 'JSX.IntrinsicElements' exists.
components/dashboard/loading-skeletons.tsx(299,5): error TS7026: JSX element implicitly has type 'any' because no interface 'JSX.IntrinsicElements' exists.
components/dashboard/loading-skeletons.tsx(306,5): error TS7026: JSX element implicitly has type 'any' because no interface 'JSX.IntrinsicElements' exists.
components/dashboard/loading-skeletons.tsx(308,7): error TS7026: JSX element implicitly has type 'any' because no interface 'JSX.IntrinsicElements' exists.
components/dashboard/loading-skeletons.tsx(309,9): error TS7026: JSX element implicitly has type 'any' because no interface 'JSX.IntrinsicElements' exists.
components/dashboard/loading-skeletons.tsx(311,23): error TS2322: Type '{ key: number; className: string; }' is not assignable to type 'SkeletonProps'.
  Property 'key' does not exist on type 'SkeletonProps'.
components/dashboard/loading-skeletons.tsx(313,9): error TS7026: JSX element implicitly has type 'any' because no interface 'JSX.IntrinsicElements' exists.
components/dashboard/loading-skeletons.tsx(314,7): error TS7026: JSX element implicitly has type 'any' because no interface 'JSX.IntrinsicElements' exists.
components/dashboard/loading-skeletons.tsx(316,5): error TS7026: JSX element implicitly has type 'any' because no interface 'JSX.IntrinsicElements' exists.
components/dashboard/loading-skeletons.tsx(323,5): error TS7026: JSX element implicitly has type 'any' because no interface 'JSX.IntrinsicElements' exists.
components/dashboard/loading-skeletons.tsx(325,7): error TS7026: JSX element implicitly has type 'any' because no interface 'JSX.IntrinsicElements' exists.
components/dashboard/loading-skeletons.tsx(326,9): error TS7026: JSX element implicitly has type 'any' because no interface 'JSX.IntrinsicElements' exists.
components/dashboard/loading-skeletons.tsx(330,9): error TS7026: JSX element implicitly has type 'any' because no interface 'JSX.IntrinsicElements' exists.
components/dashboard/loading-skeletons.tsx(331,7): error TS7026: JSX element implicitly has type 'any' because no interface 'JSX.IntrinsicElements' exists.
components/dashboard/loading-skeletons.tsx(333,5): error TS7026: JSX element implicitly has type 'any' because no interface 'JSX.IntrinsicElements' exists.
components/dashboard/loading-skeletons.tsx(340,5): error TS7026: JSX element implicitly has type 'any' because no interface 'JSX.IntrinsicElements' exists.
components/dashboard/loading-skeletons.tsx(344,5): error TS7026: JSX element implicitly has type 'any' because no interface 'JSX.IntrinsicElements' exists.
components/dashboard/metallic-logo.tsx(3,45): error TS2307: Cannot find module 'react' or its corresponding type declarations.
components/dashboard/metallic-logo.tsx(4,19): error TS2307: Cannot find module 'next/image' or its corresponding type declarations.
components/dashboard/metallic-logo.tsx(5,18): error TS2307: Cannot find module 'gsap' or its corresponding type declarations.
components/dashboard/metallic-logo.tsx(105,30): error TS7006: Parameter 'stop' implicitly has an 'any' type.
components/dashboard/metallic-logo.tsx(105,36): error TS7006: Parameter 'index' implicitly has an 'any' type.
components/dashboard/metallic-logo.tsx(123,7): error TS7026: JSX element implicitly has type 'any' because no interface 'JSX.IntrinsicElements' exists.
components/dashboard/metallic-logo.tsx(123,7): error TS2875: This JSX tag requires the module path 'react/jsx-runtime' to exist, but none could be found. Make sure you have types for the appropriate package installed.
components/dashboard/metallic-logo.tsx(125,7): error TS7026: JSX element implicitly has type 'any' because no interface 'JSX.IntrinsicElements' exists.
components/dashboard/metallic-logo.tsx(130,5): error TS7026: JSX element implicitly has type 'any' because no interface 'JSX.IntrinsicElements' exists.
components/dashboard/metallic-logo.tsx(132,7): error TS7026: JSX element implicitly has type 'any' because no interface 'JSX.IntrinsicElements' exists.
components/dashboard/metallic-logo.tsx(137,9): error TS7026: JSX element implicitly has type 'any' because no interface 'JSX.IntrinsicElements' exists.
components/dashboard/metallic-logo.tsx(139,11): error TS7026: JSX element implicitly has type 'any' because no interface 'JSX.IntrinsicElements' exists.
components/dashboard/metallic-logo.tsx(140,13): error TS7026: JSX element implicitly has type 'any' because no interface 'JSX.IntrinsicElements' exists.
components/dashboard/metallic-logo.tsx(141,13): error TS7026: JSX element implicitly has type 'any' because no interface 'JSX.IntrinsicElements' exists.
components/dashboard/metallic-logo.tsx(142,13): error TS7026: JSX element implicitly has type 'any' because no interface 'JSX.IntrinsicElements' exists.
components/dashboard/metallic-logo.tsx(143,13): error TS7026: JSX element implicitly has type 'any' because no interface 'JSX.IntrinsicElements' exists.
components/dashboard/metallic-logo.tsx(144,13): error TS7026: JSX element implicitly has type 'any' because no interface 'JSX.IntrinsicElements' exists.
components/dashboard/metallic-logo.tsx(145,13): error TS7026: JSX element implicitly has type 'any' because no interface 'JSX.IntrinsicElements' exists.
components/dashboard/metallic-logo.tsx(146,11): error TS7026: JSX element implicitly has type 'any' because no interface 'JSX.IntrinsicElements' exists.
components/dashboard/metallic-logo.tsx(149,11): error TS7026: JSX element implicitly has type 'any' because no interface 'JSX.IntrinsicElements' exists.
components/dashboard/metallic-logo.tsx(151,13): error TS7026: JSX element implicitly has type 'any' because no interface 'JSX.IntrinsicElements' exists.
components/dashboard/metallic-logo.tsx(161,13): error TS7026: JSX element implicitly has type 'any' because no interface 'JSX.IntrinsicElements' exists.
components/dashboard/metallic-logo.tsx(172,13): error TS7026: JSX element implicitly has type 'any' because no interface 'JSX.IntrinsicElements' exists.
components/dashboard/metallic-logo.tsx(175,13): error TS7026: JSX element implicitly has type 'any' because no interface 'JSX.IntrinsicElements' exists.
components/dashboard/metallic-logo.tsx(183,15): error TS7026: JSX element implicitly has type 'any' because no interface 'JSX.IntrinsicElements' exists.
components/dashboard/metallic-logo.tsx(184,13): error TS7026: JSX element implicitly has type 'any' because no interface 'JSX.IntrinsicElements' exists.
components/dashboard/metallic-logo.tsx(187,13): error TS7026: JSX element implicitly has type 'any' because no interface 'JSX.IntrinsicElements' exists.
components/dashboard/metallic-logo.tsx(195,15): error TS7026: JSX element implicitly has type 'any' because no interface 'JSX.IntrinsicElements' exists.
components/dashboard/metallic-logo.tsx(196,13): error TS7026: JSX element implicitly has type 'any' because no interface 'JSX.IntrinsicElements' exists.
components/dashboard/metallic-logo.tsx(199,13): error TS7026: JSX element implicitly has type 'any' because no interface 'JSX.IntrinsicElements' exists.
components/dashboard/metallic-logo.tsx(205,15): error TS7026: JSX element implicitly has type 'any' because no interface 'JSX.IntrinsicElements' exists.
components/dashboard/metallic-logo.tsx(206,13): error TS7026: JSX element implicitly has type 'any' because no interface 'JSX.IntrinsicElements' exists.
components/dashboard/metallic-logo.tsx(209,13): error TS7026: JSX element implicitly has type 'any' because no interface 'JSX.IntrinsicElements' exists.
components/dashboard/metallic-logo.tsx(221,13): error TS7026: JSX element implicitly has type 'any' because no interface 'JSX.IntrinsicElements' exists.
components/dashboard/metallic-logo.tsx(233,13): error TS7026: JSX element implicitly has type 'any' because no interface 'JSX.IntrinsicElements' exists.
components/dashboard/metallic-logo.tsx(236,13): error TS7026: JSX element implicitly has type 'any' because no interface 'JSX.IntrinsicElements' exists.
components/dashboard/metallic-logo.tsx(247,13): error TS7026: JSX element implicitly has type 'any' because no interface 'JSX.IntrinsicElements' exists.
components/dashboard/metallic-logo.tsx(248,15): error TS7026: JSX element implicitly has type 'any' because no interface 'JSX.IntrinsicElements' exists.
components/dashboard/metallic-logo.tsx(249,13): error TS7026: JSX element implicitly has type 'any' because no interface 'JSX.IntrinsicElements' exists.
components/dashboard/metallic-logo.tsx(250,11): error TS7026: JSX element implicitly has type 'any' because no interface 'JSX.IntrinsicElements' exists.
components/dashboard/metallic-logo.tsx(251,9): error TS7026: JSX element implicitly has type 'any' because no interface 'JSX.IntrinsicElements' exists.
components/dashboard/metallic-logo.tsx(252,7): error TS7026: JSX element implicitly has type 'any' because no interface 'JSX.IntrinsicElements' exists.
components/dashboard/metallic-logo.tsx(255,7): error TS7026: JSX element implicitly has type 'any' because no interface 'JSX.IntrinsicElements' exists.
components/dashboard/metallic-logo.tsx(269,7): error TS7026: JSX element implicitly has type 'any' because no interface 'JSX.IntrinsicElements' exists.
components/dashboard/metallic-logo.tsx(273,9): error TS7026: JSX element implicitly has type 'any' because no interface 'JSX.IntrinsicElements' exists.
components/dashboard/metallic-logo.tsx(274,11): error TS7026: JSX element implicitly has type 'any' because no interface 'JSX.IntrinsicElements' exists.
components/dashboard/metallic-logo.tsx(275,9): error TS7026: JSX element implicitly has type 'any' because no interface 'JSX.IntrinsicElements' exists.
components/dashboard/metallic-logo.tsx(277,5): error TS7026: JSX element implicitly has type 'any' because no interface 'JSX.IntrinsicElements' exists.
components/dashboard/modals.tsx(3,24): error TS2307: Cannot find module 'react' or its corresponding type declarations.
components/dashboard/modals.tsx(20,8): error TS2307: Cannot find module '@phosphor-icons/react' or its corresponding type declarations.
components/dashboard/modals.tsx(73,5): error TS2875: This JSX tag requires the module path 'react/jsx-runtime' to exist, but none could be found. Make sure you have types for the appropriate package installed.
components/dashboard/modals.tsx(76,11): error TS7026: JSX element implicitly has type 'any' because no interface 'JSX.IntrinsicElements' exists.
components/dashboard/modals.tsx(77,13): error TS7026: JSX element implicitly has type 'any' because no interface 'JSX.IntrinsicElements' exists.
components/dashboard/modals.tsx(79,13): error TS7026: JSX element implicitly has type 'any' because no interface 'JSX.IntrinsicElements' exists.
components/dashboard/modals.tsx(80,13): error TS7026: JSX element implicitly has type 'any' because no interface 'JSX.IntrinsicElements' exists.
components/dashboard/modals.tsx(83,13): error TS7026: JSX element implicitly has type 'any' because no interface 'JSX.IntrinsicElements' exists.
components/dashboard/modals.tsx(84,11): error TS7026: JSX element implicitly has type 'any' because no interface 'JSX.IntrinsicElements' exists.
components/dashboard/modals.tsx(136,11): error TS7026: JSX element implicitly has type 'any' because no interface 'JSX.IntrinsicElements' exists.
components/dashboard/modals.tsx(137,13): error TS7026: JSX element implicitly has type 'any' because no interface 'JSX.IntrinsicElements' exists.
components/dashboard/modals.tsx(139,13): error TS7026: JSX element implicitly has type 'any' because no interface 'JSX.IntrinsicElements' exists.
components/dashboard/modals.tsx(144,11): error TS7026: JSX element implicitly has type 'any' because no interface 'JSX.IntrinsicElements' exists.
components/dashboard/modals.tsx(147,11): error TS7026: JSX element implicitly has type 'any' because no interface 'JSX.IntrinsicElements' exists.
components/dashboard/modals.tsx(148,13): error TS7026: JSX element implicitly has type 'any' because no interface 'JSX.IntrinsicElements' exists.
components/dashboard/modals.tsx(151,13): error TS7026: JSX element implicitly has type 'any' because no interface 'JSX.IntrinsicElements' exists.
components/dashboard/modals.tsx(152,13): error TS7026: JSX element implicitly has type 'any' because no interface 'JSX.IntrinsicElements' exists.
components/dashboard/modals.tsx(155,13): error TS7026: JSX element implicitly has type 'any' because no interface 'JSX.IntrinsicElements' exists.
components/dashboard/modals.tsx(156,13): error TS7026: JSX element implicitly has type 'any' because no interface 'JSX.IntrinsicElements' exists.
components/dashboard/modals.tsx(159,13): error TS7026: JSX element implicitly has type 'any' because no interface 'JSX.IntrinsicElements' exists.
components/dashboard/modals.tsx(160,11): error TS7026: JSX element implicitly has type 'any' because no interface 'JSX.IntrinsicElements' exists.
components/dashboard/modals.tsx(162,11): error TS7026: JSX element implicitly has type 'any' because no interface 'JSX.IntrinsicElements' exists.
components/dashboard/modals.tsx(163,13): error TS7026: JSX element implicitly has type 'any' because no interface 'JSX.IntrinsicElements' exists.
components/dashboard/modals.tsx(163,84): error TS7026: JSX element implicitly has type 'any' because no interface 'JSX.IntrinsicElements' exists.
components/dashboard/modals.tsx(164,13): error TS7026: JSX element implicitly has type 'any' because no interface 'JSX.IntrinsicElements' exists.
components/dashboard/modals.tsx(165,15): error TS7026: JSX element implicitly has type 'any' because no interface 'JSX.IntrinsicElements' exists.
components/dashboard/modals.tsx(166,17): error TS7026: JSX element implicitly has type 'any' because no interface 'JSX.IntrinsicElements' exists.
components/dashboard/modals.tsx(166,64): error TS7026: JSX element implicitly has type 'any' because no interface 'JSX.IntrinsicElements' exists.
components/dashboard/modals.tsx(167,17): error TS7026: JSX element implicitly has type 'any' because no interface 'JSX.IntrinsicElements' exists.
components/dashboard/modals.tsx(167,84): error TS7026: JSX element implicitly has type 'any' because no interface 'JSX.IntrinsicElements' exists.
components/dashboard/modals.tsx(168,15): error TS7026: JSX element implicitly has type 'any' because no interface 'JSX.IntrinsicElements' exists.
components/dashboard/modals.tsx(169,15): error TS7026: JSX element implicitly has type 'any' because no interface 'JSX.IntrinsicElements' exists.
components/dashboard/modals.tsx(170,17): error TS7026: JSX element implicitly has type 'any' because no interface 'JSX.IntrinsicElements' exists.
components/dashboard/modals.tsx(170,76): error TS7026: JSX element implicitly has type 'any' because no interface 'JSX.IntrinsicElements' exists.
components/dashboard/modals.tsx(171,17): error TS7026: JSX element implicitly has type 'any' because no interface 'JSX.IntrinsicElements' exists.
components/dashboard/modals.tsx(171,84): error TS7026: JSX element implicitly has type 'any' because no interface 'JSX.IntrinsicElements' exists.
components/dashboard/modals.tsx(172,15): error TS7026: JSX element implicitly has type 'any' because no interface 'JSX.IntrinsicElements' exists.
components/dashboard/modals.tsx(173,15): error TS7026: JSX element implicitly has type 'any' because no interface 'JSX.IntrinsicElements' exists.
components/dashboard/modals.tsx(174,17): error TS7026: JSX element implicitly has type 'any' because no interface 'JSX.IntrinsicElements' exists.
components/dashboard/modals.tsx(174,65): error TS7026: JSX element implicitly has type 'any' because no interface 'JSX.IntrinsicElements' exists.
components/dashboard/modals.tsx(175,17): error TS7026: JSX element implicitly has type 'any' because no interface 'JSX.IntrinsicElements' exists.
components/dashboard/modals.tsx(175,85): error TS7026: JSX element implicitly has type 'any' because no interface 'JSX.IntrinsicElements' exists.
components/dashboard/modals.tsx(176,15): error TS7026: JSX element implicitly has type 'any' because no interface 'JSX.IntrinsicElements' exists.
components/dashboard/modals.tsx(177,15): error TS7026: JSX element implicitly has type 'any' because no interface 'JSX.IntrinsicElements' exists.
components/dashboard/modals.tsx(178,17): error TS7026: JSX element implicitly has type 'any' because no interface 'JSX.IntrinsicElements' exists.
components/dashboard/modals.tsx(178,69): error TS7026: JSX element implicitly has type 'any' because no interface 'JSX.IntrinsicElements' exists.
components/dashboard/modals.tsx(179,17): error TS7026: JSX element implicitly has type 'any' because no interface 'JSX.IntrinsicElements' exists.
components/dashboard/modals.tsx(179,83): error TS7026: JSX element implicitly has type 'any' because no interface 'JSX.IntrinsicElements' exists.
components/dashboard/modals.tsx(180,15): error TS7026: JSX element implicitly has type 'any' because no interface 'JSX.IntrinsicElements' exists.
components/dashboard/modals.tsx(181,15): error TS7026: JSX element implicitly has type 'any' because no interface 'JSX.IntrinsicElements' exists.
components/dashboard/modals.tsx(182,17): error TS7026: JSX element implicitly has type 'any' because no interface 'JSX.IntrinsicElements' exists.
components/dashboard/modals.tsx(183,19): error TS7026: JSX element implicitly has type 'any' because no interface 'JSX.IntrinsicElements' exists.
components/dashboard/modals.tsx(183,74): error TS7026: JSX element implicitly has type 'any' because no interface 'JSX.IntrinsicElements' exists.
components/dashboard/modals.tsx(184,19): error TS7026: JSX element implicitly has type 'any' because no interface 'JSX.IntrinsicElements' exists.
components/dashboard/modals.tsx(184,78): error TS7026: JSX element implicitly has type 'any' because no interface 'JSX.IntrinsicElements' exists.
components/dashboard/modals.tsx(185,17): error TS7026: JSX element implicitly has type 'any' because no interface 'JSX.IntrinsicElements' exists.
components/dashboard/modals.tsx(186,15): error TS7026: JSX element implicitly has type 'any' because no interface 'JSX.IntrinsicElements' exists.
components/dashboard/modals.tsx(187,13): error TS7026: JSX element implicitly has type 'any' because no interface 'JSX.IntrinsicElements' exists.
components/dashboard/modals.tsx(188,11): error TS7026: JSX element implicitly has type 'any' because no interface 'JSX.IntrinsicElements' exists.
components/dashboard/modals.tsx(240,11): error TS7026: JSX element implicitly has type 'any' because no interface 'JSX.IntrinsicElements' exists.
components/dashboard/modals.tsx(243,11): error TS7026: JSX element implicitly has type 'any' because no interface 'JSX.IntrinsicElements' exists.
components/dashboard/modals.tsx(245,11): error TS7026: JSX element implicitly has type 'any' because no interface 'JSX.IntrinsicElements' exists.
components/dashboard/modals.tsx(246,13): error TS7026: JSX element implicitly has type 'any' because no interface 'JSX.IntrinsicElements' exists.
components/dashboard/modals.tsx(247,36): error TS7026: JSX element implicitly has type 'any' because no interface 'JSX.IntrinsicElements' exists.
components/dashboard/modals.tsx(247,71): error TS7026: JSX element implicitly has type 'any' because no interface 'JSX.IntrinsicElements' exists.
components/dashboard/modals.tsx(248,13): error TS7026: JSX element implicitly has type 'any' because no interface 'JSX.IntrinsicElements' exists.
components/dashboard/modals.tsx(249,13): error TS7026: JSX element implicitly has type 'any' because no interface 'JSX.IntrinsicElements' exists.
components/dashboard/modals.tsx(251,17): error TS7026: JSX element implicitly has type 'any' because no interface 'JSX.IntrinsicElements' exists.
components/dashboard/modals.tsx(264,19): error TS7026: JSX element implicitly has type 'any' because no interface 'JSX.IntrinsicElements' exists.
components/dashboard/modals.tsx(264,90): error TS7026: JSX element implicitly has type 'any' because no interface 'JSX.IntrinsicElements' exists.
components/dashboard/modals.tsx(265,17): error TS7026: JSX element implicitly has type 'any' because no interface 'JSX.IntrinsicElements' exists.
components/dashboard/modals.tsx(267,13): error TS7026: JSX element implicitly has type 'any' because no interface 'JSX.IntrinsicElements' exists.
components/dashboard/modals.tsx(268,11): error TS7026: JSX element implicitly has type 'any' because no interface 'JSX.IntrinsicElements' exists.
components/dashboard/modals.tsx(270,11): error TS7026: JSX element implicitly has type 'any' because no interface 'JSX.IntrinsicElements' exists.
components/dashboard/modals.tsx(271,13): error TS7026: JSX element implicitly has type 'any' because no interface 'JSX.IntrinsicElements' exists.
components/dashboard/modals.tsx(273,13): error TS7026: JSX element implicitly has type 'any' because no interface 'JSX.IntrinsicElements' exists.
components/dashboard/modals.tsx(277,26): error TS7006: Parameter 'e' implicitly has an 'any' type.
components/dashboard/modals.tsx(280,11): error TS7026: JSX element implicitly has type 'any' because no interface 'JSX.IntrinsicElements' exists.
components/dashboard/modals.tsx(282,11): error TS7026: JSX element implicitly has type 'any' because no interface 'JSX.IntrinsicElements' exists.
components/dashboard/modals.tsx(283,13): error TS7026: JSX element implicitly has type 'any' because no interface 'JSX.IntrinsicElements' exists.
components/dashboard/modals.tsx(283,66): error TS7026: JSX element implicitly has type 'any' because no interface 'JSX.IntrinsicElements' exists.
components/dashboard/modals.tsx(284,13): error TS7026: JSX element implicitly has type 'any' because no interface 'JSX.IntrinsicElements' exists.
components/dashboard/modals.tsx(286,13): error TS7026: JSX element implicitly has type 'any' because no interface 'JSX.IntrinsicElements' exists.
components/dashboard/modals.tsx(287,11): error TS7026: JSX element implicitly has type 'any' because no interface 'JSX.IntrinsicElements' exists.
components/dashboard/modals.tsx(342,24): error TS7006: Parameter 'e' implicitly has an 'any' type.
components/dashboard/modals.tsx(408,11): error TS7026: JSX element implicitly has type 'any' because no interface 'JSX.IntrinsicElements' exists.
components/dashboard/modals.tsx(409,13): error TS7026: JSX element implicitly has type 'any' because no interface 'JSX.IntrinsicElements' exists.
components/dashboard/modals.tsx(409,27): error TS7026: JSX element implicitly has type 'any' because no interface 'JSX.IntrinsicElements' exists.
components/dashboard/modals.tsx(409,79): error TS7026: JSX element implicitly has type 'any' because no interface 'JSX.IntrinsicElements' exists.
components/dashboard/modals.tsx(409,86): error TS7026: JSX element implicitly has type 'any' because no interface 'JSX.IntrinsicElements' exists.
components/dashboard/modals.tsx(410,13): error TS7026: JSX element implicitly has type 'any' because no interface 'JSX.IntrinsicElements' exists.
components/dashboard/modals.tsx(410,28): error TS7026: JSX element implicitly has type 'any' because no interface 'JSX.IntrinsicElements' exists.
components/dashboard/modals.tsx(410,82): error TS7026: JSX element implicitly has type 'any' because no interface 'JSX.IntrinsicElements' exists.
components/dashboard/modals.tsx(410,89): error TS7026: JSX element implicitly has type 'any' because no interface 'JSX.IntrinsicElements' exists.
components/dashboard/modals.tsx(411,11): error TS7026: JSX element implicitly has type 'any' because no interface 'JSX.IntrinsicElements' exists.
components/dashboard/modals.tsx(413,11): error TS7026: JSX element implicitly has type 'any' because no interface 'JSX.IntrinsicElements' exists.
components/dashboard/modals.tsx(414,13): error TS7026: JSX element implicitly has type 'any' because no interface 'JSX.IntrinsicElements' exists.
components/dashboard/modals.tsx(414,84): error TS7026: JSX element implicitly has type 'any' because no interface 'JSX.IntrinsicElements' exists.
components/dashboard/modals.tsx(415,13): error TS7026: JSX element implicitly has type 'any' because no interface 'JSX.IntrinsicElements' exists.
components/dashboard/modals.tsx(415,94): error TS7026: JSX element implicitly has type 'any' because no interface 'JSX.IntrinsicElements' exists.
components/dashboard/modals.tsx(416,11): error TS7026: JSX element implicitly has type 'any' because no interface 'JSX.IntrinsicElements' exists.
components/dashboard/modals.tsx(418,11): error TS7026: JSX element implicitly has type 'any' because no interface 'JSX.IntrinsicElements' exists.
components/dashboard/modals.tsx(419,13): error TS7026: JSX element implicitly has type 'any' because no interface 'JSX.IntrinsicElements' exists.
components/dashboard/modals.tsx(420,28): error TS7026: JSX element implicitly has type 'any' because no interface 'JSX.IntrinsicElements' exists.
components/dashboard/modals.tsx(420,63): error TS7026: JSX element implicitly has type 'any' because no interface 'JSX.IntrinsicElements' exists.
components/dashboard/modals.tsx(421,13): error TS7026: JSX element implicitly has type 'any' because no interface 'JSX.IntrinsicElements' exists.
components/dashboard/modals.tsx(422,14): error TS2559: Type '{ children: any; }' has no properties in common with type 'InputRootProps'.
components/dashboard/modals.tsx(427,30): error TS7006: Parameter 'e' implicitly has an 'any' type.
components/dashboard/modals.tsx(432,11): error TS7026: JSX element implicitly has type 'any' because no interface 'JSX.IntrinsicElements' exists.
components/dashboard/modals.tsx(434,11): error TS7026: JSX element implicitly has type 'any' because no interface 'JSX.IntrinsicElements' exists.
components/dashboard/modals.tsx(435,13): error TS7026: JSX element implicitly has type 'any' because no interface 'JSX.IntrinsicElements' exists.
components/dashboard/modals.tsx(437,13): error TS7026: JSX element implicitly has type 'any' because no interface 'JSX.IntrinsicElements' exists.
components/dashboard/modals.tsx(441,26): error TS7006: Parameter 'e' implicitly has an 'any' type.
components/dashboard/modals.tsx(444,11): error TS7026: JSX element implicitly has type 'any' because no interface 'JSX.IntrinsicElements' exists.
components/dashboard/modals.tsx(446,11): error TS7026: JSX element implicitly has type 'any' because no interface 'JSX.IntrinsicElements' exists.
components/dashboard/modals.tsx(448,13): error TS7026: JSX element implicitly has type 'any' because no interface 'JSX.IntrinsicElements' exists.
components/dashboard/modals.tsx(448,81): error TS7026: JSX element implicitly has type 'any' because no interface 'JSX.IntrinsicElements' exists.
components/dashboard/modals.tsx(449,11): error TS7026: JSX element implicitly has type 'any' because no interface 'JSX.IntrinsicElements' exists.
components/dashboard/modals.tsx(505,11): error TS7026: JSX element implicitly has type 'any' because no interface 'JSX.IntrinsicElements' exists.
components/dashboard/modals.tsx(506,13): error TS7026: JSX element implicitly has type 'any' because no interface 'JSX.IntrinsicElements' exists.
components/dashboard/modals.tsx(507,22): error TS7026: JSX element implicitly has type 'any' because no interface 'JSX.IntrinsicElements' exists.
components/dashboard/modals.tsx(507,57): error TS7026: JSX element implicitly has type 'any' because no interface 'JSX.IntrinsicElements' exists.
components/dashboard/modals.tsx(508,13): error TS7026: JSX element implicitly has type 'any' because no interface 'JSX.IntrinsicElements' exists.
components/dashboard/modals.tsx(509,14): error TS2559: Type '{ children: any; }' has no properties in common with type 'InputRootProps'.
components/dashboard/modals.tsx(511,17): error TS7026: JSX element implicitly has type 'any' because no interface 'JSX.IntrinsicElements' exists.
components/dashboard/modals.tsx(511,59): error TS7026: JSX element implicitly has type 'any' because no interface 'JSX.IntrinsicElements' exists.
components/dashboard/modals.tsx(516,30): error TS7006: Parameter 'e' implicitly has an 'any' type.
components/dashboard/modals.tsx(520,11): error TS7026: JSX element implicitly has type 'any' because no interface 'JSX.IntrinsicElements' exists.
components/dashboard/modals.tsx(522,11): error TS7026: JSX element implicitly has type 'any' because no interface 'JSX.IntrinsicElements' exists.
components/dashboard/modals.tsx(523,13): error TS7026: JSX element implicitly has type 'any' because no interface 'JSX.IntrinsicElements' exists.
components/dashboard/modals.tsx(523,88): error TS7026: JSX element implicitly has type 'any' because no interface 'JSX.IntrinsicElements' exists.
components/dashboard/modals.tsx(524,13): error TS7026: JSX element implicitly has type 'any' because no interface 'JSX.IntrinsicElements' exists.
components/dashboard/modals.tsx(526,17): error TS7026: JSX element implicitly has type 'any' because no interface 'JSX.IntrinsicElements' exists.
components/dashboard/modals.tsx(538,17): error TS7026: JSX element implicitly has type 'any' because no interface 'JSX.IntrinsicElements' exists.
components/dashboard/modals.tsx(540,13): error TS7026: JSX element implicitly has type 'any' because no interface 'JSX.IntrinsicElements' exists.
components/dashboard/modals.tsx(541,11): error TS7026: JSX element implicitly has type 'any' because no interface 'JSX.IntrinsicElements' exists.
components/dashboard/modals.tsx(543,11): error TS7026: JSX element implicitly has type 'any' because no interface 'JSX.IntrinsicElements' exists.
components/dashboard/modals.tsx(544,13): error TS7026: JSX element implicitly has type 'any' because no interface 'JSX.IntrinsicElements' exists.
components/dashboard/modals.tsx(545,27): error TS7026: JSX element implicitly has type 'any' because no interface 'JSX.IntrinsicElements' exists.
components/dashboard/modals.tsx(545,62): error TS7026: JSX element implicitly has type 'any' because no interface 'JSX.IntrinsicElements' exists.
components/dashboard/modals.tsx(546,13): error TS7026: JSX element implicitly has type 'any' because no interface 'JSX.IntrinsicElements' exists.
components/dashboard/modals.tsx(547,14): error TS2559: Type '{ children: any; }' has no properties in common with type 'InputRootProps'.
components/dashboard/modals.tsx(552,30): error TS7006: Parameter 'e' implicitly has an 'any' type.
components/dashboard/modals.tsx(556,11): error TS7026: JSX element implicitly has type 'any' because no interface 'JSX.IntrinsicElements' exists.
components/dashboard/modals.tsx(558,11): error TS7026: JSX element implicitly has type 'any' because no interface 'JSX.IntrinsicElements' exists.
components/dashboard/modals.tsx(559,13): error TS7026: JSX element implicitly has type 'any' because no interface 'JSX.IntrinsicElements' exists.
components/dashboard/modals.tsx(560,15): error TS7026: JSX element implicitly has type 'any' because no interface 'JSX.IntrinsicElements' exists.
components/dashboard/modals.tsx(560,53): error TS7026: JSX element implicitly has type 'any' because no interface 'JSX.IntrinsicElements' exists.
components/dashboard/modals.tsx(561,13): error TS7026: JSX element implicitly has type 'any' because no interface 'JSX.IntrinsicElements' exists.
components/dashboard/modals.tsx(562,11): error TS7026: JSX element implicitly has type 'any' because no interface 'JSX.IntrinsicElements' exists.
components/dashboard/modals.tsx(564,11): error TS7026: JSX element implicitly has type 'any' because no interface 'JSX.IntrinsicElements' exists.
components/dashboard/modals.tsx(565,13): error TS7026: JSX element implicitly has type 'any' because no interface 'JSX.IntrinsicElements' exists.
components/dashboard/modals.tsx(567,17): error TS7026: JSX element implicitly has type 'any' because no interface 'JSX.IntrinsicElements' exists.
components/dashboard/modals.tsx(575,13): error TS7026: JSX element implicitly has type 'any' because no interface 'JSX.IntrinsicElements' exists.
components/dashboard/modals.tsx(576,13): error TS7026: JSX element implicitly has type 'any' because no interface 'JSX.IntrinsicElements' exists.
components/dashboard/modals.tsx(578,13): error TS7026: JSX element implicitly has type 'any' because no interface 'JSX.IntrinsicElements' exists.
components/dashboard/modals.tsx(579,11): error TS7026: JSX element implicitly has type 'any' because no interface 'JSX.IntrinsicElements' exists.
components/dashboard/modals.tsx(649,11): error TS7026: JSX element implicitly has type 'any' because no interface 'JSX.IntrinsicElements' exists.
components/dashboard/modals.tsx(650,13): error TS7026: JSX element implicitly has type 'any' because no interface 'JSX.IntrinsicElements' exists.
components/dashboard/modals.tsx(650,85): error TS7026: JSX element implicitly has type 'any' because no interface 'JSX.IntrinsicElements' exists.
components/dashboard/modals.tsx(651,13): error TS7026: JSX element implicitly has type 'any' because no interface 'JSX.IntrinsicElements' exists.
components/dashboard/modals.tsx(651,99): error TS7026: JSX element implicitly has type 'any' because no interface 'JSX.IntrinsicElements' exists.
components/dashboard/modals.tsx(652,11): error TS7026: JSX element implicitly has type 'any' because no interface 'JSX.IntrinsicElements' exists.
components/dashboard/modals.tsx(654,11): error TS7026: JSX element implicitly has type 'any' because no interface 'JSX.IntrinsicElements' exists.
components/dashboard/modals.tsx(655,13): error TS7026: JSX element implicitly has type 'any' because no interface 'JSX.IntrinsicElements' exists.
components/dashboard/modals.tsx(656,33): error TS7026: JSX element implicitly has type 'any' because no interface 'JSX.IntrinsicElements' exists.
components/dashboard/modals.tsx(656,68): error TS7026: JSX element implicitly has type 'any' because no interface 'JSX.IntrinsicElements' exists.
components/dashboard/modals.tsx(657,13): error TS7026: JSX element implicitly has type 'any' because no interface 'JSX.IntrinsicElements' exists.
components/dashboard/modals.tsx(658,14): error TS2559: Type '{ children: any; }' has no properties in common with type 'InputRootProps'.
components/dashboard/modals.tsx(660,17): error TS7026: JSX element implicitly has type 'any' because no interface 'JSX.IntrinsicElements' exists.
components/dashboard/modals.tsx(660,59): error TS7026: JSX element implicitly has type 'any' because no interface 'JSX.IntrinsicElements' exists.
components/dashboard/modals.tsx(665,30): error TS7006: Parameter 'e' implicitly has an 'any' type.
components/dashboard/modals.tsx(669,13): error TS7026: JSX element implicitly has type 'any' because no interface 'JSX.IntrinsicElements' exists.
components/dashboard/modals.tsx(671,13): error TS7026: JSX element implicitly has type 'any' because no interface 'JSX.IntrinsicElements' exists.
components/dashboard/modals.tsx(672,11): error TS7026: JSX element implicitly has type 'any' because no interface 'JSX.IntrinsicElements' exists.
components/dashboard/modals.tsx(674,11): error TS7026: JSX element implicitly has type 'any' because no interface 'JSX.IntrinsicElements' exists.
components/dashboard/modals.tsx(675,13): error TS7026: JSX element implicitly has type 'any' because no interface 'JSX.IntrinsicElements' exists.
components/dashboard/modals.tsx(676,35): error TS7026: JSX element implicitly has type 'any' because no interface 'JSX.IntrinsicElements' exists.
components/dashboard/modals.tsx(676,70): error TS7026: JSX element implicitly has type 'any' because no interface 'JSX.IntrinsicElements' exists.
components/dashboard/modals.tsx(677,13): error TS7026: JSX element implicitly has type 'any' because no interface 'JSX.IntrinsicElements' exists.
components/dashboard/modals.tsx(679,15): error TS7026: JSX element implicitly has type 'any' because no interface 'JSX.IntrinsicElements' exists.
components/dashboard/modals.tsx(681,19): error TS7026: JSX element implicitly has type 'any' because no interface 'JSX.IntrinsicElements' exists.
components/dashboard/modals.tsx(691,21): error TS7026: JSX element implicitly has type 'any' because no interface 'JSX.IntrinsicElements' exists.
components/dashboard/modals.tsx(692,23): error TS7026: JSX element implicitly has type 'any' because no interface 'JSX.IntrinsicElements' exists.
components/dashboard/modals.tsx(694,25): error TS7026: JSX element implicitly has type 'any' because no interface 'JSX.IntrinsicElements' exists.
components/dashboard/modals.tsx(696,25): error TS7026: JSX element implicitly has type 'any' because no interface 'JSX.IntrinsicElements' exists.
components/dashboard/modals.tsx(698,27): error TS7026: JSX element implicitly has type 'any' because no interface 'JSX.IntrinsicElements' exists.
components/dashboard/modals.tsx(698,84): error TS7026: JSX element implicitly has type 'any' because no interface 'JSX.IntrinsicElements' exists.
components/dashboard/modals.tsx(700,23): error TS7026: JSX element implicitly has type 'any' because no interface 'JSX.IntrinsicElements' exists.
components/dashboard/modals.tsx(701,23): error TS7026: JSX element implicitly has type 'any' because no interface 'JSX.IntrinsicElements' exists.
components/dashboard/modals.tsx(703,23): error TS7026: JSX element implicitly has type 'any' because no interface 'JSX.IntrinsicElements' exists.
components/dashboard/modals.tsx(704,21): error TS7026: JSX element implicitly has type 'any' because no interface 'JSX.IntrinsicElements' exists.
components/dashboard/modals.tsx(705,19): error TS7026: JSX element implicitly has type 'any' because no interface 'JSX.IntrinsicElements' exists.
components/dashboard/modals.tsx(707,15): error TS7026: JSX element implicitly has type 'any' because no interface 'JSX.IntrinsicElements' exists.
components/dashboard/modals.tsx(709,11): error TS7026: JSX element implicitly has type 'any' because no interface 'JSX.IntrinsicElements' exists.
components/dashboard/modals.tsx(711,11): error TS7026: JSX element implicitly has type 'any' because no interface 'JSX.IntrinsicElements' exists.
components/dashboard/modals.tsx(712,13): error TS7026: JSX element implicitly has type 'any' because no interface 'JSX.IntrinsicElements' exists.
components/dashboard/modals.tsx(712,87): error TS7026: JSX element implicitly has type 'any' because no interface 'JSX.IntrinsicElements' exists.
components/dashboard/modals.tsx(713,13): error TS7026: JSX element implicitly has type 'any' because no interface 'JSX.IntrinsicElements' exists.
components/dashboard/modals.tsx(714,15): error TS7026: JSX element implicitly has type 'any' because no interface 'JSX.IntrinsicElements' exists.
components/dashboard/modals.tsx(715,17): error TS7026: JSX element implicitly has type 'any' because no interface 'JSX.IntrinsicElements' exists.
components/dashboard/modals.tsx(715,70): error TS7026: JSX element implicitly has type 'any' because no interface 'JSX.IntrinsicElements' exists.
components/dashboard/modals.tsx(716,17): error TS7026: JSX element implicitly has type 'any' because no interface 'JSX.IntrinsicElements' exists.
components/dashboard/modals.tsx(716,104): error TS7026: JSX element implicitly has type 'any' because no interface 'JSX.IntrinsicElements' exists.
components/dashboard/modals.tsx(717,15): error TS7026: JSX element implicitly has type 'any' because no interface 'JSX.IntrinsicElements' exists.
components/dashboard/modals.tsx(718,15): error TS7026: JSX element implicitly has type 'any' because no interface 'JSX.IntrinsicElements' exists.
components/dashboard/modals.tsx(719,17): error TS7026: JSX element implicitly has type 'any' because no interface 'JSX.IntrinsicElements' exists.
components/dashboard/modals.tsx(719,67): error TS7026: JSX element implicitly has type 'any' because no interface 'JSX.IntrinsicElements' exists.
components/dashboard/modals.tsx(720,17): error TS7026: JSX element implicitly has type 'any' because no interface 'JSX.IntrinsicElements' exists.
components/dashboard/modals.tsx(720,58): error TS7026: JSX element implicitly has type 'any' because no interface 'JSX.IntrinsicElements' exists.
components/dashboard/modals.tsx(721,15): error TS7026: JSX element implicitly has type 'any' because no interface 'JSX.IntrinsicElements' exists.
components/dashboard/modals.tsx(722,15): error TS7026: JSX element implicitly has type 'any' because no interface 'JSX.IntrinsicElements' exists.
components/dashboard/modals.tsx(723,17): error TS7026: JSX element implicitly has type 'any' because no interface 'JSX.IntrinsicElements' exists.
components/dashboard/modals.tsx(724,19): error TS7026: JSX element implicitly has type 'any' because no interface 'JSX.IntrinsicElements' exists.
components/dashboard/modals.tsx(724,74): error TS7026: JSX element implicitly has type 'any' because no interface 'JSX.IntrinsicElements' exists.
components/dashboard/modals.tsx(725,19): error TS7026: JSX element implicitly has type 'any' because no interface 'JSX.IntrinsicElements' exists.
components/dashboard/modals.tsx(725,103): error TS7026: JSX element implicitly has type 'any' because no interface 'JSX.IntrinsicElements' exists.
components/dashboard/modals.tsx(726,17): error TS7026: JSX element implicitly has type 'any' because no interface 'JSX.IntrinsicElements' exists.
components/dashboard/modals.tsx(727,15): error TS7026: JSX element implicitly has type 'any' because no interface 'JSX.IntrinsicElements' exists.
components/dashboard/modals.tsx(728,13): error TS7026: JSX element implicitly has type 'any' because no interface 'JSX.IntrinsicElements' exists.
components/dashboard/modals.tsx(729,13): error TS7026: JSX element implicitly has type 'any' because no interface 'JSX.IntrinsicElements' exists.
components/dashboard/modals.tsx(731,13): error TS7026: JSX element implicitly has type 'any' because no interface 'JSX.IntrinsicElements' exists.
components/dashboard/modals.tsx(732,11): error TS7026: JSX element implicitly has type 'any' because no interface 'JSX.IntrinsicElements' exists.
components/dashboard/modals.tsx(788,11): error TS7026: JSX element implicitly has type 'any' because no interface 'JSX.IntrinsicElements' exists.
components/dashboard/modals.tsx(789,13): error TS7026: JSX element implicitly has type 'any' because no interface 'JSX.IntrinsicElements' exists.
components/dashboard/modals.tsx(789,88): error TS7026: JSX element implicitly has type 'any' because no interface 'JSX.IntrinsicElements' exists.
components/dashboard/modals.tsx(790,13): error TS7026: JSX element implicitly has type 'any' because no interface 'JSX.IntrinsicElements' exists.
components/dashboard/modals.tsx(790,95): error TS7026: JSX element implicitly has type 'any' because no interface 'JSX.IntrinsicElements' exists.
components/dashboard/modals.tsx(791,11): error TS7026: JSX element implicitly has type 'any' because no interface 'JSX.IntrinsicElements' exists.
components/dashboard/modals.tsx(793,11): error TS7026: JSX element implicitly has type 'any' because no interface 'JSX.IntrinsicElements' exists.
components/dashboard/modals.tsx(794,13): error TS7026: JSX element implicitly has type 'any' because no interface 'JSX.IntrinsicElements' exists.
components/dashboard/modals.tsx(795,38): error TS7026: JSX element implicitly has type 'any' because no interface 'JSX.IntrinsicElements' exists.
components/dashboard/modals.tsx(795,73): error TS7026: JSX element implicitly has type 'any' because no interface 'JSX.IntrinsicElements' exists.
components/dashboard/modals.tsx(796,13): error TS7026: JSX element implicitly has type 'any' because no interface 'JSX.IntrinsicElements' exists.
components/dashboard/modals.tsx(797,14): error TS2559: Type '{ children: any; }' has no properties in common with type 'InputRootProps'.
components/dashboard/modals.tsx(799,17): error TS7026: JSX element implicitly has type 'any' because no interface 'JSX.IntrinsicElements' exists.
components/dashboard/modals.tsx(799,59): error TS7026: JSX element implicitly has type 'any' because no interface 'JSX.IntrinsicElements' exists.
components/dashboard/modals.tsx(804,30): error TS7006: Parameter 'e' implicitly has an 'any' type.
components/dashboard/modals.tsx(808,11): error TS7026: JSX element implicitly has type 'any' because no interface 'JSX.IntrinsicElements' exists.
components/dashboard/modals.tsx(810,11): error TS7026: JSX element implicitly has type 'any' because no interface 'JSX.IntrinsicElements' exists.
components/dashboard/modals.tsx(811,13): error TS7026: JSX element implicitly has type 'any' because no interface 'JSX.IntrinsicElements' exists.
components/dashboard/modals.tsx(812,34): error TS7026: JSX element implicitly has type 'any' because no interface 'JSX.IntrinsicElements' exists.
components/dashboard/modals.tsx(812,69): error TS7026: JSX element implicitly has type 'any' because no interface 'JSX.IntrinsicElements' exists.
components/dashboard/modals.tsx(813,13): error TS7026: JSX element implicitly has type 'any' because no interface 'JSX.IntrinsicElements' exists.
components/dashboard/modals.tsx(817,26): error TS7006: Parameter 'e' implicitly has an 'any' type.
components/dashboard/modals.tsx(820,11): error TS7026: JSX element implicitly has type 'any' because no interface 'JSX.IntrinsicElements' exists.
components/dashboard/modals.tsx(822,11): error TS7026: JSX element implicitly has type 'any' because no interface 'JSX.IntrinsicElements' exists.
components/dashboard/modals.tsx(824,13): error TS7026: JSX element implicitly has type 'any' because no interface 'JSX.IntrinsicElements' exists.
components/dashboard/modals.tsx(826,13): error TS7026: JSX element implicitly has type 'any' because no interface 'JSX.IntrinsicElements' exists.
components/dashboard/modals.tsx(827,11): error TS7026: JSX element implicitly has type 'any' because no interface 'JSX.IntrinsicElements' exists.
components/dashboard/modals.tsx(886,11): error TS7026: JSX element implicitly has type 'any' because no interface 'JSX.IntrinsicElements' exists.
components/dashboard/modals.tsx(887,13): error TS7026: JSX element implicitly has type 'any' because no interface 'JSX.IntrinsicElements' exists.
components/dashboard/modals.tsx(888,29): error TS7026: JSX element implicitly has type 'any' because no interface 'JSX.IntrinsicElements' exists.
components/dashboard/modals.tsx(888,64): error TS7026: JSX element implicitly has type 'any' because no interface 'JSX.IntrinsicElements' exists.
components/dashboard/modals.tsx(889,13): error TS7026: JSX element implicitly has type 'any' because no interface 'JSX.IntrinsicElements' exists.
components/dashboard/modals.tsx(890,14): error TS2559: Type '{ children: any; }' has no properties in common with type 'InputRootProps'.
components/dashboard/modals.tsx(896,30): error TS7006: Parameter 'e' implicitly has an 'any' type.
components/dashboard/modals.tsx(900,11): error TS7026: JSX element implicitly has type 'any' because no interface 'JSX.IntrinsicElements' exists.
components/dashboard/modals.tsx(902,11): error TS7026: JSX element implicitly has type 'any' because no interface 'JSX.IntrinsicElements' exists.
components/dashboard/modals.tsx(903,13): error TS7026: JSX element implicitly has type 'any' because no interface 'JSX.IntrinsicElements' exists.
components/dashboard/modals.tsx(904,20): error TS7026: JSX element implicitly has type 'any' because no interface 'JSX.IntrinsicElements' exists.
components/dashboard/modals.tsx(904,55): error TS7026: JSX element implicitly has type 'any' because no interface 'JSX.IntrinsicElements' exists.
components/dashboard/modals.tsx(905,13): error TS7026: JSX element implicitly has type 'any' because no interface 'JSX.IntrinsicElements' exists.
components/dashboard/modals.tsx(907,15): error TS7026: JSX element implicitly has type 'any' because no interface 'JSX.IntrinsicElements' exists.
components/dashboard/modals.tsx(909,19): error TS7026: JSX element implicitly has type 'any' because no interface 'JSX.IntrinsicElements' exists.
components/dashboard/modals.tsx(919,21): error TS7026: JSX element implicitly has type 'any' because no interface 'JSX.IntrinsicElements' exists.
components/dashboard/modals.tsx(920,23): error TS7026: JSX element implicitly has type 'any' because no interface 'JSX.IntrinsicElements' exists.
components/dashboard/modals.tsx(920,84): error TS7026: JSX element implicitly has type 'any' because no interface 'JSX.IntrinsicElements' exists.
components/dashboard/modals.tsx(921,23): error TS7026: JSX element implicitly has type 'any' because no interface 'JSX.IntrinsicElements' exists.
components/dashboard/modals.tsx(921,91): error TS7026: JSX element implicitly has type 'any' because no interface 'JSX.IntrinsicElements' exists.
components/dashboard/modals.tsx(922,21): error TS7026: JSX element implicitly has type 'any' because no interface 'JSX.IntrinsicElements' exists.
components/dashboard/modals.tsx(923,19): error TS7026: JSX element implicitly has type 'any' because no interface 'JSX.IntrinsicElements' exists.
components/dashboard/modals.tsx(925,15): error TS7026: JSX element implicitly has type 'any' because no interface 'JSX.IntrinsicElements' exists.
components/dashboard/modals.tsx(927,11): error TS7026: JSX element implicitly has type 'any' because no interface 'JSX.IntrinsicElements' exists.
components/dashboard/notification-center.tsx(3,24): error TS2307: Cannot find module 'react' or its corresponding type declarations.
components/dashboard/notification-center.tsx(4,54): error TS2307: Cannot find module '@novu/react' or its corresponding type declarations.
components/dashboard/notification-center.tsx(5,27): error TS2307: Cannot find module 'next/navigation' or its corresponding type declarations.
components/dashboard/notification-center.tsx(6,31): error TS2307: Cannot find module 'usehooks-ts' or its corresponding type declarations.
components/dashboard/notification-center.tsx(7,23): error TS2307: Cannot find module 'sonner' or its corresponding type declarations.
components/dashboard/notification-center.tsx(33,8): error TS2307: Cannot find module '@phosphor-icons/react' or its corresponding type declarations.
components/dashboard/notification-center.tsx(312,5): error TS7026: JSX element implicitly has type 'any' because no interface 'JSX.IntrinsicElements' exists.
components/dashboard/notification-center.tsx(326,9): error TS7026: JSX element implicitly has type 'any' because no interface 'JSX.IntrinsicElements' exists.
components/dashboard/notification-center.tsx(329,7): error TS7026: JSX element implicitly has type 'any' because no interface 'JSX.IntrinsicElements' exists.
components/dashboard/notification-center.tsx(331,9): error TS7026: JSX element implicitly has type 'any' because no interface 'JSX.IntrinsicElements' exists.
components/dashboard/notification-center.tsx(337,9): error TS7026: JSX element implicitly has type 'any' because no interface 'JSX.IntrinsicElements' exists.
components/dashboard/notification-center.tsx(340,9): error TS7026: JSX element implicitly has type 'any' because no interface 'JSX.IntrinsicElements' exists.
components/dashboard/notification-center.tsx(341,11): error TS7026: JSX element implicitly has type 'any' because no interface 'JSX.IntrinsicElements' exists.
components/dashboard/notification-center.tsx(342,13): error TS7026: JSX element implicitly has type 'any' because no interface 'JSX.IntrinsicElements' exists.
components/dashboard/notification-center.tsx(349,13): error TS7026: JSX element implicitly has type 'any' because no interface 'JSX.IntrinsicElements' exists.
components/dashboard/notification-center.tsx(350,13): error TS7026: JSX element implicitly has type 'any' because no interface 'JSX.IntrinsicElements' exists.
components/dashboard/notification-center.tsx(351,15): error TS7026: JSX element implicitly has type 'any' because no interface 'JSX.IntrinsicElements' exists.
components/dashboard/notification-center.tsx(353,15): error TS7026: JSX element implicitly has type 'any' because no interface 'JSX.IntrinsicElements' exists.
components/dashboard/notification-center.tsx(355,17): error TS7026: JSX element implicitly has type 'any' because no interface 'JSX.IntrinsicElements' exists.
components/dashboard/notification-center.tsx(357,13): error TS7026: JSX element implicitly has type 'any' because no interface 'JSX.IntrinsicElements' exists.
components/dashboard/notification-center.tsx(358,11): error TS7026: JSX element implicitly has type 'any' because no interface 'JSX.IntrinsicElements' exists.
components/dashboard/notification-center.tsx(360,11): error TS7026: JSX element implicitly has type 'any' because no interface 'JSX.IntrinsicElements' exists.
components/dashboard/notification-center.tsx(362,11): error TS7026: JSX element implicitly has type 'any' because no interface 'JSX.IntrinsicElements' exists.
components/dashboard/notification-center.tsx(366,13): error TS7026: JSX element implicitly has type 'any' because no interface 'JSX.IntrinsicElements' exists.
components/dashboard/notification-center.tsx(368,17): error TS7026: JSX element implicitly has type 'any' because no interface 'JSX.IntrinsicElements' exists.
components/dashboard/notification-center.tsx(370,29): error TS7006: Parameter 'e' implicitly has an 'any' type.
components/dashboard/notification-center.tsx(389,17): error TS7026: JSX element implicitly has type 'any' because no interface 'JSX.IntrinsicElements' exists.
components/dashboard/notification-center.tsx(392,17): error TS7026: JSX element implicitly has type 'any' because no interface 'JSX.IntrinsicElements' exists.
components/dashboard/notification-center.tsx(394,29): error TS7006: Parameter 'e' implicitly has an 'any' type.
components/dashboard/notification-center.tsx(411,17): error TS7026: JSX element implicitly has type 'any' because no interface 'JSX.IntrinsicElements' exists.
components/dashboard/notification-center.tsx(413,13): error TS7026: JSX element implicitly has type 'any' because no interface 'JSX.IntrinsicElements' exists.
components/dashboard/notification-center.tsx(415,9): error TS7026: JSX element implicitly has type 'any' because no interface 'JSX.IntrinsicElements' exists.
components/dashboard/notification-center.tsx(419,11): error TS7026: JSX element implicitly has type 'any' because no interface 'JSX.IntrinsicElements' exists.
components/dashboard/notification-center.tsx(421,15): error TS7026: JSX element implicitly has type 'any' because no interface 'JSX.IntrinsicElements' exists.
components/dashboard/notification-center.tsx(423,27): error TS7006: Parameter 'e' implicitly has an 'any' type.
components/dashboard/notification-center.tsx(431,15): error TS7026: JSX element implicitly has type 'any' because no interface 'JSX.IntrinsicElements' exists.
components/dashboard/notification-center.tsx(433,15): error TS7026: JSX element implicitly has type 'any' because no interface 'JSX.IntrinsicElements' exists.
components/dashboard/notification-center.tsx(435,27): error TS7006: Parameter 'e' implicitly has an 'any' type.
components/dashboard/notification-center.tsx(443,15): error TS7026: JSX element implicitly has type 'any' because no interface 'JSX.IntrinsicElements' exists.
components/dashboard/notification-center.tsx(446,65): error TS7006: Parameter 'open' implicitly has an 'any' type.
components/dashboard/notification-center.tsx(451,17): error TS7026: JSX element implicitly has type 'any' because no interface 'JSX.IntrinsicElements' exists.
components/dashboard/notification-center.tsx(453,29): error TS7006: Parameter 'e' implicitly has an 'any' type.
components/dashboard/notification-center.tsx(458,17): error TS7026: JSX element implicitly has type 'any' because no interface 'JSX.IntrinsicElements' exists.
components/dashboard/notification-center.tsx(464,46): error TS7006: Parameter 'e' implicitly has an 'any' type.
components/dashboard/notification-center.tsx(468,46): error TS7006: Parameter 'e' implicitly has an 'any' type.
components/dashboard/notification-center.tsx(472,46): error TS7006: Parameter 'e' implicitly has an 'any' type.
components/dashboard/notification-center.tsx(476,46): error TS7006: Parameter 'e' implicitly has an 'any' type.
components/dashboard/notification-center.tsx(480,46): error TS7006: Parameter 'e' implicitly has an 'any' type.
components/dashboard/notification-center.tsx(485,46): error TS7006: Parameter 'e' implicitly has an 'any' type.
components/dashboard/notification-center.tsx(491,19): error TS7026: JSX element implicitly has type 'any' because no interface 'JSX.IntrinsicElements' exists.
components/dashboard/notification-center.tsx(491,64): error TS7006: Parameter 'e' implicitly has an 'any' type.
components/dashboard/notification-center.tsx(492,21): error TS7026: JSX element implicitly has type 'any' because no interface 'JSX.IntrinsicElements' exists.
components/dashboard/notification-center.tsx(493,23): error TS7026: JSX element implicitly has type 'any' because no interface 'JSX.IntrinsicElements' exists.
components/dashboard/notification-center.tsx(493,110): error TS7026: JSX element implicitly has type 'any' because no interface 'JSX.IntrinsicElements' exists.
components/dashboard/notification-center.tsx(494,23): error TS7026: JSX element implicitly has type 'any' because no interface 'JSX.IntrinsicElements' exists.
components/dashboard/notification-center.tsx(500,23): error TS7026: JSX element implicitly has type 'any' because no interface 'JSX.IntrinsicElements' exists.
components/dashboard/notification-center.tsx(501,21): error TS7026: JSX element implicitly has type 'any' because no interface 'JSX.IntrinsicElements' exists.
components/dashboard/notification-center.tsx(502,21): error TS7026: JSX element implicitly has type 'any' because no interface 'JSX.IntrinsicElements' exists.
components/dashboard/notification-center.tsx(503,23): error TS7026: JSX element implicitly has type 'any' because no interface 'JSX.IntrinsicElements' exists.
components/dashboard/notification-center.tsx(504,25): error TS7026: JSX element implicitly has type 'any' because no interface 'JSX.IntrinsicElements' exists.
components/dashboard/notification-center.tsx(504,156): error TS7026: JSX element implicitly has type 'any' because no interface 'JSX.IntrinsicElements' exists.
components/dashboard/notification-center.tsx(505,25): error TS7026: JSX element implicitly has type 'any' because no interface 'JSX.IntrinsicElements' exists.
components/dashboard/notification-center.tsx(509,38): error TS7006: Parameter 'e' implicitly has an 'any' type.
components/dashboard/notification-center.tsx(513,23): error TS7026: JSX element implicitly has type 'any' because no interface 'JSX.IntrinsicElements' exists.
components/dashboard/notification-center.tsx(514,23): error TS7026: JSX element implicitly has type 'any' because no interface 'JSX.IntrinsicElements' exists.
components/dashboard/notification-center.tsx(515,25): error TS7026: JSX element implicitly has type 'any' because no interface 'JSX.IntrinsicElements' exists.
components/dashboard/notification-center.tsx(515,156): error TS7026: JSX element implicitly has type 'any' because no interface 'JSX.IntrinsicElements' exists.
components/dashboard/notification-center.tsx(516,25): error TS7026: JSX element implicitly has type 'any' because no interface 'JSX.IntrinsicElements' exists.
components/dashboard/notification-center.tsx(520,38): error TS7006: Parameter 'e' implicitly has an 'any' type.
components/dashboard/notification-center.tsx(523,23): error TS7026: JSX element implicitly has type 'any' because no interface 'JSX.IntrinsicElements' exists.
components/dashboard/notification-center.tsx(524,21): error TS7026: JSX element implicitly has type 'any' because no interface 'JSX.IntrinsicElements' exists.
components/dashboard/notification-center.tsx(525,21): error TS7026: JSX element implicitly has type 'any' because no interface 'JSX.IntrinsicElements' exists.
components/dashboard/notification-center.tsx(526,23): error TS7026: JSX element implicitly has type 'any' because no interface 'JSX.IntrinsicElements' exists.
components/dashboard/notification-center.tsx(536,23): error TS7026: JSX element implicitly has type 'any' because no interface 'JSX.IntrinsicElements' exists.
components/dashboard/notification-center.tsx(537,23): error TS7026: JSX element implicitly has type 'any' because no interface 'JSX.IntrinsicElements' exists.
components/dashboard/notification-center.tsx(544,23): error TS7026: JSX element implicitly has type 'any' because no interface 'JSX.IntrinsicElements' exists.
components/dashboard/notification-center.tsx(545,21): error TS7026: JSX element implicitly has type 'any' because no interface 'JSX.IntrinsicElements' exists.
components/dashboard/notification-center.tsx(546,19): error TS7026: JSX element implicitly has type 'any' because no interface 'JSX.IntrinsicElements' exists.
components/dashboard/notification-center.tsx(550,13): error TS7026: JSX element implicitly has type 'any' because no interface 'JSX.IntrinsicElements' exists.
components/dashboard/notification-center.tsx(552,25): error TS7006: Parameter 'e' implicitly has an 'any' type.
components/dashboard/notification-center.tsx(560,13): error TS7026: JSX element implicitly has type 'any' because no interface 'JSX.IntrinsicElements' exists.
components/dashboard/notification-center.tsx(561,11): error TS7026: JSX element implicitly has type 'any' because no interface 'JSX.IntrinsicElements' exists.
components/dashboard/notification-center.tsx(566,11): error TS7026: JSX element implicitly has type 'any' because no interface 'JSX.IntrinsicElements' exists.
components/dashboard/notification-center.tsx(567,13): error TS7026: JSX element implicitly has type 'any' because no interface 'JSX.IntrinsicElements' exists.
components/dashboard/notification-center.tsx(569,25): error TS7006: Parameter 'e' implicitly has an 'any' type.
components/dashboard/notification-center.tsx(578,13): error TS7026: JSX element implicitly has type 'any' because no interface 'JSX.IntrinsicElements' exists.
components/dashboard/notification-center.tsx(579,11): error TS7026: JSX element implicitly has type 'any' because no interface 'JSX.IntrinsicElements' exists.
components/dashboard/notification-center.tsx(584,11): error TS7026: JSX element implicitly has type 'any' because no interface 'JSX.IntrinsicElements' exists.
components/dashboard/notification-center.tsx(585,13): error TS7026: JSX element implicitly has type 'any' because no interface 'JSX.IntrinsicElements' exists.
components/dashboard/notification-center.tsx(587,25): error TS7006: Parameter 'e' implicitly has an 'any' type.
components/dashboard/notification-center.tsx(596,13): error TS7026: JSX element implicitly has type 'any' because no interface 'JSX.IntrinsicElements' exists.
components/dashboard/notification-center.tsx(597,11): error TS7026: JSX element implicitly has type 'any' because no interface 'JSX.IntrinsicElements' exists.
components/dashboard/notification-center.tsx(599,7): error TS7026: JSX element implicitly has type 'any' because no interface 'JSX.IntrinsicElements' exists.
components/dashboard/notification-center.tsx(600,5): error TS7026: JSX element implicitly has type 'any' because no interface 'JSX.IntrinsicElements' exists.
components/dashboard/notification-center.tsx(616,5): error TS7026: JSX element implicitly has type 'any' because no interface 'JSX.IntrinsicElements' exists.
components/dashboard/notification-center.tsx(616,5): error TS2875: This JSX tag requires the module path 'react/jsx-runtime' to exist, but none could be found. Make sure you have types for the appropriate package installed.
components/dashboard/notification-center.tsx(645,9): error TS7026: JSX element implicitly has type 'any' because no interface 'JSX.IntrinsicElements' exists.
components/dashboard/notification-center.tsx(657,9): error TS7026: JSX element implicitly has type 'any' because no interface 'JSX.IntrinsicElements' exists.
components/dashboard/notification-center.tsx(659,5): error TS7026: JSX element implicitly has type 'any' because no interface 'JSX.IntrinsicElements' exists.
components/dashboard/notification-center.tsx(679,5): error TS7026: JSX element implicitly has type 'any' because no interface 'JSX.IntrinsicElements' exists.
components/dashboard/notification-center.tsx(681,7): error TS7026: JSX element implicitly has type 'any' because no interface 'JSX.IntrinsicElements' exists.
components/dashboard/notification-center.tsx(682,9): error TS7026: JSX element implicitly has type 'any' because no interface 'JSX.IntrinsicElements' exists.
components/dashboard/notification-center.tsx(683,11): error TS7026: JSX element implicitly has type 'any' because no interface 'JSX.IntrinsicElements' exists.
components/dashboard/notification-center.tsx(685,11): error TS7026: JSX element implicitly has type 'any' because no interface 'JSX.IntrinsicElements' exists.
components/dashboard/notification-center.tsx(686,11): error TS7026: JSX element implicitly has type 'any' because no interface 'JSX.IntrinsicElements' exists.
components/dashboard/notification-center.tsx(687,13): error TS7026: JSX element implicitly has type 'any' because no interface 'JSX.IntrinsicElements' exists.
components/dashboard/notification-center.tsx(687,98): error TS7026: JSX element implicitly has type 'any' because no interface 'JSX.IntrinsicElements' exists.
components/dashboard/notification-center.tsx(688,13): error TS7026: JSX element implicitly has type 'any' because no interface 'JSX.IntrinsicElements' exists.
components/dashboard/notification-center.tsx(690,13): error TS7026: JSX element implicitly has type 'any' because no interface 'JSX.IntrinsicElements' exists.
components/dashboard/notification-center.tsx(691,11): error TS7026: JSX element implicitly has type 'any' because no interface 'JSX.IntrinsicElements' exists.
components/dashboard/notification-center.tsx(692,9): error TS7026: JSX element implicitly has type 'any' because no interface 'JSX.IntrinsicElements' exists.
components/dashboard/notification-center.tsx(693,7): error TS7026: JSX element implicitly has type 'any' because no interface 'JSX.IntrinsicElements' exists.
components/dashboard/notification-center.tsx(696,7): error TS7026: JSX element implicitly has type 'any' because no interface 'JSX.IntrinsicElements' exists.
components/dashboard/notification-center.tsx(697,9): error TS7026: JSX element implicitly has type 'any' because no interface 'JSX.IntrinsicElements' exists.
components/dashboard/notification-center.tsx(699,9): error TS7026: JSX element implicitly has type 'any' because no interface 'JSX.IntrinsicElements' exists.
components/dashboard/notification-center.tsx(700,9): error TS7026: JSX element implicitly has type 'any' because no interface 'JSX.IntrinsicElements' exists.
components/dashboard/notification-center.tsx(702,9): error TS7026: JSX element implicitly has type 'any' because no interface 'JSX.IntrinsicElements' exists.
components/dashboard/notification-center.tsx(703,9): error TS7026: JSX element implicitly has type 'any' because no interface 'JSX.IntrinsicElements' exists.
components/dashboard/notification-center.tsx(705,9): error TS7026: JSX element implicitly has type 'any' because no interface 'JSX.IntrinsicElements' exists.
components/dashboard/notification-center.tsx(706,7): error TS7026: JSX element implicitly has type 'any' because no interface 'JSX.IntrinsicElements' exists.
components/dashboard/notification-center.tsx(709,7): error TS7026: JSX element implicitly has type 'any' because no interface 'JSX.IntrinsicElements' exists.
components/dashboard/notification-center.tsx(713,9): error TS7026: JSX element implicitly has type 'any' because no interface 'JSX.IntrinsicElements' exists.
components/dashboard/notification-center.tsx(722,9): error TS7026: JSX element implicitly has type 'any' because no interface 'JSX.IntrinsicElements' exists.
components/dashboard/notification-center.tsx(723,7): error TS7026: JSX element implicitly has type 'any' because no interface 'JSX.IntrinsicElements' exists.
components/dashboard/notification-center.tsx(724,5): error TS7026: JSX element implicitly has type 'any' because no interface 'JSX.IntrinsicElements' exists.
components/dashboard/notification-center.tsx(748,35): error TS7006: Parameter 'n' implicitly has an 'any' type.
components/dashboard/notification-center.tsx(752,35): error TS7006: Parameter 'n' implicitly has an 'any' type.
components/dashboard/notification-center.tsx(759,35): error TS7006: Parameter 'n' implicitly has an 'any' type.
components/dashboard/notification-center.tsx(762,33): error TS7006: Parameter 'n' implicitly has an 'any' type.
components/dashboard/notification-center.tsx(772,33): error TS7006: Parameter 'n' implicitly has an 'any' type.
components/dashboard/notification-center.tsx(781,33): error TS7006: Parameter 'n' implicitly has an 'any' type.
components/dashboard/notification-center.tsx(786,33): error TS7006: Parameter 'n' implicitly has an 'any' type.
components/dashboard/notification-center.tsx(975,5): error TS7026: JSX element implicitly has type 'any' because no interface 'JSX.IntrinsicElements' exists.
components/dashboard/notification-center.tsx(977,7): error TS7026: JSX element implicitly has type 'any' because no interface 'JSX.IntrinsicElements' exists.
components/dashboard/notification-center.tsx(978,9): error TS7026: JSX element implicitly has type 'any' because no interface 'JSX.IntrinsicElements' exists.
components/dashboard/notification-center.tsx(979,11): error TS7026: JSX element implicitly has type 'any' because no interface 'JSX.IntrinsicElements' exists.
components/dashboard/notification-center.tsx(981,11): error TS7026: JSX element implicitly has type 'any' because no interface 'JSX.IntrinsicElements' exists.
components/dashboard/notification-center.tsx(982,11): error TS7026: JSX element implicitly has type 'any' because no interface 'JSX.IntrinsicElements' exists.
components/dashboard/notification-center.tsx(983,13): error TS7026: JSX element implicitly has type 'any' because no interface 'JSX.IntrinsicElements' exists.
components/dashboard/notification-center.tsx(983,98): error TS7026: JSX element implicitly has type 'any' because no interface 'JSX.IntrinsicElements' exists.
components/dashboard/notification-center.tsx(984,13): error TS7026: JSX element implicitly has type 'any' because no interface 'JSX.IntrinsicElements' exists.
components/dashboard/notification-center.tsx(986,13): error TS7026: JSX element implicitly has type 'any' because no interface 'JSX.IntrinsicElements' exists.
components/dashboard/notification-center.tsx(987,11): error TS7026: JSX element implicitly has type 'any' because no interface 'JSX.IntrinsicElements' exists.
components/dashboard/notification-center.tsx(988,9): error TS7026: JSX element implicitly has type 'any' because no interface 'JSX.IntrinsicElements' exists.
components/dashboard/notification-center.tsx(993,13): error TS7026: JSX element implicitly has type 'any' because no interface 'JSX.IntrinsicElements' exists.
components/dashboard/notification-center.tsx(998,13): error TS7026: JSX element implicitly has type 'any' because no interface 'JSX.IntrinsicElements' exists.
components/dashboard/notification-center.tsx(1026,7): error TS7026: JSX element implicitly has type 'any' because no interface 'JSX.IntrinsicElements' exists.
components/dashboard/notification-center.tsx(1029,7): error TS7026: JSX element implicitly has type 'any' because no interface 'JSX.IntrinsicElements' exists.
components/dashboard/notification-center.tsx(1030,9): error TS7026: JSX element implicitly has type 'any' because no interface 'JSX.IntrinsicElements' exists.
components/dashboard/notification-center.tsx(1042,9): error TS7026: JSX element implicitly has type 'any' because no interface 'JSX.IntrinsicElements' exists.
components/dashboard/notification-center.tsx(1043,9): error TS7026: JSX element implicitly has type 'any' because no interface 'JSX.IntrinsicElements' exists.
components/dashboard/notification-center.tsx(1056,13): error TS7026: JSX element implicitly has type 'any' because no interface 'JSX.IntrinsicElements' exists.
components/dashboard/notification-center.tsx(1063,13): error TS7026: JSX element implicitly has type 'any' because no interface 'JSX.IntrinsicElements' exists.
components/dashboard/notification-center.tsx(1065,9): error TS7026: JSX element implicitly has type 'any' because no interface 'JSX.IntrinsicElements' exists.
components/dashboard/notification-center.tsx(1066,9): error TS7026: JSX element implicitly has type 'any' because no interface 'JSX.IntrinsicElements' exists.
components/dashboard/notification-center.tsx(1079,13): error TS7026: JSX element implicitly has type 'any' because no interface 'JSX.IntrinsicElements' exists.
components/dashboard/notification-center.tsx(1086,13): error TS7026: JSX element implicitly has type 'any' because no interface 'JSX.IntrinsicElements' exists.
components/dashboard/notification-center.tsx(1088,9): error TS7026: JSX element implicitly has type 'any' because no interface 'JSX.IntrinsicElements' exists.
components/dashboard/notification-center.tsx(1089,9): error TS7026: JSX element implicitly has type 'any' because no interface 'JSX.IntrinsicElements' exists.
components/dashboard/notification-center.tsx(1102,13): error TS7026: JSX element implicitly has type 'any' because no interface 'JSX.IntrinsicElements' exists.
components/dashboard/notification-center.tsx(1109,13): error TS7026: JSX element implicitly has type 'any' because no interface 'JSX.IntrinsicElements' exists.
components/dashboard/notification-center.tsx(1111,9): error TS7026: JSX element implicitly has type 'any' because no interface 'JSX.IntrinsicElements' exists.
components/dashboard/notification-center.tsx(1112,7): error TS7026: JSX element implicitly has type 'any' because no interface 'JSX.IntrinsicElements' exists.
components/dashboard/notification-center.tsx(1115,7): error TS7026: JSX element implicitly has type 'any' because no interface 'JSX.IntrinsicElements' exists.
components/dashboard/notification-center.tsx(1117,11): error TS7026: JSX element implicitly has type 'any' because no interface 'JSX.IntrinsicElements' exists.
components/dashboard/notification-center.tsx(1118,13): error TS7026: JSX element implicitly has type 'any' because no interface 'JSX.IntrinsicElements' exists.
components/dashboard/notification-center.tsx(1119,13): error TS7026: JSX element implicitly has type 'any' because no interface 'JSX.IntrinsicElements' exists.
components/dashboard/notification-center.tsx(1121,13): error TS7026: JSX element implicitly has type 'any' because no interface 'JSX.IntrinsicElements' exists.
components/dashboard/notification-center.tsx(1122,11): error TS7026: JSX element implicitly has type 'any' because no interface 'JSX.IntrinsicElements' exists.
components/dashboard/notification-center.tsx(1124,11): error TS7026: JSX element implicitly has type 'any' because no interface 'JSX.IntrinsicElements' exists.
components/dashboard/notification-center.tsx(1125,13): error TS7026: JSX element implicitly has type 'any' because no interface 'JSX.IntrinsicElements' exists.
components/dashboard/notification-center.tsx(1135,13): error TS7026: JSX element implicitly has type 'any' because no interface 'JSX.IntrinsicElements' exists.
components/dashboard/notification-center.tsx(1136,13): error TS7026: JSX element implicitly has type 'any' because no interface 'JSX.IntrinsicElements' exists.
components/dashboard/notification-center.tsx(1144,13): error TS7026: JSX element implicitly has type 'any' because no interface 'JSX.IntrinsicElements' exists.
components/dashboard/notification-center.tsx(1145,13): error TS7026: JSX element implicitly has type 'any' because no interface 'JSX.IntrinsicElements' exists.
components/dashboard/notification-center.tsx(1153,13): error TS7026: JSX element implicitly has type 'any' because no interface 'JSX.IntrinsicElements' exists.
components/dashboard/notification-center.tsx(1154,11): error TS7026: JSX element implicitly has type 'any' because no interface 'JSX.IntrinsicElements' exists.
components/dashboard/notification-center.tsx(1157,40): error TS7006: Parameter 'group' implicitly has an 'any' type.
components/dashboard/notification-center.tsx(1158,15): error TS7026: JSX element implicitly has type 'any' because no interface 'JSX.IntrinsicElements' exists.
components/dashboard/notification-center.tsx(1160,17): error TS7026: JSX element implicitly has type 'any' because no interface 'JSX.IntrinsicElements' exists.
components/dashboard/notification-center.tsx(1161,19): error TS7026: JSX element implicitly has type 'any' because no interface 'JSX.IntrinsicElements' exists.
components/dashboard/notification-center.tsx(1163,19): error TS7026: JSX element implicitly has type 'any' because no interface 'JSX.IntrinsicElements' exists.
components/dashboard/notification-center.tsx(1164,17): error TS7026: JSX element implicitly has type 'any' because no interface 'JSX.IntrinsicElements' exists.
components/dashboard/notification-center.tsx(1167,17): error TS7026: JSX element implicitly has type 'any' because no interface 'JSX.IntrinsicElements' exists.
components/dashboard/notification-center.tsx(1168,45): error TS7006: Parameter 'notification' implicitly has an 'any' type.
components/dashboard/notification-center.tsx(1169,70): error TS7006: Parameter 'n' implicitly has an 'any' type.
components/dashboard/notification-center.tsx(1174,25): error TS2322: Type '{ key: any; notification: any; onClick: () => Promise<void>; onRead: () => Promise<void>; onUnread: () => Promise<void>; onArchive: () => Promise<void>; onUnarchive: () => Promise<...>; ... 5 more ...; onRevertSecondary: () => Promise<...>; }' is not assignable to type 'NotificationItemProps'.
  Property 'key' does not exist on type 'NotificationItemProps'.
components/dashboard/notification-center.tsx(1190,17): error TS7026: JSX element implicitly has type 'any' because no interface 'JSX.IntrinsicElements' exists.
components/dashboard/notification-center.tsx(1191,15): error TS7026: JSX element implicitly has type 'any' because no interface 'JSX.IntrinsicElements' exists.
components/dashboard/notification-center.tsx(1198,11): error TS7026: JSX element implicitly has type 'any' because no interface 'JSX.IntrinsicElements' exists.
components/dashboard/notification-center.tsx(1199,13): error TS7026: JSX element implicitly has type 'any' because no interface 'JSX.IntrinsicElements' exists.
components/dashboard/notification-center.tsx(1215,13): error TS7026: JSX element implicitly has type 'any' because no interface 'JSX.IntrinsicElements' exists.
components/dashboard/notification-center.tsx(1216,11): error TS7026: JSX element implicitly has type 'any' because no interface 'JSX.IntrinsicElements' exists.
components/dashboard/notification-center.tsx(1218,7): error TS7026: JSX element implicitly has type 'any' because no interface 'JSX.IntrinsicElements' exists.
components/dashboard/notification-center.tsx(1221,7): error TS7026: JSX element implicitly has type 'any' because no interface 'JSX.IntrinsicElements' exists.
components/dashboard/notification-center.tsx(1225,9): error TS7026: JSX element implicitly has type 'any' because no interface 'JSX.IntrinsicElements' exists.
components/dashboard/notification-center.tsx(1234,9): error TS7026: JSX element implicitly has type 'any' because no interface 'JSX.IntrinsicElements' exists.
components/dashboard/notification-center.tsx(1235,7): error TS7026: JSX element implicitly has type 'any' because no interface 'JSX.IntrinsicElements' exists.
components/dashboard/notification-center.tsx(1236,5): error TS7026: JSX element implicitly has type 'any' because no interface 'JSX.IntrinsicElements' exists.
components/dashboard/notification-center.tsx(1400,5): error TS7026: JSX element implicitly has type 'any' because no interface 'JSX.IntrinsicElements' exists.
components/dashboard/notification-center.tsx(1419,9): error TS7026: JSX element implicitly has type 'any' because no interface 'JSX.IntrinsicElements' exists.
components/dashboard/notification-center.tsx(1421,9): error TS7026: JSX element implicitly has type 'any' because no interface 'JSX.IntrinsicElements' exists.
components/dashboard/notification-center.tsx(1423,5): error TS7026: JSX element implicitly has type 'any' because no interface 'JSX.IntrinsicElements' exists.
components/dashboard/notifications-drawer.tsx(3,24): error TS2307: Cannot find module 'react' or its corresponding type declarations.
components/dashboard/notifications-drawer.tsx(19,8): error TS2307: Cannot find module '@phosphor-icons/react' or its corresponding type declarations.
components/dashboard/notifications-drawer.tsx(20,27): error TS2307: Cannot find module 'next/navigation' or its corresponding type declarations.
components/dashboard/notifications-drawer.tsx(197,36): error TS7006: Parameter 'notification' implicitly has an 'any' type.
components/dashboard/notifications-drawer.tsx(235,5): error TS2875: This JSX tag requires the module path 'react/jsx-runtime' to exist, but none could be found. Make sure you have types for the appropriate package installed.
components/dashboard/notifications-drawer.tsx(238,9): error TS7026: JSX element implicitly has type 'any' because no interface 'JSX.IntrinsicElements' exists.
components/dashboard/notifications-drawer.tsx(239,11): error TS7026: JSX element implicitly has type 'any' because no interface 'JSX.IntrinsicElements' exists.
components/dashboard/notifications-drawer.tsx(240,13): error TS7026: JSX element implicitly has type 'any' because no interface 'JSX.IntrinsicElements' exists.
components/dashboard/notifications-drawer.tsx(242,13): error TS7026: JSX element implicitly has type 'any' because no interface 'JSX.IntrinsicElements' exists.
components/dashboard/notifications-drawer.tsx(243,13): error TS7026: JSX element implicitly has type 'any' because no interface 'JSX.IntrinsicElements' exists.
components/dashboard/notifications-drawer.tsx(244,15): error TS7026: JSX element implicitly has type 'any' because no interface 'JSX.IntrinsicElements' exists.
components/dashboard/notifications-drawer.tsx(244,79): error TS7026: JSX element implicitly has type 'any' because no interface 'JSX.IntrinsicElements' exists.
components/dashboard/notifications-drawer.tsx(245,15): error TS7026: JSX element implicitly has type 'any' because no interface 'JSX.IntrinsicElements' exists.
components/dashboard/notifications-drawer.tsx(247,15): error TS7026: JSX element implicitly has type 'any' because no interface 'JSX.IntrinsicElements' exists.
components/dashboard/notifications-drawer.tsx(248,13): error TS7026: JSX element implicitly has type 'any' because no interface 'JSX.IntrinsicElements' exists.
components/dashboard/notifications-drawer.tsx(249,11): error TS7026: JSX element implicitly has type 'any' because no interface 'JSX.IntrinsicElements' exists.
components/dashboard/notifications-drawer.tsx(250,11): error TS7026: JSX element implicitly has type 'any' because no interface 'JSX.IntrinsicElements' exists.
components/dashboard/notifications-drawer.tsx(256,11): error TS7026: JSX element implicitly has type 'any' because no interface 'JSX.IntrinsicElements' exists.
components/dashboard/notifications-drawer.tsx(257,9): error TS7026: JSX element implicitly has type 'any' because no interface 'JSX.IntrinsicElements' exists.
components/dashboard/notifications-drawer.tsx(261,11): error TS7026: JSX element implicitly has type 'any' because no interface 'JSX.IntrinsicElements' exists.
components/dashboard/notifications-drawer.tsx(262,13): error TS7026: JSX element implicitly has type 'any' because no interface 'JSX.IntrinsicElements' exists.
components/dashboard/notifications-drawer.tsx(273,13): error TS7026: JSX element implicitly has type 'any' because no interface 'JSX.IntrinsicElements' exists.
components/dashboard/notifications-drawer.tsx(274,13): error TS7026: JSX element implicitly has type 'any' because no interface 'JSX.IntrinsicElements' exists.
components/dashboard/notifications-drawer.tsx(286,17): error TS7026: JSX element implicitly has type 'any' because no interface 'JSX.IntrinsicElements' exists.
components/dashboard/notifications-drawer.tsx(293,17): error TS7026: JSX element implicitly has type 'any' because no interface 'JSX.IntrinsicElements' exists.
components/dashboard/notifications-drawer.tsx(295,13): error TS7026: JSX element implicitly has type 'any' because no interface 'JSX.IntrinsicElements' exists.
components/dashboard/notifications-drawer.tsx(298,15): error TS7026: JSX element implicitly has type 'any' because no interface 'JSX.IntrinsicElements' exists.
components/dashboard/notifications-drawer.tsx(304,15): error TS7026: JSX element implicitly has type 'any' because no interface 'JSX.IntrinsicElements' exists.
components/dashboard/notifications-drawer.tsx(306,11): error TS7026: JSX element implicitly has type 'any' because no interface 'JSX.IntrinsicElements' exists.
components/dashboard/notifications-drawer.tsx(309,11): error TS7026: JSX element implicitly has type 'any' because no interface 'JSX.IntrinsicElements' exists.
components/dashboard/notifications-drawer.tsx(311,15): error TS7026: JSX element implicitly has type 'any' because no interface 'JSX.IntrinsicElements' exists.
components/dashboard/notifications-drawer.tsx(312,17): error TS7026: JSX element implicitly has type 'any' because no interface 'JSX.IntrinsicElements' exists.
components/dashboard/notifications-drawer.tsx(313,17): error TS7026: JSX element implicitly has type 'any' because no interface 'JSX.IntrinsicElements' exists.
components/dashboard/notifications-drawer.tsx(313,97): error TS7026: JSX element implicitly has type 'any' because no interface 'JSX.IntrinsicElements' exists.
components/dashboard/notifications-drawer.tsx(314,15): error TS7026: JSX element implicitly has type 'any' because no interface 'JSX.IntrinsicElements' exists.
components/dashboard/notifications-drawer.tsx(316,15): error TS7026: JSX element implicitly has type 'any' because no interface 'JSX.IntrinsicElements' exists.
components/dashboard/notifications-drawer.tsx(317,17): error TS7026: JSX element implicitly has type 'any' because no interface 'JSX.IntrinsicElements' exists.
components/dashboard/notifications-drawer.tsx(319,17): error TS7026: JSX element implicitly has type 'any' because no interface 'JSX.IntrinsicElements' exists.
components/dashboard/notifications-drawer.tsx(320,17): error TS7026: JSX element implicitly has type 'any' because no interface 'JSX.IntrinsicElements' exists.
components/dashboard/notifications-drawer.tsx(320,93): error TS7026: JSX element implicitly has type 'any' because no interface 'JSX.IntrinsicElements' exists.
components/dashboard/notifications-drawer.tsx(321,17): error TS7026: JSX element implicitly has type 'any' because no interface 'JSX.IntrinsicElements' exists.
components/dashboard/notifications-drawer.tsx(325,17): error TS7026: JSX element implicitly has type 'any' because no interface 'JSX.IntrinsicElements' exists.
components/dashboard/notifications-drawer.tsx(326,15): error TS7026: JSX element implicitly has type 'any' because no interface 'JSX.IntrinsicElements' exists.
components/dashboard/notifications-drawer.tsx(328,41): error TS7006: Parameter 'group' implicitly has an 'any' type.
components/dashboard/notifications-drawer.tsx(329,17): error TS7026: JSX element implicitly has type 'any' because no interface 'JSX.IntrinsicElements' exists.
components/dashboard/notifications-drawer.tsx(331,19): error TS7026: JSX element implicitly has type 'any' because no interface 'JSX.IntrinsicElements' exists.
components/dashboard/notifications-drawer.tsx(332,21): error TS7026: JSX element implicitly has type 'any' because no interface 'JSX.IntrinsicElements' exists.
components/dashboard/notifications-drawer.tsx(334,21): error TS7026: JSX element implicitly has type 'any' because no interface 'JSX.IntrinsicElements' exists.
components/dashboard/notifications-drawer.tsx(335,19): error TS7026: JSX element implicitly has type 'any' because no interface 'JSX.IntrinsicElements' exists.
components/dashboard/notifications-drawer.tsx(338,19): error TS7026: JSX element implicitly has type 'any' because no interface 'JSX.IntrinsicElements' exists.
components/dashboard/notifications-drawer.tsx(339,47): error TS7006: Parameter 'notification' implicitly has an 'any' type.
components/dashboard/notifications-drawer.tsx(340,36): error TS7053: Element implicitly has an 'any' type because expression of type 'any' can't be used to index type 'Partial<Record<NotificationType, React.ElementType>>'.
components/dashboard/notifications-drawer.tsx(341,38): error TS7053: Element implicitly has an 'any' type because expression of type 'any' can't be used to index type 'Partial<Record<NotificationType, { bg: string; icon: string; border: string; }>>'.
components/dashboard/notifications-drawer.tsx(362,25): error TS7026: JSX element implicitly has type 'any' because no interface 'JSX.IntrinsicElements' exists.
components/dashboard/notifications-drawer.tsx(374,27): error TS7026: JSX element implicitly has type 'any' because no interface 'JSX.IntrinsicElements' exists.
components/dashboard/notifications-drawer.tsx(376,29): error TS7026: JSX element implicitly has type 'any' because no interface 'JSX.IntrinsicElements' exists.
components/dashboard/notifications-drawer.tsx(382,29): error TS7026: JSX element implicitly has type 'any' because no interface 'JSX.IntrinsicElements' exists.
components/dashboard/notifications-drawer.tsx(385,29): error TS7026: JSX element implicitly has type 'any' because no interface 'JSX.IntrinsicElements' exists.
components/dashboard/notifications-drawer.tsx(386,31): error TS7026: JSX element implicitly has type 'any' because no interface 'JSX.IntrinsicElements' exists.
components/dashboard/notifications-drawer.tsx(387,33): error TS7026: JSX element implicitly has type 'any' because no interface 'JSX.IntrinsicElements' exists.
components/dashboard/notifications-drawer.tsx(392,33): error TS7026: JSX element implicitly has type 'any' because no interface 'JSX.IntrinsicElements' exists.
components/dashboard/notifications-drawer.tsx(393,33): error TS7026: JSX element implicitly has type 'any' because no interface 'JSX.IntrinsicElements' exists.
components/dashboard/notifications-drawer.tsx(394,35): error TS7026: JSX element implicitly has type 'any' because no interface 'JSX.IntrinsicElements' exists.
components/dashboard/notifications-drawer.tsx(396,35): error TS7026: JSX element implicitly has type 'any' because no interface 'JSX.IntrinsicElements' exists.
components/dashboard/notifications-drawer.tsx(398,37): error TS7026: JSX element implicitly has type 'any' because no interface 'JSX.IntrinsicElements' exists.
components/dashboard/notifications-drawer.tsx(400,33): error TS7026: JSX element implicitly has type 'any' because no interface 'JSX.IntrinsicElements' exists.
components/dashboard/notifications-drawer.tsx(401,31): error TS7026: JSX element implicitly has type 'any' because no interface 'JSX.IntrinsicElements' exists.
components/dashboard/notifications-drawer.tsx(402,31): error TS7026: JSX element implicitly has type 'any' because no interface 'JSX.IntrinsicElements' exists.
components/dashboard/notifications-drawer.tsx(404,31): error TS7026: JSX element implicitly has type 'any' because no interface 'JSX.IntrinsicElements' exists.
components/dashboard/notifications-drawer.tsx(406,33): error TS7026: JSX element implicitly has type 'any' because no interface 'JSX.IntrinsicElements' exists.
components/dashboard/notifications-drawer.tsx(408,35): error TS7026: JSX element implicitly has type 'any' because no interface 'JSX.IntrinsicElements' exists.
components/dashboard/notifications-drawer.tsx(408,62): error TS7026: JSX element implicitly has type 'any' because no interface 'JSX.IntrinsicElements' exists.
components/dashboard/notifications-drawer.tsx(409,33): error TS7026: JSX element implicitly has type 'any' because no interface 'JSX.IntrinsicElements' exists.
components/dashboard/notifications-drawer.tsx(411,29): error TS7026: JSX element implicitly has type 'any' because no interface 'JSX.IntrinsicElements' exists.
components/dashboard/notifications-drawer.tsx(412,27): error TS7026: JSX element implicitly has type 'any' because no interface 'JSX.IntrinsicElements' exists.
components/dashboard/notifications-drawer.tsx(413,25): error TS7026: JSX element implicitly has type 'any' because no interface 'JSX.IntrinsicElements' exists.
components/dashboard/notifications-drawer.tsx(416,19): error TS7026: JSX element implicitly has type 'any' because no interface 'JSX.IntrinsicElements' exists.
components/dashboard/notifications-drawer.tsx(417,17): error TS7026: JSX element implicitly has type 'any' because no interface 'JSX.IntrinsicElements' exists.
components/dashboard/notifications-drawer.tsx(420,11): error TS7026: JSX element implicitly has type 'any' because no interface 'JSX.IntrinsicElements' exists.
components/dashboard/notifications-drawer.tsx(424,9): error TS7026: JSX element implicitly has type 'any' because no interface 'JSX.IntrinsicElements' exists.
components/dashboard/notifications-drawer.tsx(428,11): error TS7026: JSX element implicitly has type 'any' because no interface 'JSX.IntrinsicElements' exists.
components/dashboard/notifications-drawer.tsx(437,11): error TS7026: JSX element implicitly has type 'any' because no interface 'JSX.IntrinsicElements' exists.
components/dashboard/notifications-drawer.tsx(438,9): error TS7026: JSX element implicitly has type 'any' because no interface 'JSX.IntrinsicElements' exists.
components/dashboard/novu-inbox.tsx(3,23): error TS2307: Cannot find module '@novu/nextjs' or its corresponding type declarations.
components/dashboard/novu-inbox.tsx(4,26): error TS2307: Cannot find module 'next-themes' or its corresponding type declarations.
components/dashboard/novu-inbox.tsx(5,22): error TS2307: Cannot find module '@phosphor-icons/react' or its corresponding type declarations.
components/dashboard/novu-inbox.tsx(15,5): error TS7026: JSX element implicitly has type 'any' because no interface 'JSX.IntrinsicElements' exists.
components/dashboard/novu-inbox.tsx(31,9): error TS7026: JSX element implicitly has type 'any' because no interface 'JSX.IntrinsicElements' exists.
components/dashboard/novu-inbox.tsx(33,9): error TS7026: JSX element implicitly has type 'any' because no interface 'JSX.IntrinsicElements' exists.
components/dashboard/novu-inbox.tsx(35,5): error TS7026: JSX element implicitly has type 'any' because no interface 'JSX.IntrinsicElements' exists.
components/dashboard/novu-inbox.tsx(44,17): error TS2580: Cannot find name 'process'. Do you need to install type definitions for node? Try `npm i --save-dev @types/node`.
components/dashboard/novu-inbox.tsx(45,18): error TS2580: Cannot find name 'process'. Do you need to install type definitions for node? Try `npm i --save-dev @types/node`.
components/dashboard/novu-inbox.tsx(46,17): error TS2580: Cannot find name 'process'. Do you need to install type definitions for node? Try `npm i --save-dev @types/node`.
components/dashboard/novu-inbox.tsx(51,25): error TS2875: This JSX tag requires the module path 'react/jsx-runtime' to exist, but none could be found. Make sure you have types for the appropriate package installed.
components/dashboard/novu-inbox.tsx(63,20): error TS7006: Parameter 'unreadCountObj' implicitly has an 'any' type.
components/dashboard/novu-preferences.tsx(3,24): error TS2307: Cannot find module 'react' or its corresponding type declarations.
components/dashboard/novu-preferences.tsx(4,32): error TS2307: Cannot find module '@novu/react' or its corresponding type declarations.
components/dashboard/novu-preferences.tsx(13,8): error TS2307: Cannot find module '@phosphor-icons/react' or its corresponding type declarations.
components/dashboard/novu-preferences.tsx(51,5): error TS7026: JSX element implicitly has type 'any' because no interface 'JSX.IntrinsicElements' exists.
components/dashboard/novu-preferences.tsx(52,7): error TS7026: JSX element implicitly has type 'any' because no interface 'JSX.IntrinsicElements' exists.
components/dashboard/novu-preferences.tsx(53,9): error TS7026: JSX element implicitly has type 'any' because no interface 'JSX.IntrinsicElements' exists.
components/dashboard/novu-preferences.tsx(55,9): error TS7026: JSX element implicitly has type 'any' because no interface 'JSX.IntrinsicElements' exists.
components/dashboard/novu-preferences.tsx(56,9): error TS7026: JSX element implicitly has type 'any' because no interface 'JSX.IntrinsicElements' exists.
components/dashboard/novu-preferences.tsx(57,11): error TS7026: JSX element implicitly has type 'any' because no interface 'JSX.IntrinsicElements' exists.
components/dashboard/novu-preferences.tsx(57,81): error TS7026: JSX element implicitly has type 'any' because no interface 'JSX.IntrinsicElements' exists.
components/dashboard/novu-preferences.tsx(58,11): error TS7026: JSX element implicitly has type 'any' because no interface 'JSX.IntrinsicElements' exists.
components/dashboard/novu-preferences.tsx(58,98): error TS7026: JSX element implicitly has type 'any' because no interface 'JSX.IntrinsicElements' exists.
components/dashboard/novu-preferences.tsx(59,9): error TS7026: JSX element implicitly has type 'any' because no interface 'JSX.IntrinsicElements' exists.
components/dashboard/novu-preferences.tsx(60,7): error TS7026: JSX element implicitly has type 'any' because no interface 'JSX.IntrinsicElements' exists.
components/dashboard/novu-preferences.tsx(61,7): error TS7026: JSX element implicitly has type 'any' because no interface 'JSX.IntrinsicElements' exists.
components/dashboard/novu-preferences.tsx(63,9): error TS7026: JSX element implicitly has type 'any' because no interface 'JSX.IntrinsicElements' exists.
components/dashboard/novu-preferences.tsx(65,9): error TS7026: JSX element implicitly has type 'any' because no interface 'JSX.IntrinsicElements' exists.
components/dashboard/novu-preferences.tsx(66,7): error TS7026: JSX element implicitly has type 'any' because no interface 'JSX.IntrinsicElements' exists.
components/dashboard/novu-preferences.tsx(67,5): error TS7026: JSX element implicitly has type 'any' because no interface 'JSX.IntrinsicElements' exists.
components/dashboard/novu-preferences.tsx(81,7): error TS7026: JSX element implicitly has type 'any' because no interface 'JSX.IntrinsicElements' exists.
components/dashboard/novu-preferences.tsx(82,9): error TS7026: JSX element implicitly has type 'any' because no interface 'JSX.IntrinsicElements' exists.
components/dashboard/novu-preferences.tsx(83,11): error TS7026: JSX element implicitly has type 'any' because no interface 'JSX.IntrinsicElements' exists.
components/dashboard/novu-preferences.tsx(85,11): error TS7026: JSX element implicitly has type 'any' because no interface 'JSX.IntrinsicElements' exists.
components/dashboard/novu-preferences.tsx(86,11): error TS7026: JSX element implicitly has type 'any' because no interface 'JSX.IntrinsicElements' exists.
components/dashboard/novu-preferences.tsx(87,13): error TS7026: JSX element implicitly has type 'any' because no interface 'JSX.IntrinsicElements' exists.
components/dashboard/novu-preferences.tsx(87,83): error TS7026: JSX element implicitly has type 'any' because no interface 'JSX.IntrinsicElements' exists.
components/dashboard/novu-preferences.tsx(88,13): error TS7026: JSX element implicitly has type 'any' because no interface 'JSX.IntrinsicElements' exists.
components/dashboard/novu-preferences.tsx(88,100): error TS7026: JSX element implicitly has type 'any' because no interface 'JSX.IntrinsicElements' exists.
components/dashboard/novu-preferences.tsx(89,11): error TS7026: JSX element implicitly has type 'any' because no interface 'JSX.IntrinsicElements' exists.
components/dashboard/novu-preferences.tsx(90,9): error TS7026: JSX element implicitly has type 'any' because no interface 'JSX.IntrinsicElements' exists.
components/dashboard/novu-preferences.tsx(91,9): error TS7026: JSX element implicitly has type 'any' because no interface 'JSX.IntrinsicElements' exists.
components/dashboard/novu-preferences.tsx(93,13): error TS7026: JSX element implicitly has type 'any' because no interface 'JSX.IntrinsicElements' exists.
components/dashboard/novu-preferences.tsx(94,15): error TS7026: JSX element implicitly has type 'any' because no interface 'JSX.IntrinsicElements' exists.
components/dashboard/novu-preferences.tsx(95,17): error TS7026: JSX element implicitly has type 'any' because no interface 'JSX.IntrinsicElements' exists.
components/dashboard/novu-preferences.tsx(96,17): error TS7026: JSX element implicitly has type 'any' because no interface 'JSX.IntrinsicElements' exists.
components/dashboard/novu-preferences.tsx(97,19): error TS7026: JSX element implicitly has type 'any' because no interface 'JSX.IntrinsicElements' exists.
components/dashboard/novu-preferences.tsx(98,19): error TS7026: JSX element implicitly has type 'any' because no interface 'JSX.IntrinsicElements' exists.
components/dashboard/novu-preferences.tsx(99,17): error TS7026: JSX element implicitly has type 'any' because no interface 'JSX.IntrinsicElements' exists.
components/dashboard/novu-preferences.tsx(100,15): error TS7026: JSX element implicitly has type 'any' because no interface 'JSX.IntrinsicElements' exists.
components/dashboard/novu-preferences.tsx(101,15): error TS7026: JSX element implicitly has type 'any' because no interface 'JSX.IntrinsicElements' exists.
components/dashboard/novu-preferences.tsx(102,13): error TS7026: JSX element implicitly has type 'any' because no interface 'JSX.IntrinsicElements' exists.
components/dashboard/novu-preferences.tsx(104,9): error TS7026: JSX element implicitly has type 'any' because no interface 'JSX.IntrinsicElements' exists.
components/dashboard/novu-preferences.tsx(105,7): error TS7026: JSX element implicitly has type 'any' because no interface 'JSX.IntrinsicElements' exists.
components/dashboard/novu-preferences.tsx(111,7): error TS7026: JSX element implicitly has type 'any' because no interface 'JSX.IntrinsicElements' exists.
components/dashboard/novu-preferences.tsx(112,9): error TS7026: JSX element implicitly has type 'any' because no interface 'JSX.IntrinsicElements' exists.
components/dashboard/novu-preferences.tsx(114,11): error TS7026: JSX element implicitly has type 'any' because no interface 'JSX.IntrinsicElements' exists.
components/dashboard/novu-preferences.tsx(116,11): error TS7026: JSX element implicitly has type 'any' because no interface 'JSX.IntrinsicElements' exists.
components/dashboard/novu-preferences.tsx(117,9): error TS7026: JSX element implicitly has type 'any' because no interface 'JSX.IntrinsicElements' exists.
components/dashboard/novu-preferences.tsx(118,7): error TS7026: JSX element implicitly has type 'any' because no interface 'JSX.IntrinsicElements' exists.
components/dashboard/novu-preferences.tsx(147,5): error TS7026: JSX element implicitly has type 'any' because no interface 'JSX.IntrinsicElements' exists.
components/dashboard/novu-preferences.tsx(149,7): error TS7026: JSX element implicitly has type 'any' because no interface 'JSX.IntrinsicElements' exists.
components/dashboard/novu-preferences.tsx(150,9): error TS7026: JSX element implicitly has type 'any' because no interface 'JSX.IntrinsicElements' exists.
components/dashboard/novu-preferences.tsx(152,9): error TS7026: JSX element implicitly has type 'any' because no interface 'JSX.IntrinsicElements' exists.
components/dashboard/novu-preferences.tsx(153,9): error TS7026: JSX element implicitly has type 'any' because no interface 'JSX.IntrinsicElements' exists.
components/dashboard/novu-preferences.tsx(154,11): error TS7026: JSX element implicitly has type 'any' because no interface 'JSX.IntrinsicElements' exists.
components/dashboard/novu-preferences.tsx(154,81): error TS7026: JSX element implicitly has type 'any' because no interface 'JSX.IntrinsicElements' exists.
components/dashboard/novu-preferences.tsx(155,11): error TS7026: JSX element implicitly has type 'any' because no interface 'JSX.IntrinsicElements' exists.
components/dashboard/novu-preferences.tsx(155,98): error TS7026: JSX element implicitly has type 'any' because no interface 'JSX.IntrinsicElements' exists.
components/dashboard/novu-preferences.tsx(156,9): error TS7026: JSX element implicitly has type 'any' because no interface 'JSX.IntrinsicElements' exists.
components/dashboard/novu-preferences.tsx(157,7): error TS7026: JSX element implicitly has type 'any' because no interface 'JSX.IntrinsicElements' exists.
components/dashboard/novu-preferences.tsx(161,9): error TS7026: JSX element implicitly has type 'any' because no interface 'JSX.IntrinsicElements' exists.
components/dashboard/novu-preferences.tsx(172,15): error TS7026: JSX element implicitly has type 'any' because no interface 'JSX.IntrinsicElements' exists.
components/dashboard/novu-preferences.tsx(176,17): error TS7026: JSX element implicitly has type 'any' because no interface 'JSX.IntrinsicElements' exists.
components/dashboard/novu-preferences.tsx(177,19): error TS7026: JSX element implicitly has type 'any' because no interface 'JSX.IntrinsicElements' exists.
components/dashboard/novu-preferences.tsx(185,19): error TS7026: JSX element implicitly has type 'any' because no interface 'JSX.IntrinsicElements' exists.
components/dashboard/novu-preferences.tsx(186,19): error TS7026: JSX element implicitly has type 'any' because no interface 'JSX.IntrinsicElements' exists.
components/dashboard/novu-preferences.tsx(187,21): error TS7026: JSX element implicitly has type 'any' because no interface 'JSX.IntrinsicElements' exists.
components/dashboard/novu-preferences.tsx(187,90): error TS7026: JSX element implicitly has type 'any' because no interface 'JSX.IntrinsicElements' exists.
components/dashboard/novu-preferences.tsx(188,21): error TS7026: JSX element implicitly has type 'any' because no interface 'JSX.IntrinsicElements' exists.
components/dashboard/novu-preferences.tsx(188,97): error TS7026: JSX element implicitly has type 'any' because no interface 'JSX.IntrinsicElements' exists.
components/dashboard/novu-preferences.tsx(189,19): error TS7026: JSX element implicitly has type 'any' because no interface 'JSX.IntrinsicElements' exists.
components/dashboard/novu-preferences.tsx(190,17): error TS7026: JSX element implicitly has type 'any' because no interface 'JSX.IntrinsicElements' exists.
components/dashboard/novu-preferences.tsx(193,37): error TS7006: Parameter 'checked' implicitly has an 'any' type.
components/dashboard/novu-preferences.tsx(197,15): error TS7026: JSX element implicitly has type 'any' because no interface 'JSX.IntrinsicElements' exists.
components/dashboard/novu-preferences.tsx(200,9): error TS7026: JSX element implicitly has type 'any' because no interface 'JSX.IntrinsicElements' exists.
components/dashboard/novu-preferences.tsx(206,11): error TS7026: JSX element implicitly has type 'any' because no interface 'JSX.IntrinsicElements' exists.
components/dashboard/novu-preferences.tsx(207,11): error TS7026: JSX element implicitly has type 'any' because no interface 'JSX.IntrinsicElements' exists.
components/dashboard/novu-preferences.tsx(207,84): error TS7026: JSX element implicitly has type 'any' because no interface 'JSX.IntrinsicElements' exists.
components/dashboard/novu-preferences.tsx(208,11): error TS7026: JSX element implicitly has type 'any' because no interface 'JSX.IntrinsicElements' exists.
components/dashboard/novu-preferences.tsx(209,33): error TS7006: Parameter 'pref' implicitly has an 'any' type.
components/dashboard/novu-preferences.tsx(211,17): error TS2322: Type '{ key: any; preference: any; updating: any; onToggle: (preference: any, channelType: string, enabled: boolean) => Promise<void>; }' is not assignable to type 'WorkflowPreferenceCardProps'.
  Property 'key' does not exist on type 'WorkflowPreferenceCardProps'.
components/dashboard/novu-preferences.tsx(217,11): error TS7026: JSX element implicitly has type 'any' because no interface 'JSX.IntrinsicElements' exists.
components/dashboard/novu-preferences.tsx(220,5): error TS7026: JSX element implicitly has type 'any' because no interface 'JSX.IntrinsicElements' exists.
components/dashboard/novu-preferences.tsx(251,5): error TS7026: JSX element implicitly has type 'any' because no interface 'JSX.IntrinsicElements' exists.
components/dashboard/novu-preferences.tsx(253,7): error TS7026: JSX element implicitly has type 'any' because no interface 'JSX.IntrinsicElements' exists.
components/dashboard/novu-preferences.tsx(258,9): error TS7026: JSX element implicitly has type 'any' because no interface 'JSX.IntrinsicElements' exists.
components/dashboard/novu-preferences.tsx(259,11): error TS7026: JSX element implicitly has type 'any' because no interface 'JSX.IntrinsicElements' exists.
components/dashboard/novu-preferences.tsx(261,11): error TS7026: JSX element implicitly has type 'any' because no interface 'JSX.IntrinsicElements' exists.
components/dashboard/novu-preferences.tsx(262,11): error TS7026: JSX element implicitly has type 'any' because no interface 'JSX.IntrinsicElements' exists.
components/dashboard/novu-preferences.tsx(263,13): error TS7026: JSX element implicitly has type 'any' because no interface 'JSX.IntrinsicElements' exists.
components/dashboard/novu-preferences.tsx(265,13): error TS7026: JSX element implicitly has type 'any' because no interface 'JSX.IntrinsicElements' exists.
components/dashboard/novu-preferences.tsx(266,13): error TS7026: JSX element implicitly has type 'any' because no interface 'JSX.IntrinsicElements' exists.
components/dashboard/novu-preferences.tsx(268,13): error TS7026: JSX element implicitly has type 'any' because no interface 'JSX.IntrinsicElements' exists.
components/dashboard/novu-preferences.tsx(269,11): error TS7026: JSX element implicitly has type 'any' because no interface 'JSX.IntrinsicElements' exists.
components/dashboard/novu-preferences.tsx(270,9): error TS7026: JSX element implicitly has type 'any' because no interface 'JSX.IntrinsicElements' exists.
components/dashboard/novu-preferences.tsx(271,9): error TS7026: JSX element implicitly has type 'any' because no interface 'JSX.IntrinsicElements' exists.
components/dashboard/novu-preferences.tsx(281,11): error TS7026: JSX element implicitly has type 'any' because no interface 'JSX.IntrinsicElements' exists.
components/dashboard/novu-preferences.tsx(282,9): error TS7026: JSX element implicitly has type 'any' because no interface 'JSX.IntrinsicElements' exists.
components/dashboard/novu-preferences.tsx(283,7): error TS7026: JSX element implicitly has type 'any' because no interface 'JSX.IntrinsicElements' exists.
components/dashboard/novu-preferences.tsx(287,9): error TS7026: JSX element implicitly has type 'any' because no interface 'JSX.IntrinsicElements' exists.
components/dashboard/novu-preferences.tsx(298,15): error TS7026: JSX element implicitly has type 'any' because no interface 'JSX.IntrinsicElements' exists.
components/dashboard/novu-preferences.tsx(302,17): error TS7026: JSX element implicitly has type 'any' because no interface 'JSX.IntrinsicElements' exists.
components/dashboard/novu-preferences.tsx(307,19): error TS7026: JSX element implicitly has type 'any' because no interface 'JSX.IntrinsicElements' exists.
components/dashboard/novu-preferences.tsx(307,88): error TS7026: JSX element implicitly has type 'any' because no interface 'JSX.IntrinsicElements' exists.
components/dashboard/novu-preferences.tsx(308,17): error TS7026: JSX element implicitly has type 'any' because no interface 'JSX.IntrinsicElements' exists.
components/dashboard/novu-preferences.tsx(311,37): error TS7006: Parameter 'checked' implicitly has an 'any' type.
components/dashboard/novu-preferences.tsx(315,15): error TS7026: JSX element implicitly has type 'any' because no interface 'JSX.IntrinsicElements' exists.
components/dashboard/novu-preferences.tsx(318,9): error TS7026: JSX element implicitly has type 'any' because no interface 'JSX.IntrinsicElements' exists.
components/dashboard/novu-preferences.tsx(320,5): error TS7026: JSX element implicitly has type 'any' because no interface 'JSX.IntrinsicElements' exists.
components/dashboard/novu-preferences.tsx(332,12): error TS2875: This JSX tag requires the module path 'react/jsx-runtime' to exist, but none could be found. Make sure you have types for the appropriate package installed.
components/dashboard/novu-provider.tsx(3,24): error TS2307: Cannot find module 'react' or its corresponding type declarations.
components/dashboard/novu-provider.tsx(4,51): error TS2307: Cannot find module '@novu/react' or its corresponding type declarations.
components/dashboard/novu-provider.tsx(21,17): error TS2580: Cannot find name 'process'. Do you need to install type definitions for node? Try `npm i --save-dev @types/node`.
components/dashboard/novu-provider.tsx(22,18): error TS2580: Cannot find name 'process'. Do you need to install type definitions for node? Try `npm i --save-dev @types/node`.
components/dashboard/novu-provider.tsx(23,21): error TS2580: Cannot find name 'process'. Do you need to install type definitions for node? Try `npm i --save-dev @types/node`.
components/dashboard/novu-provider.tsx(29,12): error TS2875: This JSX tag requires the module path 'react/jsx-runtime' to exist, but none could be found. Make sure you have types for the appropriate package installed.
components/dashboard/settings-panel.tsx(3,24): error TS2307: Cannot find module 'react' or its corresponding type declarations.
components/dashboard/settings-panel.tsx(4,18): error TS2307: Cannot find module 'next/link' or its corresponding type declarations.
components/dashboard/settings-panel.tsx(5,26): error TS2307: Cannot find module 'next-themes' or its corresponding type declarations.
components/dashboard/settings-panel.tsx(31,8): error TS2307: Cannot find module '@phosphor-icons/react' or its corresponding type declarations.
components/dashboard/settings-panel.tsx(33,10): error TS2724: '"@/hooks/use-organizations"' has no exported member named 'useActiveOrganization'. Did you mean 'useOrganizations'?
components/dashboard/settings-panel.tsx(56,35): error TS2339: Property 'mutate' does not exist on type '{ signOut: any; isSigningOut: any; }'.
components/dashboard/settings-panel.tsx(86,5): error TS2875: This JSX tag requires the module path 'react/jsx-runtime' to exist, but none could be found. Make sure you have types for the appropriate package installed.
components/dashboard/settings-panel.tsx(88,7): error TS7026: JSX element implicitly has type 'any' because no interface 'JSX.IntrinsicElements' exists.
components/dashboard/settings-panel.tsx(95,7): error TS7026: JSX element implicitly has type 'any' because no interface 'JSX.IntrinsicElements' exists.
components/dashboard/settings-panel.tsx(124,7): error TS7026: JSX element implicitly has type 'any' because no interface 'JSX.IntrinsicElements' exists.
components/dashboard/settings-panel.tsx(150,35): error TS2339: Property 'mutate' does not exist on type '{ signOut: any; isSigningOut: any; }'.
components/dashboard/settings-panel.tsx(153,5): error TS7026: JSX element implicitly has type 'any' because no interface 'JSX.IntrinsicElements' exists.
components/dashboard/settings-panel.tsx(155,7): error TS7026: JSX element implicitly has type 'any' because no interface 'JSX.IntrinsicElements' exists.
components/dashboard/settings-panel.tsx(156,9): error TS7026: JSX element implicitly has type 'any' because no interface 'JSX.IntrinsicElements' exists.
components/dashboard/settings-panel.tsx(163,19): error TS7026: JSX element implicitly has type 'any' because no interface 'JSX.IntrinsicElements' exists.
components/dashboard/settings-panel.tsx(165,19): error TS7026: JSX element implicitly has type 'any' because no interface 'JSX.IntrinsicElements' exists.
components/dashboard/settings-panel.tsx(168,15): error TS7026: JSX element implicitly has type 'any' because no interface 'JSX.IntrinsicElements' exists.
components/dashboard/settings-panel.tsx(169,17): error TS7026: JSX element implicitly has type 'any' because no interface 'JSX.IntrinsicElements' exists.
components/dashboard/settings-panel.tsx(169,89): error TS7026: JSX element implicitly has type 'any' because no interface 'JSX.IntrinsicElements' exists.
components/dashboard/settings-panel.tsx(170,17): error TS7026: JSX element implicitly has type 'any' because no interface 'JSX.IntrinsicElements' exists.
components/dashboard/settings-panel.tsx(170,86): error TS7026: JSX element implicitly has type 'any' because no interface 'JSX.IntrinsicElements' exists.
components/dashboard/settings-panel.tsx(171,15): error TS7026: JSX element implicitly has type 'any' because no interface 'JSX.IntrinsicElements' exists.
components/dashboard/settings-panel.tsx(174,9): error TS7026: JSX element implicitly has type 'any' because no interface 'JSX.IntrinsicElements' exists.
components/dashboard/settings-panel.tsx(175,9): error TS7026: JSX element implicitly has type 'any' because no interface 'JSX.IntrinsicElements' exists.
components/dashboard/settings-panel.tsx(182,9): error TS7026: JSX element implicitly has type 'any' because no interface 'JSX.IntrinsicElements' exists.
components/dashboard/settings-panel.tsx(183,7): error TS7026: JSX element implicitly has type 'any' because no interface 'JSX.IntrinsicElements' exists.
components/dashboard/settings-panel.tsx(186,7): error TS7026: JSX element implicitly has type 'any' because no interface 'JSX.IntrinsicElements' exists.
components/dashboard/settings-panel.tsx(188,9): error TS7026: JSX element implicitly has type 'any' because no interface 'JSX.IntrinsicElements' exists.
components/dashboard/settings-panel.tsx(189,11): error TS7026: JSX element implicitly has type 'any' because no interface 'JSX.IntrinsicElements' exists.
components/dashboard/settings-panel.tsx(190,13): error TS7026: JSX element implicitly has type 'any' because no interface 'JSX.IntrinsicElements' exists.
components/dashboard/settings-panel.tsx(191,15): error TS7026: JSX element implicitly has type 'any' because no interface 'JSX.IntrinsicElements' exists.
components/dashboard/settings-panel.tsx(192,44): error TS7026: JSX element implicitly has type 'any' because no interface 'JSX.IntrinsicElements' exists.
components/dashboard/settings-panel.tsx(192,133): error TS7026: JSX element implicitly has type 'any' because no interface 'JSX.IntrinsicElements' exists.
components/dashboard/settings-panel.tsx(193,15): error TS7026: JSX element implicitly has type 'any' because no interface 'JSX.IntrinsicElements' exists.
components/dashboard/settings-panel.tsx(194,13): error TS7026: JSX element implicitly has type 'any' because no interface 'JSX.IntrinsicElements' exists.
components/dashboard/settings-panel.tsx(195,13): error TS7026: JSX element implicitly has type 'any' because no interface 'JSX.IntrinsicElements' exists.
components/dashboard/settings-panel.tsx(201,13): error TS7026: JSX element implicitly has type 'any' because no interface 'JSX.IntrinsicElements' exists.
components/dashboard/settings-panel.tsx(202,11): error TS7026: JSX element implicitly has type 'any' because no interface 'JSX.IntrinsicElements' exists.
components/dashboard/settings-panel.tsx(203,9): error TS7026: JSX element implicitly has type 'any' because no interface 'JSX.IntrinsicElements' exists.
components/dashboard/settings-panel.tsx(206,9): error TS7026: JSX element implicitly has type 'any' because no interface 'JSX.IntrinsicElements' exists.
components/dashboard/settings-panel.tsx(208,11): error TS7026: JSX element implicitly has type 'any' because no interface 'JSX.IntrinsicElements' exists.
components/dashboard/settings-panel.tsx(227,13): error TS7026: JSX element implicitly has type 'any' because no interface 'JSX.IntrinsicElements' exists.
components/dashboard/settings-panel.tsx(228,15): error TS7026: JSX element implicitly has type 'any' because no interface 'JSX.IntrinsicElements' exists.
components/dashboard/settings-panel.tsx(234,17): error TS7026: JSX element implicitly has type 'any' because no interface 'JSX.IntrinsicElements' exists.
components/dashboard/settings-panel.tsx(236,17): error TS7026: JSX element implicitly has type 'any' because no interface 'JSX.IntrinsicElements' exists.
components/dashboard/settings-panel.tsx(237,15): error TS7026: JSX element implicitly has type 'any' because no interface 'JSX.IntrinsicElements' exists.
components/dashboard/settings-panel.tsx(242,13): error TS7026: JSX element implicitly has type 'any' because no interface 'JSX.IntrinsicElements' exists.
components/dashboard/settings-panel.tsx(243,11): error TS7026: JSX element implicitly has type 'any' because no interface 'JSX.IntrinsicElements' exists.
components/dashboard/settings-panel.tsx(244,9): error TS7026: JSX element implicitly has type 'any' because no interface 'JSX.IntrinsicElements' exists.
components/dashboard/settings-panel.tsx(249,9): error TS7026: JSX element implicitly has type 'any' because no interface 'JSX.IntrinsicElements' exists.
components/dashboard/settings-panel.tsx(251,11): error TS7026: JSX element implicitly has type 'any' because no interface 'JSX.IntrinsicElements' exists.
components/dashboard/settings-panel.tsx(269,11): error TS7026: JSX element implicitly has type 'any' because no interface 'JSX.IntrinsicElements' exists.
components/dashboard/settings-panel.tsx(270,9): error TS7026: JSX element implicitly has type 'any' because no interface 'JSX.IntrinsicElements' exists.
components/dashboard/settings-panel.tsx(275,9): error TS7026: JSX element implicitly has type 'any' because no interface 'JSX.IntrinsicElements' exists.
components/dashboard/settings-panel.tsx(277,11): error TS7026: JSX element implicitly has type 'any' because no interface 'JSX.IntrinsicElements' exists.
components/dashboard/settings-panel.tsx(294,11): error TS7026: JSX element implicitly has type 'any' because no interface 'JSX.IntrinsicElements' exists.
components/dashboard/settings-panel.tsx(295,9): error TS7026: JSX element implicitly has type 'any' because no interface 'JSX.IntrinsicElements' exists.
components/dashboard/settings-panel.tsx(296,7): error TS7026: JSX element implicitly has type 'any' because no interface 'JSX.IntrinsicElements' exists.
components/dashboard/settings-panel.tsx(299,7): error TS7026: JSX element implicitly has type 'any' because no interface 'JSX.IntrinsicElements' exists.
components/dashboard/settings-panel.tsx(303,9): error TS7026: JSX element implicitly has type 'any' because no interface 'JSX.IntrinsicElements' exists.
components/dashboard/settings-panel.tsx(309,11): error TS7026: JSX element implicitly has type 'any' because no interface 'JSX.IntrinsicElements' exists.
components/dashboard/settings-panel.tsx(309,63): error TS7026: JSX element implicitly has type 'any' because no interface 'JSX.IntrinsicElements' exists.
components/dashboard/settings-panel.tsx(310,9): error TS7026: JSX element implicitly has type 'any' because no interface 'JSX.IntrinsicElements' exists.
components/dashboard/settings-panel.tsx(311,7): error TS7026: JSX element implicitly has type 'any' because no interface 'JSX.IntrinsicElements' exists.
components/dashboard/settings-panel.tsx(312,5): error TS7026: JSX element implicitly has type 'any' because no interface 'JSX.IntrinsicElements' exists.
components/dashboard/settings-panel.tsx(340,5): error TS7026: JSX element implicitly has type 'any' because no interface 'JSX.IntrinsicElements' exists.
components/dashboard/settings-panel.tsx(342,7): error TS7026: JSX element implicitly has type 'any' because no interface 'JSX.IntrinsicElements' exists.
components/dashboard/settings-panel.tsx(343,9): error TS7026: JSX element implicitly has type 'any' because no interface 'JSX.IntrinsicElements' exists.
components/dashboard/settings-panel.tsx(350,9): error TS7026: JSX element implicitly has type 'any' because no interface 'JSX.IntrinsicElements' exists.
components/dashboard/settings-panel.tsx(351,9): error TS7026: JSX element implicitly has type 'any' because no interface 'JSX.IntrinsicElements' exists.
components/dashboard/settings-panel.tsx(353,9): error TS7026: JSX element implicitly has type 'any' because no interface 'JSX.IntrinsicElements' exists.
components/dashboard/settings-panel.tsx(354,9): error TS7026: JSX element implicitly has type 'any' because no interface 'JSX.IntrinsicElements' exists.
components/dashboard/settings-panel.tsx(361,9): error TS7026: JSX element implicitly has type 'any' because no interface 'JSX.IntrinsicElements' exists.
components/dashboard/settings-panel.tsx(362,7): error TS7026: JSX element implicitly has type 'any' because no interface 'JSX.IntrinsicElements' exists.
components/dashboard/settings-panel.tsx(365,7): error TS7026: JSX element implicitly has type 'any' because no interface 'JSX.IntrinsicElements' exists.
components/dashboard/settings-panel.tsx(374,7): error TS7026: JSX element implicitly has type 'any' because no interface 'JSX.IntrinsicElements' exists.
components/dashboard/settings-panel.tsx(375,5): error TS7026: JSX element implicitly has type 'any' because no interface 'JSX.IntrinsicElements' exists.
components/dashboard/settings-panel.tsx(465,7): error TS7026: JSX element implicitly has type 'any' because no interface 'JSX.IntrinsicElements' exists.
components/dashboard/settings-panel.tsx(467,11): error TS7026: JSX element implicitly has type 'any' because no interface 'JSX.IntrinsicElements' exists.
components/dashboard/settings-panel.tsx(469,7): error TS7026: JSX element implicitly has type 'any' because no interface 'JSX.IntrinsicElements' exists.
components/dashboard/settings-panel.tsx(474,5): error TS7026: JSX element implicitly has type 'any' because no interface 'JSX.IntrinsicElements' exists.
components/dashboard/settings-panel.tsx(476,7): error TS7026: JSX element implicitly has type 'any' because no interface 'JSX.IntrinsicElements' exists.
components/dashboard/settings-panel.tsx(478,9): error TS7026: JSX element implicitly has type 'any' because no interface 'JSX.IntrinsicElements' exists.
components/dashboard/settings-panel.tsx(499,9): error TS7026: JSX element implicitly has type 'any' because no interface 'JSX.IntrinsicElements' exists.
components/dashboard/settings-panel.tsx(500,7): error TS7026: JSX element implicitly has type 'any' because no interface 'JSX.IntrinsicElements' exists.
components/dashboard/settings-panel.tsx(505,7): error TS7026: JSX element implicitly has type 'any' because no interface 'JSX.IntrinsicElements' exists.
components/dashboard/settings-panel.tsx(507,9): error TS7026: JSX element implicitly has type 'any' because no interface 'JSX.IntrinsicElements' exists.
components/dashboard/settings-panel.tsx(518,9): error TS7026: JSX element implicitly has type 'any' because no interface 'JSX.IntrinsicElements' exists.
components/dashboard/settings-panel.tsx(519,7): error TS7026: JSX element implicitly has type 'any' because no interface 'JSX.IntrinsicElements' exists.
components/dashboard/settings-panel.tsx(524,7): error TS7026: JSX element implicitly has type 'any' because no interface 'JSX.IntrinsicElements' exists.
components/dashboard/settings-panel.tsx(526,9): error TS7026: JSX element implicitly has type 'any' because no interface 'JSX.IntrinsicElements' exists.
components/dashboard/settings-panel.tsx(533,13): error TS7026: JSX element implicitly has type 'any' because no interface 'JSX.IntrinsicElements' exists.
components/dashboard/settings-panel.tsx(534,15): error TS7026: JSX element implicitly has type 'any' because no interface 'JSX.IntrinsicElements' exists.
components/dashboard/settings-panel.tsx(535,17): error TS7026: JSX element implicitly has type 'any' because no interface 'JSX.IntrinsicElements' exists.
components/dashboard/settings-panel.tsx(535,85): error TS7026: JSX element implicitly has type 'any' because no interface 'JSX.IntrinsicElements' exists.
components/dashboard/settings-panel.tsx(536,18): error TS2559: Type '{ children: any; }' has no properties in common with type 'InputRootProps'.
components/dashboard/settings-panel.tsx(541,34): error TS7006: Parameter 'e' implicitly has an 'any' type.
components/dashboard/settings-panel.tsx(545,15): error TS7026: JSX element implicitly has type 'any' because no interface 'JSX.IntrinsicElements' exists.
components/dashboard/settings-panel.tsx(546,15): error TS7026: JSX element implicitly has type 'any' because no interface 'JSX.IntrinsicElements' exists.
components/dashboard/settings-panel.tsx(547,17): error TS7026: JSX element implicitly has type 'any' because no interface 'JSX.IntrinsicElements' exists.
components/dashboard/settings-panel.tsx(547,83): error TS7026: JSX element implicitly has type 'any' because no interface 'JSX.IntrinsicElements' exists.
components/dashboard/settings-panel.tsx(548,18): error TS2559: Type '{ children: any; }' has no properties in common with type 'InputRootProps'.
components/dashboard/settings-panel.tsx(553,34): error TS7006: Parameter 'e' implicitly has an 'any' type.
components/dashboard/settings-panel.tsx(557,15): error TS7026: JSX element implicitly has type 'any' because no interface 'JSX.IntrinsicElements' exists.
components/dashboard/settings-panel.tsx(558,13): error TS7026: JSX element implicitly has type 'any' because no interface 'JSX.IntrinsicElements' exists.
components/dashboard/settings-panel.tsx(560,9): error TS7026: JSX element implicitly has type 'any' because no interface 'JSX.IntrinsicElements' exists.
components/dashboard/settings-panel.tsx(561,7): error TS7026: JSX element implicitly has type 'any' because no interface 'JSX.IntrinsicElements' exists.
components/dashboard/settings-panel.tsx(578,5): error TS7026: JSX element implicitly has type 'any' because no interface 'JSX.IntrinsicElements' exists.
components/dashboard/settings-panel.tsx(609,5): error TS7026: JSX element implicitly has type 'any' because no interface 'JSX.IntrinsicElements' exists.
components/dashboard/settings-panel.tsx(610,7): error TS7026: JSX element implicitly has type 'any' because no interface 'JSX.IntrinsicElements' exists.
components/dashboard/settings-panel.tsx(612,11): error TS7026: JSX element implicitly has type 'any' because no interface 'JSX.IntrinsicElements' exists.
components/dashboard/settings-panel.tsx(612,86): error TS7026: JSX element implicitly has type 'any' because no interface 'JSX.IntrinsicElements' exists.
components/dashboard/settings-panel.tsx(617,7): error TS7026: JSX element implicitly has type 'any' because no interface 'JSX.IntrinsicElements' exists.
components/dashboard/settings-panel.tsx(619,7): error TS7026: JSX element implicitly has type 'any' because no interface 'JSX.IntrinsicElements' exists.
components/dashboard/settings-panel.tsx(620,9): error TS7026: JSX element implicitly has type 'any' because no interface 'JSX.IntrinsicElements' exists.
components/dashboard/settings-panel.tsx(621,11): error TS7026: JSX element implicitly has type 'any' because no interface 'JSX.IntrinsicElements' exists.
components/dashboard/settings-panel.tsx(621,85): error TS7026: JSX element implicitly has type 'any' because no interface 'JSX.IntrinsicElements' exists.
components/dashboard/settings-panel.tsx(622,12): error TS2559: Type '{ children: any; }' has no properties in common with type 'InputRootProps'.
components/dashboard/settings-panel.tsx(627,28): error TS7006: Parameter 'e' implicitly has an 'any' type.
components/dashboard/settings-panel.tsx(631,9): error TS7026: JSX element implicitly has type 'any' because no interface 'JSX.IntrinsicElements' exists.
components/dashboard/settings-panel.tsx(632,9): error TS7026: JSX element implicitly has type 'any' because no interface 'JSX.IntrinsicElements' exists.
components/dashboard/settings-panel.tsx(633,11): error TS7026: JSX element implicitly has type 'any' because no interface 'JSX.IntrinsicElements' exists.
components/dashboard/settings-panel.tsx(633,81): error TS7026: JSX element implicitly has type 'any' because no interface 'JSX.IntrinsicElements' exists.
components/dashboard/settings-panel.tsx(634,12): error TS2559: Type '{ children: any; }' has no properties in common with type 'InputRootProps'.
components/dashboard/settings-panel.tsx(639,9): error TS7026: JSX element implicitly has type 'any' because no interface 'JSX.IntrinsicElements' exists.
components/dashboard/settings-panel.tsx(640,9): error TS7026: JSX element implicitly has type 'any' because no interface 'JSX.IntrinsicElements' exists.
components/dashboard/settings-panel.tsx(641,11): error TS7026: JSX element implicitly has type 'any' because no interface 'JSX.IntrinsicElements' exists.
components/dashboard/settings-panel.tsx(641,81): error TS7026: JSX element implicitly has type 'any' because no interface 'JSX.IntrinsicElements' exists.
components/dashboard/settings-panel.tsx(642,12): error TS2559: Type '{ children: any; }' has no properties in common with type 'InputRootProps'.
components/dashboard/settings-panel.tsx(648,28): error TS7006: Parameter 'e' implicitly has an 'any' type.
components/dashboard/settings-panel.tsx(652,9): error TS7026: JSX element implicitly has type 'any' because no interface 'JSX.IntrinsicElements' exists.
components/dashboard/settings-panel.tsx(653,7): error TS7026: JSX element implicitly has type 'any' because no interface 'JSX.IntrinsicElements' exists.
components/dashboard/settings-panel.tsx(663,5): error TS7026: JSX element implicitly has type 'any' because no interface 'JSX.IntrinsicElements' exists.
components/dashboard/settings-panel.tsx(711,5): error TS7026: JSX element implicitly has type 'any' because no interface 'JSX.IntrinsicElements' exists.
components/dashboard/settings-panel.tsx(712,7): error TS7026: JSX element implicitly has type 'any' because no interface 'JSX.IntrinsicElements' exists.
components/dashboard/settings-panel.tsx(713,9): error TS7026: JSX element implicitly has type 'any' because no interface 'JSX.IntrinsicElements' exists.
components/dashboard/settings-panel.tsx(714,11): error TS7026: JSX element implicitly has type 'any' because no interface 'JSX.IntrinsicElements' exists.
components/dashboard/settings-panel.tsx(714,92): error TS7026: JSX element implicitly has type 'any' because no interface 'JSX.IntrinsicElements' exists.
components/dashboard/settings-panel.tsx(715,12): error TS2559: Type '{ children: any; }' has no properties in common with type 'InputRootProps'.
components/dashboard/settings-panel.tsx(721,28): error TS7006: Parameter 'e' implicitly has an 'any' type.
components/dashboard/settings-panel.tsx(725,9): error TS7026: JSX element implicitly has type 'any' because no interface 'JSX.IntrinsicElements' exists.
components/dashboard/settings-panel.tsx(726,9): error TS7026: JSX element implicitly has type 'any' because no interface 'JSX.IntrinsicElements' exists.
components/dashboard/settings-panel.tsx(727,11): error TS7026: JSX element implicitly has type 'any' because no interface 'JSX.IntrinsicElements' exists.
components/dashboard/settings-panel.tsx(727,88): error TS7026: JSX element implicitly has type 'any' because no interface 'JSX.IntrinsicElements' exists.
components/dashboard/settings-panel.tsx(728,12): error TS2559: Type '{ children: any; }' has no properties in common with type 'InputRootProps'.
components/dashboard/settings-panel.tsx(734,28): error TS7006: Parameter 'e' implicitly has an 'any' type.
components/dashboard/settings-panel.tsx(738,9): error TS7026: JSX element implicitly has type 'any' because no interface 'JSX.IntrinsicElements' exists.
components/dashboard/settings-panel.tsx(739,9): error TS7026: JSX element implicitly has type 'any' because no interface 'JSX.IntrinsicElements' exists.
components/dashboard/settings-panel.tsx(740,11): error TS7026: JSX element implicitly has type 'any' because no interface 'JSX.IntrinsicElements' exists.
components/dashboard/settings-panel.tsx(740,92): error TS7026: JSX element implicitly has type 'any' because no interface 'JSX.IntrinsicElements' exists.
components/dashboard/settings-panel.tsx(741,12): error TS2559: Type '{ children: any; }' has no properties in common with type 'InputRootProps'.
components/dashboard/settings-panel.tsx(747,28): error TS7006: Parameter 'e' implicitly has an 'any' type.
components/dashboard/settings-panel.tsx(751,9): error TS7026: JSX element implicitly has type 'any' because no interface 'JSX.IntrinsicElements' exists.
components/dashboard/settings-panel.tsx(753,11): error TS7026: JSX element implicitly has type 'any' because no interface 'JSX.IntrinsicElements' exists.
components/dashboard/settings-panel.tsx(753,67): error TS7026: JSX element implicitly has type 'any' because no interface 'JSX.IntrinsicElements' exists.
components/dashboard/settings-panel.tsx(755,7): error TS7026: JSX element implicitly has type 'any' because no interface 'JSX.IntrinsicElements' exists.
components/dashboard/settings-panel.tsx(770,5): error TS7026: JSX element implicitly has type 'any' because no interface 'JSX.IntrinsicElements' exists.
components/dashboard/settings-panel.tsx(787,5): error TS7026: JSX element implicitly has type 'any' because no interface 'JSX.IntrinsicElements' exists.
components/dashboard/settings-panel.tsx(789,9): error TS7026: JSX element implicitly has type 'any' because no interface 'JSX.IntrinsicElements' exists.
components/dashboard/settings-panel.tsx(794,11): error TS7026: JSX element implicitly has type 'any' because no interface 'JSX.IntrinsicElements' exists.
components/dashboard/settings-panel.tsx(794,75): error TS7026: JSX element implicitly has type 'any' because no interface 'JSX.IntrinsicElements' exists.
components/dashboard/settings-panel.tsx(795,11): error TS7026: JSX element implicitly has type 'any' because no interface 'JSX.IntrinsicElements' exists.
components/dashboard/settings-panel.tsx(795,88): error TS7026: JSX element implicitly has type 'any' because no interface 'JSX.IntrinsicElements' exists.
components/dashboard/settings-panel.tsx(796,9): error TS7026: JSX element implicitly has type 'any' because no interface 'JSX.IntrinsicElements' exists.
components/dashboard/settings-panel.tsx(798,5): error TS7026: JSX element implicitly has type 'any' because no interface 'JSX.IntrinsicElements' exists.
components/dashboard/settings-panel.tsx(807,5): error TS7026: JSX element implicitly has type 'any' because no interface 'JSX.IntrinsicElements' exists.
components/dashboard/settings-panel.tsx(808,7): error TS7026: JSX element implicitly has type 'any' because no interface 'JSX.IntrinsicElements' exists.
components/dashboard/settings-panel.tsx(810,9): error TS7026: JSX element implicitly has type 'any' because no interface 'JSX.IntrinsicElements' exists.
components/dashboard/settings-panel.tsx(810,70): error TS7026: JSX element implicitly has type 'any' because no interface 'JSX.IntrinsicElements' exists.
components/dashboard/settings-panel.tsx(811,9): error TS7026: JSX element implicitly has type 'any' because no interface 'JSX.IntrinsicElements' exists.
components/dashboard/settings-panel.tsx(813,9): error TS7026: JSX element implicitly has type 'any' because no interface 'JSX.IntrinsicElements' exists.
components/dashboard/settings-panel.tsx(814,7): error TS7026: JSX element implicitly has type 'any' because no interface 'JSX.IntrinsicElements' exists.
components/dashboard/settings-panel.tsx(816,7): error TS7026: JSX element implicitly has type 'any' because no interface 'JSX.IntrinsicElements' exists.
components/dashboard/settings-panel.tsx(817,9): error TS7026: JSX element implicitly has type 'any' because no interface 'JSX.IntrinsicElements' exists.
components/dashboard/settings-panel.tsx(818,11): error TS7026: JSX element implicitly has type 'any' because no interface 'JSX.IntrinsicElements' exists.
components/dashboard/settings-panel.tsx(818,83): error TS7026: JSX element implicitly has type 'any' because no interface 'JSX.IntrinsicElements' exists.
components/dashboard/settings-panel.tsx(830,9): error TS7026: JSX element implicitly has type 'any' because no interface 'JSX.IntrinsicElements' exists.
components/dashboard/settings-panel.tsx(831,9): error TS7026: JSX element implicitly has type 'any' because no interface 'JSX.IntrinsicElements' exists.
components/dashboard/settings-panel.tsx(832,11): error TS7026: JSX element implicitly has type 'any' because no interface 'JSX.IntrinsicElements' exists.
components/dashboard/settings-panel.tsx(832,83): error TS7026: JSX element implicitly has type 'any' because no interface 'JSX.IntrinsicElements' exists.
components/dashboard/settings-panel.tsx(833,11): error TS7026: JSX element implicitly has type 'any' because no interface 'JSX.IntrinsicElements' exists.
components/dashboard/settings-panel.tsx(838,9): error TS7026: JSX element implicitly has type 'any' because no interface 'JSX.IntrinsicElements' exists.
components/dashboard/settings-panel.tsx(839,7): error TS7026: JSX element implicitly has type 'any' because no interface 'JSX.IntrinsicElements' exists.
components/dashboard/settings-panel.tsx(845,7): error TS7026: JSX element implicitly has type 'any' because no interface 'JSX.IntrinsicElements' exists.
components/dashboard/settings-panel.tsx(846,9): error TS7026: JSX element implicitly has type 'any' because no interface 'JSX.IntrinsicElements' exists.
components/dashboard/settings-panel.tsx(848,11): error TS7026: JSX element implicitly has type 'any' because no interface 'JSX.IntrinsicElements' exists.
components/dashboard/settings-panel.tsx(850,11): error TS7026: JSX element implicitly has type 'any' because no interface 'JSX.IntrinsicElements' exists.
components/dashboard/settings-panel.tsx(851,9): error TS7026: JSX element implicitly has type 'any' because no interface 'JSX.IntrinsicElements' exists.
components/dashboard/settings-panel.tsx(852,7): error TS7026: JSX element implicitly has type 'any' because no interface 'JSX.IntrinsicElements' exists.
components/dashboard/settings-panel.tsx(853,5): error TS7026: JSX element implicitly has type 'any' because no interface 'JSX.IntrinsicElements' exists.
components/dashboard/settings-panel.tsx(886,5): error TS7026: JSX element implicitly has type 'any' because no interface 'JSX.IntrinsicElements' exists.
components/dashboard/settings-panel.tsx(887,7): error TS7026: JSX element implicitly has type 'any' because no interface 'JSX.IntrinsicElements' exists.
components/dashboard/settings-panel.tsx(888,9): error TS7026: JSX element implicitly has type 'any' because no interface 'JSX.IntrinsicElements' exists.
components/dashboard/settings-panel.tsx(890,9): error TS7026: JSX element implicitly has type 'any' because no interface 'JSX.IntrinsicElements' exists.
components/dashboard/settings-panel.tsx(891,9): error TS7026: JSX element implicitly has type 'any' because no interface 'JSX.IntrinsicElements' exists.
components/dashboard/settings-panel.tsx(892,11): error TS7026: JSX element implicitly has type 'any' because no interface 'JSX.IntrinsicElements' exists.
components/dashboard/settings-panel.tsx(892,91): error TS7026: JSX element implicitly has type 'any' because no interface 'JSX.IntrinsicElements' exists.
components/dashboard/settings-panel.tsx(893,11): error TS7026: JSX element implicitly has type 'any' because no interface 'JSX.IntrinsicElements' exists.
components/dashboard/settings-panel.tsx(893,78): error TS7026: JSX element implicitly has type 'any' because no interface 'JSX.IntrinsicElements' exists.
components/dashboard/settings-panel.tsx(894,9): error TS7026: JSX element implicitly has type 'any' because no interface 'JSX.IntrinsicElements' exists.
components/dashboard/settings-panel.tsx(895,7): error TS7026: JSX element implicitly has type 'any' because no interface 'JSX.IntrinsicElements' exists.
components/dashboard/settings-panel.tsx(897,7): error TS7026: JSX element implicitly has type 'any' because no interface 'JSX.IntrinsicElements' exists.
components/dashboard/settings-panel.tsx(898,9): error TS7026: JSX element implicitly has type 'any' because no interface 'JSX.IntrinsicElements' exists.
components/dashboard/settings-panel.tsx(899,11): error TS7026: JSX element implicitly has type 'any' because no interface 'JSX.IntrinsicElements' exists.
components/dashboard/settings-panel.tsx(899,93): error TS7026: JSX element implicitly has type 'any' because no interface 'JSX.IntrinsicElements' exists.
components/dashboard/settings-panel.tsx(900,11): error TS7026: JSX element implicitly has type 'any' because no interface 'JSX.IntrinsicElements' exists.
components/dashboard/settings-panel.tsx(904,24): error TS7006: Parameter 'e' implicitly has an 'any' type.
components/dashboard/settings-panel.tsx(907,9): error TS7026: JSX element implicitly has type 'any' because no interface 'JSX.IntrinsicElements' exists.
components/dashboard/settings-panel.tsx(908,9): error TS7026: JSX element implicitly has type 'any' because no interface 'JSX.IntrinsicElements' exists.
components/dashboard/settings-panel.tsx(909,11): error TS7026: JSX element implicitly has type 'any' because no interface 'JSX.IntrinsicElements' exists.
components/dashboard/settings-panel.tsx(909,90): error TS7026: JSX element implicitly has type 'any' because no interface 'JSX.IntrinsicElements' exists.
components/dashboard/settings-panel.tsx(910,11): error TS7026: JSX element implicitly has type 'any' because no interface 'JSX.IntrinsicElements' exists.
components/dashboard/settings-panel.tsx(914,24): error TS7006: Parameter 'e' implicitly has an 'any' type.
components/dashboard/settings-panel.tsx(917,9): error TS7026: JSX element implicitly has type 'any' because no interface 'JSX.IntrinsicElements' exists.
components/dashboard/settings-panel.tsx(918,9): error TS7026: JSX element implicitly has type 'any' because no interface 'JSX.IntrinsicElements' exists.
components/dashboard/settings-panel.tsx(919,11): error TS7026: JSX element implicitly has type 'any' because no interface 'JSX.IntrinsicElements' exists.
components/dashboard/settings-panel.tsx(919,83): error TS7026: JSX element implicitly has type 'any' because no interface 'JSX.IntrinsicElements' exists.
components/dashboard/settings-panel.tsx(920,11): error TS7026: JSX element implicitly has type 'any' because no interface 'JSX.IntrinsicElements' exists.
components/dashboard/settings-panel.tsx(924,24): error TS7006: Parameter 'e' implicitly has an 'any' type.
components/dashboard/settings-panel.tsx(927,9): error TS7026: JSX element implicitly has type 'any' because no interface 'JSX.IntrinsicElements' exists.
components/dashboard/settings-panel.tsx(928,9): error TS7026: JSX element implicitly has type 'any' because no interface 'JSX.IntrinsicElements' exists.
components/dashboard/settings-panel.tsx(929,11): error TS7026: JSX element implicitly has type 'any' because no interface 'JSX.IntrinsicElements' exists.
components/dashboard/settings-panel.tsx(929,84): error TS7026: JSX element implicitly has type 'any' because no interface 'JSX.IntrinsicElements' exists.
components/dashboard/settings-panel.tsx(942,9): error TS7026: JSX element implicitly has type 'any' because no interface 'JSX.IntrinsicElements' exists.
components/dashboard/settings-panel.tsx(943,7): error TS7026: JSX element implicitly has type 'any' because no interface 'JSX.IntrinsicElements' exists.
components/dashboard/settings-panel.tsx(953,5): error TS7026: JSX element implicitly has type 'any' because no interface 'JSX.IntrinsicElements' exists.
components/dashboard/settings-panel.tsx(1023,7): error TS7026: JSX element implicitly has type 'any' because no interface 'JSX.IntrinsicElements' exists.
components/dashboard/settings-panel.tsx(1025,11): error TS7026: JSX element implicitly has type 'any' because no interface 'JSX.IntrinsicElements' exists.
components/dashboard/settings-panel.tsx(1027,7): error TS7026: JSX element implicitly has type 'any' because no interface 'JSX.IntrinsicElements' exists.
components/dashboard/settings-panel.tsx(1032,5): error TS7026: JSX element implicitly has type 'any' because no interface 'JSX.IntrinsicElements' exists.
components/dashboard/settings-panel.tsx(1033,7): error TS7026: JSX element implicitly has type 'any' because no interface 'JSX.IntrinsicElements' exists.
components/dashboard/settings-panel.tsx(1034,9): error TS7026: JSX element implicitly has type 'any' because no interface 'JSX.IntrinsicElements' exists.
components/dashboard/settings-panel.tsx(1034,129): error TS7026: JSX element implicitly has type 'any' because no interface 'JSX.IntrinsicElements' exists.
components/dashboard/settings-panel.tsx(1039,7): error TS7026: JSX element implicitly has type 'any' because no interface 'JSX.IntrinsicElements' exists.
components/dashboard/settings-panel.tsx(1042,9): error TS7026: JSX element implicitly has type 'any' because no interface 'JSX.IntrinsicElements' exists.
components/dashboard/settings-panel.tsx(1043,12): error TS2559: Type '{ children: any; }' has no properties in common with type 'InputRootProps'.
components/dashboard/settings-panel.tsx(1049,28): error TS7006: Parameter 'e' implicitly has an 'any' type.
components/dashboard/settings-panel.tsx(1062,9): error TS7026: JSX element implicitly has type 'any' because no interface 'JSX.IntrinsicElements' exists.
components/dashboard/settings-panel.tsx(1065,7): error TS7026: JSX element implicitly has type 'any' because no interface 'JSX.IntrinsicElements' exists.
components/dashboard/settings-panel.tsx(1067,11): error TS7026: JSX element implicitly has type 'any' because no interface 'JSX.IntrinsicElements' exists.
components/dashboard/settings-panel.tsx(1068,13): error TS7026: JSX element implicitly has type 'any' because no interface 'JSX.IntrinsicElements' exists.
components/dashboard/settings-panel.tsx(1068,65): error TS7026: JSX element implicitly has type 'any' because no interface 'JSX.IntrinsicElements' exists.
components/dashboard/settings-panel.tsx(1069,13): error TS7026: JSX element implicitly has type 'any' because no interface 'JSX.IntrinsicElements' exists.
components/dashboard/settings-panel.tsx(1069,82): error TS7026: JSX element implicitly has type 'any' because no interface 'JSX.IntrinsicElements' exists.
components/dashboard/settings-panel.tsx(1070,11): error TS7026: JSX element implicitly has type 'any' because no interface 'JSX.IntrinsicElements' exists.
components/dashboard/settings-panel.tsx(1072,28): error TS7006: Parameter 'member' implicitly has an 'any' type.
components/dashboard/settings-panel.tsx(1073,13): error TS7026: JSX element implicitly has type 'any' because no interface 'JSX.IntrinsicElements' exists.
components/dashboard/settings-panel.tsx(1074,15): error TS7026: JSX element implicitly has type 'any' because no interface 'JSX.IntrinsicElements' exists.
components/dashboard/settings-panel.tsx(1075,17): error TS7026: JSX element implicitly has type 'any' because no interface 'JSX.IntrinsicElements' exists.
components/dashboard/settings-panel.tsx(1077,17): error TS7026: JSX element implicitly has type 'any' because no interface 'JSX.IntrinsicElements' exists.
components/dashboard/settings-panel.tsx(1078,17): error TS7026: JSX element implicitly has type 'any' because no interface 'JSX.IntrinsicElements' exists.
components/dashboard/settings-panel.tsx(1079,19): error TS7026: JSX element implicitly has type 'any' because no interface 'JSX.IntrinsicElements' exists.
components/dashboard/settings-panel.tsx(1079,82): error TS7026: JSX element implicitly has type 'any' because no interface 'JSX.IntrinsicElements' exists.
components/dashboard/settings-panel.tsx(1080,19): error TS7026: JSX element implicitly has type 'any' because no interface 'JSX.IntrinsicElements' exists.
components/dashboard/settings-panel.tsx(1080,84): error TS7026: JSX element implicitly has type 'any' because no interface 'JSX.IntrinsicElements' exists.
components/dashboard/settings-panel.tsx(1081,17): error TS7026: JSX element implicitly has type 'any' because no interface 'JSX.IntrinsicElements' exists.
components/dashboard/settings-panel.tsx(1082,15): error TS7026: JSX element implicitly has type 'any' because no interface 'JSX.IntrinsicElements' exists.
components/dashboard/settings-panel.tsx(1083,15): error TS7026: JSX element implicitly has type 'any' because no interface 'JSX.IntrinsicElements' exists.
components/dashboard/settings-panel.tsx(1085,15): error TS7026: JSX element implicitly has type 'any' because no interface 'JSX.IntrinsicElements' exists.
components/dashboard/settings-panel.tsx(1086,13): error TS7026: JSX element implicitly has type 'any' because no interface 'JSX.IntrinsicElements' exists.
components/dashboard/settings-panel.tsx(1089,7): error TS7026: JSX element implicitly has type 'any' because no interface 'JSX.IntrinsicElements' exists.
components/dashboard/settings-panel.tsx(1090,5): error TS7026: JSX element implicitly has type 'any' because no interface 'JSX.IntrinsicElements' exists.
components/dashboard/settings-panel.tsx(1099,5): error TS7026: JSX element implicitly has type 'any' because no interface 'JSX.IntrinsicElements' exists.
components/dashboard/settings-panel.tsx(1101,7): error TS7026: JSX element implicitly has type 'any' because no interface 'JSX.IntrinsicElements' exists.
components/dashboard/settings-panel.tsx(1102,9): error TS7026: JSX element implicitly has type 'any' because no interface 'JSX.IntrinsicElements' exists.
components/dashboard/settings-panel.tsx(1102,66): error TS7026: JSX element implicitly has type 'any' because no interface 'JSX.IntrinsicElements' exists.
components/dashboard/settings-panel.tsx(1103,9): error TS7026: JSX element implicitly has type 'any' because no interface 'JSX.IntrinsicElements' exists.
components/dashboard/settings-panel.tsx(1103,61): error TS7026: JSX element implicitly has type 'any' because no interface 'JSX.IntrinsicElements' exists.
components/dashboard/settings-panel.tsx(1104,9): error TS7026: JSX element implicitly has type 'any' because no interface 'JSX.IntrinsicElements' exists.
components/dashboard/settings-panel.tsx(1104,70): error TS7026: JSX element implicitly has type 'any' because no interface 'JSX.IntrinsicElements' exists.
components/dashboard/settings-panel.tsx(1105,7): error TS7026: JSX element implicitly has type 'any' because no interface 'JSX.IntrinsicElements' exists.
components/dashboard/settings-panel.tsx(1108,7): error TS7026: JSX element implicitly has type 'any' because no interface 'JSX.IntrinsicElements' exists.
components/dashboard/settings-panel.tsx(1109,9): error TS7026: JSX element implicitly has type 'any' because no interface 'JSX.IntrinsicElements' exists.
components/dashboard/settings-panel.tsx(1110,11): error TS7026: JSX element implicitly has type 'any' because no interface 'JSX.IntrinsicElements' exists.
components/dashboard/settings-panel.tsx(1110,75): error TS7026: JSX element implicitly has type 'any' because no interface 'JSX.IntrinsicElements' exists.
components/dashboard/settings-panel.tsx(1111,11): error TS7026: JSX element implicitly has type 'any' because no interface 'JSX.IntrinsicElements' exists.
components/dashboard/settings-panel.tsx(1111,85): error TS7026: JSX element implicitly has type 'any' because no interface 'JSX.IntrinsicElements' exists.
components/dashboard/settings-panel.tsx(1112,9): error TS7026: JSX element implicitly has type 'any' because no interface 'JSX.IntrinsicElements' exists.
components/dashboard/settings-panel.tsx(1117,7): error TS7026: JSX element implicitly has type 'any' because no interface 'JSX.IntrinsicElements' exists.
components/dashboard/settings-panel.tsx(1120,7): error TS7026: JSX element implicitly has type 'any' because no interface 'JSX.IntrinsicElements' exists.
components/dashboard/settings-panel.tsx(1121,9): error TS7026: JSX element implicitly has type 'any' because no interface 'JSX.IntrinsicElements' exists.
components/dashboard/settings-panel.tsx(1121,79): error TS7026: JSX element implicitly has type 'any' because no interface 'JSX.IntrinsicElements' exists.
components/dashboard/settings-panel.tsx(1122,9): error TS7026: JSX element implicitly has type 'any' because no interface 'JSX.IntrinsicElements' exists.
components/dashboard/settings-panel.tsx(1123,11): error TS7026: JSX element implicitly has type 'any' because no interface 'JSX.IntrinsicElements' exists.
components/dashboard/settings-panel.tsx(1124,13): error TS7026: JSX element implicitly has type 'any' because no interface 'JSX.IntrinsicElements' exists.
components/dashboard/settings-panel.tsx(1126,13): error TS7026: JSX element implicitly has type 'any' because no interface 'JSX.IntrinsicElements' exists.
components/dashboard/settings-panel.tsx(1127,13): error TS7026: JSX element implicitly has type 'any' because no interface 'JSX.IntrinsicElements' exists.
components/dashboard/settings-panel.tsx(1128,15): error TS7026: JSX element implicitly has type 'any' because no interface 'JSX.IntrinsicElements' exists.
components/dashboard/settings-panel.tsx(1128,74): error TS7026: JSX element implicitly has type 'any' because no interface 'JSX.IntrinsicElements' exists.
components/dashboard/settings-panel.tsx(1129,15): error TS7026: JSX element implicitly has type 'any' because no interface 'JSX.IntrinsicElements' exists.
components/dashboard/settings-panel.tsx(1129,79): error TS7026: JSX element implicitly has type 'any' because no interface 'JSX.IntrinsicElements' exists.
components/dashboard/settings-panel.tsx(1130,13): error TS7026: JSX element implicitly has type 'any' because no interface 'JSX.IntrinsicElements' exists.
components/dashboard/settings-panel.tsx(1131,11): error TS7026: JSX element implicitly has type 'any' because no interface 'JSX.IntrinsicElements' exists.
components/dashboard/settings-panel.tsx(1132,11): error TS7026: JSX element implicitly has type 'any' because no interface 'JSX.IntrinsicElements' exists.
components/dashboard/settings-panel.tsx(1132,215): error TS7026: JSX element implicitly has type 'any' because no interface 'JSX.IntrinsicElements' exists.
components/dashboard/settings-panel.tsx(1133,9): error TS7026: JSX element implicitly has type 'any' because no interface 'JSX.IntrinsicElements' exists.
components/dashboard/settings-panel.tsx(1134,7): error TS7026: JSX element implicitly has type 'any' because no interface 'JSX.IntrinsicElements' exists.
components/dashboard/settings-panel.tsx(1137,7): error TS7026: JSX element implicitly has type 'any' because no interface 'JSX.IntrinsicElements' exists.
components/dashboard/settings-panel.tsx(1138,9): error TS7026: JSX element implicitly has type 'any' because no interface 'JSX.IntrinsicElements' exists.
components/dashboard/settings-panel.tsx(1138,80): error TS7026: JSX element implicitly has type 'any' because no interface 'JSX.IntrinsicElements' exists.
components/dashboard/settings-panel.tsx(1139,9): error TS7026: JSX element implicitly has type 'any' because no interface 'JSX.IntrinsicElements' exists.
components/dashboard/settings-panel.tsx(1141,13): error TS7026: JSX element implicitly has type 'any' because no interface 'JSX.IntrinsicElements' exists.
components/dashboard/settings-panel.tsx(1142,15): error TS7026: JSX element implicitly has type 'any' because no interface 'JSX.IntrinsicElements' exists.
components/dashboard/settings-panel.tsx(1142,79): error TS7026: JSX element implicitly has type 'any' because no interface 'JSX.IntrinsicElements' exists.
components/dashboard/settings-panel.tsx(1143,15): error TS7026: JSX element implicitly has type 'any' because no interface 'JSX.IntrinsicElements' exists.
components/dashboard/settings-panel.tsx(1144,17): error TS7026: JSX element implicitly has type 'any' because no interface 'JSX.IntrinsicElements' exists.
components/dashboard/settings-panel.tsx(1144,77): error TS7026: JSX element implicitly has type 'any' because no interface 'JSX.IntrinsicElements' exists.
components/dashboard/settings-panel.tsx(1145,17): error TS7026: JSX element implicitly has type 'any' because no interface 'JSX.IntrinsicElements' exists.
components/dashboard/settings-panel.tsx(1145,223): error TS7026: JSX element implicitly has type 'any' because no interface 'JSX.IntrinsicElements' exists.
components/dashboard/settings-panel.tsx(1146,15): error TS7026: JSX element implicitly has type 'any' because no interface 'JSX.IntrinsicElements' exists.
components/dashboard/settings-panel.tsx(1147,13): error TS7026: JSX element implicitly has type 'any' because no interface 'JSX.IntrinsicElements' exists.
components/dashboard/settings-panel.tsx(1149,9): error TS7026: JSX element implicitly has type 'any' because no interface 'JSX.IntrinsicElements' exists.
components/dashboard/settings-panel.tsx(1150,7): error TS7026: JSX element implicitly has type 'any' because no interface 'JSX.IntrinsicElements' exists.
components/dashboard/settings-panel.tsx(1151,5): error TS7026: JSX element implicitly has type 'any' because no interface 'JSX.IntrinsicElements' exists.
components/dashboard/settings-panel.tsx(1161,5): error TS7026: JSX element implicitly has type 'any' because no interface 'JSX.IntrinsicElements' exists.
components/dashboard/settings-panel.tsx(1163,5): error TS7026: JSX element implicitly has type 'any' because no interface 'JSX.IntrinsicElements' exists.
components/dashboard/settings-panel.tsx(1178,7): error TS7026: JSX element implicitly has type 'any' because no interface 'JSX.IntrinsicElements' exists.
components/dashboard/settings-panel.tsx(1180,9): error TS7026: JSX element implicitly has type 'any' because no interface 'JSX.IntrinsicElements' exists.
components/dashboard/settings-panel.tsx(1180,73): error TS7026: JSX element implicitly has type 'any' because no interface 'JSX.IntrinsicElements' exists.
components/dashboard/settings-panel.tsx(1181,7): error TS7026: JSX element implicitly has type 'any' because no interface 'JSX.IntrinsicElements' exists.
components/dashboard/settings-panel.tsx(1195,9): error TS7026: JSX element implicitly has type 'any' because no interface 'JSX.IntrinsicElements' exists.
components/dashboard/settings-panel.tsx(1202,9): error TS7026: JSX element implicitly has type 'any' because no interface 'JSX.IntrinsicElements' exists.
components/dashboard/settings-panel.tsx(1213,5): error TS7026: JSX element implicitly has type 'any' because no interface 'JSX.IntrinsicElements' exists.
components/dashboard/settings-panel.tsx(1215,5): error TS7026: JSX element implicitly has type 'any' because no interface 'JSX.IntrinsicElements' exists.
components/dashboard/settings-panel.tsx(1227,5): error TS7026: JSX element implicitly has type 'any' because no interface 'JSX.IntrinsicElements' exists.
components/dashboard/settings-panel.tsx(1228,7): error TS7026: JSX element implicitly has type 'any' because no interface 'JSX.IntrinsicElements' exists.
components/dashboard/settings-panel.tsx(1228,71): error TS7026: JSX element implicitly has type 'any' because no interface 'JSX.IntrinsicElements' exists.
components/dashboard/settings-panel.tsx(1230,5): error TS7026: JSX element implicitly has type 'any' because no interface 'JSX.IntrinsicElements' exists.
components/dashboard/sidebar.tsx(3,24): error TS2307: Cannot find module 'react' or its corresponding type declarations.
components/dashboard/sidebar.tsx(4,18): error TS2307: Cannot find module 'next/link' or its corresponding type declarations.
components/dashboard/sidebar.tsx(5,29): error TS2307: Cannot find module 'next/navigation' or its corresponding type declarations.
components/dashboard/sidebar.tsx(6,26): error TS2307: Cannot find module 'next-themes' or its corresponding type declarations.
components/dashboard/sidebar.tsx(34,8): error TS2307: Cannot find module '@phosphor-icons/react/dist/ssr' or its corresponding type declarations.
components/dashboard/sidebar.tsx(36,51): error TS2724: '"@/hooks/use-organizations"' has no exported member named 'useActiveOrganization'. Did you mean 'useOrganizations'?
components/dashboard/sidebar.tsx(155,11): error TS7026: JSX element implicitly has type 'any' because no interface 'JSX.IntrinsicElements' exists.
components/dashboard/sidebar.tsx(155,48): error TS7026: JSX element implicitly has type 'any' because no interface 'JSX.IntrinsicElements' exists.
components/dashboard/sidebar.tsx(156,11): error TS7026: JSX element implicitly has type 'any' because no interface 'JSX.IntrinsicElements' exists.
components/dashboard/sidebar.tsx(165,11): error TS7026: JSX element implicitly has type 'any' because no interface 'JSX.IntrinsicElements' exists.
components/dashboard/sidebar.tsx(176,11): error TS7026: JSX element implicitly has type 'any' because no interface 'JSX.IntrinsicElements' exists.
components/dashboard/sidebar.tsx(176,29): error TS7026: JSX element implicitly has type 'any' because no interface 'JSX.IntrinsicElements' exists.
components/dashboard/sidebar.tsx(178,13): error TS7026: JSX element implicitly has type 'any' because no interface 'JSX.IntrinsicElements' exists.
components/dashboard/sidebar.tsx(178,74): error TS7026: JSX element implicitly has type 'any' because no interface 'JSX.IntrinsicElements' exists.
components/dashboard/sidebar.tsx(204,35): error TS2339: Property 'mutate' does not exist on type '{ signOut: any; isSigningOut: any; }'.
components/dashboard/sidebar.tsx(206,42): error TS2304: Cannot find name 'Organization'.
components/dashboard/sidebar.tsx(223,5): error TS7026: JSX element implicitly has type 'any' because no interface 'JSX.IntrinsicElements' exists.
components/dashboard/sidebar.tsx(223,5): error TS2875: This JSX tag requires the module path 'react/jsx-runtime' to exist, but none could be found. Make sure you have types for the appropriate package installed.
components/dashboard/sidebar.tsx(235,7): error TS7026: JSX element implicitly has type 'any' because no interface 'JSX.IntrinsicElements' exists.
components/dashboard/sidebar.tsx(246,7): error TS7026: JSX element implicitly has type 'any' because no interface 'JSX.IntrinsicElements' exists.
components/dashboard/sidebar.tsx(249,7): error TS7026: JSX element implicitly has type 'any' because no interface 'JSX.IntrinsicElements' exists.
components/dashboard/sidebar.tsx(253,7): error TS7026: JSX element implicitly has type 'any' because no interface 'JSX.IntrinsicElements' exists.
components/dashboard/sidebar.tsx(263,7): error TS7026: JSX element implicitly has type 'any' because no interface 'JSX.IntrinsicElements' exists.
components/dashboard/sidebar.tsx(266,7): error TS7026: JSX element implicitly has type 'any' because no interface 'JSX.IntrinsicElements' exists.
components/dashboard/sidebar.tsx(269,7): error TS7026: JSX element implicitly has type 'any' because no interface 'JSX.IntrinsicElements' exists.
components/dashboard/sidebar.tsx(272,11): error TS7026: JSX element implicitly has type 'any' because no interface 'JSX.IntrinsicElements' exists.
components/dashboard/sidebar.tsx(274,11): error TS7026: JSX element implicitly has type 'any' because no interface 'JSX.IntrinsicElements' exists.
components/dashboard/sidebar.tsx(276,9): error TS7026: JSX element implicitly has type 'any' because no interface 'JSX.IntrinsicElements' exists.
components/dashboard/sidebar.tsx(278,13): error TS7026: JSX element implicitly has type 'any' because no interface 'JSX.IntrinsicElements' exists.
components/dashboard/sidebar.tsx(287,13): error TS7026: JSX element implicitly has type 'any' because no interface 'JSX.IntrinsicElements' exists.
components/dashboard/sidebar.tsx(289,9): error TS7026: JSX element implicitly has type 'any' because no interface 'JSX.IntrinsicElements' exists.
components/dashboard/sidebar.tsx(290,7): error TS7026: JSX element implicitly has type 'any' because no interface 'JSX.IntrinsicElements' exists.
components/dashboard/sidebar.tsx(293,7): error TS7026: JSX element implicitly has type 'any' because no interface 'JSX.IntrinsicElements' exists.
components/dashboard/sidebar.tsx(296,7): error TS7026: JSX element implicitly has type 'any' because no interface 'JSX.IntrinsicElements' exists.
components/dashboard/sidebar.tsx(299,11): error TS7026: JSX element implicitly has type 'any' because no interface 'JSX.IntrinsicElements' exists.
components/dashboard/sidebar.tsx(301,11): error TS7026: JSX element implicitly has type 'any' because no interface 'JSX.IntrinsicElements' exists.
components/dashboard/sidebar.tsx(303,9): error TS7026: JSX element implicitly has type 'any' because no interface 'JSX.IntrinsicElements' exists.
components/dashboard/sidebar.tsx(305,13): error TS7026: JSX element implicitly has type 'any' because no interface 'JSX.IntrinsicElements' exists.
components/dashboard/sidebar.tsx(314,13): error TS7026: JSX element implicitly has type 'any' because no interface 'JSX.IntrinsicElements' exists.
components/dashboard/sidebar.tsx(316,9): error TS7026: JSX element implicitly has type 'any' because no interface 'JSX.IntrinsicElements' exists.
components/dashboard/sidebar.tsx(327,7): error TS7026: JSX element implicitly has type 'any' because no interface 'JSX.IntrinsicElements' exists.
components/dashboard/sidebar.tsx(328,5): error TS7026: JSX element implicitly has type 'any' because no interface 'JSX.IntrinsicElements' exists.
components/dashboard/sidebar.tsx(349,5): error TS7026: JSX element implicitly has type 'any' because no interface 'JSX.IntrinsicElements' exists.
components/dashboard/sidebar.tsx(365,11): error TS7026: JSX element implicitly has type 'any' because no interface 'JSX.IntrinsicElements' exists.
components/dashboard/sidebar.tsx(366,13): error TS7026: JSX element implicitly has type 'any' because no interface 'JSX.IntrinsicElements' exists.
components/dashboard/sidebar.tsx(368,13): error TS7026: JSX element implicitly has type 'any' because no interface 'JSX.IntrinsicElements' exists.
components/dashboard/sidebar.tsx(369,13): error TS7026: JSX element implicitly has type 'any' because no interface 'JSX.IntrinsicElements' exists.
components/dashboard/sidebar.tsx(371,13): error TS7026: JSX element implicitly has type 'any' because no interface 'JSX.IntrinsicElements' exists.
components/dashboard/sidebar.tsx(372,11): error TS7026: JSX element implicitly has type 'any' because no interface 'JSX.IntrinsicElements' exists.
components/dashboard/sidebar.tsx(376,5): error TS7026: JSX element implicitly has type 'any' because no interface 'JSX.IntrinsicElements' exists.
components/dashboard/sidebar.tsx(387,7): error TS7026: JSX element implicitly has type 'any' because no interface 'JSX.IntrinsicElements' exists.
components/dashboard/sidebar.tsx(388,9): error TS7026: JSX element implicitly has type 'any' because no interface 'JSX.IntrinsicElements' exists.
components/dashboard/sidebar.tsx(395,11): error TS7026: JSX element implicitly has type 'any' because no interface 'JSX.IntrinsicElements' exists.
components/dashboard/sidebar.tsx(396,13): error TS7026: JSX element implicitly has type 'any' because no interface 'JSX.IntrinsicElements' exists.
components/dashboard/sidebar.tsx(398,13): error TS7026: JSX element implicitly has type 'any' because no interface 'JSX.IntrinsicElements' exists.
components/dashboard/sidebar.tsx(399,13): error TS7026: JSX element implicitly has type 'any' because no interface 'JSX.IntrinsicElements' exists.
components/dashboard/sidebar.tsx(401,13): error TS7026: JSX element implicitly has type 'any' because no interface 'JSX.IntrinsicElements' exists.
components/dashboard/sidebar.tsx(402,11): error TS7026: JSX element implicitly has type 'any' because no interface 'JSX.IntrinsicElements' exists.
components/dashboard/sidebar.tsx(403,9): error TS7026: JSX element implicitly has type 'any' because no interface 'JSX.IntrinsicElements' exists.
components/dashboard/sidebar.tsx(404,7): error TS7026: JSX element implicitly has type 'any' because no interface 'JSX.IntrinsicElements' exists.
components/dashboard/sidebar.tsx(463,18): error TS2304: Cannot find name 'Organization'.
components/dashboard/sidebar.tsx(464,25): error TS2304: Cannot find name 'Organization'.
components/dashboard/sidebar.tsx(465,32): error TS2304: Cannot find name 'Organization'.
components/dashboard/sidebar.tsx(484,7): error TS7026: JSX element implicitly has type 'any' because no interface 'JSX.IntrinsicElements' exists.
components/dashboard/sidebar.tsx(498,13): error TS7026: JSX element implicitly has type 'any' because no interface 'JSX.IntrinsicElements' exists.
components/dashboard/sidebar.tsx(500,13): error TS7026: JSX element implicitly has type 'any' because no interface 'JSX.IntrinsicElements' exists.
components/dashboard/sidebar.tsx(501,13): error TS7026: JSX element implicitly has type 'any' because no interface 'JSX.IntrinsicElements' exists.
components/dashboard/sidebar.tsx(501,82): error TS7026: JSX element implicitly has type 'any' because no interface 'JSX.IntrinsicElements' exists.
components/dashboard/sidebar.tsx(504,7): error TS7026: JSX element implicitly has type 'any' because no interface 'JSX.IntrinsicElements' exists.
components/dashboard/sidebar.tsx(509,5): error TS7026: JSX element implicitly has type 'any' because no interface 'JSX.IntrinsicElements' exists.
components/dashboard/sidebar.tsx(521,9): error TS7026: JSX element implicitly has type 'any' because no interface 'JSX.IntrinsicElements' exists.
components/dashboard/sidebar.tsx(523,9): error TS7026: JSX element implicitly has type 'any' because no interface 'JSX.IntrinsicElements' exists.
components/dashboard/sidebar.tsx(526,11): error TS7026: JSX element implicitly has type 'any' because no interface 'JSX.IntrinsicElements' exists.
components/dashboard/sidebar.tsx(530,13): error TS7026: JSX element implicitly has type 'any' because no interface 'JSX.IntrinsicElements' exists.
components/dashboard/sidebar.tsx(532,13): error TS7026: JSX element implicitly has type 'any' because no interface 'JSX.IntrinsicElements' exists.
components/dashboard/sidebar.tsx(533,11): error TS7026: JSX element implicitly has type 'any' because no interface 'JSX.IntrinsicElements' exists.
components/dashboard/sidebar.tsx(534,11): error TS7026: JSX element implicitly has type 'any' because no interface 'JSX.IntrinsicElements' exists.
components/dashboard/sidebar.tsx(535,13): error TS7026: JSX element implicitly has type 'any' because no interface 'JSX.IntrinsicElements' exists.
components/dashboard/sidebar.tsx(537,13): error TS7026: JSX element implicitly has type 'any' because no interface 'JSX.IntrinsicElements' exists.
components/dashboard/sidebar.tsx(538,13): error TS7026: JSX element implicitly has type 'any' because no interface 'JSX.IntrinsicElements' exists.
components/dashboard/sidebar.tsx(540,13): error TS7026: JSX element implicitly has type 'any' because no interface 'JSX.IntrinsicElements' exists.
components/dashboard/sidebar.tsx(541,11): error TS7026: JSX element implicitly has type 'any' because no interface 'JSX.IntrinsicElements' exists.
components/dashboard/sidebar.tsx(545,5): error TS7026: JSX element implicitly has type 'any' because no interface 'JSX.IntrinsicElements' exists.
components/dashboard/sidebar.tsx(558,9): error TS7026: JSX element implicitly has type 'any' because no interface 'JSX.IntrinsicElements' exists.
components/dashboard/sidebar.tsx(560,34): error TS7053: Element implicitly has an 'any' type because expression of type 'any' can't be used to index type 'Record<OrganizationStatus, { label: string; color: "gray" | "red" | "green" | "yellow"; description: string; }>'.
components/dashboard/sidebar.tsx(564,15): error TS7026: JSX element implicitly has type 'any' because no interface 'JSX.IntrinsicElements' exists.
components/dashboard/sidebar.tsx(576,17): error TS7026: JSX element implicitly has type 'any' because no interface 'JSX.IntrinsicElements' exists.
components/dashboard/sidebar.tsx(577,19): error TS7026: JSX element implicitly has type 'any' because no interface 'JSX.IntrinsicElements' exists.
components/dashboard/sidebar.tsx(579,19): error TS7026: JSX element implicitly has type 'any' because no interface 'JSX.IntrinsicElements' exists.
components/dashboard/sidebar.tsx(580,17): error TS7026: JSX element implicitly has type 'any' because no interface 'JSX.IntrinsicElements' exists.
components/dashboard/sidebar.tsx(581,17): error TS7026: JSX element implicitly has type 'any' because no interface 'JSX.IntrinsicElements' exists.
components/dashboard/sidebar.tsx(582,19): error TS7026: JSX element implicitly has type 'any' because no interface 'JSX.IntrinsicElements' exists.
components/dashboard/sidebar.tsx(584,19): error TS7026: JSX element implicitly has type 'any' because no interface 'JSX.IntrinsicElements' exists.
components/dashboard/sidebar.tsx(585,19): error TS7026: JSX element implicitly has type 'any' because no interface 'JSX.IntrinsicElements' exists.
components/dashboard/sidebar.tsx(586,21): error TS7026: JSX element implicitly has type 'any' because no interface 'JSX.IntrinsicElements' exists.
components/dashboard/sidebar.tsx(588,21): error TS7026: JSX element implicitly has type 'any' because no interface 'JSX.IntrinsicElements' exists.
components/dashboard/sidebar.tsx(590,23): error TS7026: JSX element implicitly has type 'any' because no interface 'JSX.IntrinsicElements' exists.
components/dashboard/sidebar.tsx(592,23): error TS7026: JSX element implicitly has type 'any' because no interface 'JSX.IntrinsicElements' exists.
components/dashboard/sidebar.tsx(594,19): error TS7026: JSX element implicitly has type 'any' because no interface 'JSX.IntrinsicElements' exists.
components/dashboard/sidebar.tsx(595,17): error TS7026: JSX element implicitly has type 'any' because no interface 'JSX.IntrinsicElements' exists.
components/dashboard/sidebar.tsx(597,19): error TS7026: JSX element implicitly has type 'any' because no interface 'JSX.IntrinsicElements' exists.
components/dashboard/sidebar.tsx(599,19): error TS7026: JSX element implicitly has type 'any' because no interface 'JSX.IntrinsicElements' exists.
components/dashboard/sidebar.tsx(601,19): error TS7026: JSX element implicitly has type 'any' because no interface 'JSX.IntrinsicElements' exists.
components/dashboard/sidebar.tsx(603,15): error TS7026: JSX element implicitly has type 'any' because no interface 'JSX.IntrinsicElements' exists.
components/dashboard/sidebar.tsx(606,9): error TS7026: JSX element implicitly has type 'any' because no interface 'JSX.IntrinsicElements' exists.
components/dashboard/sidebar.tsx(610,7): error TS7026: JSX element implicitly has type 'any' because no interface 'JSX.IntrinsicElements' exists.
components/dashboard/sidebar.tsx(611,9): error TS7026: JSX element implicitly has type 'any' because no interface 'JSX.IntrinsicElements' exists.
components/dashboard/sidebar.tsx(624,9): error TS7026: JSX element implicitly has type 'any' because no interface 'JSX.IntrinsicElements' exists.
components/dashboard/sidebar.tsx(625,7): error TS7026: JSX element implicitly has type 'any' because no interface 'JSX.IntrinsicElements' exists.
components/dashboard/stat-card.tsx(3,24): error TS2307: Cannot find module 'react' or its corresponding type declarations.
components/dashboard/stat-card.tsx(4,18): error TS2307: Cannot find module 'next/link' or its corresponding type declarations.
components/dashboard/stat-card.tsx(7,24): error TS2307: Cannot find module '@phosphor-icons/react' or its corresponding type declarations.
components/dashboard/stat-card.tsx(38,7): error TS7026: JSX element implicitly has type 'any' because no interface 'JSX.IntrinsicElements' exists.
components/dashboard/stat-card.tsx(43,7): error TS7026: JSX element implicitly has type 'any' because no interface 'JSX.IntrinsicElements' exists.
components/dashboard/stat-card.tsx(46,7): error TS7026: JSX element implicitly has type 'any' because no interface 'JSX.IntrinsicElements' exists.
components/dashboard/stat-card.tsx(48,7): error TS7026: JSX element implicitly has type 'any' because no interface 'JSX.IntrinsicElements' exists.
components/dashboard/stat-card.tsx(51,7): error TS7026: JSX element implicitly has type 'any' because no interface 'JSX.IntrinsicElements' exists.
components/dashboard/stat-card.tsx(53,7): error TS7026: JSX element implicitly has type 'any' because no interface 'JSX.IntrinsicElements' exists.
components/dashboard/stat-card.tsx(67,7): error TS2875: This JSX tag requires the module path 'react/jsx-runtime' to exist, but none could be found. Make sure you have types for the appropriate package installed.
components/dashboard/stat-card.tsx(74,5): error TS7026: JSX element implicitly has type 'any' because no interface 'JSX.IntrinsicElements' exists.
components/dashboard/stat-card.tsx(76,5): error TS7026: JSX element implicitly has type 'any' because no interface 'JSX.IntrinsicElements' exists.
components/dashboard/stat-card.tsx(108,5): error TS7026: JSX element implicitly has type 'any' because no interface 'JSX.IntrinsicElements' exists.
components/dashboard/stat-card.tsx(116,7): error TS7026: JSX element implicitly has type 'any' because no interface 'JSX.IntrinsicElements' exists.
components/dashboard/stat-card.tsx(121,7): error TS7026: JSX element implicitly has type 'any' because no interface 'JSX.IntrinsicElements' exists.
components/dashboard/stat-card.tsx(124,7): error TS7026: JSX element implicitly has type 'any' because no interface 'JSX.IntrinsicElements' exists.
components/dashboard/stat-card.tsx(129,7): error TS7026: JSX element implicitly has type 'any' because no interface 'JSX.IntrinsicElements' exists.
components/dashboard/stat-card.tsx(132,7): error TS7026: JSX element implicitly has type 'any' because no interface 'JSX.IntrinsicElements' exists.
components/dashboard/stat-card.tsx(137,7): error TS7026: JSX element implicitly has type 'any' because no interface 'JSX.IntrinsicElements' exists.
components/dashboard/stat-card.tsx(141,9): error TS7026: JSX element implicitly has type 'any' because no interface 'JSX.IntrinsicElements' exists.
components/dashboard/stat-card.tsx(149,9): error TS7026: JSX element implicitly has type 'any' because no interface 'JSX.IntrinsicElements' exists.
components/dashboard/stat-card.tsx(151,5): error TS7026: JSX element implicitly has type 'any' because no interface 'JSX.IntrinsicElements' exists.
components/dashboard/stat-card.tsx(279,5): error TS7026: JSX element implicitly has type 'any' because no interface 'JSX.IntrinsicElements' exists.
components/dashboard/stat-card.tsx(281,9): error TS7026: JSX element implicitly has type 'any' because no interface 'JSX.IntrinsicElements' exists.
components/dashboard/stat-card.tsx(281,45): error TS7053: Element implicitly has an 'any' type because expression of type 'any' can't be used to index type '{ warning: string; error: string; success: string; info: string; }'.
components/dashboard/stat-card.tsx(284,9): error TS7026: JSX element implicitly has type 'any' because no interface 'JSX.IntrinsicElements' exists.
components/dashboard/stat-card.tsx(287,16): error TS7026: JSX element implicitly has type 'any' because no interface 'JSX.IntrinsicElements' exists.
components/dashboard/stat-card.tsx(287,60): error TS7026: JSX element implicitly has type 'any' because no interface 'JSX.IntrinsicElements' exists.
components/dashboard/stat-card.tsx(289,7): error TS7026: JSX element implicitly has type 'any' because no interface 'JSX.IntrinsicElements' exists.
components/dashboard/stat-card.tsx(289,46): error TS7026: JSX element implicitly has type 'any' because no interface 'JSX.IntrinsicElements' exists.
components/dashboard/stat-card.tsx(290,7): error TS7026: JSX element implicitly has type 'any' because no interface 'JSX.IntrinsicElements' exists.
components/dashboard/stat-card.tsx(290,46): error TS7026: JSX element implicitly has type 'any' because no interface 'JSX.IntrinsicElements' exists.
components/dashboard/stat-card.tsx(293,9): error TS7026: JSX element implicitly has type 'any' because no interface 'JSX.IntrinsicElements' exists.
components/dashboard/stat-card.tsx(301,15): error TS7026: JSX element implicitly has type 'any' because no interface 'JSX.IntrinsicElements' exists.
components/dashboard/stat-card.tsx(301,51): error TS7026: JSX element implicitly has type 'any' because no interface 'JSX.IntrinsicElements' exists.
components/dashboard/stat-card.tsx(313,9): error TS7026: JSX element implicitly has type 'any' because no interface 'JSX.IntrinsicElements' exists.
components/dashboard/stat-card.tsx(315,5): error TS7026: JSX element implicitly has type 'any' because no interface 'JSX.IntrinsicElements' exists.
components/error-boundary.tsx(3,24): error TS2307: Cannot find module 'react' or its corresponding type declarations.
components/error-boundary.tsx(5,54): error TS2307: Cannot find module '@phosphor-icons/react' or its corresponding type declarations.
components/error-boundary.tsx(24,10): error TS2339: Property 'state' does not exist on type 'ErrorBoundary'.
components/error-boundary.tsx(39,10): error TS2339: Property 'setState' does not exist on type 'ErrorBoundary'.
components/error-boundary.tsx(43,14): error TS2339: Property 'state' does not exist on type 'ErrorBoundary'.
components/error-boundary.tsx(44,16): error TS2339: Property 'props' does not exist on type 'ErrorBoundary'.
components/error-boundary.tsx(45,21): error TS2339: Property 'props' does not exist on type 'ErrorBoundary'.
components/error-boundary.tsx(49,9): error TS7026: JSX element implicitly has type 'any' because no interface 'JSX.IntrinsicElements' exists.
components/error-boundary.tsx(49,9): error TS2875: This JSX tag requires the module path 'react/jsx-runtime' to exist, but none could be found. Make sure you have types for the appropriate package installed.
components/error-boundary.tsx(50,11): error TS7026: JSX element implicitly has type 'any' because no interface 'JSX.IntrinsicElements' exists.
components/error-boundary.tsx(52,11): error TS7026: JSX element implicitly has type 'any' because no interface 'JSX.IntrinsicElements' exists.
components/error-boundary.tsx(53,11): error TS7026: JSX element implicitly has type 'any' because no interface 'JSX.IntrinsicElements' exists.
components/error-boundary.tsx(53,87): error TS7026: JSX element implicitly has type 'any' because no interface 'JSX.IntrinsicElements' exists.
components/error-boundary.tsx(54,11): error TS7026: JSX element implicitly has type 'any' because no interface 'JSX.IntrinsicElements' exists.
components/error-boundary.tsx(56,11): error TS7026: JSX element implicitly has type 'any' because no interface 'JSX.IntrinsicElements' exists.
components/error-boundary.tsx(57,12): error TS2580: Cannot find name 'process'. Do you need to install type definitions for node? Try `npm i --save-dev @types/node`.
components/error-boundary.tsx(57,59): error TS2339: Property 'state' does not exist on type 'ErrorBoundary'.
components/error-boundary.tsx(58,13): error TS7026: JSX element implicitly has type 'any' because no interface 'JSX.IntrinsicElements' exists.
components/error-boundary.tsx(59,15): error TS7026: JSX element implicitly has type 'any' because no interface 'JSX.IntrinsicElements' exists.
components/error-boundary.tsx(60,23): error TS2339: Property 'state' does not exist on type 'ErrorBoundary'.
components/error-boundary.tsx(61,15): error TS7026: JSX element implicitly has type 'any' because no interface 'JSX.IntrinsicElements' exists.
components/error-boundary.tsx(62,13): error TS7026: JSX element implicitly has type 'any' because no interface 'JSX.IntrinsicElements' exists.
components/error-boundary.tsx(64,11): error TS7026: JSX element implicitly has type 'any' because no interface 'JSX.IntrinsicElements' exists.
components/error-boundary.tsx(70,15): error TS7026: JSX element implicitly has type 'any' because no interface 'JSX.IntrinsicElements' exists.
components/error-boundary.tsx(73,15): error TS7026: JSX element implicitly has type 'any' because no interface 'JSX.IntrinsicElements' exists.
components/error-boundary.tsx(75,11): error TS7026: JSX element implicitly has type 'any' because no interface 'JSX.IntrinsicElements' exists.
components/error-boundary.tsx(76,9): error TS7026: JSX element implicitly has type 'any' because no interface 'JSX.IntrinsicElements' exists.
components/error-boundary.tsx(80,17): error TS2339: Property 'props' does not exist on type 'ErrorBoundary'.
components/error-boundary.tsx(101,5): error TS7026: JSX element implicitly has type 'any' because no interface 'JSX.IntrinsicElements' exists.
components/error-boundary.tsx(106,7): error TS7026: JSX element implicitly has type 'any' because no interface 'JSX.IntrinsicElements' exists.
components/error-boundary.tsx(108,7): error TS7026: JSX element implicitly has type 'any' because no interface 'JSX.IntrinsicElements' exists.
components/error-boundary.tsx(109,7): error TS7026: JSX element implicitly has type 'any' because no interface 'JSX.IntrinsicElements' exists.
components/error-boundary.tsx(109,70): error TS7026: JSX element implicitly has type 'any' because no interface 'JSX.IntrinsicElements' exists.
components/error-boundary.tsx(110,7): error TS7026: JSX element implicitly has type 'any' because no interface 'JSX.IntrinsicElements' exists.
components/error-boundary.tsx(112,7): error TS7026: JSX element implicitly has type 'any' because no interface 'JSX.IntrinsicElements' exists.
components/error-boundary.tsx(113,8): error TS2580: Cannot find name 'process'. Do you need to install type definitions for node? Try `npm i --save-dev @types/node`.
components/error-boundary.tsx(114,9): error TS7026: JSX element implicitly has type 'any' because no interface 'JSX.IntrinsicElements' exists.
components/error-boundary.tsx(115,11): error TS7026: JSX element implicitly has type 'any' because no interface 'JSX.IntrinsicElements' exists.
components/error-boundary.tsx(117,11): error TS7026: JSX element implicitly has type 'any' because no interface 'JSX.IntrinsicElements' exists.
components/error-boundary.tsx(118,9): error TS7026: JSX element implicitly has type 'any' because no interface 'JSX.IntrinsicElements' exists.
components/error-boundary.tsx(126,5): error TS7026: JSX element implicitly has type 'any' because no interface 'JSX.IntrinsicElements' exists.
components/error-boundary.tsx(145,5): error TS7026: JSX element implicitly has type 'any' because no interface 'JSX.IntrinsicElements' exists.
components/error-boundary.tsx(146,7): error TS7026: JSX element implicitly has type 'any' because no interface 'JSX.IntrinsicElements' exists.
components/error-boundary.tsx(148,7): error TS7026: JSX element implicitly has type 'any' because no interface 'JSX.IntrinsicElements' exists.
components/error-boundary.tsx(149,7): error TS7026: JSX element implicitly has type 'any' because no interface 'JSX.IntrinsicElements' exists.
components/error-boundary.tsx(149,89): error TS7026: JSX element implicitly has type 'any' because no interface 'JSX.IntrinsicElements' exists.
components/error-boundary.tsx(150,7): error TS7026: JSX element implicitly has type 'any' because no interface 'JSX.IntrinsicElements' exists.
components/error-boundary.tsx(153,7): error TS7026: JSX element implicitly has type 'any' because no interface 'JSX.IntrinsicElements' exists.
components/error-boundary.tsx(154,8): error TS2580: Cannot find name 'process'. Do you need to install type definitions for node? Try `npm i --save-dev @types/node`.
components/error-boundary.tsx(155,9): error TS7026: JSX element implicitly has type 'any' because no interface 'JSX.IntrinsicElements' exists.
components/error-boundary.tsx(156,11): error TS7026: JSX element implicitly has type 'any' because no interface 'JSX.IntrinsicElements' exists.
components/error-boundary.tsx(158,11): error TS7026: JSX element implicitly has type 'any' because no interface 'JSX.IntrinsicElements' exists.
components/error-boundary.tsx(160,13): error TS7026: JSX element implicitly has type 'any' because no interface 'JSX.IntrinsicElements' exists.
components/error-boundary.tsx(162,13): error TS7026: JSX element implicitly has type 'any' because no interface 'JSX.IntrinsicElements' exists.
components/error-boundary.tsx(164,9): error TS7026: JSX element implicitly has type 'any' because no interface 'JSX.IntrinsicElements' exists.
components/error-boundary.tsx(166,7): error TS7026: JSX element implicitly has type 'any' because no interface 'JSX.IntrinsicElements' exists.
components/error-boundary.tsx(172,11): error TS7026: JSX element implicitly has type 'any' because no interface 'JSX.IntrinsicElements' exists.
components/error-boundary.tsx(175,11): error TS7026: JSX element implicitly has type 'any' because no interface 'JSX.IntrinsicElements' exists.
components/error-boundary.tsx(177,7): error TS7026: JSX element implicitly has type 'any' because no interface 'JSX.IntrinsicElements' exists.
components/error-boundary.tsx(178,5): error TS7026: JSX element implicitly has type 'any' because no interface 'JSX.IntrinsicElements' exists.
components/header.tsx(3,18): error TS2307: Cannot find module 'next/link' or its corresponding type declarations.
components/header.tsx(4,21): error TS2307: Cannot find module 'next/dynamic' or its corresponding type declarations.
components/header.tsx(9,23): error TS2307: Cannot find module '@phosphor-icons/react' or its corresponding type declarations.
components/header.tsx(13,18): error TS7026: JSX element implicitly has type 'any' because no interface 'JSX.IntrinsicElements' exists.
components/header.tsx(21,5): error TS7026: JSX element implicitly has type 'any' because no interface 'JSX.IntrinsicElements' exists.
components/header.tsx(21,5): error TS2875: This JSX tag requires the module path 'react/jsx-runtime' to exist, but none could be found. Make sure you have types for the appropriate package installed.
components/header.tsx(22,7): error TS7026: JSX element implicitly has type 'any' because no interface 'JSX.IntrinsicElements' exists.
components/header.tsx(27,9): error TS7026: JSX element implicitly has type 'any' because no interface 'JSX.IntrinsicElements' exists.
components/header.tsx(31,13): error TS7026: JSX element implicitly has type 'any' because no interface 'JSX.IntrinsicElements' exists.
components/header.tsx(33,13): error TS7026: JSX element implicitly has type 'any' because no interface 'JSX.IntrinsicElements' exists.
components/header.tsx(43,13): error TS7026: JSX element implicitly has type 'any' because no interface 'JSX.IntrinsicElements' exists.
components/header.tsx(45,13): error TS7026: JSX element implicitly has type 'any' because no interface 'JSX.IntrinsicElements' exists.
components/header.tsx(56,13): error TS7026: JSX element implicitly has type 'any' because no interface 'JSX.IntrinsicElements' exists.
components/header.tsx(58,9): error TS7026: JSX element implicitly has type 'any' because no interface 'JSX.IntrinsicElements' exists.
components/header.tsx(59,7): error TS7026: JSX element implicitly has type 'any' because no interface 'JSX.IntrinsicElements' exists.
components/header.tsx(60,5): error TS7026: JSX element implicitly has type 'any' because no interface 'JSX.IntrinsicElements' exists.
components/msw-devtools.tsx(14,50): error TS2307: Cannot find module 'react' or its corresponding type declarations.
components/msw-devtools.tsx(65,9): error TS2580: Cannot find name 'process'. Do you need to install type definitions for node? Try `npm i --save-dev @types/node`.
components/msw-devtools.tsx(65,51): error TS2580: Cannot find name 'process'. Do you need to install type definitions for node? Try `npm i --save-dev @types/node`.
components/msw-devtools.tsx(137,22): error TS7006: Parameter 'prev' implicitly has an 'any' type.
components/msw-devtools.tsx(151,5): error TS2875: This JSX tag requires the module path 'react/jsx-runtime' to exist, but none could be found. Make sure you have types for the appropriate package installed.
components/msw-devtools.tsx(153,7): error TS7026: JSX element implicitly has type 'any' because no interface 'JSX.IntrinsicElements' exists.
components/msw-devtools.tsx(166,9): error TS7026: JSX element implicitly has type 'any' because no interface 'JSX.IntrinsicElements' exists.
components/msw-devtools.tsx(167,11): error TS7026: JSX element implicitly has type 'any' because no interface 'JSX.IntrinsicElements' exists.
components/msw-devtools.tsx(168,11): error TS7026: JSX element implicitly has type 'any' because no interface 'JSX.IntrinsicElements' exists.
components/msw-devtools.tsx(169,11): error TS7026: JSX element implicitly has type 'any' because no interface 'JSX.IntrinsicElements' exists.
components/msw-devtools.tsx(170,9): error TS7026: JSX element implicitly has type 'any' because no interface 'JSX.IntrinsicElements' exists.
components/msw-devtools.tsx(171,7): error TS7026: JSX element implicitly has type 'any' because no interface 'JSX.IntrinsicElements' exists.
components/msw-devtools.tsx(175,9): error TS7026: JSX element implicitly has type 'any' because no interface 'JSX.IntrinsicElements' exists.
components/msw-devtools.tsx(186,11): error TS7026: JSX element implicitly has type 'any' because no interface 'JSX.IntrinsicElements' exists.
components/msw-devtools.tsx(187,13): error TS7026: JSX element implicitly has type 'any' because no interface 'JSX.IntrinsicElements' exists.
components/msw-devtools.tsx(188,15): error TS7026: JSX element implicitly has type 'any' because no interface 'JSX.IntrinsicElements' exists.
components/msw-devtools.tsx(190,15): error TS7026: JSX element implicitly has type 'any' because no interface 'JSX.IntrinsicElements' exists.
components/msw-devtools.tsx(191,15): error TS7026: JSX element implicitly has type 'any' because no interface 'JSX.IntrinsicElements' exists.
components/msw-devtools.tsx(195,17): error TS7026: JSX element implicitly has type 'any' because no interface 'JSX.IntrinsicElements' exists.
components/msw-devtools.tsx(196,19): error TS7026: JSX element implicitly has type 'any' because no interface 'JSX.IntrinsicElements' exists.
components/msw-devtools.tsx(197,17): error TS7026: JSX element implicitly has type 'any' because no interface 'JSX.IntrinsicElements' exists.
components/msw-devtools.tsx(198,15): error TS7026: JSX element implicitly has type 'any' because no interface 'JSX.IntrinsicElements' exists.
components/msw-devtools.tsx(199,13): error TS7026: JSX element implicitly has type 'any' because no interface 'JSX.IntrinsicElements' exists.
components/msw-devtools.tsx(202,13): error TS7026: JSX element implicitly has type 'any' because no interface 'JSX.IntrinsicElements' exists.
components/msw-devtools.tsx(204,17): error TS7026: JSX element implicitly has type 'any' because no interface 'JSX.IntrinsicElements' exists.
components/msw-devtools.tsx(215,17): error TS7026: JSX element implicitly has type 'any' because no interface 'JSX.IntrinsicElements' exists.
components/msw-devtools.tsx(217,13): error TS7026: JSX element implicitly has type 'any' because no interface 'JSX.IntrinsicElements' exists.
components/msw-devtools.tsx(218,11): error TS7026: JSX element implicitly has type 'any' because no interface 'JSX.IntrinsicElements' exists.
components/msw-devtools.tsx(221,11): error TS7026: JSX element implicitly has type 'any' because no interface 'JSX.IntrinsicElements' exists.
components/msw-devtools.tsx(224,15): error TS7026: JSX element implicitly has type 'any' because no interface 'JSX.IntrinsicElements' exists.
components/msw-devtools.tsx(227,19): error TS7026: JSX element implicitly has type 'any' because no interface 'JSX.IntrinsicElements' exists.
components/msw-devtools.tsx(229,23): error TS7026: JSX element implicitly has type 'any' because no interface 'JSX.IntrinsicElements' exists.
components/msw-devtools.tsx(233,25): error TS7026: JSX element implicitly has type 'any' because no interface 'JSX.IntrinsicElements' exists.
components/msw-devtools.tsx(235,25): error TS7026: JSX element implicitly has type 'any' because no interface 'JSX.IntrinsicElements' exists.
components/msw-devtools.tsx(236,25): error TS7026: JSX element implicitly has type 'any' because no interface 'JSX.IntrinsicElements' exists.
components/msw-devtools.tsx(238,25): error TS7026: JSX element implicitly has type 'any' because no interface 'JSX.IntrinsicElements' exists.
components/msw-devtools.tsx(239,23): error TS7026: JSX element implicitly has type 'any' because no interface 'JSX.IntrinsicElements' exists.
components/msw-devtools.tsx(241,19): error TS7026: JSX element implicitly has type 'any' because no interface 'JSX.IntrinsicElements' exists.
components/msw-devtools.tsx(243,19): error TS7026: JSX element implicitly has type 'any' because no interface 'JSX.IntrinsicElements' exists.
components/msw-devtools.tsx(245,19): error TS7026: JSX element implicitly has type 'any' because no interface 'JSX.IntrinsicElements' exists.
components/msw-devtools.tsx(249,17): error TS7026: JSX element implicitly has type 'any' because no interface 'JSX.IntrinsicElements' exists.
components/msw-devtools.tsx(250,19): error TS7026: JSX element implicitly has type 'any' because no interface 'JSX.IntrinsicElements' exists.
components/msw-devtools.tsx(262,19): error TS7026: JSX element implicitly has type 'any' because no interface 'JSX.IntrinsicElements' exists.
components/msw-devtools.tsx(263,19): error TS7026: JSX element implicitly has type 'any' because no interface 'JSX.IntrinsicElements' exists.
components/msw-devtools.tsx(275,19): error TS7026: JSX element implicitly has type 'any' because no interface 'JSX.IntrinsicElements' exists.
components/msw-devtools.tsx(276,17): error TS7026: JSX element implicitly has type 'any' because no interface 'JSX.IntrinsicElements' exists.
components/msw-devtools.tsx(279,17): error TS7026: JSX element implicitly has type 'any' because no interface 'JSX.IntrinsicElements' exists.
components/msw-devtools.tsx(280,19): error TS7026: JSX element implicitly has type 'any' because no interface 'JSX.IntrinsicElements' exists.
components/msw-devtools.tsx(282,19): error TS7026: JSX element implicitly has type 'any' because no interface 'JSX.IntrinsicElements' exists.
components/msw-devtools.tsx(283,19): error TS7026: JSX element implicitly has type 'any' because no interface 'JSX.IntrinsicElements' exists.
components/msw-devtools.tsx(285,23): error TS7026: JSX element implicitly has type 'any' because no interface 'JSX.IntrinsicElements' exists.
components/msw-devtools.tsx(307,23): error TS7026: JSX element implicitly has type 'any' because no interface 'JSX.IntrinsicElements' exists.
components/msw-devtools.tsx(309,19): error TS7026: JSX element implicitly has type 'any' because no interface 'JSX.IntrinsicElements' exists.
components/msw-devtools.tsx(310,17): error TS7026: JSX element implicitly has type 'any' because no interface 'JSX.IntrinsicElements' exists.
components/msw-devtools.tsx(311,15): error TS7026: JSX element implicitly has type 'any' because no interface 'JSX.IntrinsicElements' exists.
components/msw-devtools.tsx(316,15): error TS7026: JSX element implicitly has type 'any' because no interface 'JSX.IntrinsicElements' exists.
components/msw-devtools.tsx(317,17): error TS7026: JSX element implicitly has type 'any' because no interface 'JSX.IntrinsicElements' exists.
components/msw-devtools.tsx(319,17): error TS7026: JSX element implicitly has type 'any' because no interface 'JSX.IntrinsicElements' exists.
components/msw-devtools.tsx(320,17): error TS7026: JSX element implicitly has type 'any' because no interface 'JSX.IntrinsicElements' exists.
components/msw-devtools.tsx(322,21): error TS7026: JSX element implicitly has type 'any' because no interface 'JSX.IntrinsicElements' exists.
components/msw-devtools.tsx(332,23): error TS7026: JSX element implicitly has type 'any' because no interface 'JSX.IntrinsicElements' exists.
components/msw-devtools.tsx(337,23): error TS7026: JSX element implicitly has type 'any' because no interface 'JSX.IntrinsicElements' exists.
components/msw-devtools.tsx(338,23): error TS7026: JSX element implicitly has type 'any' because no interface 'JSX.IntrinsicElements' exists.
components/msw-devtools.tsx(343,23): error TS7026: JSX element implicitly has type 'any' because no interface 'JSX.IntrinsicElements' exists.
components/msw-devtools.tsx(344,21): error TS7026: JSX element implicitly has type 'any' because no interface 'JSX.IntrinsicElements' exists.
components/msw-devtools.tsx(346,17): error TS7026: JSX element implicitly has type 'any' because no interface 'JSX.IntrinsicElements' exists.
components/msw-devtools.tsx(347,15): error TS7026: JSX element implicitly has type 'any' because no interface 'JSX.IntrinsicElements' exists.
components/msw-devtools.tsx(352,15): error TS7026: JSX element implicitly has type 'any' because no interface 'JSX.IntrinsicElements' exists.
components/msw-devtools.tsx(354,19): error TS7026: JSX element implicitly has type 'any' because no interface 'JSX.IntrinsicElements' exists.
components/msw-devtools.tsx(356,19): error TS7026: JSX element implicitly has type 'any' because no interface 'JSX.IntrinsicElements' exists.
components/msw-devtools.tsx(358,35): error TS7006: Parameter 'log' implicitly has an 'any' type.
components/msw-devtools.tsx(359,21): error TS7026: JSX element implicitly has type 'any' because no interface 'JSX.IntrinsicElements' exists.
components/msw-devtools.tsx(363,23): error TS7026: JSX element implicitly has type 'any' because no interface 'JSX.IntrinsicElements' exists.
components/msw-devtools.tsx(364,25): error TS7026: JSX element implicitly has type 'any' because no interface 'JSX.IntrinsicElements' exists.
components/msw-devtools.tsx(372,25): error TS7026: JSX element implicitly has type 'any' because no interface 'JSX.IntrinsicElements' exists.
components/msw-devtools.tsx(373,25): error TS7026: JSX element implicitly has type 'any' because no interface 'JSX.IntrinsicElements' exists.
components/msw-devtools.tsx(380,25): error TS7026: JSX element implicitly has type 'any' because no interface 'JSX.IntrinsicElements' exists.
components/msw-devtools.tsx(381,25): error TS7026: JSX element implicitly has type 'any' because no interface 'JSX.IntrinsicElements' exists.
components/msw-devtools.tsx(383,25): error TS7026: JSX element implicitly has type 'any' because no interface 'JSX.IntrinsicElements' exists.
components/msw-devtools.tsx(384,23): error TS7026: JSX element implicitly has type 'any' because no interface 'JSX.IntrinsicElements' exists.
components/msw-devtools.tsx(385,23): error TS7026: JSX element implicitly has type 'any' because no interface 'JSX.IntrinsicElements' exists.
components/msw-devtools.tsx(387,23): error TS7026: JSX element implicitly has type 'any' because no interface 'JSX.IntrinsicElements' exists.
components/msw-devtools.tsx(388,21): error TS7026: JSX element implicitly has type 'any' because no interface 'JSX.IntrinsicElements' exists.
components/msw-devtools.tsx(392,19): error TS7026: JSX element implicitly has type 'any' because no interface 'JSX.IntrinsicElements' exists.
components/msw-devtools.tsx(397,19): error TS7026: JSX element implicitly has type 'any' because no interface 'JSX.IntrinsicElements' exists.
components/msw-devtools.tsx(399,15): error TS7026: JSX element implicitly has type 'any' because no interface 'JSX.IntrinsicElements' exists.
components/msw-devtools.tsx(401,11): error TS7026: JSX element implicitly has type 'any' because no interface 'JSX.IntrinsicElements' exists.
components/msw-devtools.tsx(404,11): error TS7026: JSX element implicitly has type 'any' because no interface 'JSX.IntrinsicElements' exists.
components/msw-devtools.tsx(405,13): error TS7026: JSX element implicitly has type 'any' because no interface 'JSX.IntrinsicElements' exists.
components/msw-devtools.tsx(406,15): error TS7026: JSX element implicitly has type 'any' because no interface 'JSX.IntrinsicElements' exists.
components/msw-devtools.tsx(406,26): error TS2580: Cannot find name 'process'. Do you need to install type definitions for node? Try `npm i --save-dev @types/node`.
components/msw-devtools.tsx(406,47): error TS7026: JSX element implicitly has type 'any' because no interface 'JSX.IntrinsicElements' exists.
components/msw-devtools.tsx(407,15): error TS7026: JSX element implicitly has type 'any' because no interface 'JSX.IntrinsicElements' exists.
components/msw-devtools.tsx(408,17): error TS7026: JSX element implicitly has type 'any' because no interface 'JSX.IntrinsicElements' exists.
components/msw-devtools.tsx(410,15): error TS7026: JSX element implicitly has type 'any' because no interface 'JSX.IntrinsicElements' exists.
components/msw-devtools.tsx(411,13): error TS7026: JSX element implicitly has type 'any' because no interface 'JSX.IntrinsicElements' exists.
components/msw-devtools.tsx(412,11): error TS7026: JSX element implicitly has type 'any' because no interface 'JSX.IntrinsicElements' exists.
components/msw-devtools.tsx(413,9): error TS7026: JSX element implicitly has type 'any' because no interface 'JSX.IntrinsicElements' exists.
components/msw-init.tsx(3,37): error TS2307: Cannot find module 'react' or its corresponding type declarations.
components/msw-init.tsx(17,51): error TS2503: Cannot find namespace 'React'.
components/msw-init.tsx(23,11): error TS2580: Cannot find name 'process'. Do you need to install type definitions for node? Try `npm i --save-dev @types/node`.
components/msw-init.tsx(29,11): error TS2580: Cannot find name 'process'. Do you need to install type definitions for node? Try `npm i --save-dev @types/node`.
components/msw-init.tsx(96,7): error TS2580: Cannot find name 'process'. Do you need to install type definitions for node? Try `npm i --save-dev @types/node`.
components/msw-init.tsx(96,49): error TS2580: Cannot find name 'process'. Do you need to install type definitions for node? Try `npm i --save-dev @types/node`.
components/msw-init.tsx(97,12): error TS2875: This JSX tag requires the module path 'react/jsx-runtime' to exist, but none could be found. Make sure you have types for the appropriate package installed.
components/msw-init.tsx(103,7): error TS7026: JSX element implicitly has type 'any' because no interface 'JSX.IntrinsicElements' exists.
components/msw-init.tsx(104,9): error TS7026: JSX element implicitly has type 'any' because no interface 'JSX.IntrinsicElements' exists.
components/msw-init.tsx(105,11): error TS7026: JSX element implicitly has type 'any' because no interface 'JSX.IntrinsicElements' exists.
components/msw-init.tsx(106,11): error TS7026: JSX element implicitly has type 'any' because no interface 'JSX.IntrinsicElements' exists.
components/msw-init.tsx(106,83): error TS7026: JSX element implicitly has type 'any' because no interface 'JSX.IntrinsicElements' exists.
components/msw-init.tsx(107,9): error TS7026: JSX element implicitly has type 'any' because no interface 'JSX.IntrinsicElements' exists.
components/msw-init.tsx(108,7): error TS7026: JSX element implicitly has type 'any' because no interface 'JSX.IntrinsicElements' exists.
components/theme-switch.tsx(3,26): error TS2307: Cannot find module 'next-themes' or its corresponding type declarations.
components/theme-switch.tsx(4,37): error TS2307: Cannot find module 'react' or its corresponding type declarations.
components/theme-switch.tsx(6,36): error TS2307: Cannot find module '@phosphor-icons/react' or its corresponding type declarations.
components/theme-switch.tsx(17,12): error TS2875: This JSX tag requires the module path 'react/jsx-runtime' to exist, but none could be found. Make sure you have types for the appropriate package installed.
components/theme-switch.tsx(17,12): error TS7026: JSX element implicitly has type 'any' because no interface 'JSX.IntrinsicElements' exists.
components/ui/accordion.tsx(5,24): error TS2307: Cannot find module 'react' or its corresponding type declarations.
components/ui/accordion.tsx(6,37): error TS2307: Cannot find module '@radix-ui/react-accordion' or its corresponding type declarations.
components/ui/accordion.tsx(9,29): error TS2307: Cannot find module '@phosphor-icons/react' or its corresponding type declarations.
components/ui/accordion.tsx(23,6): error TS7031: Binding element 'className' implicitly has an 'any' type.
components/ui/accordion.tsx(23,28): error TS7006: Parameter 'forwardedRef' implicitly has an 'any' type.
components/ui/accordion.tsx(49,6): error TS7031: Binding element 'children' implicitly has an 'any' type.
components/ui/accordion.tsx(49,16): error TS7031: Binding element 'className' implicitly has an 'any' type.
components/ui/accordion.tsx(49,38): error TS7006: Parameter 'forwardedRef' implicitly has an 'any' type.
components/ui/accordion.tsx(78,5): error TS2875: This JSX tag requires the module path 'react/jsx-runtime' to exist, but none could be found. Make sure you have types for the appropriate package installed.
components/ui/accordion.tsx(129,6): error TS7031: Binding element 'children' implicitly has an 'any' type.
components/ui/accordion.tsx(129,16): error TS7031: Binding element 'className' implicitly has an 'any' type.
components/ui/accordion.tsx(129,38): error TS7006: Parameter 'forwardedRef' implicitly has an 'any' type.
components/ui/accordion.tsx(136,7): error TS7026: JSX element implicitly has type 'any' because no interface 'JSX.IntrinsicElements' exists.
components/ui/accordion.tsx(140,7): error TS7026: JSX element implicitly has type 'any' because no interface 'JSX.IntrinsicElements' exists.
components/ui/alert.tsx(5,24): error TS2307: Cannot find module 'react' or its corresponding type declarations.
components/ui/alert.tsx(9,19): error TS2307: Cannot find module '@phosphor-icons/react' or its corresponding type declarations.
components/ui/alert.tsx(244,7): error TS7031: Binding element 'children' implicitly has an 'any' type.
components/ui/alert.tsx(244,17): error TS7031: Binding element 'className' implicitly has an 'any' type.
components/ui/alert.tsx(244,28): error TS7031: Binding element 'wrapperClassName' implicitly has an 'any' type.
components/ui/alert.tsx(244,46): error TS7031: Binding element 'size' implicitly has an 'any' type.
components/ui/alert.tsx(244,52): error TS7031: Binding element 'variant' implicitly has an 'any' type.
components/ui/alert.tsx(244,61): error TS7031: Binding element 'status' implicitly has an 'any' type.
components/ui/alert.tsx(245,5): error TS7006: Parameter 'forwardedRef' implicitly has an 'any' type.
components/ui/alert.tsx(264,7): error TS7026: JSX element implicitly has type 'any' because no interface 'JSX.IntrinsicElements' exists.
components/ui/alert.tsx(265,9): error TS7026: JSX element implicitly has type 'any' because no interface 'JSX.IntrinsicElements' exists.
components/ui/alert.tsx(267,9): error TS7026: JSX element implicitly has type 'any' because no interface 'JSX.IntrinsicElements' exists.
components/ui/alert.tsx(268,7): error TS7026: JSX element implicitly has type 'any' because no interface 'JSX.IntrinsicElements' exists.
components/ui/alert.tsx(284,10): error TS2875: This JSX tag requires the module path 'react/jsx-runtime' to exist, but none could be found. Make sure you have types for the appropriate package installed.
components/ui/alert.tsx(310,3): error TS2339: Property 'children' does not exist on type 'DismissibleAlertProps'.
components/ui/alert.tsx(311,3): error TS2339: Property 'className' does not exist on type 'DismissibleAlertProps'.
components/ui/alert.tsx(312,3): error TS2339: Property 'wrapperClassName' does not exist on type 'DismissibleAlertProps'.
components/ui/alert.tsx(313,3): error TS2339: Property 'size' does not exist on type 'DismissibleAlertProps'.
components/ui/alert.tsx(314,3): error TS2339: Property 'variant' does not exist on type 'DismissibleAlertProps'.
components/ui/alert.tsx(315,3): error TS2339: Property 'status' does not exist on type 'DismissibleAlertProps'.
components/ui/alert.tsx(357,5): error TS7026: JSX element implicitly has type 'any' because no interface 'JSX.IntrinsicElements' exists.
components/ui/alert.tsx(367,7): error TS7026: JSX element implicitly has type 'any' because no interface 'JSX.IntrinsicElements' exists.
components/ui/alert.tsx(370,11): error TS7026: JSX element implicitly has type 'any' because no interface 'JSX.IntrinsicElements' exists.
components/ui/alert.tsx(380,11): error TS7026: JSX element implicitly has type 'any' because no interface 'JSX.IntrinsicElements' exists.
components/ui/alert.tsx(382,7): error TS7026: JSX element implicitly has type 'any' because no interface 'JSX.IntrinsicElements' exists.
components/ui/alert.tsx(383,5): error TS7026: JSX element implicitly has type 'any' because no interface 'JSX.IntrinsicElements' exists.
components/ui/alert.tsx(395,3): error TS2339: Property 'children' does not exist on type 'AlertWithActionProps'.
components/ui/alert.tsx(396,3): error TS2339: Property 'className' does not exist on type 'AlertWithActionProps'.
components/ui/alert.tsx(397,3): error TS2339: Property 'wrapperClassName' does not exist on type 'AlertWithActionProps'.
components/ui/alert.tsx(398,3): error TS2339: Property 'size' does not exist on type 'AlertWithActionProps'.
components/ui/alert.tsx(399,3): error TS2339: Property 'variant' does not exist on type 'AlertWithActionProps'.
components/ui/alert.tsx(400,3): error TS2339: Property 'status' does not exist on type 'AlertWithActionProps'.
components/ui/alert.tsx(423,7): error TS7026: JSX element implicitly has type 'any' because no interface 'JSX.IntrinsicElements' exists.
components/ui/alert.tsx(424,9): error TS7026: JSX element implicitly has type 'any' because no interface 'JSX.IntrinsicElements' exists.
components/ui/alert.tsx(425,11): error TS7026: JSX element implicitly has type 'any' because no interface 'JSX.IntrinsicElements' exists.
components/ui/alert.tsx(427,11): error TS7026: JSX element implicitly has type 'any' because no interface 'JSX.IntrinsicElements' exists.
components/ui/alert.tsx(428,22): error TS7026: JSX element implicitly has type 'any' because no interface 'JSX.IntrinsicElements' exists.
components/ui/alert.tsx(428,64): error TS7026: JSX element implicitly has type 'any' because no interface 'JSX.IntrinsicElements' exists.
components/ui/alert.tsx(429,9): error TS7026: JSX element implicitly has type 'any' because no interface 'JSX.IntrinsicElements' exists.
components/ui/alert.tsx(430,7): error TS7026: JSX element implicitly has type 'any' because no interface 'JSX.IntrinsicElements' exists.
components/ui/alert.tsx(435,5): error TS7026: JSX element implicitly has type 'any' because no interface 'JSX.IntrinsicElements' exists.
components/ui/alert.tsx(436,7): error TS7026: JSX element implicitly has type 'any' because no interface 'JSX.IntrinsicElements' exists.
components/ui/alert.tsx(437,9): error TS7026: JSX element implicitly has type 'any' because no interface 'JSX.IntrinsicElements' exists.
components/ui/alert.tsx(437,51): error TS7026: JSX element implicitly has type 'any' because no interface 'JSX.IntrinsicElements' exists.
components/ui/alert.tsx(438,20): error TS7026: JSX element implicitly has type 'any' because no interface 'JSX.IntrinsicElements' exists.
components/ui/alert.tsx(438,62): error TS7026: JSX element implicitly has type 'any' because no interface 'JSX.IntrinsicElements' exists.
components/ui/alert.tsx(439,7): error TS7026: JSX element implicitly has type 'any' because no interface 'JSX.IntrinsicElements' exists.
components/ui/alert.tsx(440,5): error TS7026: JSX element implicitly has type 'any' because no interface 'JSX.IntrinsicElements' exists.
components/ui/avatar-empty-icons.tsx(5,24): error TS2307: Cannot find module 'react' or its corresponding type declarations.
components/ui/avatar-empty-icons.tsx(11,5): error TS7026: JSX element implicitly has type 'any' because no interface 'JSX.IntrinsicElements' exists.
components/ui/avatar-empty-icons.tsx(11,5): error TS2875: This JSX tag requires the module path 'react/jsx-runtime' to exist, but none could be found. Make sure you have types for the appropriate package installed.
components/ui/avatar-empty-icons.tsx(17,7): error TS7026: JSX element implicitly has type 'any' because no interface 'JSX.IntrinsicElements' exists.
components/ui/avatar-empty-icons.tsx(18,9): error TS7026: JSX element implicitly has type 'any' because no interface 'JSX.IntrinsicElements' exists.
components/ui/avatar-empty-icons.tsx(19,9): error TS7026: JSX element implicitly has type 'any' because no interface 'JSX.IntrinsicElements' exists.
components/ui/avatar-empty-icons.tsx(20,7): error TS7026: JSX element implicitly has type 'any' because no interface 'JSX.IntrinsicElements' exists.
components/ui/avatar-empty-icons.tsx(21,7): error TS7026: JSX element implicitly has type 'any' because no interface 'JSX.IntrinsicElements' exists.
components/ui/avatar-empty-icons.tsx(22,9): error TS7026: JSX element implicitly has type 'any' because no interface 'JSX.IntrinsicElements' exists.
components/ui/avatar-empty-icons.tsx(23,11): error TS7026: JSX element implicitly has type 'any' because no interface 'JSX.IntrinsicElements' exists.
components/ui/avatar-empty-icons.tsx(24,9): error TS7026: JSX element implicitly has type 'any' because no interface 'JSX.IntrinsicElements' exists.
components/ui/avatar-empty-icons.tsx(25,7): error TS7026: JSX element implicitly has type 'any' because no interface 'JSX.IntrinsicElements' exists.
components/ui/avatar-empty-icons.tsx(26,5): error TS7026: JSX element implicitly has type 'any' because no interface 'JSX.IntrinsicElements' exists.
components/ui/avatar-empty-icons.tsx(36,5): error TS7026: JSX element implicitly has type 'any' because no interface 'JSX.IntrinsicElements' exists.
components/ui/avatar-empty-icons.tsx(44,7): error TS7026: JSX element implicitly has type 'any' because no interface 'JSX.IntrinsicElements' exists.
components/ui/avatar-empty-icons.tsx(45,9): error TS7026: JSX element implicitly has type 'any' because no interface 'JSX.IntrinsicElements' exists.
components/ui/avatar-empty-icons.tsx(46,9): error TS7026: JSX element implicitly has type 'any' because no interface 'JSX.IntrinsicElements' exists.
components/ui/avatar-empty-icons.tsx(47,9): error TS7026: JSX element implicitly has type 'any' because no interface 'JSX.IntrinsicElements' exists.
components/ui/avatar-empty-icons.tsx(48,11): error TS7026: JSX element implicitly has type 'any' because no interface 'JSX.IntrinsicElements' exists.
components/ui/avatar-empty-icons.tsx(52,9): error TS7026: JSX element implicitly has type 'any' because no interface 'JSX.IntrinsicElements' exists.
components/ui/avatar-empty-icons.tsx(53,9): error TS7026: JSX element implicitly has type 'any' because no interface 'JSX.IntrinsicElements' exists.
components/ui/avatar-empty-icons.tsx(57,9): error TS7026: JSX element implicitly has type 'any' because no interface 'JSX.IntrinsicElements' exists.
components/ui/avatar-empty-icons.tsx(58,11): error TS7026: JSX element implicitly has type 'any' because no interface 'JSX.IntrinsicElements' exists.
components/ui/avatar-empty-icons.tsx(63,9): error TS7026: JSX element implicitly has type 'any' because no interface 'JSX.IntrinsicElements' exists.
components/ui/avatar-empty-icons.tsx(64,9): error TS7026: JSX element implicitly has type 'any' because no interface 'JSX.IntrinsicElements' exists.
components/ui/avatar-empty-icons.tsx(68,7): error TS7026: JSX element implicitly has type 'any' because no interface 'JSX.IntrinsicElements' exists.
components/ui/avatar-empty-icons.tsx(69,7): error TS7026: JSX element implicitly has type 'any' because no interface 'JSX.IntrinsicElements' exists.
components/ui/avatar-empty-icons.tsx(70,9): error TS7026: JSX element implicitly has type 'any' because no interface 'JSX.IntrinsicElements' exists.
components/ui/avatar-empty-icons.tsx(79,11): error TS7026: JSX element implicitly has type 'any' because no interface 'JSX.IntrinsicElements' exists.
components/ui/avatar-empty-icons.tsx(80,11): error TS7026: JSX element implicitly has type 'any' because no interface 'JSX.IntrinsicElements' exists.
components/ui/avatar-empty-icons.tsx(81,11): error TS7026: JSX element implicitly has type 'any' because no interface 'JSX.IntrinsicElements' exists.
components/ui/avatar-empty-icons.tsx(86,11): error TS7026: JSX element implicitly has type 'any' because no interface 'JSX.IntrinsicElements' exists.
components/ui/avatar-empty-icons.tsx(91,9): error TS7026: JSX element implicitly has type 'any' because no interface 'JSX.IntrinsicElements' exists.
components/ui/avatar-empty-icons.tsx(92,9): error TS7026: JSX element implicitly has type 'any' because no interface 'JSX.IntrinsicElements' exists.
components/ui/avatar-empty-icons.tsx(101,11): error TS7026: JSX element implicitly has type 'any' because no interface 'JSX.IntrinsicElements' exists.
components/ui/avatar-empty-icons.tsx(102,11): error TS7026: JSX element implicitly has type 'any' because no interface 'JSX.IntrinsicElements' exists.
components/ui/avatar-empty-icons.tsx(103,11): error TS7026: JSX element implicitly has type 'any' because no interface 'JSX.IntrinsicElements' exists.
components/ui/avatar-empty-icons.tsx(108,11): error TS7026: JSX element implicitly has type 'any' because no interface 'JSX.IntrinsicElements' exists.
components/ui/avatar-empty-icons.tsx(113,11): error TS7026: JSX element implicitly has type 'any' because no interface 'JSX.IntrinsicElements' exists.
components/ui/avatar-empty-icons.tsx(118,11): error TS7026: JSX element implicitly has type 'any' because no interface 'JSX.IntrinsicElements' exists.
components/ui/avatar-empty-icons.tsx(119,11): error TS7026: JSX element implicitly has type 'any' because no interface 'JSX.IntrinsicElements' exists.
components/ui/avatar-empty-icons.tsx(120,11): error TS7026: JSX element implicitly has type 'any' because no interface 'JSX.IntrinsicElements' exists.
components/ui/avatar-empty-icons.tsx(121,11): error TS7026: JSX element implicitly has type 'any' because no interface 'JSX.IntrinsicElements' exists.
components/ui/avatar-empty-icons.tsx(122,11): error TS7026: JSX element implicitly has type 'any' because no interface 'JSX.IntrinsicElements' exists.
components/ui/avatar-empty-icons.tsx(123,9): error TS7026: JSX element implicitly has type 'any' because no interface 'JSX.IntrinsicElements' exists.
components/ui/avatar-empty-icons.tsx(124,9): error TS7026: JSX element implicitly has type 'any' because no interface 'JSX.IntrinsicElements' exists.
components/ui/avatar-empty-icons.tsx(125,11): error TS7026: JSX element implicitly has type 'any' because no interface 'JSX.IntrinsicElements' exists.
components/ui/avatar-empty-icons.tsx(126,9): error TS7026: JSX element implicitly has type 'any' because no interface 'JSX.IntrinsicElements' exists.
components/ui/avatar-empty-icons.tsx(127,7): error TS7026: JSX element implicitly has type 'any' because no interface 'JSX.IntrinsicElements' exists.
components/ui/avatar-empty-icons.tsx(128,5): error TS7026: JSX element implicitly has type 'any' because no interface 'JSX.IntrinsicElements' exists.
components/ui/avatar-group-compact.tsx(3,24): error TS2307: Cannot find module 'react' or its corresponding type declarations.
components/ui/avatar-group-compact.tsx(74,5): error TS7026: JSX element implicitly has type 'any' because no interface 'JSX.IntrinsicElements' exists.
components/ui/avatar-group-compact.tsx(74,5): error TS2875: This JSX tag requires the module path 'react/jsx-runtime' to exist, but none could be found. Make sure you have types for the appropriate package installed.
components/ui/avatar-group-compact.tsx(76,5): error TS7026: JSX element implicitly has type 'any' because no interface 'JSX.IntrinsicElements' exists.
components/ui/avatar-group-compact.tsx(89,5): error TS7026: JSX element implicitly has type 'any' because no interface 'JSX.IntrinsicElements' exists.
components/ui/avatar-group-compact.tsx(91,5): error TS7026: JSX element implicitly has type 'any' because no interface 'JSX.IntrinsicElements' exists.
components/ui/avatar-group-compact.tsx(105,5): error TS7026: JSX element implicitly has type 'any' because no interface 'JSX.IntrinsicElements' exists.
components/ui/avatar-group-compact.tsx(107,5): error TS7026: JSX element implicitly has type 'any' because no interface 'JSX.IntrinsicElements' exists.
components/ui/avatar-group.tsx(3,24): error TS2307: Cannot find module 'react' or its corresponding type declarations.
components/ui/avatar-group.tsx(88,5): error TS7026: JSX element implicitly has type 'any' because no interface 'JSX.IntrinsicElements' exists.
components/ui/avatar-group.tsx(88,5): error TS2875: This JSX tag requires the module path 'react/jsx-runtime' to exist, but none could be found. Make sure you have types for the appropriate package installed.
components/ui/avatar-group.tsx(90,5): error TS7026: JSX element implicitly has type 'any' because no interface 'JSX.IntrinsicElements' exists.
components/ui/avatar-group.tsx(104,5): error TS7026: JSX element implicitly has type 'any' because no interface 'JSX.IntrinsicElements' exists.
components/ui/avatar-group.tsx(106,5): error TS7026: JSX element implicitly has type 'any' because no interface 'JSX.IntrinsicElements' exists.
components/ui/avatar.tsx(3,24): error TS2307: Cannot find module 'react' or its corresponding type declarations.
components/ui/avatar.tsx(4,22): error TS2307: Cannot find module '@radix-ui/react-slot' or its corresponding type declarations.
components/ui/avatar.tsx(149,7): error TS7031: Binding element 'asChild' implicitly has an 'any' type.
components/ui/avatar.tsx(150,7): error TS7031: Binding element 'children' implicitly has an 'any' type.
components/ui/avatar.tsx(151,7): error TS7031: Binding element 'size' implicitly has an 'any' type.
components/ui/avatar.tsx(152,7): error TS7031: Binding element 'color' implicitly has an 'any' type.
components/ui/avatar.tsx(153,7): error TS7031: Binding element 'className' implicitly has an 'any' type.
components/ui/avatar.tsx(157,5): error TS7006: Parameter 'forwardedRef' implicitly has an 'any' type.
components/ui/avatar.tsx(171,9): error TS7026: JSX element implicitly has type 'any' because no interface 'JSX.IntrinsicElements' exists.
components/ui/avatar.tsx(179,9): error TS7026: JSX element implicitly has type 'any' because no interface 'JSX.IntrinsicElements' exists.
components/ui/avatar.tsx(210,6): error TS7031: Binding element 'asChild' implicitly has an 'any' type.
components/ui/avatar.tsx(210,15): error TS7031: Binding element 'className' implicitly has an 'any' type.
components/ui/avatar.tsx(210,26): error TS7031: Binding element 'size' implicitly has an 'any' type.
components/ui/avatar.tsx(210,32): error TS7031: Binding element 'color' implicitly has an 'any' type.
components/ui/avatar.tsx(210,50): error TS7006: Parameter 'forwardedRef' implicitly has an 'any' type.
components/ui/avatar.tsx(238,5): error TS2875: This JSX tag requires the module path 'react/jsx-runtime' to exist, but none could be found. Make sure you have types for the appropriate package installed.
components/ui/avatar.tsx(238,5): error TS7026: JSX element implicitly has type 'any' because no interface 'JSX.IntrinsicElements' exists.
components/ui/avatar.tsx(271,5): error TS7026: JSX element implicitly has type 'any' because no interface 'JSX.IntrinsicElements' exists.
components/ui/avatar.tsx(286,6): error TS7031: Binding element 'asChild' implicitly has an 'any' type.
components/ui/avatar.tsx(286,15): error TS7031: Binding element 'className' implicitly has an 'any' type.
components/ui/avatar.tsx(286,37): error TS7006: Parameter 'forwardedRef' implicitly has an 'any' type.
components/ui/avatar.tsx(307,5): error TS7026: JSX element implicitly has type 'any' because no interface 'JSX.IntrinsicElements' exists.
components/ui/avatar.tsx(339,3): error TS2339: Property 'children' does not exist on type 'AvatarGroupProps'.
components/ui/avatar.tsx(344,3): error TS2339: Property 'className' does not exist on type 'AvatarGroupProps'.
components/ui/avatar.tsx(361,5): error TS7026: JSX element implicitly has type 'any' because no interface 'JSX.IntrinsicElements' exists.
components/ui/avatar.tsx(366,29): error TS7006: Parameter 'child' implicitly has an 'any' type.
components/ui/avatar.tsx(366,36): error TS7006: Parameter 'index' implicitly has an 'any' type.
components/ui/avatar.tsx(367,9): error TS7026: JSX element implicitly has type 'any' because no interface 'JSX.IntrinsicElements' exists.
components/ui/avatar.tsx(378,9): error TS7026: JSX element implicitly has type 'any' because no interface 'JSX.IntrinsicElements' exists.
components/ui/avatar.tsx(381,9): error TS7026: JSX element implicitly has type 'any' because no interface 'JSX.IntrinsicElements' exists.
components/ui/avatar.tsx(395,9): error TS7026: JSX element implicitly has type 'any' because no interface 'JSX.IntrinsicElements' exists.
components/ui/avatar.tsx(397,5): error TS7026: JSX element implicitly has type 'any' because no interface 'JSX.IntrinsicElements' exists.
components/ui/avatar.tsx(409,6): error TS7031: Binding element 'onClick' implicitly has an 'any' type.
components/ui/avatar.tsx(409,15): error TS7031: Binding element 'href' implicitly has an 'any' type.
components/ui/avatar.tsx(409,21): error TS7031: Binding element 'className' implicitly has an 'any' type.
components/ui/avatar.tsx(409,32): error TS7031: Binding element 'children' implicitly has an 'any' type.
components/ui/avatar.tsx(409,53): error TS7006: Parameter 'forwardedRef' implicitly has an 'any' type.
components/ui/avatar.tsx(422,21): error TS7006: Parameter 'e' implicitly has an 'any' type.
components/ui/avatar.tsx(436,9): error TS7026: JSX element implicitly has type 'any' because no interface 'JSX.IntrinsicElements' exists.
components/ui/avatar.tsx(438,9): error TS7026: JSX element implicitly has type 'any' because no interface 'JSX.IntrinsicElements' exists.
components/ui/avatar.tsx(465,6): error TS7031: Binding element 'src' implicitly has an 'any' type.
components/ui/avatar.tsx(465,11): error TS7031: Binding element 'alt' implicitly has an 'any' type.
components/ui/avatar.tsx(465,16): error TS7031: Binding element 'name' implicitly has an 'any' type.
components/ui/avatar.tsx(465,22): error TS7031: Binding element 'size' implicitly has an 'any' type.
components/ui/avatar.tsx(465,28): error TS7031: Binding element 'color' implicitly has an 'any' type.
components/ui/avatar.tsx(465,46): error TS7006: Parameter 'forwardedRef' implicitly has an 'any' type.
components/ui/badge.tsx(5,24): error TS2307: Cannot find module 'react' or its corresponding type declarations.
components/ui/badge.tsx(9,22): error TS2307: Cannot find module '@radix-ui/react-slot' or its corresponding type declarations.
components/ui/badge.tsx(10,19): error TS2307: Cannot find module '@phosphor-icons/react' or its corresponding type declarations.
components/ui/badge.tsx(502,7): error TS7031: Binding element 'asChild' implicitly has an 'any' type.
components/ui/badge.tsx(503,7): error TS7031: Binding element 'size' implicitly has an 'any' type.
components/ui/badge.tsx(504,7): error TS7031: Binding element 'variant' implicitly has an 'any' type.
components/ui/badge.tsx(505,7): error TS7031: Binding element 'color' implicitly has an 'any' type.
components/ui/badge.tsx(506,7): error TS7031: Binding element 'disabled' implicitly has an 'any' type.
components/ui/badge.tsx(507,7): error TS7031: Binding element 'square' implicitly has an 'any' type.
components/ui/badge.tsx(508,7): error TS7031: Binding element 'children' implicitly has an 'any' type.
components/ui/badge.tsx(509,7): error TS7031: Binding element 'className' implicitly has an 'any' type.
components/ui/badge.tsx(512,5): error TS7006: Parameter 'forwardedRef' implicitly has an 'any' type.
components/ui/badge.tsx(556,10): error TS2875: This JSX tag requires the module path 'react/jsx-runtime' to exist, but none could be found. Make sure you have types for the appropriate package installed.
components/ui/badge.tsx(566,10): error TS7026: JSX element implicitly has type 'any' because no interface 'JSX.IntrinsicElements' exists.
components/ui/badge.tsx(604,5): error TS7026: JSX element implicitly has type 'any' because no interface 'JSX.IntrinsicElements' exists.
components/ui/badge.tsx(613,7): error TS7026: JSX element implicitly has type 'any' because no interface 'JSX.IntrinsicElements' exists.
components/ui/badge.tsx(626,7): error TS7026: JSX element implicitly has type 'any' because no interface 'JSX.IntrinsicElements' exists.
components/ui/badge.tsx(627,5): error TS7026: JSX element implicitly has type 'any' because no interface 'JSX.IntrinsicElements' exists.
components/ui/badge.tsx(641,3): error TS2339: Property 'children' does not exist on type 'BadgeGroupProps'.
components/ui/badge.tsx(642,3): error TS2339: Property 'className' does not exist on type 'BadgeGroupProps'.
components/ui/badge.tsx(660,5): error TS7026: JSX element implicitly has type 'any' because no interface 'JSX.IntrinsicElements' exists.
components/ui/badge.tsx(672,5): error TS7026: JSX element implicitly has type 'any' because no interface 'JSX.IntrinsicElements' exists.
components/ui/badge.tsx(701,5): error TS7026: JSX element implicitly has type 'any' because no interface 'JSX.IntrinsicElements' exists.
components/ui/badge.tsx(703,5): error TS7026: JSX element implicitly has type 'any' because no interface 'JSX.IntrinsicElements' exists.
components/ui/bar-list.tsx(3,24): error TS2307: Cannot find module 'react' or its corresponding type declarations.
components/ui/bar-list.tsx(95,39): error TS7006: Parameter 'd' implicitly has an 'any' type.
components/ui/bar-list.tsx(100,5): error TS7026: JSX element implicitly has type 'any' because no interface 'JSX.IntrinsicElements' exists.
components/ui/bar-list.tsx(100,5): error TS2875: This JSX tag requires the module path 'react/jsx-runtime' to exist, but none could be found. Make sure you have types for the appropriate package installed.
components/ui/bar-list.tsx(101,24): error TS7006: Parameter 'dataItem' implicitly has an 'any' type.
components/ui/bar-list.tsx(101,34): error TS7006: Parameter 'index' implicitly has an 'any' type.
components/ui/bar-list.tsx(108,13): error TS7026: JSX element implicitly has type 'any' because no interface 'JSX.IntrinsicElements' exists.
components/ui/bar-list.tsx(110,17): error TS7026: JSX element implicitly has type 'any' because no interface 'JSX.IntrinsicElements' exists.
components/ui/bar-list.tsx(110,77): error TS7026: JSX element implicitly has type 'any' because no interface 'JSX.IntrinsicElements' exists.
components/ui/bar-list.tsx(112,15): error TS7026: JSX element implicitly has type 'any' because no interface 'JSX.IntrinsicElements' exists.
components/ui/bar-list.tsx(112,56): error TS7026: JSX element implicitly has type 'any' because no interface 'JSX.IntrinsicElements' exists.
components/ui/bar-list.tsx(113,13): error TS7026: JSX element implicitly has type 'any' because no interface 'JSX.IntrinsicElements' exists.
components/ui/bar-list.tsx(114,13): error TS7026: JSX element implicitly has type 'any' because no interface 'JSX.IntrinsicElements' exists.
components/ui/bar-list.tsx(115,15): error TS7026: JSX element implicitly has type 'any' because no interface 'JSX.IntrinsicElements' exists.
components/ui/bar-list.tsx(119,13): error TS7026: JSX element implicitly has type 'any' because no interface 'JSX.IntrinsicElements' exists.
components/ui/bar-list.tsx(120,13): error TS7026: JSX element implicitly has type 'any' because no interface 'JSX.IntrinsicElements' exists.
components/ui/bar-list.tsx(120,76): error TS7026: JSX element implicitly has type 'any' because no interface 'JSX.IntrinsicElements' exists.
components/ui/bar-list.tsx(126,13): error TS7026: JSX element implicitly has type 'any' because no interface 'JSX.IntrinsicElements' exists.
components/ui/bar-list.tsx(136,13): error TS7026: JSX element implicitly has type 'any' because no interface 'JSX.IntrinsicElements' exists.
components/ui/bar-list.tsx(141,11): error TS7026: JSX element implicitly has type 'any' because no interface 'JSX.IntrinsicElements' exists.
components/ui/bar-list.tsx(143,11): error TS7026: JSX element implicitly has type 'any' because no interface 'JSX.IntrinsicElements' exists.
components/ui/bar-list.tsx(146,5): error TS7026: JSX element implicitly has type 'any' because no interface 'JSX.IntrinsicElements' exists.
components/ui/bar-list.tsx(164,5): error TS7026: JSX element implicitly has type 'any' because no interface 'JSX.IntrinsicElements' exists.
components/ui/bar-list.tsx(166,9): error TS7026: JSX element implicitly has type 'any' because no interface 'JSX.IntrinsicElements' exists.
components/ui/bar-list.tsx(168,13): error TS7026: JSX element implicitly has type 'any' because no interface 'JSX.IntrinsicElements' exists.
components/ui/bar-list.tsx(168,71): error TS7026: JSX element implicitly has type 'any' because no interface 'JSX.IntrinsicElements' exists.
components/ui/bar-list.tsx(171,13): error TS7026: JSX element implicitly has type 'any' because no interface 'JSX.IntrinsicElements' exists.
components/ui/bar-list.tsx(171,74): error TS7026: JSX element implicitly has type 'any' because no interface 'JSX.IntrinsicElements' exists.
components/ui/bar-list.tsx(173,9): error TS7026: JSX element implicitly has type 'any' because no interface 'JSX.IntrinsicElements' exists.
components/ui/bar-list.tsx(176,5): error TS7026: JSX element implicitly has type 'any' because no interface 'JSX.IntrinsicElements' exists.
components/ui/bottom-sheet.tsx(6,24): error TS2307: Cannot find module 'react' or its corresponding type declarations.
components/ui/bottom-sheet.tsx(7,24): error TS2307: Cannot find module 'vaul' or its corresponding type declarations.
components/ui/bottom-sheet.tsx(8,19): error TS2307: Cannot find module '@phosphor-icons/react' or its corresponding type declarations.
components/ui/bottom-sheet.tsx(11,31): error TS2307: Cannot find module 'usehooks-ts' or its corresponding type declarations.
components/ui/bottom-sheet.tsx(31,5): error TS2875: This JSX tag requires the module path 'react/jsx-runtime' to exist, but none could be found. Make sure you have types for the appropriate package installed.
components/ui/bottom-sheet.tsx(49,6): error TS7031: Binding element 'className' implicitly has an 'any' type.
components/ui/bottom-sheet.tsx(49,29): error TS7006: Parameter 'ref' implicitly has an 'any' type.
components/ui/bottom-sheet.tsx(67,6): error TS7031: Binding element 'className' implicitly has an 'any' type.
components/ui/bottom-sheet.tsx(67,17): error TS7031: Binding element 'children' implicitly has an 'any' type.
components/ui/bottom-sheet.tsx(67,76): error TS7006: Parameter 'ref' implicitly has an 'any' type.
components/ui/bottom-sheet.tsx(82,9): error TS7026: JSX element implicitly has type 'any' because no interface 'JSX.IntrinsicElements' exists.
components/ui/bottom-sheet.tsx(107,5): error TS7026: JSX element implicitly has type 'any' because no interface 'JSX.IntrinsicElements' exists.
components/ui/bottom-sheet.tsx(117,6): error TS7031: Binding element 'className' implicitly has an 'any' type.
components/ui/bottom-sheet.tsx(117,29): error TS7006: Parameter 'ref' implicitly has an 'any' type.
components/ui/bottom-sheet.tsx(118,3): error TS7026: JSX element implicitly has type 'any' because no interface 'JSX.IntrinsicElements' exists.
components/ui/bottom-sheet.tsx(129,6): error TS7031: Binding element 'className' implicitly has an 'any' type.
components/ui/bottom-sheet.tsx(129,29): error TS7006: Parameter 'ref' implicitly has an 'any' type.
components/ui/bottom-sheet.tsx(130,3): error TS7026: JSX element implicitly has type 'any' because no interface 'JSX.IntrinsicElements' exists.
components/ui/bottom-sheet.tsx(143,5): error TS7026: JSX element implicitly has type 'any' because no interface 'JSX.IntrinsicElements' exists.
components/ui/bottom-sheet.tsx(155,5): error TS7026: JSX element implicitly has type 'any' because no interface 'JSX.IntrinsicElements' exists.
components/ui/breadcrumb.tsx(3,24): error TS2307: Cannot find module 'react' or its corresponding type declarations.
components/ui/breadcrumb.tsx(4,22): error TS2307: Cannot find module '@radix-ui/react-slot' or its corresponding type declarations.
components/ui/breadcrumb.tsx(26,5): error TS2875: This JSX tag requires the module path 'react/jsx-runtime' to exist, but none could be found. Make sure you have types for the appropriate package installed.
components/ui/breadcrumb.tsx(39,6): error TS7031: Binding element 'asChild' implicitly has an 'any' type.
components/ui/breadcrumb.tsx(39,15): error TS7031: Binding element 'children' implicitly has an 'any' type.
components/ui/breadcrumb.tsx(39,25): error TS7031: Binding element 'className' implicitly has an 'any' type.
components/ui/breadcrumb.tsx(39,36): error TS7031: Binding element 'active' implicitly has an 'any' type.
components/ui/breadcrumb.tsx(39,55): error TS7006: Parameter 'forwardedRef' implicitly has an 'any' type.
components/ui/button-group.tsx(5,24): error TS2307: Cannot find module 'react' or its corresponding type declarations.
components/ui/button-group.tsx(9,22): error TS2307: Cannot find module '@radix-ui/react-slot' or its corresponding type declarations.
components/ui/button-group.tsx(89,6): error TS7031: Binding element 'asChild' implicitly has an 'any' type.
components/ui/button-group.tsx(89,15): error TS7031: Binding element 'children' implicitly has an 'any' type.
components/ui/button-group.tsx(89,25): error TS7031: Binding element 'className' implicitly has an 'any' type.
components/ui/button-group.tsx(89,36): error TS7031: Binding element 'size' implicitly has an 'any' type.
components/ui/button-group.tsx(89,53): error TS7006: Parameter 'forwardedRef' implicitly has an 'any' type.
components/ui/button-group.tsx(127,6): error TS7031: Binding element 'children' implicitly has an 'any' type.
components/ui/button-group.tsx(127,16): error TS7031: Binding element 'className' implicitly has an 'any' type.
components/ui/button-group.tsx(127,27): error TS7031: Binding element 'size' implicitly has an 'any' type.
components/ui/button-group.tsx(127,33): error TS7031: Binding element 'asChild' implicitly has an 'any' type.
components/ui/button-group.tsx(127,53): error TS7006: Parameter 'forwardedRef' implicitly has an 'any' type.
components/ui/button-group.tsx(152,10): error TS2875: This JSX tag requires the module path 'react/jsx-runtime' to exist, but none could be found. Make sure you have types for the appropriate package installed.
components/ui/button.tsx(5,24): error TS2307: Cannot find module 'react' or its corresponding type declarations.
components/ui/button.tsx(6,22): error TS2307: Cannot find module '@radix-ui/react-slot' or its corresponding type declarations.
components/ui/button.tsx(7,29): error TS2307: Cannot find module '@phosphor-icons/react' or its corresponding type declarations.
components/ui/button.tsx(136,7): error TS7031: Binding element 'children' implicitly has an 'any' type.
components/ui/button.tsx(136,17): error TS7031: Binding element 'variant' implicitly has an 'any' type.
components/ui/button.tsx(136,26): error TS7031: Binding element 'size' implicitly has an 'any' type.
components/ui/button.tsx(136,32): error TS7031: Binding element 'asChild' implicitly has an 'any' type.
components/ui/button.tsx(136,41): error TS7031: Binding element 'className' implicitly has an 'any' type.
components/ui/button.tsx(136,52): error TS7031: Binding element 'isLoading' implicitly has an 'any' type.
components/ui/button.tsx(136,63): error TS7031: Binding element 'loadingText' implicitly has an 'any' type.
components/ui/button.tsx(136,76): error TS7031: Binding element 'disabled' implicitly has an 'any' type.
components/ui/button.tsx(137,5): error TS7006: Parameter 'forwardedRef' implicitly has an 'any' type.
components/ui/button.tsx(168,29): error TS7026: JSX element implicitly has type 'any' because no interface 'JSX.IntrinsicElements' exists.
components/ui/button.tsx(168,74): error TS7026: JSX element implicitly has type 'any' because no interface 'JSX.IntrinsicElements' exists.
components/ui/button.tsx(169,30): error TS7026: JSX element implicitly has type 'any' because no interface 'JSX.IntrinsicElements' exists.
components/ui/button.tsx(169,63): error TS7026: JSX element implicitly has type 'any' because no interface 'JSX.IntrinsicElements' exists.
components/ui/button.tsx(190,10): error TS2875: This JSX tag requires the module path 'react/jsx-runtime' to exist, but none could be found. Make sure you have types for the appropriate package installed.
components/ui/callout.tsx(5,24): error TS2307: Cannot find module 'react' or its corresponding type declarations.
components/ui/callout.tsx(15,8): error TS2307: Cannot find module '@phosphor-icons/react' or its corresponding type declarations.
components/ui/callout.tsx(120,3): error TS2339: Property 'children' does not exist on type 'CalloutProps'.
components/ui/callout.tsx(121,3): error TS2339: Property 'variant' does not exist on type 'CalloutProps'.
components/ui/callout.tsx(122,3): error TS2339: Property 'size' does not exist on type 'CalloutProps'.
components/ui/callout.tsx(127,3): error TS2339: Property 'className' does not exist on type 'CalloutProps'.
components/ui/callout.tsx(152,25): error TS7053: Element implicitly has an 'any' type because expression of type 'any' can't be used to index type 'Record<CalloutVariant, React.ElementType>'.
components/ui/callout.tsx(155,5): error TS7026: JSX element implicitly has type 'any' because no interface 'JSX.IntrinsicElements' exists.
components/ui/callout.tsx(155,5): error TS2875: This JSX tag requires the module path 'react/jsx-runtime' to exist, but none could be found. Make sure you have types for the appropriate package installed.
components/ui/callout.tsx(167,9): error TS7026: JSX element implicitly has type 'any' because no interface 'JSX.IntrinsicElements' exists.
components/ui/callout.tsx(169,9): error TS7026: JSX element implicitly has type 'any' because no interface 'JSX.IntrinsicElements' exists.
components/ui/callout.tsx(171,7): error TS7026: JSX element implicitly has type 'any' because no interface 'JSX.IntrinsicElements' exists.
components/ui/callout.tsx(172,19): error TS7026: JSX element implicitly has type 'any' because no interface 'JSX.IntrinsicElements' exists.
components/ui/callout.tsx(172,57): error TS7026: JSX element implicitly has type 'any' because no interface 'JSX.IntrinsicElements' exists.
components/ui/callout.tsx(173,22): error TS7026: JSX element implicitly has type 'any' because no interface 'JSX.IntrinsicElements' exists.
components/ui/callout.tsx(173,63): error TS7026: JSX element implicitly has type 'any' because no interface 'JSX.IntrinsicElements' exists.
components/ui/callout.tsx(174,7): error TS7026: JSX element implicitly has type 'any' because no interface 'JSX.IntrinsicElements' exists.
components/ui/callout.tsx(176,9): error TS7026: JSX element implicitly has type 'any' because no interface 'JSX.IntrinsicElements' exists.
components/ui/callout.tsx(183,9): error TS7026: JSX element implicitly has type 'any' because no interface 'JSX.IntrinsicElements' exists.
components/ui/callout.tsx(185,5): error TS7026: JSX element implicitly has type 'any' because no interface 'JSX.IntrinsicElements' exists.
components/ui/callout.tsx(197,3): error TS2339: Property 'children' does not exist on type 'CalloutWithActionsProps'.
components/ui/callout.tsx(204,9): error TS7026: JSX element implicitly has type 'any' because no interface 'JSX.IntrinsicElements' exists.
components/ui/callout.tsx(206,9): error TS7026: JSX element implicitly has type 'any' because no interface 'JSX.IntrinsicElements' exists.
components/ui/callout.tsx(223,3): error TS2339: Property 'children' does not exist on type 'InlineCalloutProps'.
components/ui/callout.tsx(224,3): error TS2339: Property 'className' does not exist on type 'InlineCalloutProps'.
components/ui/callout.tsx(232,25): error TS7053: Element implicitly has an 'any' type because expression of type 'any' can't be used to index type 'Record<CalloutVariant, React.ElementType>'.
components/ui/callout.tsx(235,5): error TS7026: JSX element implicitly has type 'any' because no interface 'JSX.IntrinsicElements' exists.
components/ui/callout.tsx(240,7): error TS7026: JSX element implicitly has type 'any' because no interface 'JSX.IntrinsicElements' exists.
components/ui/callout.tsx(242,7): error TS7026: JSX element implicitly has type 'any' because no interface 'JSX.IntrinsicElements' exists.
components/ui/callout.tsx(243,7): error TS7026: JSX element implicitly has type 'any' because no interface 'JSX.IntrinsicElements' exists.
components/ui/callout.tsx(243,49): error TS7026: JSX element implicitly has type 'any' because no interface 'JSX.IntrinsicElements' exists.
components/ui/callout.tsx(244,5): error TS7026: JSX element implicitly has type 'any' because no interface 'JSX.IntrinsicElements' exists.
components/ui/callout.tsx(255,3): error TS2339: Property 'children' does not exist on type 'QuoteCalloutProps'.
components/ui/callout.tsx(257,3): error TS2339: Property 'className' does not exist on type 'QuoteCalloutProps'.
components/ui/callout.tsx(261,5): error TS7026: JSX element implicitly has type 'any' because no interface 'JSX.IntrinsicElements' exists.
components/ui/callout.tsx(268,7): error TS7026: JSX element implicitly has type 'any' because no interface 'JSX.IntrinsicElements' exists.
components/ui/callout.tsx(268,78): error TS7026: JSX element implicitly has type 'any' because no interface 'JSX.IntrinsicElements' exists.
components/ui/callout.tsx(270,9): error TS7026: JSX element implicitly has type 'any' because no interface 'JSX.IntrinsicElements' exists.
components/ui/callout.tsx(272,9): error TS7026: JSX element implicitly has type 'any' because no interface 'JSX.IntrinsicElements' exists.
components/ui/callout.tsx(274,5): error TS7026: JSX element implicitly has type 'any' because no interface 'JSX.IntrinsicElements' exists.
components/ui/card.tsx(3,24): error TS2307: Cannot find module 'react' or its corresponding type declarations.
components/ui/card.tsx(67,6): error TS7031: Binding element 'className' implicitly has an 'any' type.
components/ui/card.tsx(67,17): error TS7031: Binding element 'variant' implicitly has an 'any' type.
components/ui/card.tsx(67,26): error TS7031: Binding element 'size' implicitly has an 'any' type.
components/ui/card.tsx(67,32): error TS7031: Binding element 'interactive' implicitly has an 'any' type.
components/ui/card.tsx(67,56): error TS7006: Parameter 'forwardedRef' implicitly has an 'any' type.
components/ui/card.tsx(71,7): error TS7026: JSX element implicitly has type 'any' because no interface 'JSX.IntrinsicElements' exists.
components/ui/card.tsx(86,6): error TS7031: Binding element 'className' implicitly has an 'any' type.
components/ui/card.tsx(86,41): error TS7006: Parameter 'forwardedRef' implicitly has an 'any' type.
components/ui/card.tsx(90,7): error TS7026: JSX element implicitly has type 'any' because no interface 'JSX.IntrinsicElements' exists.
components/ui/card.tsx(105,6): error TS7031: Binding element 'className' implicitly has an 'any' type.
components/ui/card.tsx(105,50): error TS7006: Parameter 'forwardedRef' implicitly has an 'any' type.
components/ui/card.tsx(122,6): error TS7031: Binding element 'className' implicitly has an 'any' type.
components/ui/card.tsx(122,28): error TS7006: Parameter 'forwardedRef' implicitly has an 'any' type.
components/ui/card.tsx(126,5): error TS7026: JSX element implicitly has type 'any' because no interface 'JSX.IntrinsicElements' exists.
components/ui/card.tsx(138,6): error TS7031: Binding element 'className' implicitly has an 'any' type.
components/ui/card.tsx(138,28): error TS7006: Parameter 'forwardedRef' implicitly has an 'any' type.
components/ui/card.tsx(142,5): error TS7026: JSX element implicitly has type 'any' because no interface 'JSX.IntrinsicElements' exists.
components/ui/card.tsx(157,6): error TS7031: Binding element 'className' implicitly has an 'any' type.
components/ui/card.tsx(157,58): error TS7006: Parameter 'forwardedRef' implicitly has an 'any' type.
components/ui/card.tsx(168,7): error TS7026: JSX element implicitly has type 'any' because no interface 'JSX.IntrinsicElements' exists.
components/ui/card.tsx(170,33): error TS7053: Element implicitly has an 'any' type because expression of type 'string' can't be used to index type '{ left: string; center: string; right: string; between: string; }'.
  No index signature with a parameter of type 'string' was found on type '{ left: string; center: string; right: string; between: string; }'.
components/ui/card.tsx(196,3): error TS2339: Property 'size' does not exist on type 'StatCardProps'.
components/ui/card.tsx(212,5): error TS2875: This JSX tag requires the module path 'react/jsx-runtime' to exist, but none could be found. Make sure you have types for the appropriate package installed.
components/ui/card.tsx(213,7): error TS7026: JSX element implicitly has type 'any' because no interface 'JSX.IntrinsicElements' exists.
components/ui/card.tsx(214,9): error TS7026: JSX element implicitly has type 'any' because no interface 'JSX.IntrinsicElements' exists.
components/ui/card.tsx(215,11): error TS7026: JSX element implicitly has type 'any' because no interface 'JSX.IntrinsicElements' exists.
components/ui/card.tsx(215,72): error TS7026: JSX element implicitly has type 'any' because no interface 'JSX.IntrinsicElements' exists.
components/ui/card.tsx(216,11): error TS7026: JSX element implicitly has type 'any' because no interface 'JSX.IntrinsicElements' exists.
components/ui/card.tsx(216,71): error TS7026: JSX element implicitly has type 'any' because no interface 'JSX.IntrinsicElements' exists.
components/ui/card.tsx(218,13): error TS7026: JSX element implicitly has type 'any' because no interface 'JSX.IntrinsicElements' exists.
components/ui/card.tsx(220,13): error TS7026: JSX element implicitly has type 'any' because no interface 'JSX.IntrinsicElements' exists.
components/ui/card.tsx(222,9): error TS7026: JSX element implicitly has type 'any' because no interface 'JSX.IntrinsicElements' exists.
components/ui/card.tsx(224,11): error TS7026: JSX element implicitly has type 'any' because no interface 'JSX.IntrinsicElements' exists.
components/ui/card.tsx(226,11): error TS7026: JSX element implicitly has type 'any' because no interface 'JSX.IntrinsicElements' exists.
components/ui/card.tsx(228,7): error TS7026: JSX element implicitly has type 'any' because no interface 'JSX.IntrinsicElements' exists.
components/ui/card.tsx(229,18): error TS7026: JSX element implicitly has type 'any' because no interface 'JSX.IntrinsicElements' exists.
components/ui/card.tsx(229,85): error TS7026: JSX element implicitly has type 'any' because no interface 'JSX.IntrinsicElements' exists.
components/ui/card.tsx(242,6): error TS7031: Binding element 'className' implicitly has an 'any' type.
components/ui/card.tsx(242,17): error TS7031: Binding element 'selected' implicitly has an 'any' type.
components/ui/card.tsx(242,27): error TS7031: Binding element 'onSelect' implicitly has an 'any' type.
components/ui/card.tsx(242,37): error TS7031: Binding element 'children' implicitly has an 'any' type.
components/ui/card.tsx(242,58): error TS7006: Parameter 'forwardedRef' implicitly has an 'any' type.
components/ui/card.tsx(253,21): error TS7006: Parameter 'e' implicitly has an 'any' type.
components/ui/category-bar.tsx(5,24): error TS2307: Cannot find module 'react' or its corresponding type declarations.
components/ui/category-bar.tsx(59,3): error TS2339: Property 'size' does not exist on type 'CategoryBarProps'.
components/ui/category-bar.tsx(70,7): error TS2875: This JSX tag requires the module path 'react/jsx-runtime' to exist, but none could be found. Make sure you have types for the appropriate package installed.
components/ui/category-bar.tsx(70,7): error TS7026: JSX element implicitly has type 'any' because no interface 'JSX.IntrinsicElements' exists.
components/ui/category-bar.tsx(86,7): error TS7026: JSX element implicitly has type 'any' because no interface 'JSX.IntrinsicElements' exists.
components/ui/category-bar.tsx(108,13): error TS7026: JSX element implicitly has type 'any' because no interface 'JSX.IntrinsicElements' exists.
components/ui/category-bar.tsx(109,15): error TS7026: JSX element implicitly has type 'any' because no interface 'JSX.IntrinsicElements' exists.
components/ui/category-bar.tsx(113,15): error TS7026: JSX element implicitly has type 'any' because no interface 'JSX.IntrinsicElements' exists.
components/ui/category-bar.tsx(113,56): error TS7026: JSX element implicitly has type 'any' because no interface 'JSX.IntrinsicElements' exists.
components/ui/category-bar.tsx(114,15): error TS7026: JSX element implicitly has type 'any' because no interface 'JSX.IntrinsicElements' exists.
components/ui/category-bar.tsx(116,15): error TS7026: JSX element implicitly has type 'any' because no interface 'JSX.IntrinsicElements' exists.
components/ui/category-bar.tsx(117,13): error TS7026: JSX element implicitly has type 'any' because no interface 'JSX.IntrinsicElements' exists.
components/ui/category-bar.tsx(127,5): error TS7026: JSX element implicitly has type 'any' because no interface 'JSX.IntrinsicElements' exists.
components/ui/category-bar.tsx(128,7): error TS7026: JSX element implicitly has type 'any' because no interface 'JSX.IntrinsicElements' exists.
components/ui/category-bar.tsx(130,7): error TS7026: JSX element implicitly has type 'any' because no interface 'JSX.IntrinsicElements' exists.
components/ui/category-bar.tsx(133,9): error TS7026: JSX element implicitly has type 'any' because no interface 'JSX.IntrinsicElements' exists.
components/ui/category-bar.tsx(135,13): error TS7026: JSX element implicitly has type 'any' because no interface 'JSX.IntrinsicElements' exists.
components/ui/category-bar.tsx(136,15): error TS7026: JSX element implicitly has type 'any' because no interface 'JSX.IntrinsicElements' exists.
components/ui/category-bar.tsx(137,15): error TS7026: JSX element implicitly has type 'any' because no interface 'JSX.IntrinsicElements' exists.
components/ui/category-bar.tsx(137,32): error TS7026: JSX element implicitly has type 'any' because no interface 'JSX.IntrinsicElements' exists.
components/ui/category-bar.tsx(138,15): error TS7026: JSX element implicitly has type 'any' because no interface 'JSX.IntrinsicElements' exists.
components/ui/category-bar.tsx(140,15): error TS7026: JSX element implicitly has type 'any' because no interface 'JSX.IntrinsicElements' exists.
components/ui/category-bar.tsx(141,13): error TS7026: JSX element implicitly has type 'any' because no interface 'JSX.IntrinsicElements' exists.
components/ui/category-bar.tsx(143,9): error TS7026: JSX element implicitly has type 'any' because no interface 'JSX.IntrinsicElements' exists.
components/ui/category-bar.tsx(145,5): error TS7026: JSX element implicitly has type 'any' because no interface 'JSX.IntrinsicElements' exists.
components/ui/category-bar.tsx(172,3): error TS2339: Property 'size' does not exist on type 'CategoryBarMarkerProps'.
components/ui/category-bar.tsx(182,5): error TS7026: JSX element implicitly has type 'any' because no interface 'JSX.IntrinsicElements' exists.
components/ui/category-bar.tsx(183,7): error TS7026: JSX element implicitly has type 'any' because no interface 'JSX.IntrinsicElements' exists.
components/ui/category-bar.tsx(184,9): error TS7026: JSX element implicitly has type 'any' because no interface 'JSX.IntrinsicElements' exists.
components/ui/category-bar.tsx(188,9): error TS7026: JSX element implicitly has type 'any' because no interface 'JSX.IntrinsicElements' exists.
components/ui/category-bar.tsx(192,9): error TS7026: JSX element implicitly has type 'any' because no interface 'JSX.IntrinsicElements' exists.
components/ui/category-bar.tsx(196,7): error TS7026: JSX element implicitly has type 'any' because no interface 'JSX.IntrinsicElements' exists.
components/ui/category-bar.tsx(197,7): error TS7026: JSX element implicitly has type 'any' because no interface 'JSX.IntrinsicElements' exists.
components/ui/category-bar.tsx(202,9): error TS7026: JSX element implicitly has type 'any' because no interface 'JSX.IntrinsicElements' exists.
components/ui/category-bar.tsx(206,7): error TS7026: JSX element implicitly has type 'any' because no interface 'JSX.IntrinsicElements' exists.
components/ui/category-bar.tsx(207,5): error TS7026: JSX element implicitly has type 'any' because no interface 'JSX.IntrinsicElements' exists.
components/ui/checkbox.tsx(3,24): error TS2307: Cannot find module 'react' or its corresponding type declarations.
components/ui/checkbox.tsx(4,36): error TS2307: Cannot find module '@radix-ui/react-checkbox' or its corresponding type declarations.
components/ui/checkbox.tsx(9,5): error TS7026: JSX element implicitly has type 'any' because no interface 'JSX.IntrinsicElements' exists.
components/ui/checkbox.tsx(17,7): error TS7026: JSX element implicitly has type 'any' because no interface 'JSX.IntrinsicElements' exists.
components/ui/checkbox.tsx(22,5): error TS7026: JSX element implicitly has type 'any' because no interface 'JSX.IntrinsicElements' exists.
components/ui/checkbox.tsx(28,5): error TS7026: JSX element implicitly has type 'any' because no interface 'JSX.IntrinsicElements' exists.
components/ui/checkbox.tsx(36,7): error TS7026: JSX element implicitly has type 'any' because no interface 'JSX.IntrinsicElements' exists.
components/ui/checkbox.tsx(37,5): error TS7026: JSX element implicitly has type 'any' because no interface 'JSX.IntrinsicElements' exists.
components/ui/checkbox.tsx(44,6): error TS7031: Binding element 'className' implicitly has an 'any' type.
components/ui/checkbox.tsx(44,17): error TS7031: Binding element 'checked' implicitly has an 'any' type.
components/ui/checkbox.tsx(44,37): error TS7006: Parameter 'forwardedRef' implicitly has an 'any' type.
components/ui/checkbox.tsx(62,7): error TS7026: JSX element implicitly has type 'any' because no interface 'JSX.IntrinsicElements' exists.
components/ui/checkbox.tsx(69,9): error TS7026: JSX element implicitly has type 'any' because no interface 'JSX.IntrinsicElements' exists.
components/ui/checkbox.tsx(97,9): error TS7026: JSX element implicitly has type 'any' because no interface 'JSX.IntrinsicElements' exists.
components/ui/checkbox.tsx(98,11): error TS7026: JSX element implicitly has type 'any' because no interface 'JSX.IntrinsicElements' exists.
components/ui/checkbox.tsx(113,9): error TS7026: JSX element implicitly has type 'any' because no interface 'JSX.IntrinsicElements' exists.
components/ui/checkbox.tsx(114,9): error TS7026: JSX element implicitly has type 'any' because no interface 'JSX.IntrinsicElements' exists.
components/ui/checkbox.tsx(115,11): error TS7026: JSX element implicitly has type 'any' because no interface 'JSX.IntrinsicElements' exists.
components/ui/checkbox.tsx(124,13): error TS7026: JSX element implicitly has type 'any' because no interface 'JSX.IntrinsicElements' exists.
components/ui/checkbox.tsx(125,13): error TS7026: JSX element implicitly has type 'any' because no interface 'JSX.IntrinsicElements' exists.
components/ui/checkbox.tsx(131,13): error TS7026: JSX element implicitly has type 'any' because no interface 'JSX.IntrinsicElements' exists.
components/ui/checkbox.tsx(132,13): error TS7026: JSX element implicitly has type 'any' because no interface 'JSX.IntrinsicElements' exists.
components/ui/checkbox.tsx(133,13): error TS7026: JSX element implicitly has type 'any' because no interface 'JSX.IntrinsicElements' exists.
components/ui/checkbox.tsx(137,13): error TS7026: JSX element implicitly has type 'any' because no interface 'JSX.IntrinsicElements' exists.
components/ui/checkbox.tsx(142,13): error TS7026: JSX element implicitly has type 'any' because no interface 'JSX.IntrinsicElements' exists.
components/ui/checkbox.tsx(148,11): error TS7026: JSX element implicitly has type 'any' because no interface 'JSX.IntrinsicElements' exists.
components/ui/checkbox.tsx(149,9): error TS7026: JSX element implicitly has type 'any' because no interface 'JSX.IntrinsicElements' exists.
components/ui/checkbox.tsx(150,7): error TS7026: JSX element implicitly has type 'any' because no interface 'JSX.IntrinsicElements' exists.
components/ui/checkbox.tsx(200,6): error TS7031: Binding element 'label' implicitly has an 'any' type.
components/ui/checkbox.tsx(200,13): error TS7031: Binding element 'description' implicitly has an 'any' type.
components/ui/checkbox.tsx(200,26): error TS7031: Binding element 'hasError' implicitly has an 'any' type.
components/ui/checkbox.tsx(200,36): error TS7031: Binding element 'disabled' implicitly has an 'any' type.
components/ui/checkbox.tsx(200,46): error TS7031: Binding element 'id' implicitly has an 'any' type.
components/ui/checkbox.tsx(200,50): error TS7031: Binding element 'className' implicitly has an 'any' type.
components/ui/checkbox.tsx(200,72): error TS7006: Parameter 'forwardedRef' implicitly has an 'any' type.
components/ui/checkbox.tsx(205,5): error TS7026: JSX element implicitly has type 'any' because no interface 'JSX.IntrinsicElements' exists.
components/ui/checkbox.tsx(212,7): error TS7026: JSX element implicitly has type 'any' because no interface 'JSX.IntrinsicElements' exists.
components/ui/checkbox.tsx(213,9): error TS7026: JSX element implicitly has type 'any' because no interface 'JSX.IntrinsicElements' exists.
components/ui/checkbox.tsx(222,9): error TS7026: JSX element implicitly has type 'any' because no interface 'JSX.IntrinsicElements' exists.
components/ui/checkbox.tsx(224,11): error TS7026: JSX element implicitly has type 'any' because no interface 'JSX.IntrinsicElements' exists.
components/ui/checkbox.tsx(231,11): error TS7026: JSX element implicitly has type 'any' because no interface 'JSX.IntrinsicElements' exists.
components/ui/checkbox.tsx(233,7): error TS7026: JSX element implicitly has type 'any' because no interface 'JSX.IntrinsicElements' exists.
components/ui/checkbox.tsx(234,5): error TS7026: JSX element implicitly has type 'any' because no interface 'JSX.IntrinsicElements' exists.
components/ui/checkbox.tsx(249,3): error TS2339: Property 'children' does not exist on type 'CheckboxGroupProps'.
components/ui/checkbox.tsx(255,3): error TS2339: Property 'className' does not exist on type 'CheckboxGroupProps'.
components/ui/checkbox.tsx(259,5): error TS7026: JSX element implicitly has type 'any' because no interface 'JSX.IntrinsicElements' exists.
components/ui/checkbox.tsx(259,5): error TS2875: This JSX tag requires the module path 'react/jsx-runtime' to exist, but none could be found. Make sure you have types for the appropriate package installed.
components/ui/checkbox.tsx(266,9): error TS7026: JSX element implicitly has type 'any' because no interface 'JSX.IntrinsicElements' exists.
components/ui/checkbox.tsx(268,13): error TS7026: JSX element implicitly has type 'any' because no interface 'JSX.IntrinsicElements' exists.
components/ui/checkbox.tsx(268,73): error TS7026: JSX element implicitly has type 'any' because no interface 'JSX.IntrinsicElements' exists.
components/ui/checkbox.tsx(271,13): error TS7026: JSX element implicitly has type 'any' because no interface 'JSX.IntrinsicElements' exists.
components/ui/checkbox.tsx(273,13): error TS7026: JSX element implicitly has type 'any' because no interface 'JSX.IntrinsicElements' exists.
components/ui/checkbox.tsx(275,9): error TS7026: JSX element implicitly has type 'any' because no interface 'JSX.IntrinsicElements' exists.
components/ui/checkbox.tsx(277,7): error TS7026: JSX element implicitly has type 'any' because no interface 'JSX.IntrinsicElements' exists.
components/ui/checkbox.tsx(284,7): error TS7026: JSX element implicitly has type 'any' because no interface 'JSX.IntrinsicElements' exists.
components/ui/checkbox.tsx(286,9): error TS7026: JSX element implicitly has type 'any' because no interface 'JSX.IntrinsicElements' exists.
components/ui/checkbox.tsx(286,75): error TS7026: JSX element implicitly has type 'any' because no interface 'JSX.IntrinsicElements' exists.
components/ui/checkbox.tsx(288,5): error TS7026: JSX element implicitly has type 'any' because no interface 'JSX.IntrinsicElements' exists.
components/ui/checkbox.tsx(303,6): error TS7031: Binding element 'label' implicitly has an 'any' type.
components/ui/checkbox.tsx(303,13): error TS7031: Binding element 'description' implicitly has an 'any' type.
components/ui/checkbox.tsx(303,26): error TS7031: Binding element 'disabled' implicitly has an 'any' type.
components/ui/checkbox.tsx(303,36): error TS7031: Binding element 'checked' implicitly has an 'any' type.
components/ui/checkbox.tsx(303,45): error TS7031: Binding element 'id' implicitly has an 'any' type.
components/ui/checkbox.tsx(303,49): error TS7031: Binding element 'className' implicitly has an 'any' type.
components/ui/checkbox.tsx(303,71): error TS7006: Parameter 'forwardedRef' implicitly has an 'any' type.
components/ui/checkbox.tsx(308,5): error TS7026: JSX element implicitly has type 'any' because no interface 'JSX.IntrinsicElements' exists.
components/ui/checkbox.tsx(326,7): error TS7026: JSX element implicitly has type 'any' because no interface 'JSX.IntrinsicElements' exists.
components/ui/checkbox.tsx(327,9): error TS7026: JSX element implicitly has type 'any' because no interface 'JSX.IntrinsicElements' exists.
components/ui/checkbox.tsx(334,9): error TS7026: JSX element implicitly has type 'any' because no interface 'JSX.IntrinsicElements' exists.
components/ui/checkbox.tsx(336,11): error TS7026: JSX element implicitly has type 'any' because no interface 'JSX.IntrinsicElements' exists.
components/ui/checkbox.tsx(343,11): error TS7026: JSX element implicitly has type 'any' because no interface 'JSX.IntrinsicElements' exists.
components/ui/checkbox.tsx(345,7): error TS7026: JSX element implicitly has type 'any' because no interface 'JSX.IntrinsicElements' exists.
components/ui/checkbox.tsx(346,5): error TS7026: JSX element implicitly has type 'any' because no interface 'JSX.IntrinsicElements' exists.
components/ui/color-picker.tsx(3,24): error TS2307: Cannot find module 'react' or its corresponding type declarations.
components/ui/color-picker.tsx(24,8): error TS2307: Cannot find module 'react-aria-components' or its corresponding type declarations.
components/ui/color-picker.tsx(33,5): error TS2875: This JSX tag requires the module path 'react/jsx-runtime' to exist, but none could be found. Make sure you have types for the appropriate package installed.
components/ui/color-picker.tsx(34,49): error TS7006: Parameter 'className' implicitly has an 'any' type.
components/ui/color-picker.tsx(45,49): error TS7006: Parameter 'className' implicitly has an 'any' type.
components/ui/color-picker.tsx(56,49): error TS7006: Parameter 'className' implicitly has an 'any' type.
components/ui/color-picker.tsx(59,17): error TS7031: Binding element 'defaultStyle' implicitly has an 'any' type.
components/ui/color-picker.tsx(75,49): error TS7006: Parameter 'className' implicitly has an 'any' type.
components/ui/color-picker.tsx(89,49): error TS7006: Parameter 'className' implicitly has an 'any' type.
components/ui/color-picker.tsx(103,49): error TS7006: Parameter 'className' implicitly has an 'any' type.
components/ui/color-picker.tsx(117,49): error TS7006: Parameter 'className' implicitly has an 'any' type.
components/ui/color-picker.tsx(123,17): error TS7031: Binding element 'defaultStyle' implicitly has an 'any' type.
components/ui/color-picker.tsx(139,17): error TS7006: Parameter 'forwardedRef' implicitly has an 'any' type.
components/ui/color-picker.tsx(149,5): error TS7026: JSX element implicitly has type 'any' because no interface 'JSX.IntrinsicElements' exists.
components/ui/command-menu.tsx(5,24): error TS2307: Cannot find module 'react' or its corresponding type declarations.
components/ui/command-menu.tsx(6,25): error TS2307: Cannot find module 'cmdk' or its corresponding type declarations.
components/ui/command-menu.tsx(11,34): error TS2307: Cannot find module '@radix-ui/react-dialog' or its corresponding type declarations.
components/ui/command-menu.tsx(26,5): error TS2875: This JSX tag requires the module path 'react/jsx-runtime' to exist, but none could be found. Make sure you have types for the appropriate package installed.
components/ui/command-menu.tsx(52,6): error TS7031: Binding element 'className' implicitly has an 'any' type.
components/ui/command-menu.tsx(52,28): error TS7006: Parameter 'forwardedRef' implicitly has an 'any' type.
components/ui/command-menu.tsx(78,6): error TS7031: Binding element 'className' implicitly has an 'any' type.
components/ui/command-menu.tsx(78,28): error TS7006: Parameter 'forwardedRef' implicitly has an 'any' type.
components/ui/command-menu.tsx(97,6): error TS7031: Binding element 'className' implicitly has an 'any' type.
components/ui/command-menu.tsx(97,28): error TS7006: Parameter 'forwardedRef' implicitly has an 'any' type.
components/ui/command-menu.tsx(139,6): error TS7031: Binding element 'className' implicitly has an 'any' type.
components/ui/command-menu.tsx(139,17): error TS7031: Binding element 'size' implicitly has an 'any' type.
components/ui/command-menu.tsx(139,34): error TS7006: Parameter 'forwardedRef' implicitly has an 'any' type.
components/ui/command-menu.tsx(170,5): error TS7026: JSX element implicitly has type 'any' because no interface 'JSX.IntrinsicElements' exists.
components/ui/command-menu.tsx(185,5): error TS7026: JSX element implicitly has type 'any' because no interface 'JSX.IntrinsicElements' exists.
components/ui/compact-button.tsx(3,24): error TS2307: Cannot find module 'react' or its corresponding type declarations.
components/ui/compact-button.tsx(7,22): error TS2307: Cannot find module '@radix-ui/react-slot' or its corresponding type declarations.
components/ui/compact-button.tsx(106,7): error TS7031: Binding element 'asChild' implicitly has an 'any' type.
components/ui/compact-button.tsx(106,16): error TS7031: Binding element 'variant' implicitly has an 'any' type.
components/ui/compact-button.tsx(106,25): error TS7031: Binding element 'size' implicitly has an 'any' type.
components/ui/compact-button.tsx(106,31): error TS7031: Binding element 'fullRadius' implicitly has an 'any' type.
components/ui/compact-button.tsx(106,43): error TS7031: Binding element 'children' implicitly has an 'any' type.
components/ui/compact-button.tsx(106,53): error TS7031: Binding element 'className' implicitly has an 'any' type.
components/ui/compact-button.tsx(107,5): error TS7006: Parameter 'forwardedRef' implicitly has an 'any' type.
components/ui/compact-button.tsx(149,10): error TS2875: This JSX tag requires the module path 'react/jsx-runtime' to exist, but none could be found. Make sure you have types for the appropriate package installed.
components/ui/currency-input.tsx(3,56): error TS2307: Cannot find module 'react-number-format' or its corresponding type declarations.
components/ui/currency-input.tsx(55,5): error TS2875: This JSX tag requires the module path 'react/jsx-runtime' to exist, but none could be found. Make sure you have types for the appropriate package installed.
components/ui/currency-input.tsx(57,23): error TS7006: Parameter 'values' implicitly has an 'any' type.
components/ui/currency-input.tsx(109,16): error TS7026: JSX element implicitly has type 'any' because no interface 'JSX.IntrinsicElements' exists.
components/ui/currency-input.tsx(109,122): error TS7026: JSX element implicitly has type 'any' because no interface 'JSX.IntrinsicElements' exists.
components/ui/currency-input.tsx(112,16): error TS7026: JSX element implicitly has type 'any' because no interface 'JSX.IntrinsicElements' exists.
components/ui/currency-input.tsx(112,119): error TS7026: JSX element implicitly has type 'any' because no interface 'JSX.IntrinsicElements' exists.
components/ui/currency-input.tsx(115,16): error TS7026: JSX element implicitly has type 'any' because no interface 'JSX.IntrinsicElements' exists.
components/ui/currency-input.tsx(115,117): error TS7026: JSX element implicitly has type 'any' because no interface 'JSX.IntrinsicElements' exists.
components/ui/currency-input.tsx(120,16): error TS7026: JSX element implicitly has type 'any' because no interface 'JSX.IntrinsicElements' exists.
components/ui/currency-input.tsx(120,123): error TS7026: JSX element implicitly has type 'any' because no interface 'JSX.IntrinsicElements' exists.
components/ui/currency-input.tsx(123,16): error TS7026: JSX element implicitly has type 'any' because no interface 'JSX.IntrinsicElements' exists.
components/ui/currency-input.tsx(123,120): error TS7026: JSX element implicitly has type 'any' because no interface 'JSX.IntrinsicElements' exists.
components/ui/currency-input.tsx(126,16): error TS7026: JSX element implicitly has type 'any' because no interface 'JSX.IntrinsicElements' exists.
components/ui/currency-input.tsx(126,117): error TS7026: JSX element implicitly has type 'any' because no interface 'JSX.IntrinsicElements' exists.
components/ui/currency-input.tsx(138,10): error TS7026: JSX element implicitly has type 'any' because no interface 'JSX.IntrinsicElements' exists.
components/ui/currency-input.tsx(138,79): error TS7026: JSX element implicitly has type 'any' because no interface 'JSX.IntrinsicElements' exists.
components/ui/currency-input.tsx(167,23): error TS7006: Parameter 'values' implicitly has an 'any' type.
components/ui/currency-input.tsx(208,19): error TS7006: Parameter 'values' implicitly has an 'any' type.
components/ui/data-table.tsx(14,8): error TS2307: Cannot find module '@tanstack/react-table' or its corresponding type declarations.
components/ui/data-table.tsx(15,26): error TS2307: Cannot find module 'react' or its corresponding type declarations.
components/ui/data-table.tsx(18,59): error TS2307: Cannot find module '@phosphor-icons/react/dist/ssr' or its corresponding type declarations.
components/ui/data-table.tsx(58,9): error TS7026: JSX element implicitly has type 'any' because no interface 'JSX.IntrinsicElements' exists.
components/ui/data-table.tsx(58,9): error TS2875: This JSX tag requires the module path 'react/jsx-runtime' to exist, but none could be found. Make sure you have types for the appropriate package installed.
components/ui/data-table.tsx(60,17): error TS7026: JSX element implicitly has type 'any' because no interface 'JSX.IntrinsicElements' exists.
components/ui/data-table.tsx(63,32): error TS7006: Parameter 'event' implicitly has an 'any' type.
components/ui/data-table.tsx(70,13): error TS7026: JSX element implicitly has type 'any' because no interface 'JSX.IntrinsicElements' exists.
components/ui/data-table.tsx(71,17): error TS7026: JSX element implicitly has type 'any' because no interface 'JSX.IntrinsicElements' exists.
components/ui/data-table.tsx(72,21): error TS7026: JSX element implicitly has type 'any' because no interface 'JSX.IntrinsicElements' exists.
components/ui/data-table.tsx(73,55): error TS7006: Parameter 'headerGroup' implicitly has an 'any' type.
components/ui/data-table.tsx(74,29): error TS7026: JSX element implicitly has type 'any' because no interface 'JSX.IntrinsicElements' exists.
components/ui/data-table.tsx(75,59): error TS7006: Parameter 'header' implicitly has an 'any' type.
components/ui/data-table.tsx(76,37): error TS7026: JSX element implicitly has type 'any' because no interface 'JSX.IntrinsicElements' exists.
components/ui/data-table.tsx(81,45): error TS7026: JSX element implicitly has type 'any' because no interface 'JSX.IntrinsicElements' exists.
components/ui/data-table.tsx(93,53): error TS7026: JSX element implicitly has type 'any' because no interface 'JSX.IntrinsicElements' exists.
components/ui/data-table.tsx(98,53): error TS7026: JSX element implicitly has type 'any' because no interface 'JSX.IntrinsicElements' exists.
components/ui/data-table.tsx(100,45): error TS7026: JSX element implicitly has type 'any' because no interface 'JSX.IntrinsicElements' exists.
components/ui/data-table.tsx(102,37): error TS7026: JSX element implicitly has type 'any' because no interface 'JSX.IntrinsicElements' exists.
components/ui/data-table.tsx(104,29): error TS7026: JSX element implicitly has type 'any' because no interface 'JSX.IntrinsicElements' exists.
components/ui/data-table.tsx(106,21): error TS7026: JSX element implicitly has type 'any' because no interface 'JSX.IntrinsicElements' exists.
components/ui/data-table.tsx(107,21): error TS7026: JSX element implicitly has type 'any' because no interface 'JSX.IntrinsicElements' exists.
components/ui/data-table.tsx(109,59): error TS7006: Parameter 'row' implicitly has an 'any' type.
components/ui/data-table.tsx(110,33): error TS7026: JSX element implicitly has type 'any' because no interface 'JSX.IntrinsicElements' exists.
components/ui/data-table.tsx(115,65): error TS7006: Parameter 'cell' implicitly has an 'any' type.
components/ui/data-table.tsx(116,41): error TS7026: JSX element implicitly has type 'any' because no interface 'JSX.IntrinsicElements' exists.
components/ui/data-table.tsx(124,41): error TS7026: JSX element implicitly has type 'any' because no interface 'JSX.IntrinsicElements' exists.
components/ui/data-table.tsx(126,33): error TS7026: JSX element implicitly has type 'any' because no interface 'JSX.IntrinsicElements' exists.
components/ui/data-table.tsx(129,29): error TS7026: JSX element implicitly has type 'any' because no interface 'JSX.IntrinsicElements' exists.
components/ui/data-table.tsx(130,33): error TS7026: JSX element implicitly has type 'any' because no interface 'JSX.IntrinsicElements' exists.
components/ui/data-table.tsx(135,33): error TS7026: JSX element implicitly has type 'any' because no interface 'JSX.IntrinsicElements' exists.
components/ui/data-table.tsx(136,29): error TS7026: JSX element implicitly has type 'any' because no interface 'JSX.IntrinsicElements' exists.
components/ui/data-table.tsx(138,21): error TS7026: JSX element implicitly has type 'any' because no interface 'JSX.IntrinsicElements' exists.
components/ui/data-table.tsx(139,17): error TS7026: JSX element implicitly has type 'any' because no interface 'JSX.IntrinsicElements' exists.
components/ui/data-table.tsx(140,13): error TS7026: JSX element implicitly has type 'any' because no interface 'JSX.IntrinsicElements' exists.
components/ui/data-table.tsx(142,13): error TS7026: JSX element implicitly has type 'any' because no interface 'JSX.IntrinsicElements' exists.
components/ui/data-table.tsx(143,17): error TS7026: JSX element implicitly has type 'any' because no interface 'JSX.IntrinsicElements' exists.
components/ui/data-table.tsx(146,17): error TS7026: JSX element implicitly has type 'any' because no interface 'JSX.IntrinsicElements' exists.
components/ui/data-table.tsx(147,17): error TS7026: JSX element implicitly has type 'any' because no interface 'JSX.IntrinsicElements' exists.
components/ui/data-table.tsx(166,17): error TS7026: JSX element implicitly has type 'any' because no interface 'JSX.IntrinsicElements' exists.
components/ui/data-table.tsx(167,13): error TS7026: JSX element implicitly has type 'any' because no interface 'JSX.IntrinsicElements' exists.
components/ui/data-table.tsx(168,9): error TS7026: JSX element implicitly has type 'any' because no interface 'JSX.IntrinsicElements' exists.
components/ui/data-table.tsx(173,32): error TS2307: Cannot find module '@tanstack/react-table' or its corresponding type declarations.
components/ui/datepicker.tsx(5,24): error TS2307: Cannot find module 'react' or its corresponding type declarations.
components/ui/datepicker.tsx(6,39): error TS2307: Cannot find module '@phosphor-icons/react' or its corresponding type declarations.
components/ui/datepicker.tsx(7,27): error TS2307: Cannot find module 'react-day-picker' or its corresponding type declarations.
components/ui/datepicker.tsx(20,5): error TS2875: This JSX tag requires the module path 'react/jsx-runtime' to exist, but none could be found. Make sure you have types for the appropriate package installed.
components/ui/datepicker.tsx(93,21): error TS7031: Binding element 'orientation' implicitly has an 'any' type.
components/ui/delta-bar.tsx(3,24): error TS2307: Cannot find module 'react' or its corresponding type declarations.
components/ui/delta-bar.tsx(40,3): error TS2339: Property 'size' does not exist on type 'DeltaBarProps'.
components/ui/delta-bar.tsx(44,3): error TS2339: Property 'className' does not exist on type 'DeltaBarProps'.
components/ui/delta-bar.tsx(55,5): error TS7026: JSX element implicitly has type 'any' because no interface 'JSX.IntrinsicElements' exists.
components/ui/delta-bar.tsx(55,5): error TS2875: This JSX tag requires the module path 'react/jsx-runtime' to exist, but none could be found. Make sure you have types for the appropriate package installed.
components/ui/delta-bar.tsx(63,7): error TS7026: JSX element implicitly has type 'any' because no interface 'JSX.IntrinsicElements' exists.
components/ui/delta-bar.tsx(64,9): error TS7026: JSX element implicitly has type 'any' because no interface 'JSX.IntrinsicElements' exists.
components/ui/delta-bar.tsx(74,7): error TS7026: JSX element implicitly has type 'any' because no interface 'JSX.IntrinsicElements' exists.
components/ui/delta-bar.tsx(76,9): error TS7026: JSX element implicitly has type 'any' because no interface 'JSX.IntrinsicElements' exists.
components/ui/delta-bar.tsx(78,5): error TS7026: JSX element implicitly has type 'any' because no interface 'JSX.IntrinsicElements' exists.
components/ui/delta-bar.tsx(95,3): error TS2339: Property 'size' does not exist on type 'LabeledDeltaBarProps'.
components/ui/delta-bar.tsx(96,3): error TS2339: Property 'className' does not exist on type 'LabeledDeltaBarProps'.
components/ui/delta-bar.tsx(102,5): error TS7026: JSX element implicitly has type 'any' because no interface 'JSX.IntrinsicElements' exists.
components/ui/delta-bar.tsx(104,9): error TS7026: JSX element implicitly has type 'any' because no interface 'JSX.IntrinsicElements' exists.
components/ui/delta-bar.tsx(106,13): error TS7026: JSX element implicitly has type 'any' because no interface 'JSX.IntrinsicElements' exists.
components/ui/delta-bar.tsx(106,73): error TS7026: JSX element implicitly has type 'any' because no interface 'JSX.IntrinsicElements' exists.
components/ui/delta-bar.tsx(109,13): error TS7026: JSX element implicitly has type 'any' because no interface 'JSX.IntrinsicElements' exists.
components/ui/delta-bar.tsx(116,13): error TS7026: JSX element implicitly has type 'any' because no interface 'JSX.IntrinsicElements' exists.
components/ui/delta-bar.tsx(118,9): error TS7026: JSX element implicitly has type 'any' because no interface 'JSX.IntrinsicElements' exists.
components/ui/delta-bar.tsx(120,31): error TS2322: Type '{ showMarker?: boolean | undefined; positiveColor?: string | undefined; negativeColor?: string | undefined; value: number; size: any; }' is not assignable to type 'DeltaBarProps'.
  Property 'size' does not exist on type 'DeltaBarProps'.
components/ui/delta-bar.tsx(121,5): error TS7026: JSX element implicitly has type 'any' because no interface 'JSX.IntrinsicElements' exists.
components/ui/delta-bar.tsx(141,3): error TS2339: Property 'size' does not exist on type 'ComparisonDeltaBarProps'.
components/ui/delta-bar.tsx(142,3): error TS2339: Property 'className' does not exist on type 'ComparisonDeltaBarProps'.
components/ui/delta-bar.tsx(149,5): error TS7026: JSX element implicitly has type 'any' because no interface 'JSX.IntrinsicElements' exists.
components/ui/delta-bar.tsx(151,9): error TS7026: JSX element implicitly has type 'any' because no interface 'JSX.IntrinsicElements' exists.
components/ui/delta-bar.tsx(151,69): error TS7026: JSX element implicitly has type 'any' because no interface 'JSX.IntrinsicElements' exists.
components/ui/delta-bar.tsx(153,69): error TS2322: Type '{ showMarker?: boolean | undefined; positiveColor?: string | undefined; negativeColor?: string | undefined; value: number; size: any; }' is not assignable to type 'DeltaBarProps'.
  Property 'size' does not exist on type 'DeltaBarProps'.
components/ui/delta-bar.tsx(155,9): error TS7026: JSX element implicitly has type 'any' because no interface 'JSX.IntrinsicElements' exists.
components/ui/delta-bar.tsx(156,11): error TS7026: JSX element implicitly has type 'any' because no interface 'JSX.IntrinsicElements' exists.
components/ui/delta-bar.tsx(156,59): error TS7026: JSX element implicitly has type 'any' because no interface 'JSX.IntrinsicElements' exists.
components/ui/delta-bar.tsx(157,11): error TS7026: JSX element implicitly has type 'any' because no interface 'JSX.IntrinsicElements' exists.
components/ui/delta-bar.tsx(164,11): error TS7026: JSX element implicitly has type 'any' because no interface 'JSX.IntrinsicElements' exists.
components/ui/delta-bar.tsx(165,11): error TS7026: JSX element implicitly has type 'any' because no interface 'JSX.IntrinsicElements' exists.
components/ui/delta-bar.tsx(165,57): error TS7026: JSX element implicitly has type 'any' because no interface 'JSX.IntrinsicElements' exists.
components/ui/delta-bar.tsx(166,9): error TS7026: JSX element implicitly has type 'any' because no interface 'JSX.IntrinsicElements' exists.
components/ui/delta-bar.tsx(168,5): error TS7026: JSX element implicitly has type 'any' because no interface 'JSX.IntrinsicElements' exists.
components/ui/digit-input.tsx(3,24): error TS2307: Cannot find module 'react' or its corresponding type declarations.
components/ui/digit-input.tsx(6,41): error TS2307: Cannot find module 'react-otp-input' or its corresponding type declarations.
components/ui/digit-input.tsx(23,5): error TS2875: This JSX tag requires the module path 'react/jsx-runtime' to exist, but none could be found. Make sure you have types for the appropriate package installed.
components/ui/digit-input.tsx(26,21): error TS7006: Parameter 'inputProps' implicitly has an 'any' type.
components/ui/digit-input.tsx(44,6): error TS7031: Binding element 'className' implicitly has an 'any' type.
components/ui/digit-input.tsx(44,17): error TS7031: Binding element 'hasError' implicitly has an 'any' type.
components/ui/digit-input.tsx(44,38): error TS7006: Parameter 'forwardedRef' implicitly has an 'any' type.
components/ui/digit-input.tsx(46,5): error TS7026: JSX element implicitly has type 'any' because no interface 'JSX.IntrinsicElements' exists.
components/ui/divider.tsx(56,21): error TS2503: Cannot find namespace 'React'.
components/ui/divider.tsx(69,5): error TS2875: This JSX tag requires the module path 'react/jsx-runtime' to exist, but none could be found. Make sure you have types for the appropriate package installed.
components/ui/divider.tsx(69,5): error TS7026: JSX element implicitly has type 'any' because no interface 'JSX.IntrinsicElements' exists.
components/ui/dot-stepper.tsx(3,24): error TS2307: Cannot find module 'react' or its corresponding type declarations.
components/ui/dot-stepper.tsx(7,22): error TS2307: Cannot find module '@radix-ui/react-slot' or its corresponding type declarations.
components/ui/dot-stepper.tsx(71,5): error TS2875: This JSX tag requires the module path 'react/jsx-runtime' to exist, but none could be found. Make sure you have types for the appropriate package installed.
components/ui/dot-stepper.tsx(85,6): error TS7031: Binding element 'asChild' implicitly has an 'any' type.
components/ui/dot-stepper.tsx(85,15): error TS7031: Binding element 'size' implicitly has an 'any' type.
components/ui/dot-stepper.tsx(85,21): error TS7031: Binding element 'className' implicitly has an 'any' type.
components/ui/dot-stepper.tsx(85,32): error TS7031: Binding element 'active' implicitly has an 'any' type.
components/ui/dot-stepper.tsx(85,51): error TS7006: Parameter 'forwardedRef' implicitly has an 'any' type.
components/ui/drawer.tsx(5,24): error TS2307: Cannot find module 'react' or its corresponding type declarations.
components/ui/drawer.tsx(6,34): error TS2307: Cannot find module '@radix-ui/react-dialog' or its corresponding type declarations.
components/ui/drawer.tsx(7,32): error TS2307: Cannot find module '@radix-ui/react-visually-hidden' or its corresponding type declarations.
components/ui/drawer.tsx(8,19): error TS2307: Cannot find module '@phosphor-icons/react' or its corresponding type declarations.
components/ui/drawer.tsx(28,6): error TS7031: Binding element 'className' implicitly has an 'any' type.
components/ui/drawer.tsx(28,28): error TS7006: Parameter 'forwardedRef' implicitly has an 'any' type.
components/ui/drawer.tsx(51,6): error TS7031: Binding element 'className' implicitly has an 'any' type.
components/ui/drawer.tsx(51,17): error TS7031: Binding element 'children' implicitly has an 'any' type.
components/ui/drawer.tsx(51,69): error TS7006: Parameter 'forwardedRef' implicitly has an 'any' type.
components/ui/drawer.tsx(74,11): error TS7026: JSX element implicitly has type 'any' because no interface 'JSX.IntrinsicElements' exists.
components/ui/drawer.tsx(74,71): error TS7026: JSX element implicitly has type 'any' because no interface 'JSX.IntrinsicElements' exists.
components/ui/drawer.tsx(91,5): error TS7026: JSX element implicitly has type 'any' because no interface 'JSX.IntrinsicElements' exists.
components/ui/drawer.tsx(91,5): error TS2875: This JSX tag requires the module path 'react/jsx-runtime' to exist, but none could be found. Make sure you have types for the appropriate package installed.
components/ui/drawer.tsx(107,5): error TS7026: JSX element implicitly has type 'any' because no interface 'JSX.IntrinsicElements' exists.
components/ui/drawer.tsx(119,6): error TS7031: Binding element 'className' implicitly has an 'any' type.
components/ui/drawer.tsx(119,28): error TS7006: Parameter 'forwardedRef' implicitly has an 'any' type.
components/ui/drawer.tsx(121,5): error TS7026: JSX element implicitly has type 'any' because no interface 'JSX.IntrinsicElements' exists.
components/ui/drawer.tsx(136,5): error TS7026: JSX element implicitly has type 'any' because no interface 'JSX.IntrinsicElements' exists.
components/ui/drawer.tsx(138,5): error TS7026: JSX element implicitly has type 'any' because no interface 'JSX.IntrinsicElements' exists.
components/ui/drawer.tsx(148,5): error TS7026: JSX element implicitly has type 'any' because no interface 'JSX.IntrinsicElements' exists.
components/ui/dropdown.tsx(6,24): error TS2307: Cannot find module 'react' or its corresponding type declarations.
components/ui/dropdown.tsx(7,40): error TS2307: Cannot find module '@radix-ui/react-dropdown-menu' or its corresponding type declarations.
components/ui/dropdown.tsx(10,35): error TS2307: Cannot find module '@phosphor-icons/react' or its corresponding type declarations.
components/ui/dropdown.tsx(94,6): error TS7031: Binding element 'className' implicitly has an 'any' type.
components/ui/dropdown.tsx(94,33): error TS7031: Binding element 'width' implicitly has an 'any' type.
components/ui/dropdown.tsx(94,51): error TS7006: Parameter 'forwardedRef' implicitly has an 'any' type.
components/ui/dropdown.tsx(112,6): error TS7031: Binding element 'className' implicitly has an 'any' type.
components/ui/dropdown.tsx(112,17): error TS7031: Binding element 'inset' implicitly has an 'any' type.
components/ui/dropdown.tsx(112,24): error TS7031: Binding element 'asChild' implicitly has an 'any' type.
components/ui/dropdown.tsx(112,44): error TS7006: Parameter 'forwardedRef' implicitly has an 'any' type.
components/ui/dropdown.tsx(143,5): error TS2875: This JSX tag requires the module path 'react/jsx-runtime' to exist, but none could be found. Make sure you have types for the appropriate package installed.
components/ui/dropdown.tsx(160,6): error TS7031: Binding element 'className' implicitly has an 'any' type.
components/ui/dropdown.tsx(160,28): error TS7006: Parameter 'forwardedRef' implicitly has an 'any' type.
components/ui/dropdown.tsx(172,6): error TS7031: Binding element 'className' implicitly has an 'any' type.
components/ui/dropdown.tsx(172,28): error TS7006: Parameter 'forwardedRef' implicitly has an 'any' type.
components/ui/dropdown.tsx(189,6): error TS7031: Binding element 'className' implicitly has an 'any' type.
components/ui/dropdown.tsx(189,17): error TS7031: Binding element 'inset' implicitly has an 'any' type.
components/ui/dropdown.tsx(189,24): error TS7031: Binding element 'children' implicitly has an 'any' type.
components/ui/dropdown.tsx(189,45): error TS7006: Parameter 'forwardedRef' implicitly has an 'any' type.
components/ui/dropdown.tsx(207,5): error TS7026: JSX element implicitly has type 'any' because no interface 'JSX.IntrinsicElements' exists.
components/ui/dropdown.tsx(216,6): error TS7031: Binding element 'className' implicitly has an 'any' type.
components/ui/dropdown.tsx(216,28): error TS7006: Parameter 'forwardedRef' implicitly has an 'any' type.
components/ui/dropdown.tsx(251,6): error TS7031: Binding element 'className' implicitly has an 'any' type.
components/ui/dropdown.tsx(251,17): error TS7031: Binding element 'children' implicitly has an 'any' type.
components/ui/dropdown.tsx(251,27): error TS7031: Binding element 'checked' implicitly has an 'any' type.
components/ui/dropdown.tsx(251,36): error TS7031: Binding element 'shortcut' implicitly has an 'any' type.
components/ui/dropdown.tsx(251,57): error TS7006: Parameter 'forwardedRef' implicitly has an 'any' type.
components/ui/dropdown.tsx(266,5): error TS7026: JSX element implicitly has type 'any' because no interface 'JSX.IntrinsicElements' exists.
components/ui/dropdown.tsx(270,5): error TS7026: JSX element implicitly has type 'any' because no interface 'JSX.IntrinsicElements' exists.
components/ui/dropdown.tsx(271,5): error TS7026: JSX element implicitly has type 'any' because no interface 'JSX.IntrinsicElements' exists.
components/ui/dropdown.tsx(271,40): error TS7026: JSX element implicitly has type 'any' because no interface 'JSX.IntrinsicElements' exists.
components/ui/dropdown.tsx(273,7): error TS7026: JSX element implicitly has type 'any' because no interface 'JSX.IntrinsicElements' exists.
components/ui/dropdown.tsx(273,80): error TS7026: JSX element implicitly has type 'any' because no interface 'JSX.IntrinsicElements' exists.
components/ui/dropdown.tsx(297,6): error TS7031: Binding element 'className' implicitly has an 'any' type.
components/ui/dropdown.tsx(297,17): error TS7031: Binding element 'children' implicitly has an 'any' type.
components/ui/dropdown.tsx(297,27): error TS7031: Binding element 'shortcut' implicitly has an 'any' type.
components/ui/dropdown.tsx(297,48): error TS7006: Parameter 'forwardedRef' implicitly has an 'any' type.
components/ui/dropdown.tsx(311,5): error TS7026: JSX element implicitly has type 'any' because no interface 'JSX.IntrinsicElements' exists.
components/ui/dropdown.tsx(313,9): error TS7026: JSX element implicitly has type 'any' because no interface 'JSX.IntrinsicElements' exists.
components/ui/dropdown.tsx(315,5): error TS7026: JSX element implicitly has type 'any' because no interface 'JSX.IntrinsicElements' exists.
components/ui/dropdown.tsx(316,5): error TS7026: JSX element implicitly has type 'any' because no interface 'JSX.IntrinsicElements' exists.
components/ui/dropdown.tsx(316,40): error TS7026: JSX element implicitly has type 'any' because no interface 'JSX.IntrinsicElements' exists.
components/ui/dropdown.tsx(318,7): error TS7026: JSX element implicitly has type 'any' because no interface 'JSX.IntrinsicElements' exists.
components/ui/dropdown.tsx(318,80): error TS7026: JSX element implicitly has type 'any' because no interface 'JSX.IntrinsicElements' exists.
components/ui/dropdown.tsx(340,6): error TS7031: Binding element 'className' implicitly has an 'any' type.
components/ui/dropdown.tsx(340,17): error TS7031: Binding element 'size' implicitly has an 'any' type.
components/ui/dropdown.tsx(340,34): error TS7006: Parameter 'forwardedRef' implicitly has an 'any' type.
components/ui/fade.tsx(5,24): error TS2307: Cannot find module 'react' or its corresponding type declarations.
components/ui/fade.tsx(87,5): error TS2875: This JSX tag requires the module path 'react/jsx-runtime' to exist, but none could be found. Make sure you have types for the appropriate package installed.
components/ui/fade.tsx(132,5): error TS7026: JSX element implicitly has type 'any' because no interface 'JSX.IntrinsicElements' exists.
components/ui/fade.tsx(133,19): error TS7006: Parameter 'child' implicitly has an 'any' type.
components/ui/fade.tsx(133,26): error TS7006: Parameter 'index' implicitly has an 'any' type.
components/ui/fade.tsx(144,5): error TS7026: JSX element implicitly has type 'any' because no interface 'JSX.IntrinsicElements' exists.
components/ui/fade.tsx(240,5): error TS7026: JSX element implicitly has type 'any' because no interface 'JSX.IntrinsicElements' exists.
components/ui/fade.tsx(245,7): error TS7026: JSX element implicitly has type 'any' because no interface 'JSX.IntrinsicElements' exists.
components/ui/fade.tsx(245,39): error TS7026: JSX element implicitly has type 'any' because no interface 'JSX.IntrinsicElements' exists.
components/ui/fade.tsx(246,5): error TS7026: JSX element implicitly has type 'any' because no interface 'JSX.IntrinsicElements' exists.
components/ui/fancy-button.tsx(3,24): error TS2307: Cannot find module 'react' or its corresponding type declarations.
components/ui/fancy-button.tsx(6,22): error TS2307: Cannot find module '@radix-ui/react-slot' or its corresponding type declarations.
components/ui/fancy-button.tsx(95,6): error TS7031: Binding element 'asChild' implicitly has an 'any' type.
components/ui/fancy-button.tsx(95,15): error TS7031: Binding element 'children' implicitly has an 'any' type.
components/ui/fancy-button.tsx(95,25): error TS7031: Binding element 'variant' implicitly has an 'any' type.
components/ui/fancy-button.tsx(95,34): error TS7031: Binding element 'size' implicitly has an 'any' type.
components/ui/fancy-button.tsx(95,40): error TS7031: Binding element 'className' implicitly has an 'any' type.
components/ui/fancy-button.tsx(95,62): error TS7006: Parameter 'forwardedRef' implicitly has an 'any' type.
components/ui/fancy-button.tsx(136,10): error TS2875: This JSX tag requires the module path 'react/jsx-runtime' to exist, but none could be found. Make sure you have types for the appropriate package installed.
components/ui/file-dropzone.tsx(3,50): error TS2307: Cannot find module 'react' or its corresponding type declarations.
components/ui/file-dropzone.tsx(4,62): error TS2307: Cannot find module 'react-dropzone' or its corresponding type declarations.
components/ui/file-dropzone.tsx(6,50): error TS2307: Cannot find module '@phosphor-icons/react/dist/ssr' or its corresponding type declarations.
components/ui/file-dropzone.tsx(58,40): error TS7006: Parameter '_' implicitly has an 'any' type.
components/ui/file-dropzone.tsx(58,43): error TS7006: Parameter 'i' implicitly has an 'any' type.
components/ui/file-dropzone.tsx(72,9): error TS7026: JSX element implicitly has type 'any' because no interface 'JSX.IntrinsicElements' exists.
components/ui/file-dropzone.tsx(72,9): error TS2875: This JSX tag requires the module path 'react/jsx-runtime' to exist, but none could be found. Make sure you have types for the appropriate package installed.
components/ui/file-dropzone.tsx(73,13): error TS7026: JSX element implicitly has type 'any' because no interface 'JSX.IntrinsicElements' exists.
components/ui/file-dropzone.tsx(83,17): error TS7026: JSX element implicitly has type 'any' because no interface 'JSX.IntrinsicElements' exists.
components/ui/file-dropzone.tsx(84,17): error TS7026: JSX element implicitly has type 'any' because no interface 'JSX.IntrinsicElements' exists.
components/ui/file-dropzone.tsx(85,21): error TS7026: JSX element implicitly has type 'any' because no interface 'JSX.IntrinsicElements' exists.
components/ui/file-dropzone.tsx(87,21): error TS7026: JSX element implicitly has type 'any' because no interface 'JSX.IntrinsicElements' exists.
components/ui/file-dropzone.tsx(88,21): error TS7026: JSX element implicitly has type 'any' because no interface 'JSX.IntrinsicElements' exists.
components/ui/file-dropzone.tsx(89,25): error TS7026: JSX element implicitly has type 'any' because no interface 'JSX.IntrinsicElements' exists.
components/ui/file-dropzone.tsx(91,25): error TS7026: JSX element implicitly has type 'any' because no interface 'JSX.IntrinsicElements' exists.
components/ui/file-dropzone.tsx(92,25): error TS7026: JSX element implicitly has type 'any' because no interface 'JSX.IntrinsicElements' exists.
components/ui/file-dropzone.tsx(94,25): error TS7026: JSX element implicitly has type 'any' because no interface 'JSX.IntrinsicElements' exists.
components/ui/file-dropzone.tsx(95,21): error TS7026: JSX element implicitly has type 'any' because no interface 'JSX.IntrinsicElements' exists.
components/ui/file-dropzone.tsx(96,21): error TS7026: JSX element implicitly has type 'any' because no interface 'JSX.IntrinsicElements' exists.
components/ui/file-dropzone.tsx(99,21): error TS7026: JSX element implicitly has type 'any' because no interface 'JSX.IntrinsicElements' exists.
components/ui/file-dropzone.tsx(100,17): error TS7026: JSX element implicitly has type 'any' because no interface 'JSX.IntrinsicElements' exists.
components/ui/file-dropzone.tsx(101,13): error TS7026: JSX element implicitly has type 'any' because no interface 'JSX.IntrinsicElements' exists.
components/ui/file-dropzone.tsx(104,17): error TS7026: JSX element implicitly has type 'any' because no interface 'JSX.IntrinsicElements' exists.
components/ui/file-dropzone.tsx(105,34): error TS7006: Parameter 'error' implicitly has an 'any' type.
components/ui/file-dropzone.tsx(105,41): error TS7006: Parameter 'index' implicitly has an 'any' type.
components/ui/file-dropzone.tsx(106,25): error TS7026: JSX element implicitly has type 'any' because no interface 'JSX.IntrinsicElements' exists.
components/ui/file-dropzone.tsx(108,25): error TS7026: JSX element implicitly has type 'any' because no interface 'JSX.IntrinsicElements' exists.
components/ui/file-dropzone.tsx(110,17): error TS7026: JSX element implicitly has type 'any' because no interface 'JSX.IntrinsicElements' exists.
components/ui/file-dropzone.tsx(114,17): error TS7026: JSX element implicitly has type 'any' because no interface 'JSX.IntrinsicElements' exists.
components/ui/file-dropzone.tsx(115,33): error TS7006: Parameter 'file' implicitly has an 'any' type.
components/ui/file-dropzone.tsx(115,39): error TS7006: Parameter 'index' implicitly has an 'any' type.
components/ui/file-dropzone.tsx(116,25): error TS7026: JSX element implicitly has type 'any' because no interface 'JSX.IntrinsicElements' exists.
components/ui/file-dropzone.tsx(120,29): error TS7026: JSX element implicitly has type 'any' because no interface 'JSX.IntrinsicElements' exists.
components/ui/file-dropzone.tsx(126,29): error TS7026: JSX element implicitly has type 'any' because no interface 'JSX.IntrinsicElements' exists.
components/ui/file-dropzone.tsx(127,29): error TS7026: JSX element implicitly has type 'any' because no interface 'JSX.IntrinsicElements' exists.
components/ui/file-dropzone.tsx(128,33): error TS7026: JSX element implicitly has type 'any' because no interface 'JSX.IntrinsicElements' exists.
components/ui/file-dropzone.tsx(130,33): error TS7026: JSX element implicitly has type 'any' because no interface 'JSX.IntrinsicElements' exists.
components/ui/file-dropzone.tsx(131,33): error TS7026: JSX element implicitly has type 'any' because no interface 'JSX.IntrinsicElements' exists.
components/ui/file-dropzone.tsx(133,33): error TS7026: JSX element implicitly has type 'any' because no interface 'JSX.IntrinsicElements' exists.
components/ui/file-dropzone.tsx(134,29): error TS7026: JSX element implicitly has type 'any' because no interface 'JSX.IntrinsicElements' exists.
components/ui/file-dropzone.tsx(142,25): error TS7026: JSX element implicitly has type 'any' because no interface 'JSX.IntrinsicElements' exists.
components/ui/file-dropzone.tsx(144,17): error TS7026: JSX element implicitly has type 'any' because no interface 'JSX.IntrinsicElements' exists.
components/ui/file-dropzone.tsx(146,9): error TS7026: JSX element implicitly has type 'any' because no interface 'JSX.IntrinsicElements' exists.
components/ui/file-dropzone.tsx(202,13): error TS7026: JSX element implicitly has type 'any' because no interface 'JSX.IntrinsicElements' exists.
components/ui/file-dropzone.tsx(203,17): error TS7026: JSX element implicitly has type 'any' because no interface 'JSX.IntrinsicElements' exists.
components/ui/file-dropzone.tsx(216,13): error TS7026: JSX element implicitly has type 'any' because no interface 'JSX.IntrinsicElements' exists.
components/ui/file-format-icon.tsx(3,24): error TS2307: Cannot find module 'react' or its corresponding type declarations.
components/ui/file-format-icon.tsx(68,5): error TS7026: JSX element implicitly has type 'any' because no interface 'JSX.IntrinsicElements' exists.
components/ui/file-format-icon.tsx(68,5): error TS2875: This JSX tag requires the module path 'react/jsx-runtime' to exist, but none could be found. Make sure you have types for the appropriate package installed.
components/ui/file-format-icon.tsx(77,7): error TS7026: JSX element implicitly has type 'any' because no interface 'JSX.IntrinsicElements' exists.
components/ui/file-format-icon.tsx(82,7): error TS7026: JSX element implicitly has type 'any' because no interface 'JSX.IntrinsicElements' exists.
components/ui/file-format-icon.tsx(87,7): error TS7026: JSX element implicitly has type 'any' because no interface 'JSX.IntrinsicElements' exists.
components/ui/file-format-icon.tsx(92,9): error TS7026: JSX element implicitly has type 'any' because no interface 'JSX.IntrinsicElements' exists.
components/ui/file-format-icon.tsx(93,7): error TS7026: JSX element implicitly has type 'any' because no interface 'JSX.IntrinsicElements' exists.
components/ui/file-format-icon.tsx(94,5): error TS7026: JSX element implicitly has type 'any' because no interface 'JSX.IntrinsicElements' exists.
components/ui/file-upload.tsx(3,24): error TS2307: Cannot find module 'react' or its corresponding type declarations.
components/ui/file-upload.tsx(6,22): error TS2307: Cannot find module '@radix-ui/react-slot' or its corresponding type declarations.
components/ui/file-upload.tsx(13,6): error TS7031: Binding element 'className' implicitly has an 'any' type.
components/ui/file-upload.tsx(13,17): error TS7031: Binding element 'asChild' implicitly has an 'any' type.
components/ui/file-upload.tsx(13,37): error TS7006: Parameter 'forwardedRef' implicitly has an 'any' type.
components/ui/file-upload.tsx(37,6): error TS7031: Binding element 'className' implicitly has an 'any' type.
components/ui/file-upload.tsx(37,17): error TS7031: Binding element 'asChild' implicitly has an 'any' type.
components/ui/file-upload.tsx(37,37): error TS7006: Parameter 'forwardedRef' implicitly has an 'any' type.
components/ui/file-upload.tsx(62,5): error TS2875: This JSX tag requires the module path 'react/jsx-runtime' to exist, but none could be found. Make sure you have types for the appropriate package installed.
components/ui/grid.tsx(3,24): error TS2307: Cannot find module 'react' or its corresponding type declarations.
components/ui/grid.tsx(104,3): error TS2339: Property 'cols' does not exist on type 'GridProps'.
components/ui/grid.tsx(109,3): error TS2339: Property 'gap' does not exist on type 'GridProps'.
components/ui/grid.tsx(110,3): error TS2339: Property 'gapX' does not exist on type 'GridProps'.
components/ui/grid.tsx(111,3): error TS2339: Property 'gapY' does not exist on type 'GridProps'.
components/ui/grid.tsx(112,3): error TS2339: Property 'className' does not exist on type 'GridProps'.
components/ui/grid.tsx(113,3): error TS2339: Property 'children' does not exist on type 'GridProps'.
components/ui/grid.tsx(124,5): error TS7026: JSX element implicitly has type 'any' because no interface 'JSX.IntrinsicElements' exists.
components/ui/grid.tsx(124,5): error TS2875: This JSX tag requires the module path 'react/jsx-runtime' to exist, but none could be found. Make sure you have types for the appropriate package installed.
components/ui/grid.tsx(133,5): error TS7026: JSX element implicitly has type 'any' because no interface 'JSX.IntrinsicElements' exists.
components/ui/grid.tsx(220,3): error TS2339: Property 'span' does not exist on type 'ColProps'.
components/ui/grid.tsx(221,3): error TS2339: Property 'start' does not exist on type 'ColProps'.
components/ui/grid.tsx(226,3): error TS2339: Property 'className' does not exist on type 'ColProps'.
components/ui/grid.tsx(227,3): error TS2339: Property 'children' does not exist on type 'ColProps'.
components/ui/grid.tsx(238,5): error TS7026: JSX element implicitly has type 'any' because no interface 'JSX.IntrinsicElements' exists.
components/ui/grid.tsx(243,5): error TS7026: JSX element implicitly has type 'any' because no interface 'JSX.IntrinsicElements' exists.
components/ui/grid.tsx(255,3): error TS2339: Property 'className' does not exist on type 'DividerProps'.
components/ui/grid.tsx(259,5): error TS7026: JSX element implicitly has type 'any' because no interface 'JSX.IntrinsicElements' exists.
components/ui/grid.tsx(327,3): error TS2339: Property 'direction' does not exist on type 'FlexProps'.
components/ui/grid.tsx(328,3): error TS2339: Property 'align' does not exist on type 'FlexProps'.
components/ui/grid.tsx(329,3): error TS2339: Property 'justify' does not exist on type 'FlexProps'.
components/ui/grid.tsx(330,3): error TS2339: Property 'wrap' does not exist on type 'FlexProps'.
components/ui/grid.tsx(331,3): error TS2339: Property 'gap' does not exist on type 'FlexProps'.
components/ui/grid.tsx(332,3): error TS2339: Property 'className' does not exist on type 'FlexProps'.
components/ui/grid.tsx(333,3): error TS2339: Property 'children' does not exist on type 'FlexProps'.
components/ui/grid.tsx(337,5): error TS7026: JSX element implicitly has type 'any' because no interface 'JSX.IntrinsicElements' exists.
components/ui/grid.tsx(342,5): error TS7026: JSX element implicitly has type 'any' because no interface 'JSX.IntrinsicElements' exists.
components/ui/grid.tsx(352,26): error TS2339: Property 'className' does not exist on type 'DashboardGridProps'.
components/ui/grid.tsx(352,47): error TS2339: Property 'gap' does not exist on type 'DashboardGridProps'.
components/ui/grid.tsx(354,6): error TS2322: Type '{ children: React.ReactNode; colsSm: 3 | 1 | 4 | 5 | 12 | 2 | 6; colsMd?: 3 | 1 | 4 | 5 | 12 | 2 | 6 | undefined; colsLg: 3 | 1 | 4 | 5 | 12 | 2 | 6; colsXl: 3 | 1 | 4 | 5 | 12 | 2 | 6; cols: number; gap: any; className: any; }' is not assignable to type 'GridProps'.
  Property 'children' does not exist on type 'GridProps'.
components/ui/grid.tsx(375,36): error TS2339: Property 'className' does not exist on type 'MetricGridProps'.
components/ui/grid.tsx(375,57): error TS2339: Property 'gap' does not exist on type 'MetricGridProps'.
components/ui/grid.tsx(385,6): error TS2322: Type '{ children: React.ReactNode; colsSm?: 3 | 1 | 4 | 5 | 12 | 2 | 6 | undefined; colsMd: 3 | 1 | 4 | 5 | 12 | 2 | 6; colsLg: 3 | 1 | 4 | 5 | 12 | 2 | 6; colsXl?: 3 | 1 | 4 | 5 | 12 | 2 | 6 | undefined; cols: 3 | 1 | 4 | 2; gap: any; className: any; }' is not assignable to type 'GridProps'.
  Property 'children' does not exist on type 'GridProps'.
components/ui/hint.tsx(3,24): error TS2307: Cannot find module 'react' or its corresponding type declarations.
components/ui/hint.tsx(60,5): error TS7026: JSX element implicitly has type 'any' because no interface 'JSX.IntrinsicElements' exists.
components/ui/hint.tsx(60,5): error TS2875: This JSX tag requires the module path 'react/jsx-runtime' to exist, but none could be found. Make sure you have types for the appropriate package installed.
components/ui/hint.tsx(62,5): error TS7026: JSX element implicitly has type 'any' because no interface 'JSX.IntrinsicElements' exists.
components/ui/horizontal-stepper.tsx(3,24): error TS2307: Cannot find module 'react' or its corresponding type declarations.
components/ui/horizontal-stepper.tsx(8,28): error TS2307: Cannot find module '@phosphor-icons/react' or its corresponding type declarations.
components/ui/horizontal-stepper.tsx(9,22): error TS2307: Cannot find module '@radix-ui/react-slot' or its corresponding type declarations.
components/ui/horizontal-stepper.tsx(27,5): error TS2875: This JSX tag requires the module path 'react/jsx-runtime' to exist, but none could be found. Make sure you have types for the appropriate package installed.
components/ui/horizontal-stepper.tsx(99,6): error TS7031: Binding element 'asChild' implicitly has an 'any' type.
components/ui/horizontal-stepper.tsx(99,15): error TS7031: Binding element 'children' implicitly has an 'any' type.
components/ui/horizontal-stepper.tsx(99,25): error TS7031: Binding element 'state' implicitly has an 'any' type.
components/ui/horizontal-stepper.tsx(99,32): error TS7031: Binding element 'className' implicitly has an 'any' type.
components/ui/horizontal-stepper.tsx(99,54): error TS7006: Parameter 'forwardedRef' implicitly has an 'any' type.
components/ui/horizontal-stepper.tsx(138,7): error TS7026: JSX element implicitly has type 'any' because no interface 'JSX.IntrinsicElements' exists.
components/ui/horizontal-stepper.tsx(139,9): error TS7026: JSX element implicitly has type 'any' because no interface 'JSX.IntrinsicElements' exists.
components/ui/horizontal-stepper.tsx(140,11): error TS7026: JSX element implicitly has type 'any' because no interface 'JSX.IntrinsicElements' exists.
components/ui/horizontal-stepper.tsx(144,9): error TS7026: JSX element implicitly has type 'any' because no interface 'JSX.IntrinsicElements' exists.
components/ui/horizontal-stepper.tsx(145,7): error TS7026: JSX element implicitly has type 'any' because no interface 'JSX.IntrinsicElements' exists.
components/ui/horizontal-stepper.tsx(150,5): error TS7026: JSX element implicitly has type 'any' because no interface 'JSX.IntrinsicElements' exists.
components/ui/horizontal-stepper.tsx(152,5): error TS7026: JSX element implicitly has type 'any' because no interface 'JSX.IntrinsicElements' exists.
components/ui/input.tsx(4,24): error TS2307: Cannot find module 'react' or its corresponding type declarations.
components/ui/input.tsx(8,22): error TS2307: Cannot find module '@radix-ui/react-slot' or its corresponding type declarations.
components/ui/input.tsx(16,8): error TS2307: Cannot find module '@phosphor-icons/react' or its corresponding type declarations.
components/ui/input.tsx(179,3): error TS2339: Property 'className' does not exist on type 'InputRootProps'.
components/ui/input.tsx(180,3): error TS2339: Property 'children' does not exist on type 'InputRootProps'.
components/ui/input.tsx(181,3): error TS2339: Property 'size' does not exist on type 'InputRootProps'.
components/ui/input.tsx(182,3): error TS2339: Property 'hasError' does not exist on type 'InputRootProps'.
components/ui/input.tsx(215,5): error TS2875: This JSX tag requires the module path 'react/jsx-runtime' to exist, but none could be found. Make sure you have types for the appropriate package installed.
components/ui/input.tsx(256,7): error TS7031: Binding element 'className' implicitly has an 'any' type.
components/ui/input.tsx(256,33): error TS7031: Binding element 'size' implicitly has an 'any' type.
components/ui/input.tsx(256,39): error TS7031: Binding element 'hasError' implicitly has an 'any' type.
components/ui/input.tsx(256,49): error TS7031: Binding element 'asChild' implicitly has an 'any' type.
components/ui/input.tsx(257,5): error TS7006: Parameter 'forwardedRef' implicitly has an 'any' type.
components/ui/input.tsx(305,5): error TS7026: JSX element implicitly has type 'any' because no interface 'JSX.IntrinsicElements' exists.
components/ui/input.tsx(307,5): error TS7026: JSX element implicitly has type 'any' because no interface 'JSX.IntrinsicElements' exists.
components/ui/input.tsx(325,5): error TS7026: JSX element implicitly has type 'any' because no interface 'JSX.IntrinsicElements' exists.
components/ui/input.tsx(327,5): error TS7026: JSX element implicitly has type 'any' because no interface 'JSX.IntrinsicElements' exists.
components/ui/input.tsx(358,6): error TS7031: Binding element 'className' implicitly has an 'any' type.
components/ui/input.tsx(358,17): error TS7031: Binding element 'size' implicitly has an 'any' type.
components/ui/input.tsx(358,23): error TS7031: Binding element 'hasError' implicitly has an 'any' type.
components/ui/input.tsx(358,52): error TS7031: Binding element 'errorId' implicitly has an 'any' type.
components/ui/input.tsx(358,72): error TS7006: Parameter 'forwardedRef' implicitly has an 'any' type.
components/ui/input.tsx(368,53): error TS7006: Parameter 'prev' implicitly has an 'any' type.
components/ui/input.tsx(371,7): error TS7026: JSX element implicitly has type 'any' because no interface 'JSX.IntrinsicElements' exists.
components/ui/input.tsx(372,9): error TS7026: JSX element implicitly has type 'any' because no interface 'JSX.IntrinsicElements' exists.
components/ui/input.tsx(373,11): error TS7026: JSX element implicitly has type 'any' because no interface 'JSX.IntrinsicElements' exists.
components/ui/input.tsx(383,13): error TS7026: JSX element implicitly has type 'any' because no interface 'JSX.IntrinsicElements' exists.
components/ui/input.tsx(396,13): error TS7026: JSX element implicitly has type 'any' because no interface 'JSX.IntrinsicElements' exists.
components/ui/input.tsx(398,9): error TS7026: JSX element implicitly has type 'any' because no interface 'JSX.IntrinsicElements' exists.
components/ui/input.tsx(399,7): error TS7026: JSX element implicitly has type 'any' because no interface 'JSX.IntrinsicElements' exists.
components/ui/input.tsx(428,6): error TS7031: Binding element 'className' implicitly has an 'any' type.
components/ui/input.tsx(428,17): error TS7031: Binding element 'size' implicitly has an 'any' type.
components/ui/input.tsx(428,23): error TS7031: Binding element 'hasError' implicitly has an 'any' type.
components/ui/input.tsx(428,33): error TS7031: Binding element 'onClear' implicitly has an 'any' type.
components/ui/input.tsx(428,42): error TS7031: Binding element 'value' implicitly has an 'any' type.
components/ui/input.tsx(428,84): error TS7006: Parameter 'forwardedRef' implicitly has an 'any' type.
components/ui/input.tsx(437,7): error TS7026: JSX element implicitly has type 'any' because no interface 'JSX.IntrinsicElements' exists.
components/ui/input.tsx(438,9): error TS7026: JSX element implicitly has type 'any' because no interface 'JSX.IntrinsicElements' exists.
components/ui/input.tsx(439,11): error TS7026: JSX element implicitly has type 'any' because no interface 'JSX.IntrinsicElements' exists.
components/ui/input.tsx(441,11): error TS7026: JSX element implicitly has type 'any' because no interface 'JSX.IntrinsicElements' exists.
components/ui/input.tsx(442,11): error TS7026: JSX element implicitly has type 'any' because no interface 'JSX.IntrinsicElements' exists.
components/ui/input.tsx(452,13): error TS7026: JSX element implicitly has type 'any' because no interface 'JSX.IntrinsicElements' exists.
components/ui/input.tsx(460,13): error TS7026: JSX element implicitly has type 'any' because no interface 'JSX.IntrinsicElements' exists.
components/ui/input.tsx(462,9): error TS7026: JSX element implicitly has type 'any' because no interface 'JSX.IntrinsicElements' exists.
components/ui/input.tsx(463,7): error TS7026: JSX element implicitly has type 'any' because no interface 'JSX.IntrinsicElements' exists.
components/ui/input.tsx(508,7): error TS7031: Binding element 'className' implicitly has an 'any' type.
components/ui/input.tsx(509,7): error TS7031: Binding element 'size' implicitly has an 'any' type.
components/ui/input.tsx(510,7): error TS7031: Binding element 'hasError' implicitly has an 'any' type.
components/ui/input.tsx(511,7): error TS7031: Binding element 'min' implicitly has an 'any' type.
components/ui/input.tsx(512,7): error TS7031: Binding element 'max' implicitly has an 'any' type.
components/ui/input.tsx(515,7): error TS7031: Binding element 'onChange' implicitly has an 'any' type.
components/ui/input.tsx(517,7): error TS7031: Binding element 'disabled' implicitly has an 'any' type.
components/ui/input.tsx(518,7): error TS7031: Binding element 'errorId' implicitly has an 'any' type.
components/ui/input.tsx(521,5): error TS7006: Parameter 'forwardedRef' implicitly has an 'any' type.
components/ui/input.tsx(555,7): error TS7026: JSX element implicitly has type 'any' because no interface 'JSX.IntrinsicElements' exists.
components/ui/input.tsx(556,9): error TS7026: JSX element implicitly has type 'any' because no interface 'JSX.IntrinsicElements' exists.
components/ui/input.tsx(558,13): error TS7026: JSX element implicitly has type 'any' because no interface 'JSX.IntrinsicElements' exists.
components/ui/input.tsx(569,13): error TS7026: JSX element implicitly has type 'any' because no interface 'JSX.IntrinsicElements' exists.
components/ui/input.tsx(571,11): error TS7026: JSX element implicitly has type 'any' because no interface 'JSX.IntrinsicElements' exists.
components/ui/input.tsx(589,13): error TS7026: JSX element implicitly has type 'any' because no interface 'JSX.IntrinsicElements' exists.
components/ui/input.tsx(600,13): error TS7026: JSX element implicitly has type 'any' because no interface 'JSX.IntrinsicElements' exists.
components/ui/input.tsx(602,9): error TS7026: JSX element implicitly has type 'any' because no interface 'JSX.IntrinsicElements' exists.
components/ui/input.tsx(603,7): error TS7026: JSX element implicitly has type 'any' because no interface 'JSX.IntrinsicElements' exists.
components/ui/kbd.tsx(3,24): error TS2307: Cannot find module 'react' or its corresponding type declarations.
components/ui/kbd.tsx(8,5): error TS2875: This JSX tag requires the module path 'react/jsx-runtime' to exist, but none could be found. Make sure you have types for the appropriate package installed.
components/ui/kbd.tsx(8,5): error TS7026: JSX element implicitly has type 'any' because no interface 'JSX.IntrinsicElements' exists.
components/ui/label.tsx(5,24): error TS2307: Cannot find module 'react' or its corresponding type declarations.
components/ui/label.tsx(6,34): error TS2307: Cannot find module '@radix-ui/react-label' or its corresponding type declarations.
components/ui/label.tsx(14,6): error TS7031: Binding element 'className' implicitly has an 'any' type.
components/ui/label.tsx(14,17): error TS7031: Binding element 'disabled' implicitly has an 'any' type.
components/ui/label.tsx(14,38): error TS7006: Parameter 'forwardedRef' implicitly has an 'any' type.
components/ui/label.tsx(38,5): error TS7026: JSX element implicitly has type 'any' because no interface 'JSX.IntrinsicElements' exists.
components/ui/label.tsx(38,5): error TS2875: This JSX tag requires the module path 'react/jsx-runtime' to exist, but none could be found. Make sure you have types for the appropriate package installed.
components/ui/label.tsx(48,5): error TS7026: JSX element implicitly has type 'any' because no interface 'JSX.IntrinsicElements' exists.
components/ui/label.tsx(58,5): error TS7026: JSX element implicitly has type 'any' because no interface 'JSX.IntrinsicElements' exists.
components/ui/label.tsx(68,5): error TS7026: JSX element implicitly has type 'any' because no interface 'JSX.IntrinsicElements' exists.
components/ui/lava-liquid-logo.tsx(3,45): error TS2307: Cannot find module 'react' or its corresponding type declarations.
components/ui/lava-liquid-logo.tsx(4,19): error TS2307: Cannot find module 'next/image' or its corresponding type declarations.
components/ui/lava-liquid-logo.tsx(301,7): error TS7026: JSX element implicitly has type 'any' because no interface 'JSX.IntrinsicElements' exists.
components/ui/lava-liquid-logo.tsx(301,7): error TS2875: This JSX tag requires the module path 'react/jsx-runtime' to exist, but none could be found. Make sure you have types for the appropriate package installed.
components/ui/lava-liquid-logo.tsx(303,7): error TS7026: JSX element implicitly has type 'any' because no interface 'JSX.IntrinsicElements' exists.
components/ui/lava-liquid-logo.tsx(308,5): error TS7026: JSX element implicitly has type 'any' because no interface 'JSX.IntrinsicElements' exists.
components/ui/lava-liquid-logo.tsx(309,7): error TS7026: JSX element implicitly has type 'any' because no interface 'JSX.IntrinsicElements' exists.
components/ui/lava-liquid-logo.tsx(315,9): error TS7026: JSX element implicitly has type 'any' because no interface 'JSX.IntrinsicElements' exists.
components/ui/lava-liquid-logo.tsx(316,11): error TS7026: JSX element implicitly has type 'any' because no interface 'JSX.IntrinsicElements' exists.
components/ui/lava-liquid-logo.tsx(317,9): error TS7026: JSX element implicitly has type 'any' because no interface 'JSX.IntrinsicElements' exists.
components/ui/lava-liquid-logo.tsx(319,5): error TS7026: JSX element implicitly has type 'any' because no interface 'JSX.IntrinsicElements' exists.
components/ui/legend.tsx(3,24): error TS2307: Cannot find module 'react' or its corresponding type declarations.
components/ui/legend.tsx(92,3): error TS2339: Property 'size' does not exist on type 'LegendProps'.
components/ui/legend.tsx(93,3): error TS2339: Property 'layout' does not exist on type 'LegendProps'.
components/ui/legend.tsx(96,3): error TS2339: Property 'className' does not exist on type 'LegendProps'.
components/ui/legend.tsx(118,5): error TS7026: JSX element implicitly has type 'any' because no interface 'JSX.IntrinsicElements' exists.
components/ui/legend.tsx(118,5): error TS2875: This JSX tag requires the module path 'react/jsx-runtime' to exist, but none could be found. Make sure you have types for the appropriate package installed.
components/ui/legend.tsx(129,11): error TS7026: JSX element implicitly has type 'any' because no interface 'JSX.IntrinsicElements' exists.
components/ui/legend.tsx(141,13): error TS7026: JSX element implicitly has type 'any' because no interface 'JSX.IntrinsicElements' exists.
components/ui/legend.tsx(148,13): error TS7026: JSX element implicitly has type 'any' because no interface 'JSX.IntrinsicElements' exists.
components/ui/legend.tsx(148,54): error TS7026: JSX element implicitly has type 'any' because no interface 'JSX.IntrinsicElements' exists.
components/ui/legend.tsx(150,15): error TS7026: JSX element implicitly has type 'any' because no interface 'JSX.IntrinsicElements' exists.
components/ui/legend.tsx(152,15): error TS7026: JSX element implicitly has type 'any' because no interface 'JSX.IntrinsicElements' exists.
components/ui/legend.tsx(154,11): error TS7026: JSX element implicitly has type 'any' because no interface 'JSX.IntrinsicElements' exists.
components/ui/legend.tsx(157,5): error TS7026: JSX element implicitly has type 'any' because no interface 'JSX.IntrinsicElements' exists.
components/ui/legend.tsx(168,18): error TS2322: Type '{ categories: string[] | LegendItem[]; colors?: string[] | undefined; onClickLegendItem?: ((item: string) => void) | undefined; activeLegend?: string | undefined; size: VariantProps<any>; layout: string; }' is not assignable to type 'LegendProps'.
  Property 'size' does not exist on type 'LegendProps'.
components/ui/legend.tsx(183,3): error TS2339: Property 'size' does not exist on type 'LegendWithValuesProps'.
components/ui/legend.tsx(184,3): error TS2339: Property 'layout' does not exist on type 'LegendWithValuesProps'.
components/ui/legend.tsx(185,3): error TS2339: Property 'className' does not exist on type 'LegendWithValuesProps'.
components/ui/legend.tsx(211,5): error TS7026: JSX element implicitly has type 'any' because no interface 'JSX.IntrinsicElements' exists.
components/ui/legend.tsx(216,11): error TS7026: JSX element implicitly has type 'any' because no interface 'JSX.IntrinsicElements' exists.
components/ui/legend.tsx(217,13): error TS7026: JSX element implicitly has type 'any' because no interface 'JSX.IntrinsicElements' exists.
components/ui/legend.tsx(218,15): error TS7026: JSX element implicitly has type 'any' because no interface 'JSX.IntrinsicElements' exists.
components/ui/legend.tsx(225,15): error TS7026: JSX element implicitly has type 'any' because no interface 'JSX.IntrinsicElements' exists.
components/ui/legend.tsx(225,56): error TS7026: JSX element implicitly has type 'any' because no interface 'JSX.IntrinsicElements' exists.
components/ui/legend.tsx(226,13): error TS7026: JSX element implicitly has type 'any' because no interface 'JSX.IntrinsicElements' exists.
components/ui/legend.tsx(228,15): error TS7026: JSX element implicitly has type 'any' because no interface 'JSX.IntrinsicElements' exists.
components/ui/legend.tsx(232,15): error TS7026: JSX element implicitly has type 'any' because no interface 'JSX.IntrinsicElements' exists.
components/ui/legend.tsx(234,11): error TS7026: JSX element implicitly has type 'any' because no interface 'JSX.IntrinsicElements' exists.
components/ui/legend.tsx(237,5): error TS7026: JSX element implicitly has type 'any' because no interface 'JSX.IntrinsicElements' exists.
components/ui/legend.tsx(248,44): error TS2339: Property 'className' does not exist on type 'ColorSwatchProps'.
components/ui/legend.tsx(253,5): error TS7026: JSX element implicitly has type 'any' because no interface 'JSX.IntrinsicElements' exists.
components/ui/link-button.tsx(3,24): error TS2307: Cannot find module 'react' or its corresponding type declarations.
components/ui/link-button.tsx(6,22): error TS2307: Cannot find module '@radix-ui/react-slot' or its corresponding type declarations.
components/ui/link-button.tsx(90,7): error TS7031: Binding element 'asChild' implicitly has an 'any' type.
components/ui/link-button.tsx(90,16): error TS7031: Binding element 'children' implicitly has an 'any' type.
components/ui/link-button.tsx(90,26): error TS7031: Binding element 'variant' implicitly has an 'any' type.
components/ui/link-button.tsx(90,35): error TS7031: Binding element 'size' implicitly has an 'any' type.
components/ui/link-button.tsx(90,41): error TS7031: Binding element 'underline' implicitly has an 'any' type.
components/ui/link-button.tsx(90,52): error TS7031: Binding element 'className' implicitly has an 'any' type.
components/ui/link-button.tsx(91,5): error TS7006: Parameter 'forwardedRef' implicitly has an 'any' type.
components/ui/link-button.tsx(133,10): error TS2875: This JSX tag requires the module path 'react/jsx-runtime' to exist, but none could be found. Make sure you have types for the appropriate package installed.
components/ui/liquid-metal-logo.tsx(3,45): error TS2307: Cannot find module 'react' or its corresponding type declarations.
components/ui/liquid-metal-logo.tsx(4,18): error TS2307: Cannot find module 'gsap' or its corresponding type declarations.
components/ui/liquid-metal-logo.tsx(5,19): error TS2307: Cannot find module 'next/image' or its corresponding type declarations.
components/ui/liquid-metal-logo.tsx(117,7): error TS7026: JSX element implicitly has type 'any' because no interface 'JSX.IntrinsicElements' exists.
components/ui/liquid-metal-logo.tsx(117,7): error TS2875: This JSX tag requires the module path 'react/jsx-runtime' to exist, but none could be found. Make sure you have types for the appropriate package installed.
components/ui/liquid-metal-logo.tsx(119,7): error TS7026: JSX element implicitly has type 'any' because no interface 'JSX.IntrinsicElements' exists.
components/ui/liquid-metal-logo.tsx(124,5): error TS7026: JSX element implicitly has type 'any' because no interface 'JSX.IntrinsicElements' exists.
components/ui/liquid-metal-logo.tsx(126,7): error TS7026: JSX element implicitly has type 'any' because no interface 'JSX.IntrinsicElements' exists.
components/ui/liquid-metal-logo.tsx(127,9): error TS7026: JSX element implicitly has type 'any' because no interface 'JSX.IntrinsicElements' exists.
components/ui/liquid-metal-logo.tsx(129,11): error TS7026: JSX element implicitly has type 'any' because no interface 'JSX.IntrinsicElements' exists.
components/ui/liquid-metal-logo.tsx(137,13): error TS7026: JSX element implicitly has type 'any' because no interface 'JSX.IntrinsicElements' exists.
components/ui/liquid-metal-logo.tsx(138,13): error TS7026: JSX element implicitly has type 'any' because no interface 'JSX.IntrinsicElements' exists.
components/ui/liquid-metal-logo.tsx(139,13): error TS7026: JSX element implicitly has type 'any' because no interface 'JSX.IntrinsicElements' exists.
components/ui/liquid-metal-logo.tsx(140,13): error TS7026: JSX element implicitly has type 'any' because no interface 'JSX.IntrinsicElements' exists.
components/ui/liquid-metal-logo.tsx(141,13): error TS7026: JSX element implicitly has type 'any' because no interface 'JSX.IntrinsicElements' exists.
components/ui/liquid-metal-logo.tsx(142,11): error TS7026: JSX element implicitly has type 'any' because no interface 'JSX.IntrinsicElements' exists.
components/ui/liquid-metal-logo.tsx(145,11): error TS7026: JSX element implicitly has type 'any' because no interface 'JSX.IntrinsicElements' exists.
components/ui/liquid-metal-logo.tsx(147,13): error TS7026: JSX element implicitly has type 'any' because no interface 'JSX.IntrinsicElements' exists.
components/ui/liquid-metal-logo.tsx(157,13): error TS7026: JSX element implicitly has type 'any' because no interface 'JSX.IntrinsicElements' exists.
components/ui/liquid-metal-logo.tsx(168,13): error TS7026: JSX element implicitly has type 'any' because no interface 'JSX.IntrinsicElements' exists.
components/ui/liquid-metal-logo.tsx(171,13): error TS7026: JSX element implicitly has type 'any' because no interface 'JSX.IntrinsicElements' exists.
components/ui/liquid-metal-logo.tsx(179,15): error TS7026: JSX element implicitly has type 'any' because no interface 'JSX.IntrinsicElements' exists.
components/ui/liquid-metal-logo.tsx(180,13): error TS7026: JSX element implicitly has type 'any' because no interface 'JSX.IntrinsicElements' exists.
components/ui/liquid-metal-logo.tsx(183,13): error TS7026: JSX element implicitly has type 'any' because no interface 'JSX.IntrinsicElements' exists.
components/ui/liquid-metal-logo.tsx(189,15): error TS7026: JSX element implicitly has type 'any' because no interface 'JSX.IntrinsicElements' exists.
components/ui/liquid-metal-logo.tsx(190,13): error TS7026: JSX element implicitly has type 'any' because no interface 'JSX.IntrinsicElements' exists.
components/ui/liquid-metal-logo.tsx(193,13): error TS7026: JSX element implicitly has type 'any' because no interface 'JSX.IntrinsicElements' exists.
components/ui/liquid-metal-logo.tsx(196,13): error TS7026: JSX element implicitly has type 'any' because no interface 'JSX.IntrinsicElements' exists.
components/ui/liquid-metal-logo.tsx(199,13): error TS7026: JSX element implicitly has type 'any' because no interface 'JSX.IntrinsicElements' exists.
components/ui/liquid-metal-logo.tsx(210,13): error TS7026: JSX element implicitly has type 'any' because no interface 'JSX.IntrinsicElements' exists.
components/ui/liquid-metal-logo.tsx(211,15): error TS7026: JSX element implicitly has type 'any' because no interface 'JSX.IntrinsicElements' exists.
components/ui/liquid-metal-logo.tsx(212,13): error TS7026: JSX element implicitly has type 'any' because no interface 'JSX.IntrinsicElements' exists.
components/ui/liquid-metal-logo.tsx(213,11): error TS7026: JSX element implicitly has type 'any' because no interface 'JSX.IntrinsicElements' exists.
components/ui/liquid-metal-logo.tsx(216,11): error TS7026: JSX element implicitly has type 'any' because no interface 'JSX.IntrinsicElements' exists.
components/ui/liquid-metal-logo.tsx(217,13): error TS7026: JSX element implicitly has type 'any' because no interface 'JSX.IntrinsicElements' exists.
components/ui/liquid-metal-logo.tsx(218,13): error TS7026: JSX element implicitly has type 'any' because no interface 'JSX.IntrinsicElements' exists.
components/ui/liquid-metal-logo.tsx(226,15): error TS7026: JSX element implicitly has type 'any' because no interface 'JSX.IntrinsicElements' exists.
components/ui/liquid-metal-logo.tsx(227,13): error TS7026: JSX element implicitly has type 'any' because no interface 'JSX.IntrinsicElements' exists.
components/ui/liquid-metal-logo.tsx(228,13): error TS7026: JSX element implicitly has type 'any' because no interface 'JSX.IntrinsicElements' exists.
components/ui/liquid-metal-logo.tsx(229,13): error TS7026: JSX element implicitly has type 'any' because no interface 'JSX.IntrinsicElements' exists.
components/ui/liquid-metal-logo.tsx(230,11): error TS7026: JSX element implicitly has type 'any' because no interface 'JSX.IntrinsicElements' exists.
components/ui/liquid-metal-logo.tsx(231,9): error TS7026: JSX element implicitly has type 'any' because no interface 'JSX.IntrinsicElements' exists.
components/ui/liquid-metal-logo.tsx(232,7): error TS7026: JSX element implicitly has type 'any' because no interface 'JSX.IntrinsicElements' exists.
components/ui/liquid-metal-logo.tsx(235,7): error TS7026: JSX element implicitly has type 'any' because no interface 'JSX.IntrinsicElements' exists.
components/ui/liquid-metal-logo.tsx(249,7): error TS7026: JSX element implicitly has type 'any' because no interface 'JSX.IntrinsicElements' exists.
components/ui/liquid-metal-logo.tsx(253,9): error TS7026: JSX element implicitly has type 'any' because no interface 'JSX.IntrinsicElements' exists.
components/ui/liquid-metal-logo.tsx(254,11): error TS7026: JSX element implicitly has type 'any' because no interface 'JSX.IntrinsicElements' exists.
components/ui/liquid-metal-logo.tsx(255,9): error TS7026: JSX element implicitly has type 'any' because no interface 'JSX.IntrinsicElements' exists.
components/ui/liquid-metal-logo.tsx(257,5): error TS7026: JSX element implicitly has type 'any' because no interface 'JSX.IntrinsicElements' exists.
components/ui/liquid-metal-logo.tsx(316,5): error TS7026: JSX element implicitly has type 'any' because no interface 'JSX.IntrinsicElements' exists.
components/ui/list.tsx(3,24): error TS2307: Cannot find module 'react' or its corresponding type declarations.
components/ui/list.tsx(74,6): error TS7031: Binding element 'className' implicitly has an 'any' type.
components/ui/list.tsx(74,17): error TS7031: Binding element 'variant' implicitly has an 'any' type.
components/ui/list.tsx(74,26): error TS7031: Binding element 'size' implicitly has an 'any' type.
components/ui/list.tsx(74,32): error TS7031: Binding element 'interactive' implicitly has an 'any' type.
components/ui/list.tsx(74,45): error TS7031: Binding element 'children' implicitly has an 'any' type.
components/ui/list.tsx(74,66): error TS7006: Parameter 'forwardedRef' implicitly has an 'any' type.
components/ui/list.tsx(79,9): error TS7026: JSX element implicitly has type 'any' because no interface 'JSX.IntrinsicElements' exists.
components/ui/list.tsx(86,9): error TS7026: JSX element implicitly has type 'any' because no interface 'JSX.IntrinsicElements' exists.
components/ui/list.tsx(98,6): error TS7031: Binding element 'className' implicitly has an 'any' type.
components/ui/list.tsx(98,17): error TS7031: Binding element 'children' implicitly has an 'any' type.
components/ui/list.tsx(98,38): error TS7006: Parameter 'forwardedRef' implicitly has an 'any' type.
components/ui/list.tsx(103,7): error TS7026: JSX element implicitly has type 'any' because no interface 'JSX.IntrinsicElements' exists.
components/ui/list.tsx(109,7): error TS7026: JSX element implicitly has type 'any' because no interface 'JSX.IntrinsicElements' exists.
components/ui/list.tsx(121,6): error TS7031: Binding element 'className' implicitly has an 'any' type.
components/ui/list.tsx(121,35): error TS7031: Binding element 'children' implicitly has an 'any' type.
components/ui/list.tsx(121,56): error TS7006: Parameter 'forwardedRef' implicitly has an 'any' type.
components/ui/list.tsx(126,7): error TS7026: JSX element implicitly has type 'any' because no interface 'JSX.IntrinsicElements' exists.
components/ui/list.tsx(138,7): error TS7026: JSX element implicitly has type 'any' because no interface 'JSX.IntrinsicElements' exists.
components/ui/list.tsx(147,6): error TS7031: Binding element 'className' implicitly has an 'any' type.
components/ui/list.tsx(147,28): error TS7006: Parameter 'forwardedRef' implicitly has an 'any' type.
components/ui/list.tsx(152,5): error TS7026: JSX element implicitly has type 'any' because no interface 'JSX.IntrinsicElements' exists.
components/ui/list.tsx(164,6): error TS7031: Binding element 'className' implicitly has an 'any' type.
components/ui/list.tsx(164,28): error TS7006: Parameter 'forwardedRef' implicitly has an 'any' type.
components/ui/list.tsx(169,5): error TS7026: JSX element implicitly has type 'any' because no interface 'JSX.IntrinsicElements' exists.
components/ui/list.tsx(181,6): error TS7031: Binding element 'className' implicitly has an 'any' type.
components/ui/list.tsx(181,28): error TS7006: Parameter 'forwardedRef' implicitly has an 'any' type.
components/ui/list.tsx(186,5): error TS7026: JSX element implicitly has type 'any' because no interface 'JSX.IntrinsicElements' exists.
components/ui/list.tsx(198,6): error TS7031: Binding element 'className' implicitly has an 'any' type.
components/ui/list.tsx(198,28): error TS7006: Parameter 'forwardedRef' implicitly has an 'any' type.
components/ui/list.tsx(203,5): error TS7026: JSX element implicitly has type 'any' because no interface 'JSX.IntrinsicElements' exists.
components/ui/list.tsx(228,5): error TS2875: This JSX tag requires the module path 'react/jsx-runtime' to exist, but none could be found. Make sure you have types for the appropriate package installed.
components/ui/list.tsx(244,6): error TS7031: Binding element 'className' implicitly has an 'any' type.
components/ui/list.tsx(244,17): error TS7031: Binding element 'variant' implicitly has an 'any' type.
components/ui/list.tsx(244,26): error TS7031: Binding element 'size' implicitly has an 'any' type.
components/ui/list.tsx(244,32): error TS7031: Binding element 'children' implicitly has an 'any' type.
components/ui/list.tsx(244,53): error TS7006: Parameter 'forwardedRef' implicitly has an 'any' type.
components/ui/list.tsx(249,7): error TS7026: JSX element implicitly has type 'any' because no interface 'JSX.IntrinsicElements' exists.
components/ui/list.tsx(255,7): error TS7026: JSX element implicitly has type 'any' because no interface 'JSX.IntrinsicElements' exists.
components/ui/list.tsx(265,6): error TS7031: Binding element 'className' implicitly has an 'any' type.
components/ui/list.tsx(265,17): error TS7031: Binding element 'variant' implicitly has an 'any' type.
components/ui/list.tsx(265,26): error TS7031: Binding element 'size' implicitly has an 'any' type.
components/ui/list.tsx(265,32): error TS7031: Binding element 'children' implicitly has an 'any' type.
components/ui/list.tsx(265,53): error TS7006: Parameter 'forwardedRef' implicitly has an 'any' type.
components/ui/list.tsx(270,7): error TS7026: JSX element implicitly has type 'any' because no interface 'JSX.IntrinsicElements' exists.
components/ui/list.tsx(276,7): error TS7026: JSX element implicitly has type 'any' because no interface 'JSX.IntrinsicElements' exists.
components/ui/logo.tsx(3,24): error TS2307: Cannot find module 'react' or its corresponding type declarations.
components/ui/logo.tsx(4,19): error TS2307: Cannot find module 'next/image' or its corresponding type declarations.
components/ui/logo.tsx(5,26): error TS2307: Cannot find module 'next-themes' or its corresponding type declarations.
components/ui/logo.tsx(56,7): error TS2875: This JSX tag requires the module path 'react/jsx-runtime' to exist, but none could be found. Make sure you have types for the appropriate package installed.
components/ui/logo.tsx(56,7): error TS7026: JSX element implicitly has type 'any' because no interface 'JSX.IntrinsicElements' exists.
components/ui/logo.tsx(118,7): error TS7026: JSX element implicitly has type 'any' because no interface 'JSX.IntrinsicElements' exists.
components/ui/metallic-paint.tsx(3,45): error TS2307: Cannot find module 'react' or its corresponding type declarations.
components/ui/metallic-paint.tsx(588,7): error TS7026: JSX element implicitly has type 'any' because no interface 'JSX.IntrinsicElements' exists.
components/ui/metallic-paint.tsx(588,7): error TS2875: This JSX tag requires the module path 'react/jsx-runtime' to exist, but none could be found. Make sure you have types for the appropriate package installed.
components/ui/metallic-paint.tsx(590,7): error TS7026: JSX element implicitly has type 'any' because no interface 'JSX.IntrinsicElements' exists.
components/ui/metallic-paint.tsx(594,10): error TS7026: JSX element implicitly has type 'any' because no interface 'JSX.IntrinsicElements' exists.
components/ui/metric.tsx(3,24): error TS2307: Cannot find module 'react' or its corresponding type declarations.
components/ui/metric.tsx(6,43): error TS2307: Cannot find module '@phosphor-icons/react' or its corresponding type declarations.
components/ui/metric.tsx(95,3): error TS2339: Property 'size' does not exist on type 'MetricProps'.
components/ui/metric.tsx(96,3): error TS2339: Property 'className' does not exist on type 'MetricProps'.
components/ui/metric.tsx(112,5): error TS7026: JSX element implicitly has type 'any' because no interface 'JSX.IntrinsicElements' exists.
components/ui/metric.tsx(112,5): error TS2875: This JSX tag requires the module path 'react/jsx-runtime' to exist, but none could be found. Make sure you have types for the appropriate package installed.
components/ui/metric.tsx(113,17): error TS7026: JSX element implicitly has type 'any' because no interface 'JSX.IntrinsicElements' exists.
components/ui/metric.tsx(113,55): error TS7026: JSX element implicitly has type 'any' because no interface 'JSX.IntrinsicElements' exists.
components/ui/metric.tsx(114,7): error TS7026: JSX element implicitly has type 'any' because no interface 'JSX.IntrinsicElements' exists.
components/ui/metric.tsx(115,9): error TS7026: JSX element implicitly has type 'any' because no interface 'JSX.IntrinsicElements' exists.
components/ui/metric.tsx(115,47): error TS7026: JSX element implicitly has type 'any' because no interface 'JSX.IntrinsicElements' exists.
components/ui/metric.tsx(117,11): error TS7026: JSX element implicitly has type 'any' because no interface 'JSX.IntrinsicElements' exists.
components/ui/metric.tsx(120,11): error TS7026: JSX element implicitly has type 'any' because no interface 'JSX.IntrinsicElements' exists.
components/ui/metric.tsx(122,7): error TS7026: JSX element implicitly has type 'any' because no interface 'JSX.IntrinsicElements' exists.
components/ui/metric.tsx(123,23): error TS7026: JSX element implicitly has type 'any' because no interface 'JSX.IntrinsicElements' exists.
components/ui/metric.tsx(123,73): error TS7026: JSX element implicitly has type 'any' because no interface 'JSX.IntrinsicElements' exists.
components/ui/metric.tsx(124,5): error TS7026: JSX element implicitly has type 'any' because no interface 'JSX.IntrinsicElements' exists.
components/ui/metric.tsx(136,3): error TS2339: Property 'className' does not exist on type 'MetricCardProps'.
components/ui/metric.tsx(140,5): error TS7026: JSX element implicitly has type 'any' because no interface 'JSX.IntrinsicElements' exists.
components/ui/metric.tsx(146,7): error TS7026: JSX element implicitly has type 'any' because no interface 'JSX.IntrinsicElements' exists.
components/ui/metric.tsx(149,11): error TS7026: JSX element implicitly has type 'any' because no interface 'JSX.IntrinsicElements' exists.
components/ui/metric.tsx(151,11): error TS7026: JSX element implicitly has type 'any' because no interface 'JSX.IntrinsicElements' exists.
components/ui/metric.tsx(153,7): error TS7026: JSX element implicitly has type 'any' because no interface 'JSX.IntrinsicElements' exists.
components/ui/metric.tsx(154,5): error TS7026: JSX element implicitly has type 'any' because no interface 'JSX.IntrinsicElements' exists.
components/ui/metric.tsx(172,3): error TS2339: Property 'size' does not exist on type 'ComparisonMetricProps'.
components/ui/metric.tsx(173,3): error TS2339: Property 'className' does not exist on type 'ComparisonMetricProps'.
components/ui/metric.tsx(196,7): error TS2322: Type '{ description?: string | undefined; label: string | undefined; value: string | number; delta: string; deltaType: "increase" | "decrease" | "unchanged"; size: any; className: any; }' is not assignable to type 'MetricProps'.
  Property 'size' does not exist on type 'MetricProps'.
components/ui/metric.tsx(211,3): error TS2339: Property 'className' does not exist on type 'MetricGroupProps'.
components/ui/metric.tsx(212,3): error TS2339: Property 'children' does not exist on type 'MetricGroupProps'.
components/ui/metric.tsx(222,5): error TS7026: JSX element implicitly has type 'any' because no interface 'JSX.IntrinsicElements' exists.
components/ui/metric.tsx(231,5): error TS7026: JSX element implicitly has type 'any' because no interface 'JSX.IntrinsicElements' exists.
components/ui/modal.tsx(4,24): error TS2307: Cannot find module 'react' or its corresponding type declarations.
components/ui/modal.tsx(5,34): error TS2307: Cannot find module '@radix-ui/react-dialog' or its corresponding type declarations.
components/ui/modal.tsx(6,32): error TS2307: Cannot find module '@radix-ui/react-visually-hidden' or its corresponding type declarations.
components/ui/modal.tsx(10,46): error TS2307: Cannot find module '@phosphor-icons/react' or its corresponding type declarations.
components/ui/modal.tsx(84,6): error TS7031: Binding element 'className' implicitly has an 'any' type.
components/ui/modal.tsx(84,17): error TS7031: Binding element 'variant' implicitly has an 'any' type.
components/ui/modal.tsx(84,37): error TS7006: Parameter 'forwardedRef' implicitly has an 'any' type.
components/ui/modal.tsx(122,7): error TS7031: Binding element 'className' implicitly has an 'any' type.
components/ui/modal.tsx(122,18): error TS7031: Binding element 'overlayClassName' implicitly has an 'any' type.
components/ui/modal.tsx(122,36): error TS7031: Binding element 'children' implicitly has an 'any' type.
components/ui/modal.tsx(122,64): error TS7031: Binding element 'variant' implicitly has an 'any' type.
components/ui/modal.tsx(123,5): error TS7006: Parameter 'forwardedRef' implicitly has an 'any' type.
components/ui/modal.tsx(183,5): error TS7026: JSX element implicitly has type 'any' because no interface 'JSX.IntrinsicElements' exists.
components/ui/modal.tsx(183,5): error TS2875: This JSX tag requires the module path 'react/jsx-runtime' to exist, but none could be found. Make sure you have types for the appropriate package installed.
components/ui/modal.tsx(194,13): error TS7026: JSX element implicitly has type 'any' because no interface 'JSX.IntrinsicElements' exists.
components/ui/modal.tsx(196,13): error TS7026: JSX element implicitly has type 'any' because no interface 'JSX.IntrinsicElements' exists.
components/ui/modal.tsx(199,13): error TS7026: JSX element implicitly has type 'any' because no interface 'JSX.IntrinsicElements' exists.
components/ui/modal.tsx(204,13): error TS7026: JSX element implicitly has type 'any' because no interface 'JSX.IntrinsicElements' exists.
components/ui/modal.tsx(208,5): error TS7026: JSX element implicitly has type 'any' because no interface 'JSX.IntrinsicElements' exists.
components/ui/modal.tsx(220,6): error TS7031: Binding element 'className' implicitly has an 'any' type.
components/ui/modal.tsx(220,28): error TS7006: Parameter 'forwardedRef' implicitly has an 'any' type.
components/ui/modal.tsx(222,5): error TS7026: JSX element implicitly has type 'any' because no interface 'JSX.IntrinsicElements' exists.
components/ui/modal.tsx(237,6): error TS7031: Binding element 'className' implicitly has an 'any' type.
components/ui/modal.tsx(237,28): error TS7006: Parameter 'forwardedRef' implicitly has an 'any' type.
components/ui/modal.tsx(239,5): error TS7026: JSX element implicitly has type 'any' because no interface 'JSX.IntrinsicElements' exists.
components/ui/modal.tsx(252,10): error TS7026: JSX element implicitly has type 'any' because no interface 'JSX.IntrinsicElements' exists.
components/ui/modal.tsx(261,5): error TS7026: JSX element implicitly has type 'any' because no interface 'JSX.IntrinsicElements' exists.
components/ui/notification-provider.tsx(3,24): error TS2307: Cannot find module 'react' or its corresponding type declarations.
components/ui/notification-provider.tsx(23,5): error TS2875: This JSX tag requires the module path 'react/jsx-runtime' to exist, but none could be found. Make sure you have types for the appropriate package installed.
components/ui/notification-provider.tsx(24,29): error TS7031: Binding element 'id' implicitly has an 'any' type.
components/ui/notification.tsx(3,24): error TS2307: Cannot find module 'react' or its corresponding type declarations.
components/ui/notification.tsx(6,41): error TS2307: Cannot find module '@radix-ui/react-toast' or its corresponding type declarations.
components/ui/notification.tsx(13,8): error TS2307: Cannot find module '@phosphor-icons/react' or its corresponding type declarations.
components/ui/notification.tsx(21,6): error TS7031: Binding element 'className' implicitly has an 'any' type.
components/ui/notification.tsx(21,28): error TS7006: Parameter 'forwardedRef' implicitly has an 'any' type.
components/ui/notification.tsx(22,3): error TS2875: This JSX tag requires the module path 'react/jsx-runtime' to exist, but none could be found. Make sure you have types for the appropriate package installed.
components/ui/notification.tsx(61,5): error TS7006: Parameter 'forwardedRef' implicitly has an 'any' type.
components/ui/notification.tsx(89,11): error TS7026: JSX element implicitly has type 'any' because no interface 'JSX.IntrinsicElements' exists.
components/ui/notification.tsx(90,13): error TS7026: JSX element implicitly has type 'any' because no interface 'JSX.IntrinsicElements' exists.
components/ui/notification.tsx(101,13): error TS7026: JSX element implicitly has type 'any' because no interface 'JSX.IntrinsicElements' exists.
components/ui/notification.tsx(102,24): error TS7026: JSX element implicitly has type 'any' because no interface 'JSX.IntrinsicElements' exists.
components/ui/notification.tsx(102,73): error TS7026: JSX element implicitly has type 'any' because no interface 'JSX.IntrinsicElements' exists.
components/ui/notification.tsx(103,11): error TS7026: JSX element implicitly has type 'any' because no interface 'JSX.IntrinsicElements' exists.
components/ui/pagination.tsx(3,24): error TS2307: Cannot find module 'react' or its corresponding type declarations.
components/ui/pagination.tsx(8,22): error TS2307: Cannot find module '@radix-ui/react-slot' or its corresponding type declarations.
components/ui/pagination.tsx(112,5): error TS2875: This JSX tag requires the module path 'react/jsx-runtime' to exist, but none could be found. Make sure you have types for the appropriate package installed.
components/ui/pagination.tsx(127,7): error TS7031: Binding element 'asChild' implicitly has an 'any' type.
components/ui/pagination.tsx(127,16): error TS7031: Binding element 'children' implicitly has an 'any' type.
components/ui/pagination.tsx(127,26): error TS7031: Binding element 'className' implicitly has an 'any' type.
components/ui/pagination.tsx(127,37): error TS7031: Binding element 'variant' implicitly has an 'any' type.
components/ui/pagination.tsx(127,46): error TS7031: Binding element 'current' implicitly has an 'any' type.
components/ui/pagination.tsx(128,5): error TS7006: Parameter 'forwardedRef' implicitly has an 'any' type.
components/ui/pagination.tsx(156,6): error TS7031: Binding element 'asChild' implicitly has an 'any' type.
components/ui/pagination.tsx(156,15): error TS7031: Binding element 'children' implicitly has an 'any' type.
components/ui/pagination.tsx(156,25): error TS7031: Binding element 'className' implicitly has an 'any' type.
components/ui/pagination.tsx(156,36): error TS7031: Binding element 'variant' implicitly has an 'any' type.
components/ui/pagination.tsx(156,56): error TS7006: Parameter 'forwardedRef' implicitly has an 'any' type.
components/ui/popover.tsx(4,24): error TS2307: Cannot find module 'react' or its corresponding type declarations.
components/ui/popover.tsx(5,35): error TS2307: Cannot find module '@radix-ui/react-popover' or its corresponding type declarations.
components/ui/popover.tsx(6,27): error TS2307: Cannot find module '@radix-ui/react-slot' or its corresponding type declarations.
components/ui/popover.tsx(34,7): error TS7031: Binding element 'children' implicitly has an 'any' type.
components/ui/popover.tsx(35,7): error TS7031: Binding element 'className' implicitly has an 'any' type.
components/ui/popover.tsx(41,7): error TS7031: Binding element 'unstyled' implicitly has an 'any' type.
components/ui/popover.tsx(44,5): error TS7006: Parameter 'forwardedRef' implicitly has an 'any' type.
components/ui/popover.tsx(46,5): error TS2875: This JSX tag requires the module path 'react/jsx-runtime' to exist, but none could be found. Make sure you have types for the appropriate package installed.
components/ui/popover.tsx(71,13): error TS7026: JSX element implicitly has type 'any' because no interface 'JSX.IntrinsicElements' exists.
components/ui/popover.tsx(88,6): error TS7031: Binding element 'className' implicitly has an 'any' type.
components/ui/popover.tsx(88,17): error TS7031: Binding element 'unstyled' implicitly has an 'any' type.
components/ui/popover.tsx(88,38): error TS7006: Parameter 'forwardedRef' implicitly has an 'any' type.
components/ui/progress-bar.tsx(3,24): error TS2307: Cannot find module 'react' or its corresponding type declarations.
components/ui/progress-bar.tsx(57,6): error TS7031: Binding element 'className' implicitly has an 'any' type.
components/ui/progress-bar.tsx(57,17): error TS7031: Binding element 'color' implicitly has an 'any' type.
components/ui/progress-bar.tsx(57,24): error TS7031: Binding element 'size' implicitly has an 'any' type.
components/ui/progress-bar.tsx(57,88): error TS7006: Parameter 'forwardedRef' implicitly has an 'any' type.
components/ui/progress-bar.tsx(63,7): error TS7026: JSX element implicitly has type 'any' because no interface 'JSX.IntrinsicElements' exists.
components/ui/progress-bar.tsx(74,11): error TS7026: JSX element implicitly has type 'any' because no interface 'JSX.IntrinsicElements' exists.
components/ui/progress-bar.tsx(79,11): error TS7026: JSX element implicitly has type 'any' because no interface 'JSX.IntrinsicElements' exists.
components/ui/progress-bar.tsx(84,7): error TS7026: JSX element implicitly has type 'any' because no interface 'JSX.IntrinsicElements' exists.
components/ui/progress-bar.tsx(101,3): error TS2339: Property 'value' does not exist on type 'ProgressBarWithLabelProps'.
components/ui/progress-bar.tsx(102,3): error TS2339: Property 'max' does not exist on type 'ProgressBarWithLabelProps'.
components/ui/progress-bar.tsx(103,3): error TS2339: Property 'className' does not exist on type 'ProgressBarWithLabelProps'.
components/ui/progress-bar.tsx(109,5): error TS7026: JSX element implicitly has type 'any' because no interface 'JSX.IntrinsicElements' exists.
components/ui/progress-bar.tsx(113,17): error TS7026: JSX element implicitly has type 'any' because no interface 'JSX.IntrinsicElements' exists.
components/ui/progress-bar.tsx(113,60): error TS7026: JSX element implicitly has type 'any' because no interface 'JSX.IntrinsicElements' exists.
components/ui/progress-bar.tsx(114,26): error TS7026: JSX element implicitly has type 'any' because no interface 'JSX.IntrinsicElements' exists.
components/ui/progress-bar.tsx(114,90): error TS7026: JSX element implicitly has type 'any' because no interface 'JSX.IntrinsicElements' exists.
components/ui/progress-bar.tsx(115,5): error TS7026: JSX element implicitly has type 'any' because no interface 'JSX.IntrinsicElements' exists.
components/ui/progress-bar.tsx(120,7): error TS7026: JSX element implicitly has type 'any' because no interface 'JSX.IntrinsicElements' exists.
components/ui/progress-bar.tsx(120,7): error TS2875: This JSX tag requires the module path 'react/jsx-runtime' to exist, but none could be found. Make sure you have types for the appropriate package installed.
components/ui/progress-bar.tsx(123,7): error TS7026: JSX element implicitly has type 'any' because no interface 'JSX.IntrinsicElements' exists.
components/ui/progress-bar.tsx(128,5): error TS7026: JSX element implicitly has type 'any' because no interface 'JSX.IntrinsicElements' exists.
components/ui/progress-bar.tsx(132,5): error TS7026: JSX element implicitly has type 'any' because no interface 'JSX.IntrinsicElements' exists.
components/ui/progress-bar.tsx(156,5): error TS7026: JSX element implicitly has type 'any' because no interface 'JSX.IntrinsicElements' exists.
components/ui/progress-bar.tsx(157,7): error TS7026: JSX element implicitly has type 'any' because no interface 'JSX.IntrinsicElements' exists.
components/ui/progress-bar.tsx(159,11): error TS7026: JSX element implicitly has type 'any' because no interface 'JSX.IntrinsicElements' exists.
components/ui/progress-bar.tsx(170,13): error TS7026: JSX element implicitly has type 'any' because no interface 'JSX.IntrinsicElements' exists.
components/ui/progress-bar.tsx(174,11): error TS7026: JSX element implicitly has type 'any' because no interface 'JSX.IntrinsicElements' exists.
components/ui/progress-bar.tsx(176,7): error TS7026: JSX element implicitly has type 'any' because no interface 'JSX.IntrinsicElements' exists.
components/ui/progress-bar.tsx(178,9): error TS7026: JSX element implicitly has type 'any' because no interface 'JSX.IntrinsicElements' exists.
components/ui/progress-bar.tsx(180,13): error TS7026: JSX element implicitly has type 'any' because no interface 'JSX.IntrinsicElements' exists.
components/ui/progress-bar.tsx(185,13): error TS7026: JSX element implicitly has type 'any' because no interface 'JSX.IntrinsicElements' exists.
components/ui/progress-bar.tsx(187,9): error TS7026: JSX element implicitly has type 'any' because no interface 'JSX.IntrinsicElements' exists.
components/ui/progress-bar.tsx(189,5): error TS7026: JSX element implicitly has type 'any' because no interface 'JSX.IntrinsicElements' exists.
components/ui/progress-circle.tsx(3,24): error TS2307: Cannot find module 'react' or its corresponding type declarations.
components/ui/progress-circle.tsx(82,5): error TS7006: Parameter 'forwardedRef' implicitly has an 'any' type.
components/ui/progress-circle.tsx(92,7): error TS2875: This JSX tag requires the module path 'react/jsx-runtime' to exist, but none could be found. Make sure you have types for the appropriate package installed.
components/ui/progress-circle.tsx(93,9): error TS7026: JSX element implicitly has type 'any' because no interface 'JSX.IntrinsicElements' exists.
components/ui/progress-circle.tsx(94,11): error TS7026: JSX element implicitly has type 'any' because no interface 'JSX.IntrinsicElements' exists.
components/ui/progress-circle.tsx(106,13): error TS7026: JSX element implicitly has type 'any' because no interface 'JSX.IntrinsicElements' exists.
components/ui/progress-circle.tsx(115,15): error TS7026: JSX element implicitly has type 'any' because no interface 'JSX.IntrinsicElements' exists.
components/ui/progress-circle.tsx(126,11): error TS7026: JSX element implicitly has type 'any' because no interface 'JSX.IntrinsicElements' exists.
components/ui/progress-circle.tsx(128,13): error TS7026: JSX element implicitly has type 'any' because no interface 'JSX.IntrinsicElements' exists.
components/ui/progress-circle.tsx(135,13): error TS7026: JSX element implicitly has type 'any' because no interface 'JSX.IntrinsicElements' exists.
components/ui/progress-circle.tsx(137,9): error TS7026: JSX element implicitly has type 'any' because no interface 'JSX.IntrinsicElements' exists.
components/ui/radio.tsx(3,24): error TS2307: Cannot find module 'react' or its corresponding type declarations.
components/ui/radio.tsx(4,38): error TS2307: Cannot find module '@radix-ui/react-radio-group' or its corresponding type declarations.
components/ui/radio.tsx(13,6): error TS7031: Binding element 'className' implicitly has an 'any' type.
components/ui/radio.tsx(13,28): error TS7006: Parameter 'forwardedRef' implicitly has an 'any' type.
components/ui/radio.tsx(17,5): error TS2875: This JSX tag requires the module path 'react/jsx-runtime' to exist, but none could be found. Make sure you have types for the appropriate package installed.
components/ui/radio.tsx(25,7): error TS7026: JSX element implicitly has type 'any' because no interface 'JSX.IntrinsicElements' exists.
components/ui/radio.tsx(35,9): error TS7026: JSX element implicitly has type 'any' because no interface 'JSX.IntrinsicElements' exists.
components/ui/radio.tsx(51,9): error TS7026: JSX element implicitly has type 'any' because no interface 'JSX.IntrinsicElements' exists.
components/ui/radio.tsx(52,11): error TS7026: JSX element implicitly has type 'any' because no interface 'JSX.IntrinsicElements' exists.
components/ui/radio.tsx(62,9): error TS7026: JSX element implicitly has type 'any' because no interface 'JSX.IntrinsicElements' exists.
components/ui/radio.tsx(63,9): error TS7026: JSX element implicitly has type 'any' because no interface 'JSX.IntrinsicElements' exists.
components/ui/radio.tsx(64,11): error TS7026: JSX element implicitly has type 'any' because no interface 'JSX.IntrinsicElements' exists.
components/ui/radio.tsx(73,13): error TS7026: JSX element implicitly has type 'any' because no interface 'JSX.IntrinsicElements' exists.
components/ui/radio.tsx(74,13): error TS7026: JSX element implicitly has type 'any' because no interface 'JSX.IntrinsicElements' exists.
components/ui/radio.tsx(80,13): error TS7026: JSX element implicitly has type 'any' because no interface 'JSX.IntrinsicElements' exists.
components/ui/radio.tsx(81,13): error TS7026: JSX element implicitly has type 'any' because no interface 'JSX.IntrinsicElements' exists.
components/ui/radio.tsx(82,13): error TS7026: JSX element implicitly has type 'any' because no interface 'JSX.IntrinsicElements' exists.
components/ui/radio.tsx(86,13): error TS7026: JSX element implicitly has type 'any' because no interface 'JSX.IntrinsicElements' exists.
components/ui/radio.tsx(91,13): error TS7026: JSX element implicitly has type 'any' because no interface 'JSX.IntrinsicElements' exists.
components/ui/radio.tsx(97,11): error TS7026: JSX element implicitly has type 'any' because no interface 'JSX.IntrinsicElements' exists.
components/ui/radio.tsx(98,9): error TS7026: JSX element implicitly has type 'any' because no interface 'JSX.IntrinsicElements' exists.
components/ui/radio.tsx(99,7): error TS7026: JSX element implicitly has type 'any' because no interface 'JSX.IntrinsicElements' exists.
components/ui/radio.tsx(102,9): error TS7026: JSX element implicitly has type 'any' because no interface 'JSX.IntrinsicElements' exists.
components/ui/radio.tsx(110,11): error TS7026: JSX element implicitly has type 'any' because no interface 'JSX.IntrinsicElements' exists.
components/ui/radio.tsx(125,9): error TS7026: JSX element implicitly has type 'any' because no interface 'JSX.IntrinsicElements' exists.
components/ui/segmented-control.tsx(5,24): error TS2307: Cannot find module 'react' or its corresponding type declarations.
components/ui/segmented-control.tsx(6,32): error TS2307: Cannot find module '@radix-ui/react-tabs' or its corresponding type declarations.
components/ui/segmented-control.tsx(7,23): error TS2307: Cannot find module 'merge-refs' or its corresponding type declarations.
components/ui/segmented-control.tsx(8,27): error TS2307: Cannot find module '@radix-ui/react-slot' or its corresponding type declarations.
components/ui/segmented-control.tsx(20,6): error TS7031: Binding element 'children' implicitly has an 'any' type.
components/ui/segmented-control.tsx(20,16): error TS7031: Binding element 'className' implicitly has an 'any' type.
components/ui/segmented-control.tsx(20,27): error TS7031: Binding element 'floatingBgClassName' implicitly has an 'any' type.
components/ui/segmented-control.tsx(20,59): error TS7006: Parameter 'forwardedRef' implicitly has an 'any' type.
components/ui/segmented-control.tsx(31,5): error TS2875: This JSX tag requires the module path 'react/jsx-runtime' to exist, but none could be found. Make sure you have types for the appropriate package installed.
components/ui/segmented-control.tsx(42,7): error TS7026: JSX element implicitly has type 'any' because no interface 'JSX.IntrinsicElements' exists.
components/ui/segmented-control.tsx(65,6): error TS7031: Binding element 'className' implicitly has an 'any' type.
components/ui/segmented-control.tsx(65,28): error TS7006: Parameter 'forwardedRef' implicitly has an 'any' type.
components/ui/segmented-control.tsx(90,17): error TS7006: Parameter 'forwardedRef' implicitly has an 'any' type.
components/ui/select.tsx(6,24): error TS2307: Cannot find module 'react' or its corresponding type declarations.
components/ui/select.tsx(7,35): error TS2307: Cannot find module '@radix-ui/react-select' or its corresponding type declarations.
components/ui/select.tsx(8,39): error TS2307: Cannot find module '@radix-ui/react-scroll-area' or its corresponding type declarations.
components/ui/select.tsx(9,27): error TS2307: Cannot find module '@radix-ui/react-slot' or its corresponding type declarations.
components/ui/select.tsx(10,47): error TS2307: Cannot find module '@phosphor-icons/react' or its corresponding type declarations.
components/ui/select.tsx(268,5): error TS2875: This JSX tag requires the module path 'react/jsx-runtime' to exist, but none could be found. Make sure you have types for the appropriate package installed.
components/ui/select.tsx(300,6): error TS7031: Binding element 'className' implicitly has an 'any' type.
components/ui/select.tsx(300,17): error TS7031: Binding element 'children' implicitly has an 'any' type.
components/ui/select.tsx(300,38): error TS7006: Parameter 'forwardedRef' implicitly has an 'any' type.
components/ui/select.tsx(352,7): error TS7031: Binding element 'className' implicitly has an 'any' type.
components/ui/select.tsx(354,7): error TS7031: Binding element 'children' implicitly has an 'any' type.
components/ui/select.tsx(359,5): error TS7006: Parameter 'forwardedRef' implicitly has an 'any' type.
components/ui/select.tsx(406,6): error TS7031: Binding element 'className' implicitly has an 'any' type.
components/ui/select.tsx(406,17): error TS7031: Binding element 'children' implicitly has an 'any' type.
components/ui/select.tsx(406,38): error TS7006: Parameter 'forwardedRef' implicitly has an 'any' type.
components/ui/select.tsx(428,9): error TS7026: JSX element implicitly has type 'any' because no interface 'JSX.IntrinsicElements' exists.
components/ui/select.tsx(440,13): error TS7026: JSX element implicitly has type 'any' because no interface 'JSX.IntrinsicElements' exists.
components/ui/select.tsx(440,54): error TS7026: JSX element implicitly has type 'any' because no interface 'JSX.IntrinsicElements' exists.
components/ui/select.tsx(444,9): error TS7026: JSX element implicitly has type 'any' because no interface 'JSX.IntrinsicElements' exists.
components/ui/select.tsx(477,5): error TS7026: JSX element implicitly has type 'any' because no interface 'JSX.IntrinsicElements' exists.
components/ui/select.tsx(487,5): error TS7026: JSX element implicitly has type 'any' because no interface 'JSX.IntrinsicElements' exists.
components/ui/select.tsx(499,5): error TS7026: JSX element implicitly has type 'any' because no interface 'JSX.IntrinsicElements' exists.
components/ui/select.tsx(511,5): error TS7026: JSX element implicitly has type 'any' because no interface 'JSX.IntrinsicElements' exists.
components/ui/side-panel.tsx(5,24): error TS2307: Cannot find module 'react' or its corresponding type declarations.
components/ui/side-panel.tsx(7,19): error TS2307: Cannot find module '@phosphor-icons/react' or its corresponding type declarations.
components/ui/side-panel.tsx(33,5): error TS2875: This JSX tag requires the module path 'react/jsx-runtime' to exist, but none could be found. Make sure you have types for the appropriate package installed.
components/ui/side-panel.tsx(44,6): error TS7031: Binding element 'onClick' implicitly has an 'any' type.
components/ui/side-panel.tsx(44,15): error TS7031: Binding element 'asChild' implicitly has an 'any' type.
components/ui/side-panel.tsx(44,24): error TS7031: Binding element 'children' implicitly has an 'any' type.
components/ui/side-panel.tsx(44,46): error TS7006: Parameter 'ref' implicitly has an 'any' type.
components/ui/side-panel.tsx(60,7): error TS7026: JSX element implicitly has type 'any' because no interface 'JSX.IntrinsicElements' exists.
components/ui/side-panel.tsx(62,7): error TS7026: JSX element implicitly has type 'any' because no interface 'JSX.IntrinsicElements' exists.
components/ui/side-panel.tsx(93,7): error TS7026: JSX element implicitly has type 'any' because no interface 'JSX.IntrinsicElements' exists.
components/ui/side-panel.tsx(102,7): error TS7026: JSX element implicitly has type 'any' because no interface 'JSX.IntrinsicElements' exists.
components/ui/side-panel.tsx(116,7): error TS7026: JSX element implicitly has type 'any' because no interface 'JSX.IntrinsicElements' exists.
components/ui/side-panel.tsx(130,5): error TS7026: JSX element implicitly has type 'any' because no interface 'JSX.IntrinsicElements' exists.
components/ui/side-panel.tsx(136,7): error TS7026: JSX element implicitly has type 'any' because no interface 'JSX.IntrinsicElements' exists.
components/ui/side-panel.tsx(136,41): error TS7026: JSX element implicitly has type 'any' because no interface 'JSX.IntrinsicElements' exists.
components/ui/side-panel.tsx(144,5): error TS7026: JSX element implicitly has type 'any' because no interface 'JSX.IntrinsicElements' exists.
components/ui/side-panel.tsx(155,5): error TS7026: JSX element implicitly has type 'any' because no interface 'JSX.IntrinsicElements' exists.
components/ui/side-panel.tsx(157,5): error TS7026: JSX element implicitly has type 'any' because no interface 'JSX.IntrinsicElements' exists.
components/ui/side-panel.tsx(168,5): error TS7026: JSX element implicitly has type 'any' because no interface 'JSX.IntrinsicElements' exists.
components/ui/side-panel.tsx(170,5): error TS7026: JSX element implicitly has type 'any' because no interface 'JSX.IntrinsicElements' exists.
components/ui/side-panel.tsx(181,5): error TS7026: JSX element implicitly has type 'any' because no interface 'JSX.IntrinsicElements' exists.
components/ui/side-panel.tsx(183,5): error TS7026: JSX element implicitly has type 'any' because no interface 'JSX.IntrinsicElements' exists.
components/ui/skeleton.tsx(3,24): error TS2307: Cannot find module 'react' or its corresponding type declarations.
components/ui/skeleton.tsx(31,3): error TS2339: Property 'className' does not exist on type 'SkeletonProps'.
components/ui/skeleton.tsx(32,3): error TS2339: Property 'variant' does not exist on type 'SkeletonProps'.
components/ui/skeleton.tsx(35,3): error TS2339: Property 'style' does not exist on type 'SkeletonProps'.
components/ui/skeleton.tsx(39,5): error TS2875: This JSX tag requires the module path 'react/jsx-runtime' to exist, but none could be found. Make sure you have types for the appropriate package installed.
components/ui/skeleton.tsx(39,5): error TS7026: JSX element implicitly has type 'any' because no interface 'JSX.IntrinsicElements' exists.
components/ui/skeleton.tsx(60,5): error TS7026: JSX element implicitly has type 'any' because no interface 'JSX.IntrinsicElements' exists.
components/ui/skeleton.tsx(63,11): error TS2322: Type '{ key: number; variant: string; className: string; }' is not assignable to type 'SkeletonProps'.
  Property 'key' does not exist on type 'SkeletonProps'.
components/ui/skeleton.tsx(68,5): error TS7026: JSX element implicitly has type 'any' because no interface 'JSX.IntrinsicElements' exists.
components/ui/skeleton.tsx(95,5): error TS7026: JSX element implicitly has type 'any' because no interface 'JSX.IntrinsicElements' exists.
components/ui/skeleton.tsx(100,7): error TS7026: JSX element implicitly has type 'any' because no interface 'JSX.IntrinsicElements' exists.
components/ui/skeleton.tsx(102,9): error TS7026: JSX element implicitly has type 'any' because no interface 'JSX.IntrinsicElements' exists.
components/ui/skeleton.tsx(103,21): error TS2322: Type '{ variant: string; className: string; }' is not assignable to type 'SkeletonProps'.
  Property 'variant' does not exist on type 'SkeletonProps'.
components/ui/skeleton.tsx(104,21): error TS2322: Type '{ variant: string; className: string; }' is not assignable to type 'SkeletonProps'.
  Property 'variant' does not exist on type 'SkeletonProps'.
components/ui/skeleton.tsx(105,9): error TS7026: JSX element implicitly has type 'any' because no interface 'JSX.IntrinsicElements' exists.
components/ui/skeleton.tsx(106,7): error TS7026: JSX element implicitly has type 'any' because no interface 'JSX.IntrinsicElements' exists.
components/ui/skeleton.tsx(108,5): error TS7026: JSX element implicitly has type 'any' because no interface 'JSX.IntrinsicElements' exists.
components/ui/skeleton.tsx(119,5): error TS7026: JSX element implicitly has type 'any' because no interface 'JSX.IntrinsicElements' exists.
components/ui/skeleton.tsx(121,9): error TS7026: JSX element implicitly has type 'any' because no interface 'JSX.IntrinsicElements' exists.
components/ui/skeleton.tsx(122,21): error TS2322: Type '{ variant: string; className: string; }' is not assignable to type 'SkeletonProps'.
  Property 'variant' does not exist on type 'SkeletonProps'.
components/ui/skeleton.tsx(123,9): error TS7026: JSX element implicitly has type 'any' because no interface 'JSX.IntrinsicElements' exists.
components/ui/skeleton.tsx(125,5): error TS7026: JSX element implicitly has type 'any' because no interface 'JSX.IntrinsicElements' exists.
components/ui/skeleton.tsx(143,21): error TS7053: Element implicitly has an 'any' type because expression of type 'any' can't be used to index type '{ small: string; medium: string; large: string; }'.
components/ui/skia-liquid-logo.tsx(3,58): error TS2307: Cannot find module 'react' or its corresponding type declarations.
components/ui/skia-liquid-logo.tsx(279,7): error TS7026: JSX element implicitly has type 'any' because no interface 'JSX.IntrinsicElements' exists.
components/ui/skia-liquid-logo.tsx(279,7): error TS2875: This JSX tag requires the module path 'react/jsx-runtime' to exist, but none could be found. Make sure you have types for the appropriate package installed.
components/ui/skia-liquid-logo.tsx(281,7): error TS7026: JSX element implicitly has type 'any' because no interface 'JSX.IntrinsicElements' exists.
components/ui/skia-liquid-logo.tsx(286,5): error TS7026: JSX element implicitly has type 'any' because no interface 'JSX.IntrinsicElements' exists.
components/ui/skia-liquid-logo.tsx(287,7): error TS7026: JSX element implicitly has type 'any' because no interface 'JSX.IntrinsicElements' exists.
components/ui/skia-liquid-logo.tsx(293,9): error TS7026: JSX element implicitly has type 'any' because no interface 'JSX.IntrinsicElements' exists.
components/ui/skia-liquid-logo.tsx(294,11): error TS7026: JSX element implicitly has type 'any' because no interface 'JSX.IntrinsicElements' exists.
components/ui/skia-liquid-logo.tsx(295,13): error TS7026: JSX element implicitly has type 'any' because no interface 'JSX.IntrinsicElements' exists.
components/ui/skia-liquid-logo.tsx(296,13): error TS7026: JSX element implicitly has type 'any' because no interface 'JSX.IntrinsicElements' exists.
components/ui/skia-liquid-logo.tsx(296,82): error TS7026: JSX element implicitly has type 'any' because no interface 'JSX.IntrinsicElements' exists.
components/ui/skia-liquid-logo.tsx(297,11): error TS7026: JSX element implicitly has type 'any' because no interface 'JSX.IntrinsicElements' exists.
components/ui/skia-liquid-logo.tsx(298,9): error TS7026: JSX element implicitly has type 'any' because no interface 'JSX.IntrinsicElements' exists.
components/ui/skia-liquid-logo.tsx(300,5): error TS7026: JSX element implicitly has type 'any' because no interface 'JSX.IntrinsicElements' exists.
components/ui/slider.tsx(5,24): error TS2307: Cannot find module 'react' or its corresponding type declarations.
components/ui/slider.tsx(6,34): error TS2307: Cannot find module '@radix-ui/react-slider' or its corresponding type declarations.
components/ui/slider.tsx(75,6): error TS7031: Binding element 'className' implicitly has an 'any' type.
components/ui/slider.tsx(75,17): error TS7031: Binding element 'children' implicitly has an 'any' type.
components/ui/slider.tsx(75,27): error TS7031: Binding element 'size' implicitly has an 'any' type.
components/ui/slider.tsx(75,33): error TS7031: Binding element 'color' implicitly has an 'any' type.
components/ui/slider.tsx(75,51): error TS7006: Parameter 'forwardedRef' implicitly has an 'any' type.
components/ui/slider.tsx(99,6): error TS7031: Binding element 'className' implicitly has an 'any' type.
components/ui/slider.tsx(99,17): error TS7031: Binding element 'size' implicitly has an 'any' type.
components/ui/slider.tsx(99,23): error TS7031: Binding element 'color' implicitly has an 'any' type.
components/ui/slider.tsx(99,41): error TS7006: Parameter 'forwardedRef' implicitly has an 'any' type.
components/ui/slider.tsx(125,3): error TS2339: Property 'value' does not exist on type 'LabeledSliderProps'.
components/ui/slider.tsx(126,3): error TS2339: Property 'defaultValue' does not exist on type 'LabeledSliderProps'.
components/ui/slider.tsx(127,3): error TS2339: Property 'size' does not exist on type 'LabeledSliderProps'.
components/ui/slider.tsx(128,3): error TS2339: Property 'color' does not exist on type 'LabeledSliderProps'.
components/ui/slider.tsx(129,3): error TS2339: Property 'className' does not exist on type 'LabeledSliderProps'.
components/ui/slider.tsx(130,3): error TS2339: Property 'onValueChange' does not exist on type 'LabeledSliderProps'.
components/ui/slider.tsx(146,5): error TS7026: JSX element implicitly has type 'any' because no interface 'JSX.IntrinsicElements' exists.
components/ui/slider.tsx(146,5): error TS2875: This JSX tag requires the module path 'react/jsx-runtime' to exist, but none could be found. Make sure you have types for the appropriate package installed.
components/ui/slider.tsx(148,9): error TS7026: JSX element implicitly has type 'any' because no interface 'JSX.IntrinsicElements' exists.
components/ui/slider.tsx(150,13): error TS7026: JSX element implicitly has type 'any' because no interface 'JSX.IntrinsicElements' exists.
components/ui/slider.tsx(150,73): error TS7026: JSX element implicitly has type 'any' because no interface 'JSX.IntrinsicElements' exists.
components/ui/slider.tsx(153,13): error TS7026: JSX element implicitly has type 'any' because no interface 'JSX.IntrinsicElements' exists.
components/ui/slider.tsx(155,13): error TS7026: JSX element implicitly has type 'any' because no interface 'JSX.IntrinsicElements' exists.
components/ui/slider.tsx(157,9): error TS7026: JSX element implicitly has type 'any' because no interface 'JSX.IntrinsicElements' exists.
components/ui/slider.tsx(171,5): error TS7026: JSX element implicitly has type 'any' because no interface 'JSX.IntrinsicElements' exists.
components/ui/slider.tsx(207,5): error TS7026: JSX element implicitly has type 'any' because no interface 'JSX.IntrinsicElements' exists.
components/ui/slider.tsx(209,9): error TS7026: JSX element implicitly has type 'any' because no interface 'JSX.IntrinsicElements' exists.
components/ui/slider.tsx(211,13): error TS7026: JSX element implicitly has type 'any' because no interface 'JSX.IntrinsicElements' exists.
components/ui/slider.tsx(211,73): error TS7026: JSX element implicitly has type 'any' because no interface 'JSX.IntrinsicElements' exists.
components/ui/slider.tsx(214,13): error TS7026: JSX element implicitly has type 'any' because no interface 'JSX.IntrinsicElements' exists.
components/ui/slider.tsx(216,13): error TS7026: JSX element implicitly has type 'any' because no interface 'JSX.IntrinsicElements' exists.
components/ui/slider.tsx(218,9): error TS7026: JSX element implicitly has type 'any' because no interface 'JSX.IntrinsicElements' exists.
components/ui/slider.tsx(230,5): error TS7026: JSX element implicitly has type 'any' because no interface 'JSX.IntrinsicElements' exists.
components/ui/slider.tsx(251,3): error TS2339: Property 'min' does not exist on type 'MarkedSliderProps'.
components/ui/slider.tsx(252,3): error TS2339: Property 'max' does not exist on type 'MarkedSliderProps'.
components/ui/slider.tsx(253,3): error TS2339: Property 'value' does not exist on type 'MarkedSliderProps'.
components/ui/slider.tsx(254,3): error TS2339: Property 'defaultValue' does not exist on type 'MarkedSliderProps'.
components/ui/slider.tsx(255,3): error TS2339: Property 'size' does not exist on type 'MarkedSliderProps'.
components/ui/slider.tsx(256,3): error TS2339: Property 'color' does not exist on type 'MarkedSliderProps'.
components/ui/slider.tsx(257,3): error TS2339: Property 'className' does not exist on type 'MarkedSliderProps'.
components/ui/slider.tsx(258,3): error TS2339: Property 'onValueChange' does not exist on type 'MarkedSliderProps'.
components/ui/slider.tsx(270,5): error TS7026: JSX element implicitly has type 'any' because no interface 'JSX.IntrinsicElements' exists.
components/ui/slider.tsx(272,9): error TS7026: JSX element implicitly has type 'any' because no interface 'JSX.IntrinsicElements' exists.
components/ui/slider.tsx(274,13): error TS7026: JSX element implicitly has type 'any' because no interface 'JSX.IntrinsicElements' exists.
components/ui/slider.tsx(274,73): error TS7026: JSX element implicitly has type 'any' because no interface 'JSX.IntrinsicElements' exists.
components/ui/slider.tsx(277,13): error TS7026: JSX element implicitly has type 'any' because no interface 'JSX.IntrinsicElements' exists.
components/ui/slider.tsx(279,13): error TS7026: JSX element implicitly has type 'any' because no interface 'JSX.IntrinsicElements' exists.
components/ui/slider.tsx(281,9): error TS7026: JSX element implicitly has type 'any' because no interface 'JSX.IntrinsicElements' exists.
components/ui/slider.tsx(283,7): error TS7026: JSX element implicitly has type 'any' because no interface 'JSX.IntrinsicElements' exists.
components/ui/slider.tsx(295,9): error TS7026: JSX element implicitly has type 'any' because no interface 'JSX.IntrinsicElements' exists.
components/ui/slider.tsx(297,13): error TS7026: JSX element implicitly has type 'any' because no interface 'JSX.IntrinsicElements' exists.
components/ui/slider.tsx(307,13): error TS7026: JSX element implicitly has type 'any' because no interface 'JSX.IntrinsicElements' exists.
components/ui/slider.tsx(309,9): error TS7026: JSX element implicitly has type 'any' because no interface 'JSX.IntrinsicElements' exists.
components/ui/slider.tsx(310,7): error TS7026: JSX element implicitly has type 'any' because no interface 'JSX.IntrinsicElements' exists.
components/ui/slider.tsx(311,5): error TS7026: JSX element implicitly has type 'any' because no interface 'JSX.IntrinsicElements' exists.
components/ui/social-button.tsx(3,24): error TS2307: Cannot find module 'react' or its corresponding type declarations.
components/ui/social-button.tsx(6,22): error TS2307: Cannot find module '@radix-ui/react-slot' or its corresponding type declarations.
components/ui/social-button.tsx(192,6): error TS7031: Binding element 'asChild' implicitly has an 'any' type.
components/ui/social-button.tsx(192,15): error TS7031: Binding element 'children' implicitly has an 'any' type.
components/ui/social-button.tsx(192,25): error TS7031: Binding element 'mode' implicitly has an 'any' type.
components/ui/social-button.tsx(192,31): error TS7031: Binding element 'brand' implicitly has an 'any' type.
components/ui/social-button.tsx(192,38): error TS7031: Binding element 'className' implicitly has an 'any' type.
components/ui/social-button.tsx(192,60): error TS7006: Parameter 'forwardedRef' implicitly has an 'any' type.
components/ui/social-button.tsx(233,10): error TS2875: This JSX tag requires the module path 'react/jsx-runtime' to exist, but none could be found. Make sure you have types for the appropriate package installed.
components/ui/spark-chart.tsx(5,24): error TS2307: Cannot find module 'react' or its corresponding type declarations.
components/ui/spark-chart.tsx(14,8): error TS2307: Cannot find module 'recharts' or its corresponding type declarations.
components/ui/spark-chart.tsx(70,3): error TS2339: Property 'size' does not exist on type 'SparkChartProps'.
components/ui/spark-chart.tsx(79,7): error TS7026: JSX element implicitly has type 'any' because no interface 'JSX.IntrinsicElements' exists.
components/ui/spark-chart.tsx(79,7): error TS2875: This JSX tag requires the module path 'react/jsx-runtime' to exist, but none could be found. Make sure you have types for the appropriate package installed.
components/ui/spark-chart.tsx(84,9): error TS7026: JSX element implicitly has type 'any' because no interface 'JSX.IntrinsicElements' exists.
components/ui/spark-chart.tsx(84,61): error TS7026: JSX element implicitly has type 'any' because no interface 'JSX.IntrinsicElements' exists.
components/ui/spark-chart.tsx(85,7): error TS7026: JSX element implicitly has type 'any' because no interface 'JSX.IntrinsicElements' exists.
components/ui/spark-chart.tsx(124,13): error TS7026: JSX element implicitly has type 'any' because no interface 'JSX.IntrinsicElements' exists.
components/ui/spark-chart.tsx(125,15): error TS7026: JSX element implicitly has type 'any' because no interface 'JSX.IntrinsicElements' exists.
components/ui/spark-chart.tsx(126,17): error TS7026: JSX element implicitly has type 'any' because no interface 'JSX.IntrinsicElements' exists.
components/ui/spark-chart.tsx(127,17): error TS7026: JSX element implicitly has type 'any' because no interface 'JSX.IntrinsicElements' exists.
components/ui/spark-chart.tsx(128,15): error TS7026: JSX element implicitly has type 'any' because no interface 'JSX.IntrinsicElements' exists.
components/ui/spark-chart.tsx(129,13): error TS7026: JSX element implicitly has type 'any' because no interface 'JSX.IntrinsicElements' exists.
components/ui/spark-chart.tsx(145,5): error TS7026: JSX element implicitly has type 'any' because no interface 'JSX.IntrinsicElements' exists.
components/ui/spark-chart.tsx(153,5): error TS7026: JSX element implicitly has type 'any' because no interface 'JSX.IntrinsicElements' exists.
components/ui/spark-chart.tsx(177,5): error TS7026: JSX element implicitly has type 'any' because no interface 'JSX.IntrinsicElements' exists.
components/ui/spark-chart.tsx(185,7): error TS7026: JSX element implicitly has type 'any' because no interface 'JSX.IntrinsicElements' exists.
components/ui/spark-chart.tsx(191,9): error TS7026: JSX element implicitly has type 'any' because no interface 'JSX.IntrinsicElements' exists.
components/ui/spark-chart.tsx(195,7): error TS7026: JSX element implicitly has type 'any' because no interface 'JSX.IntrinsicElements' exists.
components/ui/spark-chart.tsx(197,9): error TS7026: JSX element implicitly has type 'any' because no interface 'JSX.IntrinsicElements' exists.
components/ui/spark-chart.tsx(197,52): error TS7026: JSX element implicitly has type 'any' because no interface 'JSX.IntrinsicElements' exists.
components/ui/spark-chart.tsx(199,5): error TS7026: JSX element implicitly has type 'any' because no interface 'JSX.IntrinsicElements' exists.
components/ui/status-badge.tsx(3,24): error TS2307: Cannot find module 'react' or its corresponding type declarations.
components/ui/status-badge.tsx(7,22): error TS2307: Cannot find module '@radix-ui/react-slot' or its corresponding type declarations.
components/ui/status-badge.tsx(188,7): error TS7031: Binding element 'asChild' implicitly has an 'any' type.
components/ui/status-badge.tsx(188,16): error TS7031: Binding element 'children' implicitly has an 'any' type.
components/ui/status-badge.tsx(188,26): error TS7031: Binding element 'variant' implicitly has an 'any' type.
components/ui/status-badge.tsx(188,35): error TS7031: Binding element 'status' implicitly has an 'any' type.
components/ui/status-badge.tsx(188,43): error TS7031: Binding element 'className' implicitly has an 'any' type.
components/ui/status-badge.tsx(189,5): error TS7006: Parameter 'forwardedRef' implicitly has an 'any' type.
components/ui/status-badge.tsx(230,10): error TS2875: This JSX tag requires the module path 'react/jsx-runtime' to exist, but none could be found. Make sure you have types for the appropriate package installed.
components/ui/status-badge.tsx(242,10): error TS7026: JSX element implicitly has type 'any' because no interface 'JSX.IntrinsicElements' exists.
components/ui/svg-rating-icons.tsx(2,36): error TS2503: Cannot find namespace 'React'.
components/ui/svg-rating-icons.tsx(4,5): error TS7026: JSX element implicitly has type 'any' because no interface 'JSX.IntrinsicElements' exists.
components/ui/svg-rating-icons.tsx(4,5): error TS2875: This JSX tag requires the module path 'react/jsx-runtime' to exist, but none could be found. Make sure you have types for the appropriate package installed.
components/ui/svg-rating-icons.tsx(10,7): error TS7026: JSX element implicitly has type 'any' because no interface 'JSX.IntrinsicElements' exists.
components/ui/svg-rating-icons.tsx(14,5): error TS7026: JSX element implicitly has type 'any' because no interface 'JSX.IntrinsicElements' exists.
components/ui/svg-rating-icons.tsx(18,36): error TS2503: Cannot find namespace 'React'.
components/ui/svg-rating-icons.tsx(20,5): error TS7026: JSX element implicitly has type 'any' because no interface 'JSX.IntrinsicElements' exists.
components/ui/svg-rating-icons.tsx(26,7): error TS7026: JSX element implicitly has type 'any' because no interface 'JSX.IntrinsicElements' exists.
components/ui/svg-rating-icons.tsx(30,5): error TS7026: JSX element implicitly has type 'any' because no interface 'JSX.IntrinsicElements' exists.
components/ui/svg-rating-icons.tsx(34,36): error TS2503: Cannot find namespace 'React'.
components/ui/svg-rating-icons.tsx(36,5): error TS7026: JSX element implicitly has type 'any' because no interface 'JSX.IntrinsicElements' exists.
components/ui/svg-rating-icons.tsx(42,7): error TS7026: JSX element implicitly has type 'any' because no interface 'JSX.IntrinsicElements' exists.
components/ui/svg-rating-icons.tsx(46,5): error TS7026: JSX element implicitly has type 'any' because no interface 'JSX.IntrinsicElements' exists.
components/ui/svg-rating-icons.tsx(61,5): error TS7026: JSX element implicitly has type 'any' because no interface 'JSX.IntrinsicElements' exists.
components/ui/svg-rating-icons.tsx(63,5): error TS7026: JSX element implicitly has type 'any' because no interface 'JSX.IntrinsicElements' exists.
components/ui/svg-rating-icons.tsx(68,37): error TS2503: Cannot find namespace 'React'.
components/ui/svg-rating-icons.tsx(70,5): error TS7026: JSX element implicitly has type 'any' because no interface 'JSX.IntrinsicElements' exists.
components/ui/svg-rating-icons.tsx(76,7): error TS7026: JSX element implicitly has type 'any' because no interface 'JSX.IntrinsicElements' exists.
components/ui/svg-rating-icons.tsx(80,5): error TS7026: JSX element implicitly has type 'any' because no interface 'JSX.IntrinsicElements' exists.
components/ui/svg-rating-icons.tsx(84,37): error TS2503: Cannot find namespace 'React'.
components/ui/svg-rating-icons.tsx(86,5): error TS7026: JSX element implicitly has type 'any' because no interface 'JSX.IntrinsicElements' exists.
components/ui/svg-rating-icons.tsx(92,7): error TS7026: JSX element implicitly has type 'any' because no interface 'JSX.IntrinsicElements' exists.
components/ui/svg-rating-icons.tsx(96,5): error TS7026: JSX element implicitly has type 'any' because no interface 'JSX.IntrinsicElements' exists.
components/ui/svg-rating-icons.tsx(100,37): error TS2503: Cannot find namespace 'React'.
components/ui/svg-rating-icons.tsx(102,5): error TS7026: JSX element implicitly has type 'any' because no interface 'JSX.IntrinsicElements' exists.
components/ui/svg-rating-icons.tsx(108,7): error TS7026: JSX element implicitly has type 'any' because no interface 'JSX.IntrinsicElements' exists.
components/ui/svg-rating-icons.tsx(112,5): error TS7026: JSX element implicitly has type 'any' because no interface 'JSX.IntrinsicElements' exists.
components/ui/switch.tsx(4,24): error TS2307: Cannot find module 'react' or its corresponding type declarations.
components/ui/switch.tsx(5,35): error TS2307: Cannot find module '@radix-ui/react-switch' or its corresponding type declarations.
components/ui/switch.tsx(50,6): error TS7031: Binding element 'className' implicitly has an 'any' type.
components/ui/switch.tsx(50,17): error TS7031: Binding element 'disabled' implicitly has an 'any' type.
components/ui/switch.tsx(50,27): error TS7031: Binding element 'size' implicitly has an 'any' type.
components/ui/switch.tsx(50,33): error TS7031: Binding element 'hasError' implicitly has an 'any' type.
components/ui/switch.tsx(50,54): error TS7006: Parameter 'forwardedRef' implicitly has an 'any' type.
components/ui/switch.tsx(100,3): error TS2339: Property 'disabled' does not exist on type 'LabeledSwitchProps'.
components/ui/switch.tsx(101,3): error TS2339: Property 'size' does not exist on type 'LabeledSwitchProps'.
components/ui/switch.tsx(102,3): error TS2339: Property 'className' does not exist on type 'LabeledSwitchProps'.
components/ui/switch.tsx(109,5): error TS7026: JSX element implicitly has type 'any' because no interface 'JSX.IntrinsicElements' exists.
components/ui/switch.tsx(110,7): error TS7026: JSX element implicitly has type 'any' because no interface 'JSX.IntrinsicElements' exists.
components/ui/switch.tsx(118,7): error TS7026: JSX element implicitly has type 'any' because no interface 'JSX.IntrinsicElements' exists.
components/ui/switch.tsx(120,9): error TS7026: JSX element implicitly has type 'any' because no interface 'JSX.IntrinsicElements' exists.
components/ui/switch.tsx(127,9): error TS7026: JSX element implicitly has type 'any' because no interface 'JSX.IntrinsicElements' exists.
components/ui/switch.tsx(129,5): error TS7026: JSX element implicitly has type 'any' because no interface 'JSX.IntrinsicElements' exists.
components/ui/switch.tsx(133,5): error TS7026: JSX element implicitly has type 'any' because no interface 'JSX.IntrinsicElements' exists.
components/ui/switch.tsx(133,5): error TS2875: This JSX tag requires the module path 'react/jsx-runtime' to exist, but none could be found. Make sure you have types for the appropriate package installed.
components/ui/switch.tsx(142,5): error TS7026: JSX element implicitly has type 'any' because no interface 'JSX.IntrinsicElements' exists.
components/ui/switch.tsx(154,3): error TS2339: Property 'children' does not exist on type 'SwitchGroupProps'.
components/ui/switch.tsx(157,3): error TS2339: Property 'className' does not exist on type 'SwitchGroupProps'.
components/ui/switch.tsx(161,5): error TS7026: JSX element implicitly has type 'any' because no interface 'JSX.IntrinsicElements' exists.
components/ui/switch.tsx(168,9): error TS7026: JSX element implicitly has type 'any' because no interface 'JSX.IntrinsicElements' exists.
components/ui/switch.tsx(168,69): error TS7026: JSX element implicitly has type 'any' because no interface 'JSX.IntrinsicElements' exists.
components/ui/switch.tsx(170,7): error TS7026: JSX element implicitly has type 'any' because no interface 'JSX.IntrinsicElements' exists.
components/ui/switch.tsx(177,7): error TS7026: JSX element implicitly has type 'any' because no interface 'JSX.IntrinsicElements' exists.
components/ui/switch.tsx(178,5): error TS7026: JSX element implicitly has type 'any' because no interface 'JSX.IntrinsicElements' exists.
components/ui/tab-menu-horizontal.tsx(5,24): error TS2307: Cannot find module 'react' or its corresponding type declarations.
components/ui/tab-menu-horizontal.tsx(6,27): error TS2307: Cannot find module '@radix-ui/react-slot' or its corresponding type declarations.
components/ui/tab-menu-horizontal.tsx(7,32): error TS2307: Cannot find module '@radix-ui/react-tabs' or its corresponding type declarations.
components/ui/tab-menu-horizontal.tsx(8,23): error TS2307: Cannot find module 'merge-refs' or its corresponding type declarations.
components/ui/tab-menu-horizontal.tsx(16,6): error TS7031: Binding element 'className' implicitly has an 'any' type.
components/ui/tab-menu-horizontal.tsx(16,28): error TS7006: Parameter 'forwardedRef' implicitly has an 'any' type.
components/ui/tab-menu-horizontal.tsx(34,6): error TS7031: Binding element 'className' implicitly has an 'any' type.
components/ui/tab-menu-horizontal.tsx(34,28): error TS7006: Parameter 'forwardedRef' implicitly has an 'any' type.
components/ui/tab-menu-horizontal.tsx(51,6): error TS7031: Binding element 'children' implicitly has an 'any' type.
components/ui/tab-menu-horizontal.tsx(51,16): error TS7031: Binding element 'className' implicitly has an 'any' type.
components/ui/tab-menu-horizontal.tsx(51,27): error TS7031: Binding element 'wrapperClassName' implicitly has an 'any' type.
components/ui/tab-menu-horizontal.tsx(51,56): error TS7006: Parameter 'forwardedRef' implicitly has an 'any' type.
components/ui/tab-menu-horizontal.tsx(74,5): error TS7026: JSX element implicitly has type 'any' because no interface 'JSX.IntrinsicElements' exists.
components/ui/tab-menu-horizontal.tsx(92,9): error TS7026: JSX element implicitly has type 'any' because no interface 'JSX.IntrinsicElements' exists.
components/ui/tab-menu-horizontal.tsx(107,5): error TS7026: JSX element implicitly has type 'any' because no interface 'JSX.IntrinsicElements' exists.
components/ui/tab-menu-horizontal.tsx(115,6): error TS7031: Binding element 'className' implicitly has an 'any' type.
components/ui/tab-menu-horizontal.tsx(115,28): error TS7006: Parameter 'forwardedRef' implicitly has an 'any' type.
components/ui/tab-menu-horizontal.tsx(147,5): error TS2875: This JSX tag requires the module path 'react/jsx-runtime' to exist, but none could be found. Make sure you have types for the appropriate package installed.
components/ui/tab-menu-vertical.tsx(3,24): error TS2307: Cannot find module 'react' or its corresponding type declarations.
components/ui/tab-menu-vertical.tsx(4,32): error TS2307: Cannot find module '@radix-ui/react-tabs' or its corresponding type declarations.
components/ui/tab-menu-vertical.tsx(19,17): error TS7006: Parameter 'forwardedRef' implicitly has an 'any' type.
components/ui/tab-menu-vertical.tsx(29,6): error TS7031: Binding element 'className' implicitly has an 'any' type.
components/ui/tab-menu-vertical.tsx(29,28): error TS7006: Parameter 'forwardedRef' implicitly has an 'any' type.
components/ui/tab-menu-vertical.tsx(43,6): error TS7031: Binding element 'className' implicitly has an 'any' type.
components/ui/tab-menu-vertical.tsx(43,28): error TS7006: Parameter 'forwardedRef' implicitly has an 'any' type.
components/ui/tab-menu-vertical.tsx(74,5): error TS2875: This JSX tag requires the module path 'react/jsx-runtime' to exist, but none could be found. Make sure you have types for the appropriate package installed.
components/ui/table.tsx(3,24): error TS2307: Cannot find module 'react' or its corresponding type declarations.
components/ui/table.tsx(7,50): error TS2307: Cannot find module '@phosphor-icons/react' or its corresponding type declarations.
components/ui/table.tsx(13,6): error TS7031: Binding element 'className' implicitly has an 'any' type.
components/ui/table.tsx(13,28): error TS7006: Parameter 'forwardedRef' implicitly has an 'any' type.
components/ui/table.tsx(15,5): error TS7026: JSX element implicitly has type 'any' because no interface 'JSX.IntrinsicElements' exists.
components/ui/table.tsx(27,6): error TS7031: Binding element 'className' implicitly has an 'any' type.
components/ui/table.tsx(27,28): error TS7006: Parameter 'forwardedRef' implicitly has an 'any' type.
components/ui/table.tsx(29,5): error TS7026: JSX element implicitly has type 'any' because no interface 'JSX.IntrinsicElements' exists.
components/ui/table.tsx(41,6): error TS7031: Binding element 'className' implicitly has an 'any' type.
components/ui/table.tsx(41,28): error TS7006: Parameter 'forwardedRef' implicitly has an 'any' type.
components/ui/table.tsx(43,5): error TS7026: JSX element implicitly has type 'any' because no interface 'JSX.IntrinsicElements' exists.
components/ui/table.tsx(59,6): error TS7031: Binding element 'className' implicitly has an 'any' type.
components/ui/table.tsx(59,28): error TS7006: Parameter 'forwardedRef' implicitly has an 'any' type.
components/ui/table.tsx(61,5): error TS7026: JSX element implicitly has type 'any' because no interface 'JSX.IntrinsicElements' exists.
components/ui/table.tsx(73,6): error TS7031: Binding element 'className' implicitly has an 'any' type.
components/ui/table.tsx(73,28): error TS7006: Parameter 'forwardedRef' implicitly has an 'any' type.
components/ui/table.tsx(75,5): error TS7026: JSX element implicitly has type 'any' because no interface 'JSX.IntrinsicElements' exists.
components/ui/table.tsx(95,5): error TS7026: JSX element implicitly has type 'any' because no interface 'JSX.IntrinsicElements' exists.
components/ui/table.tsx(95,5): error TS2875: This JSX tag requires the module path 'react/jsx-runtime' to exist, but none could be found. Make sure you have types for the appropriate package installed.
components/ui/table.tsx(96,7): error TS7026: JSX element implicitly has type 'any' because no interface 'JSX.IntrinsicElements' exists.
components/ui/table.tsx(102,7): error TS7026: JSX element implicitly has type 'any' because no interface 'JSX.IntrinsicElements' exists.
components/ui/table.tsx(103,5): error TS7026: JSX element implicitly has type 'any' because no interface 'JSX.IntrinsicElements' exists.
components/ui/table.tsx(111,6): error TS7031: Binding element 'className' implicitly has an 'any' type.
components/ui/table.tsx(111,28): error TS7006: Parameter 'forwardedRef' implicitly has an 'any' type.
components/ui/table.tsx(113,5): error TS7026: JSX element implicitly has type 'any' because no interface 'JSX.IntrinsicElements' exists.
components/ui/table.tsx(130,6): error TS7031: Binding element 'className' implicitly has an 'any' type.
components/ui/table.tsx(130,28): error TS7006: Parameter 'forwardedRef' implicitly has an 'any' type.
components/ui/table.tsx(131,3): error TS7026: JSX element implicitly has type 'any' because no interface 'JSX.IntrinsicElements' exists.
components/ui/table.tsx(148,6): error TS7031: Binding element 'className' implicitly has an 'any' type.
components/ui/table.tsx(148,17): error TS7031: Binding element 'children' implicitly has an 'any' type.
components/ui/table.tsx(148,27): error TS7031: Binding element 'sortDirection' implicitly has an 'any' type.
components/ui/table.tsx(148,42): error TS7031: Binding element 'onSort' implicitly has an 'any' type.
components/ui/table.tsx(148,61): error TS7006: Parameter 'forwardedRef' implicitly has an 'any' type.
components/ui/table.tsx(150,7): error TS7026: JSX element implicitly has type 'any' because no interface 'JSX.IntrinsicElements' exists.
components/ui/table.tsx(164,9): error TS7026: JSX element implicitly has type 'any' because no interface 'JSX.IntrinsicElements' exists.
components/ui/table.tsx(166,11): error TS7026: JSX element implicitly has type 'any' because no interface 'JSX.IntrinsicElements' exists.
components/ui/table.tsx(170,11): error TS7026: JSX element implicitly has type 'any' because no interface 'JSX.IntrinsicElements' exists.
components/ui/table.tsx(171,9): error TS7026: JSX element implicitly has type 'any' because no interface 'JSX.IntrinsicElements' exists.
components/ui/table.tsx(172,7): error TS7026: JSX element implicitly has type 'any' because no interface 'JSX.IntrinsicElements' exists.
components/ui/table.tsx(191,3): error TS2339: Property 'className' does not exist on type 'TableEmptyProps'.
components/ui/table.tsx(192,3): error TS2339: Property 'children' does not exist on type 'TableEmptyProps'.
components/ui/table.tsx(196,5): error TS7026: JSX element implicitly has type 'any' because no interface 'JSX.IntrinsicElements' exists.
components/ui/table.tsx(197,7): error TS7026: JSX element implicitly has type 'any' because no interface 'JSX.IntrinsicElements' exists.
components/ui/table.tsx(198,9): error TS7026: JSX element implicitly has type 'any' because no interface 'JSX.IntrinsicElements' exists.
components/ui/table.tsx(199,20): error TS7026: JSX element implicitly has type 'any' because no interface 'JSX.IntrinsicElements' exists.
components/ui/table.tsx(199,62): error TS7026: JSX element implicitly has type 'any' because no interface 'JSX.IntrinsicElements' exists.
components/ui/table.tsx(202,15): error TS7026: JSX element implicitly has type 'any' because no interface 'JSX.IntrinsicElements' exists.
components/ui/table.tsx(202,72): error TS7026: JSX element implicitly has type 'any' because no interface 'JSX.IntrinsicElements' exists.
components/ui/table.tsx(204,17): error TS7026: JSX element implicitly has type 'any' because no interface 'JSX.IntrinsicElements' exists.
components/ui/table.tsx(204,81): error TS7026: JSX element implicitly has type 'any' because no interface 'JSX.IntrinsicElements' exists.
components/ui/table.tsx(208,9): error TS7026: JSX element implicitly has type 'any' because no interface 'JSX.IntrinsicElements' exists.
components/ui/table.tsx(209,7): error TS7026: JSX element implicitly has type 'any' because no interface 'JSX.IntrinsicElements' exists.
components/ui/table.tsx(210,5): error TS7026: JSX element implicitly has type 'any' because no interface 'JSX.IntrinsicElements' exists.
components/ui/table.tsx(224,3): error TS2339: Property 'className' does not exist on type 'TableLoadingProps'.
components/ui/table.tsx(228,5): error TS7026: JSX element implicitly has type 'any' because no interface 'JSX.IntrinsicElements' exists.
components/ui/table.tsx(230,9): error TS7026: JSX element implicitly has type 'any' because no interface 'JSX.IntrinsicElements' exists.
components/ui/table.tsx(232,13): error TS7026: JSX element implicitly has type 'any' because no interface 'JSX.IntrinsicElements' exists.
components/ui/table.tsx(237,17): error TS2322: Type '{ variant: string; className: string; }' is not assignable to type 'SkeletonProps'.
  Property 'variant' does not exist on type 'SkeletonProps'.
components/ui/table.tsx(240,13): error TS7026: JSX element implicitly has type 'any' because no interface 'JSX.IntrinsicElements' exists.
components/ui/table.tsx(242,9): error TS7026: JSX element implicitly has type 'any' because no interface 'JSX.IntrinsicElements' exists.
components/ui/table.tsx(244,5): error TS7026: JSX element implicitly has type 'any' because no interface 'JSX.IntrinsicElements' exists.
components/ui/tag.tsx(3,24): error TS2307: Cannot find module 'react' or its corresponding type declarations.
components/ui/tag.tsx(6,22): error TS2307: Cannot find module '@radix-ui/react-slot' or its corresponding type declarations.
components/ui/tag.tsx(7,19): error TS2307: Cannot find module '@phosphor-icons/react' or its corresponding type declarations.
components/ui/tag.tsx(85,7): error TS7031: Binding element 'asChild' implicitly has an 'any' type.
components/ui/tag.tsx(85,16): error TS7031: Binding element 'children' implicitly has an 'any' type.
components/ui/tag.tsx(85,26): error TS7031: Binding element 'variant' implicitly has an 'any' type.
components/ui/tag.tsx(85,35): error TS7031: Binding element 'disabled' implicitly has an 'any' type.
components/ui/tag.tsx(85,45): error TS7031: Binding element 'className' implicitly has an 'any' type.
components/ui/tag.tsx(86,5): error TS7006: Parameter 'forwardedRef' implicitly has an 'any' type.
components/ui/tag.tsx(129,10): error TS2875: This JSX tag requires the module path 'react/jsx-runtime' to exist, but none could be found. Make sure you have types for the appropriate package installed.
components/ui/tag.tsx(143,7): error TS7031: Binding element 'asChild' implicitly has an 'any' type.
components/ui/tag.tsx(143,16): error TS7031: Binding element 'children' implicitly has an 'any' type.
components/ui/tag.tsx(143,26): error TS7031: Binding element 'className' implicitly has an 'any' type.
components/ui/tag.tsx(143,37): error TS7031: Binding element 'variant' implicitly has an 'any' type.
components/ui/tag.tsx(143,46): error TS7031: Binding element 'disabled' implicitly has an 'any' type.
components/ui/tag.tsx(144,5): error TS7006: Parameter 'forwardedRef' implicitly has an 'any' type.
components/ui/textarea.tsx(5,24): error TS2307: Cannot find module 'react' or its corresponding type declarations.
components/ui/textarea.tsx(19,6): error TS7031: Binding element 'className' implicitly has an 'any' type.
components/ui/textarea.tsx(19,17): error TS7031: Binding element 'hasError' implicitly has an 'any' type.
components/ui/textarea.tsx(19,27): error TS7031: Binding element 'simple' implicitly has an 'any' type.
components/ui/textarea.tsx(19,35): error TS7031: Binding element 'disabled' implicitly has an 'any' type.
components/ui/textarea.tsx(19,56): error TS7006: Parameter 'forwardedRef' implicitly has an 'any' type.
components/ui/textarea.tsx(21,5): error TS7026: JSX element implicitly has type 'any' because no interface 'JSX.IntrinsicElements' exists.
components/ui/textarea.tsx(76,5): error TS7026: JSX element implicitly has type 'any' because no interface 'JSX.IntrinsicElements' exists.
components/ui/textarea.tsx(77,7): error TS7026: JSX element implicitly has type 'any' because no interface 'JSX.IntrinsicElements' exists.
components/ui/textarea.tsx(84,9): error TS7026: JSX element implicitly has type 'any' because no interface 'JSX.IntrinsicElements' exists.
components/ui/textarea.tsx(88,7): error TS7026: JSX element implicitly has type 'any' because no interface 'JSX.IntrinsicElements' exists.
components/ui/textarea.tsx(89,5): error TS7026: JSX element implicitly has type 'any' because no interface 'JSX.IntrinsicElements' exists.
components/ui/textarea.tsx(112,7): error TS7031: Binding element 'containerClassName' implicitly has an 'any' type.
components/ui/textarea.tsx(112,27): error TS7031: Binding element 'children' implicitly has an 'any' type.
components/ui/textarea.tsx(112,37): error TS7031: Binding element 'hasError' implicitly has an 'any' type.
components/ui/textarea.tsx(112,47): error TS7031: Binding element 'simple' implicitly has an 'any' type.
components/ui/textarea.tsx(113,5): error TS7006: Parameter 'forwardedRef' implicitly has an 'any' type.
components/ui/textarea.tsx(122,7): error TS7026: JSX element implicitly has type 'any' because no interface 'JSX.IntrinsicElements' exists.
components/ui/textarea.tsx(149,9): error TS7026: JSX element implicitly has type 'any' because no interface 'JSX.IntrinsicElements' exists.
components/ui/textarea.tsx(150,11): error TS7026: JSX element implicitly has type 'any' because no interface 'JSX.IntrinsicElements' exists.
components/ui/textarea.tsx(152,13): error TS7026: JSX element implicitly has type 'any' because no interface 'JSX.IntrinsicElements' exists.
components/ui/textarea.tsx(155,13): error TS7026: JSX element implicitly has type 'any' because no interface 'JSX.IntrinsicElements' exists.
components/ui/textarea.tsx(156,11): error TS7026: JSX element implicitly has type 'any' because no interface 'JSX.IntrinsicElements' exists.
components/ui/textarea.tsx(157,11): error TS7026: JSX element implicitly has type 'any' because no interface 'JSX.IntrinsicElements' exists.
components/ui/textarea.tsx(158,9): error TS7026: JSX element implicitly has type 'any' because no interface 'JSX.IntrinsicElements' exists.
components/ui/textarea.tsx(159,7): error TS7026: JSX element implicitly has type 'any' because no interface 'JSX.IntrinsicElements' exists.
components/ui/textarea.tsx(178,5): error TS7026: JSX element implicitly has type 'any' because no interface 'JSX.IntrinsicElements' exists.
components/ui/textarea.tsx(178,5): error TS2875: This JSX tag requires the module path 'react/jsx-runtime' to exist, but none could be found. Make sure you have types for the appropriate package installed.
components/ui/textarea.tsx(190,5): error TS7026: JSX element implicitly has type 'any' because no interface 'JSX.IntrinsicElements' exists.
components/ui/textarea.tsx(204,6): error TS7031: Binding element 'className' implicitly has an 'any' type.
components/ui/textarea.tsx(204,17): error TS7031: Binding element 'hasError' implicitly has an 'any' type.
components/ui/textarea.tsx(204,54): error TS7031: Binding element 'onChange' implicitly has an 'any' type.
components/ui/textarea.tsx(204,64): error TS7031: Binding element 'value' implicitly has an 'any' type.
components/ui/textarea.tsx(204,82): error TS7006: Parameter 'forwardedRef' implicitly has an 'any' type.
components/ui/textarea.tsx(232,7): error TS7026: JSX element implicitly has type 'any' because no interface 'JSX.IntrinsicElements' exists.
components/ui/textarea.tsx(233,15): error TS7006: Parameter 'node' implicitly has an 'any' type.
components/ui/tooltip.tsx(6,24): error TS2307: Cannot find module 'react' or its corresponding type declarations.
components/ui/tooltip.tsx(7,35): error TS2307: Cannot find module '@radix-ui/react-tooltip' or its corresponding type declarations.
components/ui/tooltip.tsx(109,7): error TS7031: Binding element 'size' implicitly has an 'any' type.
components/ui/tooltip.tsx(109,13): error TS7031: Binding element 'variant' implicitly has an 'any' type.
components/ui/tooltip.tsx(109,22): error TS7031: Binding element 'className' implicitly has an 'any' type.
components/ui/tooltip.tsx(109,33): error TS7031: Binding element 'children' implicitly has an 'any' type.
components/ui/tooltip.tsx(110,5): error TS7006: Parameter 'forwardedRef' implicitly has an 'any' type.
components/ui/tooltip.tsx(118,7): error TS2875: This JSX tag requires the module path 'react/jsx-runtime' to exist, but none could be found. Make sure you have types for the appropriate package installed.
components/ui/tooltip.tsx(128,13): error TS7026: JSX element implicitly has type 'any' because no interface 'JSX.IntrinsicElements' exists.
components/ui/tracker.tsx(3,24): error TS2307: Cannot find module 'react' or its corresponding type declarations.
components/ui/tracker.tsx(49,26): error TS2339: Property 'size' does not exist on type 'TrackerProps'.
components/ui/tracker.tsx(49,32): error TS2339: Property 'className' does not exist on type 'TrackerProps'.
components/ui/tracker.tsx(53,5): error TS7026: JSX element implicitly has type 'any' because no interface 'JSX.IntrinsicElements' exists.
components/ui/tracker.tsx(53,5): error TS2875: This JSX tag requires the module path 'react/jsx-runtime' to exist, but none could be found. Make sure you have types for the appropriate package installed.
components/ui/tracker.tsx(60,9): error TS7026: JSX element implicitly has type 'any' because no interface 'JSX.IntrinsicElements' exists.
components/ui/tracker.tsx(68,5): error TS7026: JSX element implicitly has type 'any' because no interface 'JSX.IntrinsicElements' exists.
components/ui/tracker.tsx(81,3): error TS2339: Property 'size' does not exist on type 'TrackerWithLegendProps'.
components/ui/tracker.tsx(84,3): error TS2339: Property 'className' does not exist on type 'TrackerWithLegendProps'.
components/ui/tracker.tsx(102,5): error TS7026: JSX element implicitly has type 'any' because no interface 'JSX.IntrinsicElements' exists.
components/ui/tracker.tsx(104,9): error TS7026: JSX element implicitly has type 'any' because no interface 'JSX.IntrinsicElements' exists.
components/ui/tracker.tsx(105,11): error TS7026: JSX element implicitly has type 'any' because no interface 'JSX.IntrinsicElements' exists.
components/ui/tracker.tsx(106,11): error TS7026: JSX element implicitly has type 'any' because no interface 'JSX.IntrinsicElements' exists.
components/ui/tracker.tsx(108,11): error TS7026: JSX element implicitly has type 'any' because no interface 'JSX.IntrinsicElements' exists.
components/ui/tracker.tsx(109,9): error TS7026: JSX element implicitly has type 'any' because no interface 'JSX.IntrinsicElements' exists.
components/ui/tracker.tsx(111,5): error TS7026: JSX element implicitly has type 'any' because no interface 'JSX.IntrinsicElements' exists.
components/ui/tracker.tsx(115,5): error TS7026: JSX element implicitly has type 'any' because no interface 'JSX.IntrinsicElements' exists.
components/ui/tracker.tsx(117,28): error TS2322: Type '{ data: TrackerBlock[]; size: any; }' is not assignable to type 'TrackerProps'.
  Property 'size' does not exist on type 'TrackerProps'.
components/ui/tracker.tsx(119,5): error TS7026: JSX element implicitly has type 'any' because no interface 'JSX.IntrinsicElements' exists.
components/ui/tracker.tsx(134,3): error TS2339: Property 'size' does not exist on type 'LabeledTrackerProps'.
components/ui/tracker.tsx(135,3): error TS2339: Property 'className' does not exist on type 'LabeledTrackerProps'.
components/ui/tracker.tsx(139,5): error TS7026: JSX element implicitly has type 'any' because no interface 'JSX.IntrinsicElements' exists.
components/ui/tracker.tsx(141,9): error TS7026: JSX element implicitly has type 'any' because no interface 'JSX.IntrinsicElements' exists.
components/ui/tracker.tsx(143,13): error TS7026: JSX element implicitly has type 'any' because no interface 'JSX.IntrinsicElements' exists.
components/ui/tracker.tsx(143,73): error TS7026: JSX element implicitly has type 'any' because no interface 'JSX.IntrinsicElements' exists.
components/ui/tracker.tsx(146,13): error TS7026: JSX element implicitly has type 'any' because no interface 'JSX.IntrinsicElements' exists.
components/ui/tracker.tsx(146,70): error TS7026: JSX element implicitly has type 'any' because no interface 'JSX.IntrinsicElements' exists.
components/ui/tracker.tsx(148,9): error TS7026: JSX element implicitly has type 'any' because no interface 'JSX.IntrinsicElements' exists.
components/ui/tracker.tsx(150,28): error TS2322: Type '{ data: TrackerBlock[]; size: any; }' is not assignable to type 'TrackerProps'.
  Property 'size' does not exist on type 'TrackerProps'.
components/ui/tracker.tsx(151,5): error TS7026: JSX element implicitly has type 'any' because no interface 'JSX.IntrinsicElements' exists.
components/ui/vertical-stepper.tsx(3,24): error TS2307: Cannot find module 'react' or its corresponding type declarations.
components/ui/vertical-stepper.tsx(8,28): error TS2307: Cannot find module '@phosphor-icons/react' or its corresponding type declarations.
components/ui/vertical-stepper.tsx(9,22): error TS2307: Cannot find module '@radix-ui/react-slot' or its corresponding type declarations.
components/ui/vertical-stepper.tsx(26,5): error TS2875: This JSX tag requires the module path 'react/jsx-runtime' to exist, but none could be found. Make sure you have types for the appropriate package installed.
components/ui/vertical-stepper.tsx(93,6): error TS7031: Binding element 'asChild' implicitly has an 'any' type.
components/ui/vertical-stepper.tsx(93,15): error TS7031: Binding element 'children' implicitly has an 'any' type.
components/ui/vertical-stepper.tsx(93,25): error TS7031: Binding element 'state' implicitly has an 'any' type.
components/ui/vertical-stepper.tsx(93,32): error TS7031: Binding element 'className' implicitly has an 'any' type.
components/ui/vertical-stepper.tsx(93,54): error TS7006: Parameter 'forwardedRef' implicitly has an 'any' type.
components/ui/vertical-stepper.tsx(132,7): error TS7026: JSX element implicitly has type 'any' because no interface 'JSX.IntrinsicElements' exists.
components/ui/vertical-stepper.tsx(133,9): error TS7026: JSX element implicitly has type 'any' because no interface 'JSX.IntrinsicElements' exists.
components/ui/vertical-stepper.tsx(134,11): error TS7026: JSX element implicitly has type 'any' because no interface 'JSX.IntrinsicElements' exists.
components/ui/vertical-stepper.tsx(138,9): error TS7026: JSX element implicitly has type 'any' because no interface 'JSX.IntrinsicElements' exists.
components/ui/vertical-stepper.tsx(139,7): error TS7026: JSX element implicitly has type 'any' because no interface 'JSX.IntrinsicElements' exists.
components/ui/vertical-stepper.tsx(144,5): error TS7026: JSX element implicitly has type 'any' because no interface 'JSX.IntrinsicElements' exists.
components/ui/vertical-stepper.tsx(146,5): error TS7026: JSX element implicitly has type 'any' because no interface 'JSX.IntrinsicElements' exists.
components/ui/virtualized-list.tsx(3,24): error TS2307: Cannot find module 'react' or its corresponding type declarations.
components/ui/virtualized-list.tsx(4,57): error TS2307: Cannot find module '@tanstack/react-virtual' or its corresponding type declarations.
components/ui/virtualized-list.tsx(72,10): error TS7006: Parameter 'index' implicitly has an 'any' type.
components/ui/virtualized-list.tsx(80,12): error TS2875: This JSX tag requires the module path 'react/jsx-runtime' to exist, but none could be found. Make sure you have types for the appropriate package installed.
components/ui/virtualized-list.tsx(84,5): error TS7026: JSX element implicitly has type 'any' because no interface 'JSX.IntrinsicElements' exists.
components/ui/virtualized-list.tsx(91,7): error TS7026: JSX element implicitly has type 'any' because no interface 'JSX.IntrinsicElements' exists.
components/ui/virtualized-list.tsx(98,28): error TS7006: Parameter 'virtualItem' implicitly has an 'any' type.
components/ui/virtualized-list.tsx(99,11): error TS7026: JSX element implicitly has type 'any' because no interface 'JSX.IntrinsicElements' exists.
components/ui/virtualized-list.tsx(113,11): error TS7026: JSX element implicitly has type 'any' because no interface 'JSX.IntrinsicElements' exists.
components/ui/virtualized-list.tsx(115,7): error TS7026: JSX element implicitly has type 'any' because no interface 'JSX.IntrinsicElements' exists.
components/ui/virtualized-list.tsx(116,5): error TS7026: JSX element implicitly has type 'any' because no interface 'JSX.IntrinsicElements' exists.
components/ui/virtualized-list.tsx(167,5): error TS7026: JSX element implicitly has type 'any' because no interface 'JSX.IntrinsicElements' exists.
components/ui/virtualized-list.tsx(174,7): error TS7026: JSX element implicitly has type 'any' because no interface 'JSX.IntrinsicElements' exists.
components/ui/virtualized-list.tsx(181,27): error TS7006: Parameter 'virtualRow' implicitly has an 'any' type.
components/ui/virtualized-list.tsx(186,13): error TS7026: JSX element implicitly has type 'any' because no interface 'JSX.IntrinsicElements' exists.
components/ui/virtualized-list.tsx(203,19): error TS7026: JSX element implicitly has type 'any' because no interface 'JSX.IntrinsicElements' exists.
components/ui/virtualized-list.tsx(205,19): error TS7026: JSX element implicitly has type 'any' because no interface 'JSX.IntrinsicElements' exists.
components/ui/virtualized-list.tsx(208,13): error TS7026: JSX element implicitly has type 'any' because no interface 'JSX.IntrinsicElements' exists.
components/ui/virtualized-list.tsx(211,7): error TS7026: JSX element implicitly has type 'any' because no interface 'JSX.IntrinsicElements' exists.
components/ui/virtualized-list.tsx(212,5): error TS7026: JSX element implicitly has type 'any' because no interface 'JSX.IntrinsicElements' exists.
components/ui/webgl-liquid-logo.tsx(3,45): error TS2307: Cannot find module 'react' or its corresponding type declarations.
components/ui/webgl-liquid-logo.tsx(304,7): error TS7026: JSX element implicitly has type 'any' because no interface 'JSX.IntrinsicElements' exists.
components/ui/webgl-liquid-logo.tsx(304,7): error TS2875: This JSX tag requires the module path 'react/jsx-runtime' to exist, but none could be found. Make sure you have types for the appropriate package installed.
components/ui/webgl-liquid-logo.tsx(306,7): error TS7026: JSX element implicitly has type 'any' because no interface 'JSX.IntrinsicElements' exists.
components/ui/webgl-liquid-logo.tsx(311,5): error TS7026: JSX element implicitly has type 'any' because no interface 'JSX.IntrinsicElements' exists.
components/ui/webgl-liquid-logo.tsx(312,7): error TS7026: JSX element implicitly has type 'any' because no interface 'JSX.IntrinsicElements' exists.
components/ui/webgl-liquid-logo.tsx(318,9): error TS7026: JSX element implicitly has type 'any' because no interface 'JSX.IntrinsicElements' exists.
components/ui/webgl-liquid-logo.tsx(319,11): error TS7026: JSX element implicitly has type 'any' because no interface 'JSX.IntrinsicElements' exists.
components/ui/webgl-liquid-logo.tsx(320,9): error TS7026: JSX element implicitly has type 'any' because no interface 'JSX.IntrinsicElements' exists.
components/ui/webgl-liquid-logo.tsx(322,5): error TS7026: JSX element implicitly has type 'any' because no interface 'JSX.IntrinsicElements' exists.
components/user-avatar.tsx(18,7): error TS2875: This JSX tag requires the module path 'react/jsx-runtime' to exist, but none could be found. Make sure you have types for the appropriate package installed.
hooks/index.ts(13,15): error TS2307: Cannot find module './use-dashboard' or its corresponding type declarations.
hooks/index.ts(56,8): error TS2307: Cannot find module 'usehooks-ts' or its corresponding type declarations.
hooks/use-active-organization.ts(3,25): error TS2307: Cannot find module 'react' or its corresponding type declarations.
hooks/use-auth.ts(10,30): error TS7006: Parameter 'state' implicitly has an 'any' type.
hooks/use-auth.ts(11,33): error TS7006: Parameter 'state' implicitly has an 'any' type.
hooks/use-auth.ts(12,31): error TS7006: Parameter 'state' implicitly has an 'any' type.
hooks/use-auth.ts(13,41): error TS7006: Parameter 'state' implicitly has an 'any' type.
hooks/use-auth.ts(14,35): error TS7006: Parameter 'state' implicitly has an 'any' type.
hooks/use-breadcrumbs.ts(3,29): error TS2307: Cannot find module 'next/navigation' or its corresponding type declarations.
hooks/use-breadcrumbs.ts(4,25): error TS2307: Cannot find module 'react' or its corresponding type declarations.
hooks/use-categories.ts(3,26): error TS2307: Cannot find module '@tanstack/react-query' or its corresponding type declarations.
hooks/use-clipboard.ts(3,39): error TS2307: Cannot find module 'react' or its corresponding type declarations.
hooks/use-clipboard.ts(4,52): error TS2307: Cannot find module 'usehooks-ts' or its corresponding type declarations.
hooks/use-deliverables.ts(3,55): error TS2307: Cannot find module '@tanstack/react-query' or its corresponding type declarations.
hooks/use-deliverables.ts(93,17): error TS7006: Parameter '_' implicitly has an 'any' type.
hooks/use-deliverables.ts(93,20): error TS7006: Parameter 'variables' implicitly has an 'any' type.
hooks/use-local-storage.ts(3,50): error TS2307: Cannot find module 'react' or its corresponding type declarations.
hooks/use-notification.ts(3,24): error TS2307: Cannot find module 'react' or its corresponding type declarations.
hooks/use-novu.ts(31,12): error TS2580: Cannot find name 'process'. Do you need to install type definitions for node? Try `npm i --save-dev @types/node`.
hooks/use-novu.ts(38,10): error TS2580: Cannot find name 'process'. Do you need to install type definitions for node? Try `npm i --save-dev @types/node`.
hooks/use-novu.ts(45,10): error TS2580: Cannot find name 'process'. Do you need to install type definitions for node? Try `npm i --save-dev @types/node`.
hooks/use-novu.ts(52,10): error TS2580: Cannot find name 'process'. Do you need to install type definitions for node? Try `npm i --save-dev @types/node`.
hooks/use-organizations.ts(3,55): error TS2307: Cannot find module '@tanstack/react-query' or its corresponding type declarations.
hooks/use-organizations.ts(4,27): error TS2307: Cannot find module 'next/navigation' or its corresponding type declarations.
hooks/use-organizations.ts(68,22): error TS7006: Parameter 'organizationId' implicitly has an 'any' type.
hooks/use-organizations.ts(77,59): error TS7006: Parameter 'old' implicitly has an 'any' type.
hooks/use-organizations.ts(91,15): error TS7006: Parameter 'err' implicitly has an 'any' type.
hooks/use-organizations.ts(91,20): error TS7006: Parameter 'organizationId' implicitly has an 'any' type.
hooks/use-organizations.ts(91,36): error TS7006: Parameter 'context' implicitly has an 'any' type.
hooks/use-platforms.ts(3,26): error TS2307: Cannot find module '@tanstack/react-query' or its corresponding type declarations.
hooks/use-profile.ts(6,25): error TS2694: Namespace '"C:/Users/Shivam Gupta/Downloads/BACKEND+FRONTEND/Hypedrive Brand/lib/encore-client".auth' has no exported member 'User'.
hooks/use-profile.ts(7,28): error TS2694: Namespace '"C:/Users/Shivam Gupta/Downloads/BACKEND+FRONTEND/Hypedrive Brand/lib/encore-client".auth' has no exported member 'Session'.
hooks/use-search-params.ts(1,97): error TS2307: Cannot find module 'nuqs' or its corresponding type declarations.
hooks/use-session.ts(3,42): error TS2307: Cannot find module '@tanstack/react-query' or its corresponding type declarations.
hooks/use-settings.ts(3,55): error TS2307: Cannot find module '@tanstack/react-query' or its corresponding type declarations.
hooks/use-sign-out.ts(3,27): error TS2307: Cannot find module 'next/navigation' or its corresponding type declarations.
hooks/use-sign-out.ts(4,39): error TS2307: Cannot find module 'react' or its corresponding type declarations.
hooks/use-sign-out.ts(6,32): error TS2307: Cannot find module '@tanstack/react-query' or its corresponding type declarations.
hooks/use-storage.ts(3,39): error TS2307: Cannot find module '@tanstack/react-query' or its corresponding type declarations.
hooks/use-tab-observer.ts(3,24): error TS2307: Cannot find module 'react' or its corresponding type declarations.
hooks/use-tab-observer.ts(21,21): error TS7006: Parameter 'el' implicitly has an 'any' type.
hooks/use-tab-observer.ts(21,25): error TS7006: Parameter 'i' implicitly has an 'any' type.
hooks/use-team.ts(9,36): error TS2694: Namespace '"C:/Users/Shivam Gupta/Downloads/BACKEND+FRONTEND/Hypedrive Brand/lib/encore-client".organizations' has no exported member 'Member'.
hooks/use-team.ts(10,31): error TS2694: Namespace '"C:/Users/Shivam Gupta/Downloads/BACKEND+FRONTEND/Hypedrive Brand/lib/encore-client".auth' has no exported member 'Invitation'.
instrumentation.ts(12,7): error TS2580: Cannot find name 'process'. Do you need to install type definitions for node? Try `npm i --save-dev @types/node`.
instrumentation.ts(15,7): error TS2580: Cannot find name 'process'. Do you need to install type definitions for node? Try `npm i --save-dev @types/node`.
instrumentation.ts(16,7): error TS2580: Cannot find name 'process'. Do you need to install type definitions for node? Try `npm i --save-dev @types/node`.
lib/auth-helpers.ts(1,34): error TS2307: Cannot find module 'next/headers' or its corresponding type declarations.
lib/auth-helpers.ts(2,30): error TS2307: Cannot find module 'next/server' or its corresponding type declarations.
lib/auth-helpers.ts(3,34): error TS2307: Cannot find module 'next/server' or its corresponding type declarations.
lib/email.ts(1,24): error TS2307: Cannot find module 'resend' or its corresponding type declarations.
lib/email.ts(4,16): error TS2580: Cannot find name 'process'. Do you need to install type definitions for node? Try `npm i --save-dev @types/node`.
lib/email.ts(5,16): error TS2580: Cannot find name 'process'. Do you need to install type definitions for node? Try `npm i --save-dev @types/node`.
lib/email.ts(22,14): error TS2580: Cannot find name 'Buffer'. Do you need to install type definitions for node? Try `npm i --save-dev @types/node`.
lib/encore-browser.ts(15,12): error TS2580: Cannot find name 'process'. Do you need to install type definitions for node? Try `npm i --save-dev @types/node`.
lib/encore-browser.ts(19,10): error TS2580: Cannot find name 'process'. Do you need to install type definitions for node? Try `npm i --save-dev @types/node`.
lib/encore.ts(11,7): error TS2580: Cannot find name 'process'. Do you need to install type definitions for node? Try `npm i --save-dev @types/node`.
lib/encore.ts(12,21): error TS2580: Cannot find name 'process'. Do you need to install type definitions for node? Try `npm i --save-dev @types/node`.
lib/encore.ts(17,10): error TS2580: Cannot find name 'process'. Do you need to install type definitions for node? Try `npm i --save-dev @types/node`.
lib/env.ts(1,27): error TS2307: Cannot find module '@t3-oss/env-nextjs' or its corresponding type declarations.
lib/env.ts(2,19): error TS2307: Cannot find module 'zod' or its corresponding type declarations.
lib/env.ts(61,15): error TS2580: Cannot find name 'process'. Do you need to install type definitions for node? Try `npm i --save-dev @types/node`.
lib/env.ts(64,21): error TS2580: Cannot find name 'process'. Do you need to install type definitions for node? Try `npm i --save-dev @types/node`.
lib/env.ts(65,25): error TS2580: Cannot find name 'process'. Do you need to install type definitions for node? Try `npm i --save-dev @types/node`.
lib/env.ts(66,21): error TS2580: Cannot find name 'process'. Do you need to install type definitions for node? Try `npm i --save-dev @types/node`.
lib/env.ts(67,17): error TS2580: Cannot find name 'process'. Do you need to install type definitions for node? Try `npm i --save-dev @types/node`.
lib/env.ts(68,24): error TS2580: Cannot find name 'process'. Do you need to install type definitions for node? Try `npm i --save-dev @types/node`.
lib/env.ts(69,22): error TS2580: Cannot find name 'process'. Do you need to install type definitions for node? Try `npm i --save-dev @types/node`.
lib/env.ts(70,25): error TS2580: Cannot find name 'process'. Do you need to install type definitions for node? Try `npm i --save-dev @types/node`.
lib/env.ts(71,23): error TS2580: Cannot find name 'process'. Do you need to install type definitions for node? Try `npm i --save-dev @types/node`.
lib/env.ts(72,27): error TS2580: Cannot find name 'process'. Do you need to install type definitions for node? Try `npm i --save-dev @types/node`.
lib/env.ts(73,22): error TS2580: Cannot find name 'process'. Do you need to install type definitions for node? Try `npm i --save-dev @types/node`.
lib/env.ts(74,23): error TS2580: Cannot find name 'process'. Do you need to install type definitions for node? Try `npm i --save-dev @types/node`.
lib/env.ts(75,25): error TS2580: Cannot find name 'process'. Do you need to install type definitions for node? Try `npm i --save-dev @types/node`.
lib/env.ts(78,26): error TS2580: Cannot find name 'process'. Do you need to install type definitions for node? Try `npm i --save-dev @types/node`.
lib/env.ts(79,30): error TS2580: Cannot find name 'process'. Do you need to install type definitions for node? Try `npm i --save-dev @types/node`.
lib/env.ts(80,31): error TS2580: Cannot find name 'process'. Do you need to install type definitions for node? Try `npm i --save-dev @types/node`.
lib/env.ts(81,29): error TS2580: Cannot find name 'process'. Do you need to install type definitions for node? Try `npm i --save-dev @types/node`.
lib/env.ts(82,30): error TS2580: Cannot find name 'process'. Do you need to install type definitions for node? Try `npm i --save-dev @types/node`.
lib/env.ts(88,21): error TS2580: Cannot find name 'process'. Do you need to install type definitions for node? Try `npm i --save-dev @types/node`.
lib/excel.ts(1,23): error TS2307: Cannot find module 'xlsx' or its corresponding type declarations.
lib/excel.ts(81,4): error TS2580: Cannot find name 'Buffer'. Do you need to install type definitions for node? Try `npm i --save-dev @types/node`.
lib/excel.ts(105,10): error TS2580: Cannot find name 'Buffer'. Do you need to install type definitions for node? Try `npm i --save-dev @types/node`.
lib/form-utils.ts(1,19): error TS2307: Cannot find module 'zod' or its corresponding type declarations.
lib/form-utils.ts(39,42): error TS7006: Parameter 'val' implicitly has an 'any' type.
lib/form-utils.ts(43,14): error TS7006: Parameter 'data' implicitly has an 'any' type.
lib/get-query-client.ts(1,39): error TS2307: Cannot find module '@tanstack/react-query' or its corresponding type declarations.
lib/get-query-client.ts(2,23): error TS2307: Cannot find module 'react' or its corresponding type declarations.
lib/get-query-client.ts(21,32): error TS7006: Parameter 'query' implicitly has an 'any' type.
lib/pdf.tsx(9,8): error TS2307: Cannot find module '@react-pdf/renderer' or its corresponding type declarations.
lib/pdf.tsx(208,5): error TS2875: This JSX tag requires the module path 'react/jsx-runtime' to exist, but none could be found. Make sure you have types for the appropriate package installed.
lib/pdf.tsx(352,12): error TS2580: Cannot find name 'Buffer'. Do you need to install type definitions for node? Try `npm i --save-dev @types/node`.
lib/pdf.tsx(364,24): error TS2580: Cannot find name 'Buffer'. Do you need to install type definitions for node? Try `npm i --save-dev @types/node`.
lib/pdf.tsx(365,35): error TS2580: Cannot find name 'Buffer'. Do you need to install type definitions for node? Try `npm i --save-dev @types/node`.
lib/pdf/invoice-pdf.tsx(10,8): error TS2307: Cannot find module '@react-pdf/renderer' or its corresponding type declarations.
lib/pdf/invoice-pdf.tsx(37,35): error TS7006: Parameter 'word' implicitly has an 'any' type.
lib/pdf/invoice-pdf.tsx(345,5): error TS2875: This JSX tag requires the module path 'react/jsx-runtime' to exist, but none could be found. Make sure you have types for the appropriate package installed.
lib/posthog.tsx(3,27): error TS2307: Cannot find module 'react' or its corresponding type declarations.
lib/posthog.tsx(7,10): error TS2875: This JSX tag requires the module path 'react/jsx-runtime' to exist, but none could be found. Make sure you have types for the appropriate package installed.
lib/query-client.tsx(3,37): error TS2307: Cannot find module '@tanstack/react-query' or its corresponding type declarations.
lib/query-client.tsx(4,36): error TS2307: Cannot find module '@tanstack/react-query-devtools' or its corresponding type declarations.
lib/query-client.tsx(5,32): error TS2307: Cannot find module 'react' or its corresponding type declarations.
lib/query-client.tsx(13,9): error TS2875: This JSX tag requires the module path 'react/jsx-runtime' to exist, but none could be found. Make sure you have types for the appropriate package installed.
lib/query-client.tsx(20,55): error TS2307: Cannot find module '@tanstack/react-query' or its corresponding type declarations.
lib/ssr-data.ts(9,25): error TS2307: Cannot find module 'next/headers' or its corresponding type declarations.
lib/ssr-data.ts(192,46): error TS2339: Property 'listMembers' does not exist on type 'ServiceClient'.
lib/ssr-data.ts(251,19): error TS2339: Property 'phone' does not exist on type 'MeResponse'.
lib/ssr-data.ts(255,30): error TS2339: Property 'twoFactorEnabled' does not exist on type 'MeResponse'.
lib/stores/auth-store.ts(3,24): error TS2307: Cannot find module 'zustand' or its corresponding type declarations.
lib/stores/auth-store.ts(4,25): error TS2307: Cannot find module 'zustand/middleware' or its corresponding type declarations.
lib/stores/auth-store.ts(31,6): error TS7006: Parameter 'set' implicitly has an 'any' type.
lib/stores/auth-store.ts(40,17): error TS7006: Parameter 'user' implicitly has an 'any' type.
lib/stores/auth-store.ts(46,20): error TS7006: Parameter 'session' implicitly has an 'any' type.
lib/stores/auth-store.ts(51,18): error TS7006: Parameter 'token' implicitly has an 'any' type.
lib/stores/auth-store.ts(56,20): error TS7006: Parameter 'isLoading' implicitly has an 'any' type.
lib/stores/auth-store.ts(72,20): error TS7006: Parameter 'state' implicitly has an 'any' type.
lib/stores/organization-store.ts(3,24): error TS2307: Cannot find module 'zustand' or its corresponding type declarations.
lib/stores/organization-store.ts(4,25): error TS2307: Cannot find module 'zustand/middleware' or its corresponding type declarations.
lib/stores/organization-store.ts(28,6): error TS7006: Parameter 'set' implicitly has an 'any' type.
lib/stores/organization-store.ts(35,31): error TS7006: Parameter 'org' implicitly has an 'any' type.
lib/stores/organization-store.ts(41,33): error TS7006: Parameter 'orgId' implicitly has an 'any' type.
lib/stores/organization-store.ts(48,26): error TS7006: Parameter 'orgs' implicitly has an 'any' type.
lib/stores/organization-store.ts(49,14): error TS7006: Parameter 'state' implicitly has an 'any' type.
lib/stores/organization-store.ts(52,26): error TS7006: Parameter 'org' implicitly has an 'any' type.
lib/stores/organization-store.ts(70,20): error TS7006: Parameter 'state' implicitly has an 'any' type.
lib/stores/ui-store.ts(3,24): error TS2307: Cannot find module 'zustand' or its corresponding type declarations.
lib/stores/ui-store.ts(4,25): error TS2307: Cannot find module 'zustand/middleware' or its corresponding type declarations.
lib/stores/ui-store.ts(77,6): error TS7006: Parameter 'set' implicitly has an 'any' type.
lib/stores/ui-store.ts(80,29): error TS7006: Parameter 'collapsed' implicitly has an 'any' type.
lib/stores/ui-store.ts(83,14): error TS7006: Parameter 'state' implicitly has an 'any' type.
lib/stores/ui-store.ts(87,27): error TS7006: Parameter 'open' implicitly has an 'any' type.
lib/stores/ui-store.ts(90,14): error TS7006: Parameter 'state' implicitly has an 'any' type.
lib/stores/ui-store.ts(94,36): error TS7006: Parameter 'open' implicitly has an 'any' type.
lib/stores/ui-store.ts(97,14): error TS7006: Parameter 'state' implicitly has an 'any' type.
lib/stores/ui-store.ts(100,28): error TS7006: Parameter 'open' implicitly has an 'any' type.
lib/stores/ui-store.ts(103,14): error TS7006: Parameter 'state' implicitly has an 'any' type.
lib/stores/ui-store.ts(106,30): error TS7006: Parameter 'open' implicitly has an 'any' type.
lib/stores/ui-store.ts(109,14): error TS7006: Parameter 'state' implicitly has an 'any' type.
lib/stores/ui-store.ts(113,19): error TS7006: Parameter 'modalId' implicitly has an 'any' type.
lib/stores/ui-store.ts(114,14): error TS7006: Parameter 'state' implicitly has an 'any' type.
lib/stores/ui-store.ts(117,20): error TS7006: Parameter 'modalId' implicitly has an 'any' type.
lib/stores/ui-store.ts(118,14): error TS7006: Parameter 'state' implicitly has an 'any' type.
lib/stores/ui-store.ts(128,25): error TS7006: Parameter 'notification' implicitly has an 'any' type.
lib/stores/ui-store.ts(129,14): error TS7006: Parameter 'state' implicitly has an 'any' type.
lib/stores/ui-store.ts(139,28): error TS7006: Parameter 'id' implicitly has an 'any' type.
lib/stores/ui-store.ts(140,14): error TS7006: Parameter 'state' implicitly has an 'any' type.
lib/stores/ui-store.ts(141,54): error TS7006: Parameter 'n' implicitly has an 'any' type.
lib/stores/ui-store.ts(148,20): error TS7006: Parameter 'key' implicitly has an 'any' type.
lib/stores/ui-store.ts(148,25): error TS7006: Parameter 'loading' implicitly has an 'any' type.
lib/stores/ui-store.ts(149,14): error TS7006: Parameter 'state' implicitly has an 'any' type.
lib/stores/ui-store.ts(162,27): error TS7006: Parameter 'key' implicitly has an 'any' type.
lib/stores/ui-store.ts(162,32): error TS7006: Parameter 'value' implicitly has an 'any' type.
lib/stores/ui-store.ts(163,14): error TS7006: Parameter 'state' implicitly has an 'any' type.
lib/stores/ui-store.ts(173,20): error TS7006: Parameter 'state' implicitly has an 'any' type.
lib/theme-provider.tsx(3,24): error TS2307: Cannot find module 'react' or its corresponding type declarations.
lib/theme-provider.tsx(115,5): error TS2875: This JSX tag requires the module path 'react/jsx-runtime' to exist, but none could be found. Make sure you have types for the appropriate package installed.
lib/utils/auth-sync.ts(3,32): error TS2307: Cannot find module '@tanstack/react-query' or its corresponding type declarations.
lib/validations.ts(1,19): error TS2307: Cannot find module 'zod' or its corresponding type declarations.
lib/validations.ts(48,12): error TS7006: Parameter 'data' implicitly has an 'any' type.
lib/validations.ts(60,12): error TS7006: Parameter 'data' implicitly has an 'any' type.
lib/validations.ts(69,12): error TS7006: Parameter 'data' implicitly has an 'any' type.
lib/validations.ts(72,12): error TS7006: Parameter 'data' implicitly has an 'any' type.
lib/validations.ts(144,12): error TS7006: Parameter 'data' implicitly has an 'any' type.
mocks/browser.ts(8,29): error TS2307: Cannot find module 'msw/browser' or its corresponding type declarations.
mocks/db/collections.ts(8,28): error TS2307: Cannot find module '@msw/data' or its corresponding type declarations.
mocks/db/collections.ts(9,25): error TS2307: Cannot find module '@msw/data/extensions/persist' or its corresponding type declarations.
mocks/db/schemas.ts(8,19): error TS2307: Cannot find module 'zod' or its corresponding type declarations.
mocks/db/seed.ts(8,23): error TS2307: Cannot find module '@faker-js/faker' or its corresponding type declarations.
mocks/db/seed.ts(89,50): error TS7006: Parameter 'q' implicitly has an 'any' type.
mocks/db/seed.ts(97,47): error TS7006: Parameter 'q' implicitly has an 'any' type.
mocks/db/seed.ts(98,46): error TS7006: Parameter 'q' implicitly has an 'any' type.
mocks/db/seed.ts(131,52): error TS7006: Parameter 'q' implicitly has an 'any' type.
mocks/db/seed.ts(183,56): error TS7006: Parameter 'q' implicitly has an 'any' type.
mocks/db/seed.ts(300,50): error TS7006: Parameter 'q' implicitly has an 'any' type.
mocks/db/seed.ts(304,44): error TS7006: Parameter 'q' implicitly has an 'any' type.
mocks/db/seed.ts(310,37): error TS7006: Parameter 'c' implicitly has an 'any' type.
mocks/db/seed.ts(331,50): error TS7006: Parameter 'q' implicitly has an 'any' type.
mocks/db/seed.ts(415,49): error TS7006: Parameter 'q' implicitly has an 'any' type.
mocks/db/seed.ts(431,55): error TS7006: Parameter 'q' implicitly has an 'any' type.
mocks/db/seed.ts(456,47): error TS7006: Parameter 'q' implicitly has an 'any' type.
mocks/db/seed.ts(526,47): error TS7006: Parameter 'q' implicitly has an 'any' type.
mocks/db/seed.ts(527,51): error TS7006: Parameter 'q' implicitly has an 'any' type.
mocks/db/seed.ts(528,47): error TS7006: Parameter 'q' implicitly has an 'any' type.
mocks/db/seed.ts(532,42): error TS7006: Parameter 'c' implicitly has an 'any' type.
mocks/db/seed.ts(534,43): error TS7006: Parameter 'e' implicitly has an 'any' type.
mocks/db/seed.ts(535,40): error TS7006: Parameter 'e' implicitly has an 'any' type.
mocks/db/seed.ts(535,78): error TS7006: Parameter 'sum' implicitly has an 'any' type.
mocks/db/seed.ts(535,83): error TS7006: Parameter 'e' implicitly has an 'any' type.
mocks/handlers/auth.ts(5,22): error TS2307: Cannot find module 'msw' or its corresponding type declarations.
mocks/handlers/auth.ts(20,48): error TS7031: Binding element 'request' implicitly has an 'any' type.
mocks/handlers/auth.ts(31,31): error TS7006: Parameter 'o' implicitly has an 'any' type.
mocks/handlers/auth.ts(46,51): error TS7031: Binding element 'request' implicitly has an 'any' type.
mocks/handlers/auth.ts(65,31): error TS7006: Parameter 'o' implicitly has an 'any' type.
mocks/handlers/auth.ts(79,49): error TS7031: Binding element 'params' implicitly has an 'any' type.
mocks/handlers/auth.ts(83,50): error TS7006: Parameter 'q' implicitly has an 'any' type.
mocks/handlers/campaigns.ts(7,22): error TS2307: Cannot find module 'msw' or its corresponding type declarations.
mocks/handlers/campaigns.ts(20,42): error TS7006: Parameter 'q' implicitly has an 'any' type.
mocks/handlers/campaigns.ts(42,46): error TS7031: Binding element 'request' implicitly has an 'any' type.
mocks/handlers/campaigns.ts(51,44): error TS7006: Parameter 'q' implicitly has an 'any' type.
mocks/handlers/campaigns.ts(54,36): error TS7006: Parameter 'c' implicitly has an 'any' type.
mocks/handlers/campaigns.ts(57,21): error TS7006: Parameter 'a' implicitly has an 'any' type.
mocks/handlers/campaigns.ts(57,24): error TS7006: Parameter 'b' implicitly has an 'any' type.
mocks/handlers/campaigns.ts(66,50): error TS7031: Binding element 'params' implicitly has an 'any' type.
mocks/handlers/campaigns.ts(70,46): error TS7006: Parameter 'q' implicitly has an 'any' type.
mocks/handlers/campaigns.ts(79,47): error TS7031: Binding element 'request' implicitly has an 'any' type.
mocks/handlers/campaigns.ts(125,50): error TS7031: Binding element 'params' implicitly has an 'any' type.
mocks/handlers/campaigns.ts(125,58): error TS7031: Binding element 'request' implicitly has an 'any' type.
mocks/handlers/campaigns.ts(130,46): error TS7006: Parameter 'q' implicitly has an 'any' type.
mocks/handlers/campaigns.ts(148,53): error TS7031: Binding element 'params' implicitly has an 'any' type.
mocks/handlers/campaigns.ts(152,46): error TS7006: Parameter 'q' implicitly has an 'any' type.
mocks/handlers/campaigns.ts(165,60): error TS7031: Binding element 'params' implicitly has an 'any' type.
mocks/handlers/campaigns.ts(169,46): error TS7006: Parameter 'q' implicitly has an 'any' type.
mocks/handlers/campaigns.ts(178,57): error TS7031: Binding element 'params' implicitly has an 'any' type.
mocks/handlers/campaigns.ts(182,46): error TS7006: Parameter 'q' implicitly has an 'any' type.
mocks/handlers/campaigns.ts(191,62): error TS7031: Binding element 'params' implicitly has an 'any' type.
mocks/handlers/campaigns.ts(191,70): error TS7031: Binding element 'request' implicitly has an 'any' type.
mocks/handlers/campaigns.ts(199,46): error TS7006: Parameter 'q' implicitly has an 'any' type.
mocks/handlers/campaigns.ts(204,50): error TS7006: Parameter 'q' implicitly has an 'any' type.
mocks/handlers/campaigns.ts(212,56): error TS7031: Binding element 'params' implicitly has an 'any' type.
mocks/handlers/campaigns.ts(216,46): error TS7006: Parameter 'q' implicitly has an 'any' type.
mocks/handlers/campaigns.ts(221,50): error TS7006: Parameter 'q' implicitly has an 'any' type.
mocks/handlers/campaigns.ts(225,47): error TS7006: Parameter 'e' implicitly has an 'any' type.
mocks/handlers/campaigns.ts(226,46): error TS7006: Parameter 'e' implicitly has an 'any' type.
mocks/handlers/campaigns.ts(227,47): error TS7006: Parameter 'e' implicitly has an 'any' type.
mocks/handlers/campaigns.ts(228,39): error TS7006: Parameter 'e' implicitly has an 'any' type.
mocks/handlers/campaigns.ts(228,77): error TS7006: Parameter 'sum' implicitly has an 'any' type.
mocks/handlers/campaigns.ts(228,82): error TS7006: Parameter 'e' implicitly has an 'any' type.
mocks/handlers/campaigns.ts(233,58): error TS7031: Binding element 'params' implicitly has an 'any' type.
mocks/handlers/campaigns.ts(237,46): error TS7006: Parameter 'q' implicitly has an 'any' type.
mocks/handlers/campaigns.ts(246,62): error TS7031: Binding element 'params' implicitly has an 'any' type.
mocks/handlers/campaigns.ts(250,46): error TS7006: Parameter 'q' implicitly has an 'any' type.
mocks/handlers/campaigns.ts(266,58): error TS7031: Binding element 'params' implicitly has an 'any' type.
mocks/handlers/campaigns.ts(270,46): error TS7006: Parameter 'q' implicitly has an 'any' type.
mocks/handlers/campaigns.ts(286,59): error TS7031: Binding element 'params' implicitly has an 'any' type.
mocks/handlers/campaigns.ts(290,46): error TS7006: Parameter 'q' implicitly has an 'any' type.
mocks/handlers/campaigns.ts(299,61): error TS7031: Binding element 'params' implicitly has an 'any' type.
mocks/handlers/campaigns.ts(303,46): error TS7006: Parameter 'q' implicitly has an 'any' type.
mocks/handlers/categories.ts(5,22): error TS2307: Cannot find module 'msw' or its corresponding type declarations.
mocks/handlers/categories.ts(23,51): error TS7031: Binding element 'params' implicitly has an 'any' type.
mocks/handlers/categories.ts(25,22): error TS2304: Cannot find name 'mockCategories'.
mocks/handlers/categories.ts(25,42): error TS7006: Parameter 'c' implicitly has an 'any' type.
mocks/handlers/categories.ts(31,60): error TS7031: Binding element 'params' implicitly has an 'any' type.
mocks/handlers/categories.ts(31,68): error TS7031: Binding element 'request' implicitly has an 'any' type.
mocks/handlers/categories.ts(37,47): error TS7006: Parameter 'q' implicitly has an 'any' type.
mocks/handlers/categories.ts(40,44): error TS7006: Parameter 'q' implicitly has an 'any' type.
mocks/handlers/dashboard.ts(8,22): error TS2307: Cannot find module 'msw' or its corresponding type declarations.
mocks/handlers/dashboard.ts(17,67): error TS7031: Binding element 'params' implicitly has an 'any' type.
mocks/handlers/dashboard.ts(22,49): error TS7006: Parameter 'q' implicitly has an 'any' type.
mocks/handlers/dashboard.ts(23,39): error TS7006: Parameter 'q' implicitly has an 'any' type.
mocks/handlers/dashboard.ts(26,57): error TS7006: Parameter 'q' implicitly has an 'any' type.
mocks/handlers/dashboard.ts(27,39): error TS7006: Parameter 'q' implicitly has an 'any' type.
mocks/handlers/dashboard.ts(30,49): error TS7006: Parameter 'q' implicitly has an 'any' type.
mocks/handlers/dashboard.ts(31,53): error TS7006: Parameter 'q' implicitly has an 'any' type.
mocks/handlers/dashboard.ts(40,44): error TS7006: Parameter 'c' implicitly has an 'any' type.
mocks/handlers/dashboard.ts(41,43): error TS7006: Parameter 'c' implicitly has an 'any' type.
mocks/handlers/dashboard.ts(42,44): error TS7006: Parameter 'c' implicitly has an 'any' type.
mocks/handlers/dashboard.ts(43,47): error TS7006: Parameter 'c' implicitly has an 'any' type.
mocks/handlers/dashboard.ts(44,39): error TS7006: Parameter 'c' implicitly has an 'any' type.
mocks/handlers/dashboard.ts(49,49): error TS7006: Parameter 'e' implicitly has an 'any' type.
mocks/handlers/dashboard.ts(50,50): error TS7006: Parameter 'e' implicitly has an 'any' type.
mocks/handlers/dashboard.ts(51,50): error TS7006: Parameter 'e' implicitly has an 'any' type.
mocks/handlers/dashboard.ts(53,47): error TS7006: Parameter 'e' implicitly has an 'any' type.
mocks/handlers/dashboard.ts(59,53): error TS7006: Parameter 'e' implicitly has an 'any' type.
mocks/handlers/dashboard.ts(67,55): error TS7006: Parameter 'e' implicitly has an 'any' type.
mocks/handlers/dashboard.ts(74,41): error TS7006: Parameter 'e' implicitly has an 'any' type.
mocks/handlers/dashboard.ts(75,41): error TS7006: Parameter 'e' implicitly has an 'any' type.
mocks/handlers/dashboard.ts(76,40): error TS7006: Parameter 'e' implicitly has an 'any' type.
mocks/handlers/dashboard.ts(81,45): error TS7006: Parameter 'c' implicitly has an 'any' type.
mocks/handlers/dashboard.ts(82,42): error TS7006: Parameter 'c' implicitly has an 'any' type.
mocks/handlers/dashboard.ts(83,57): error TS7006: Parameter 'e' implicitly has an 'any' type.
mocks/handlers/dashboard.ts(84,56): error TS7006: Parameter 'e' implicitly has an 'any' type.
mocks/handlers/dashboard.ts(86,46): error TS7006: Parameter 'q' implicitly has an 'any' type.
mocks/handlers/dashboard.ts(102,39): error TS7006: Parameter 'e' implicitly has an 'any' type.
mocks/handlers/dashboard.ts(103,39): error TS7006: Parameter 'e' implicitly has an 'any' type.
mocks/handlers/dashboard.ts(104,38): error TS7006: Parameter 'e' implicitly has an 'any' type.
mocks/handlers/dashboard.ts(109,15): error TS7006: Parameter 'e' implicitly has an 'any' type.
mocks/handlers/dashboard.ts(111,12): error TS7006: Parameter 'e' implicitly has an 'any' type.
mocks/handlers/dashboard.ts(112,50): error TS7006: Parameter 'q' implicitly has an 'any' type.
mocks/handlers/dashboard.ts(113,59): error TS7006: Parameter 'q' implicitly has an 'any' type.
mocks/handlers/deliverables.ts(5,22): error TS2307: Cannot find module 'msw' or its corresponding type declarations.
mocks/handlers/deliverables.ts(25,53): error TS7031: Binding element 'params' implicitly has an 'any' type.
mocks/handlers/deliverables.ts(33,71): error TS7031: Binding element 'params' implicitly has an 'any' type.
mocks/handlers/deliverables.ts(37,60): error TS7006: Parameter 'q' implicitly has an 'any' type.
mocks/handlers/enrollments.ts(7,22): error TS2307: Cannot find module 'msw' or its corresponding type declarations.
mocks/handlers/enrollments.ts(25,48): error TS7031: Binding element 'request' implicitly has an 'any' type.
mocks/handlers/enrollments.ts(35,48): error TS7006: Parameter 'q' implicitly has an 'any' type.
mocks/handlers/enrollments.ts(38,40): error TS7006: Parameter 'e' implicitly has an 'any' type.
mocks/handlers/enrollments.ts(41,40): error TS7006: Parameter 'e' implicitly has an 'any' type.
mocks/handlers/enrollments.ts(44,23): error TS7006: Parameter 'a' implicitly has an 'any' type.
mocks/handlers/enrollments.ts(44,26): error TS7006: Parameter 'b' implicitly has an 'any' type.
mocks/handlers/enrollments.ts(53,51): error TS7031: Binding element 'request' implicitly has an 'any' type.
mocks/handlers/enrollments.ts(61,48): error TS7006: Parameter 'q' implicitly has an 'any' type.
mocks/handlers/enrollments.ts(64,40): error TS7006: Parameter 'e' implicitly has an 'any' type.
mocks/handlers/enrollments.ts(74,52): error TS7031: Binding element 'params' implicitly has an 'any' type.
mocks/handlers/enrollments.ts(75,11): error TS2304: Cannot find name 'delay'.
mocks/handlers/enrollments.ts(75,17): error TS2304: Cannot find name 'DELAY'.
mocks/handlers/enrollments.ts(85,50): error TS7006: Parameter 'q' implicitly has an 'any' type.
mocks/handlers/enrollments.ts(94,61): error TS7031: Binding element 'params' implicitly has an 'any' type.
mocks/handlers/enrollments.ts(98,50): error TS7006: Parameter 'q' implicitly has an 'any' type.
mocks/handlers/enrollments.ts(115,60): error TS7031: Binding element 'params' implicitly has an 'any' type.
mocks/handlers/enrollments.ts(115,68): error TS7031: Binding element 'request' implicitly has an 'any' type.
mocks/handlers/enrollments.ts(120,50): error TS7006: Parameter 'q' implicitly has an 'any' type.
mocks/handlers/enrollments.ts(136,69): error TS7031: Binding element 'params' implicitly has an 'any' type.
mocks/handlers/enrollments.ts(140,50): error TS7006: Parameter 'q' implicitly has an 'any' type.
mocks/handlers/enrollments.ts(153,63): error TS7031: Binding element 'request' implicitly has an 'any' type.
mocks/handlers/enrollments.ts(165,52): error TS7006: Parameter 'q' implicitly has an 'any' type.
mocks/handlers/enrollments.ts(179,62): error TS7031: Binding element 'request' implicitly has an 'any' type.
mocks/handlers/enrollments.ts(191,52): error TS7006: Parameter 'q' implicitly has an 'any' type.
mocks/handlers/enrollments.ts(205,70): error TS7031: Binding element 'params' implicitly has an 'any' type.
mocks/handlers/enrollments.ts(205,78): error TS7031: Binding element 'request' implicitly has an 'any' type.
mocks/handlers/enrollments.ts(214,46): error TS7006: Parameter 'q' implicitly has an 'any' type.
mocks/handlers/enrollments.ts(219,48): error TS7006: Parameter 'q' implicitly has an 'any' type.
mocks/handlers/enrollments.ts(222,40): error TS7006: Parameter 'e' implicitly has an 'any' type.
mocks/handlers/enrollments.ts(232,75): error TS7031: Binding element 'params' implicitly has an 'any' type.
mocks/handlers/enrollments.ts(233,11): error TS2304: Cannot find name 'delay'.
mocks/handlers/enrollments.ts(233,17): error TS2304: Cannot find name 'DELAY'.
mocks/handlers/enrollments.ts(238,46): error TS7006: Parameter 'q' implicitly has an 'any' type.
mocks/handlers/enrollments.ts(243,50): error TS7006: Parameter 'q' implicitly has an 'any' type.
mocks/handlers/enrollments.ts(247,46): error TS7006: Parameter 'e' implicitly has an 'any' type.
mocks/handlers/enrollments.ts(248,42): error TS7006: Parameter 'e' implicitly has an 'any' type.
mocks/handlers/enrollments.ts(249,44): error TS7006: Parameter 'e' implicitly has an 'any' type.
mocks/handlers/enrollments.ts(250,36): error TS7006: Parameter 'e' implicitly has an 'any' type.
mocks/handlers/enrollments.ts(251,36): error TS7006: Parameter 'e' implicitly has an 'any' type.
mocks/handlers/enrollments.ts(252,44): error TS7006: Parameter 'sum' implicitly has an 'any' type.
mocks/handlers/enrollments.ts(252,49): error TS7006: Parameter 'e' implicitly has an 'any' type.
mocks/handlers/enrollments.ts(253,40): error TS7006: Parameter 'e' implicitly has an 'any' type.
mocks/handlers/enrollments.ts(253,78): error TS7006: Parameter 'sum' implicitly has an 'any' type.
mocks/handlers/enrollments.ts(253,83): error TS7006: Parameter 'e' implicitly has an 'any' type.
mocks/handlers/invoices.ts(5,22): error TS2307: Cannot find module 'msw' or its corresponding type declarations.
mocks/handlers/invoices.ts(11,45): error TS7031: Binding element 'request' implicitly has an 'any' type.
mocks/handlers/invoices.ts(19,42): error TS7006: Parameter 'q' implicitly has an 'any' type.
mocks/handlers/invoices.ts(22,34): error TS7006: Parameter 'i' implicitly has an 'any' type.
mocks/handlers/invoices.ts(25,20): error TS7006: Parameter 'a' implicitly has an 'any' type.
mocks/handlers/invoices.ts(25,23): error TS7006: Parameter 'b' implicitly has an 'any' type.
mocks/handlers/invoices.ts(28,45): error TS7006: Parameter 'i' implicitly has an 'any' type.
mocks/handlers/invoices.ts(55,49): error TS7031: Binding element 'params' implicitly has an 'any' type.
mocks/handlers/invoices.ts(59,44): error TS7006: Parameter 'q' implicitly has an 'any' type.
mocks/handlers/invoices.ts(85,66): error TS7031: Binding element 'params' implicitly has an 'any' type.
mocks/handlers/invoices.ts(85,74): error TS7031: Binding element 'request' implicitly has an 'any' type.
mocks/handlers/invoices.ts(86,11): error TS2304: Cannot find name 'delay'.
mocks/handlers/invoices.ts(86,17): error TS2304: Cannot find name 'DELAY'.
mocks/handlers/invoices.ts(94,44): error TS7006: Parameter 'q' implicitly has an 'any' type.
mocks/handlers/invoices.ts(97,45): error TS7006: Parameter 'i' implicitly has an 'any' type.
mocks/handlers/notifications.ts(5,22): error TS2307: Cannot find module 'msw' or its corresponding type declarations.
mocks/handlers/notifications.ts(11,50): error TS7031: Binding element 'request' implicitly has an 'any' type.
mocks/handlers/notifications.ts(17,54): error TS7006: Parameter 'q' implicitly has an 'any' type.
mocks/handlers/notifications.ts(18,14): error TS7006: Parameter 'a' implicitly has an 'any' type.
mocks/handlers/notifications.ts(18,17): error TS7006: Parameter 'b' implicitly has an 'any' type.
mocks/handlers/notifications.ts(21,50): error TS7006: Parameter 'n' implicitly has an 'any' type.
mocks/handlers/notifications.ts(34,54): error TS7006: Parameter 'q' implicitly has an 'any' type.
mocks/handlers/notifications.ts(35,46): error TS7006: Parameter 'n' implicitly has an 'any' type.
mocks/handlers/notifications.ts(40,60): error TS7031: Binding element 'params' implicitly has an 'any' type.
mocks/handlers/notifications.ts(41,11): error TS2304: Cannot find name 'delay'.
mocks/handlers/notifications.ts(41,17): error TS2304: Cannot find name 'DELAY'.
mocks/handlers/notifications.ts(44,54): error TS7006: Parameter 'q' implicitly has an 'any' type.
mocks/handlers/onboarding.ts(5,22): error TS2307: Cannot find module 'msw' or its corresponding type declarations.
mocks/handlers/onboarding.ts(10,55): error TS7031: Binding element 'request' implicitly has an 'any' type.
mocks/handlers/organizations.ts(5,22): error TS2307: Cannot find module 'msw' or its corresponding type declarations.
mocks/handlers/organizations.ts(20,31): error TS7006: Parameter 'o' implicitly has an 'any' type.
mocks/handlers/organizations.ts(30,54): error TS7031: Binding element 'params' implicitly has an 'any' type.
mocks/handlers/organizations.ts(32,52): error TS7006: Parameter 'q' implicitly has an 'any' type.
mocks/handlers/organizations.ts(48,11): error TS2304: Cannot find name 'delay'.
mocks/handlers/organizations.ts(48,17): error TS2304: Cannot find name 'DELAY'.
mocks/handlers/organizations.ts(51,52): error TS7006: Parameter 'q' implicitly has an 'any' type.
mocks/handlers/organizations.ts(52,45): error TS7006: Parameter 'q' implicitly has an 'any' type.
mocks/handlers/organizations.ts(67,54): error TS7031: Binding element 'params' implicitly has an 'any' type.
mocks/handlers/organizations.ts(67,62): error TS7031: Binding element 'request' implicitly has an 'any' type.
mocks/handlers/organizations.ts(71,52): error TS7006: Parameter 'q' implicitly has an 'any' type.
mocks/handlers/organizations.ts(87,51): error TS7031: Binding element 'request' implicitly has an 'any' type.
mocks/handlers/platforms.ts(5,22): error TS2307: Cannot find module 'msw' or its corresponding type declarations.
mocks/handlers/platforms.ts(29,50): error TS7031: Binding element 'params' implicitly has an 'any' type.
mocks/handlers/platforms.ts(30,11): error TS2304: Cannot find name 'delay'.
mocks/handlers/platforms.ts(30,17): error TS2304: Cannot find name 'DELAY'.
mocks/handlers/platforms.ts(32,46): error TS7006: Parameter 'q' implicitly has an 'any' type.
mocks/handlers/products.ts(7,22): error TS2307: Cannot find module 'msw' or its corresponding type declarations.
mocks/handlers/products.ts(20,44): error TS7006: Parameter 'q' implicitly has an 'any' type.
mocks/handlers/products.ts(31,45): error TS7031: Binding element 'request' implicitly has an 'any' type.
mocks/handlers/products.ts(42,42): error TS7006: Parameter 'q' implicitly has an 'any' type.
mocks/handlers/products.ts(45,34): error TS7006: Parameter 'p' implicitly has an 'any' type.
mocks/handlers/products.ts(48,34): error TS7006: Parameter 'p' implicitly has an 'any' type.
mocks/handlers/products.ts(52,34): error TS7006: Parameter 'p' implicitly has an 'any' type.
mocks/handlers/products.ts(58,20): error TS7006: Parameter 'a' implicitly has an 'any' type.
mocks/handlers/products.ts(58,23): error TS7006: Parameter 'b' implicitly has an 'any' type.
mocks/handlers/products.ts(67,49): error TS7031: Binding element 'params' implicitly has an 'any' type.
mocks/handlers/products.ts(71,44): error TS7006: Parameter 'q' implicitly has an 'any' type.
mocks/handlers/products.ts(80,46): error TS7031: Binding element 'request' implicitly has an 'any' type.
mocks/handlers/products.ts(106,49): error TS7031: Binding element 'params' implicitly has an 'any' type.
mocks/handlers/products.ts(106,57): error TS7031: Binding element 'request' implicitly has an 'any' type.
mocks/handlers/products.ts(107,11): error TS2304: Cannot find name 'delay'.
mocks/handlers/products.ts(107,17): error TS2304: Cannot find name 'DELAY'.
mocks/handlers/products.ts(113,44): error TS7006: Parameter 'q' implicitly has an 'any' type.
mocks/handlers/products.ts(123,52): error TS7031: Binding element 'params' implicitly has an 'any' type.
mocks/handlers/products.ts(127,44): error TS7006: Parameter 'q' implicitly has an 'any' type.
mocks/handlers/products.ts(132,46): error TS7006: Parameter 'q' implicitly has an 'any' type.
mocks/handlers/products.ts(142,31): error TS2304: Cannot find name 'mockCategories'.
mocks/handlers/products.ts(142,47): error TS2304: Cannot find name 'mockCategories'.
mocks/handlers/products.ts(147,31): error TS2304: Cannot find name 'mockPlatforms'.
mocks/handlers/products.ts(147,46): error TS2304: Cannot find name 'mockPlatforms'.
mocks/handlers/products.ts(151,59): error TS7031: Binding element 'request' implicitly has an 'any' type.
mocks/handlers/profile.ts(5,22): error TS2307: Cannot find module 'msw' or its corresponding type declarations.
mocks/handlers/profile.ts(28,11): error TS2304: Cannot find name 'delay'.
mocks/handlers/profile.ts(28,17): error TS2304: Cannot find name 'DELAY'.
mocks/handlers/profile.ts(33,44): error TS7031: Binding element 'request' implicitly has an 'any' type.
mocks/handlers/profile.ts(44,60): error TS7031: Binding element 'params' implicitly has an 'any' type.
mocks/handlers/profile.ts(45,11): error TS2304: Cannot find name 'delay'.
mocks/handlers/profile.ts(45,17): error TS2304: Cannot find name 'DELAY'.
mocks/handlers/profile.ts(54,61): error TS7031: Binding element 'request' implicitly has an 'any' type.
mocks/handlers/profile.ts(55,11): error TS2304: Cannot find name 'delay'.
mocks/handlers/profile.ts(55,17): error TS2304: Cannot find name 'DELAY'.
mocks/handlers/profile.ts(65,11): error TS2304: Cannot find name 'delay'.
mocks/handlers/profile.ts(65,17): error TS2304: Cannot find name 'DELAY'.
mocks/handlers/profile.ts(70,45): error TS7031: Binding element 'request' implicitly has an 'any' type.
mocks/handlers/settings.ts(5,22): error TS2307: Cannot find module 'msw' or its corresponding type declarations.
mocks/handlers/settings.ts(11,66): error TS7031: Binding element 'params' implicitly has an 'any' type.
mocks/handlers/settings.ts(13,57): error TS7006: Parameter 'q' implicitly has an 'any' type.
mocks/handlers/settings.ts(19,66): error TS7031: Binding element 'params' implicitly has an 'any' type.
mocks/handlers/settings.ts(19,74): error TS7031: Binding element 'request' implicitly has an 'any' type.
mocks/handlers/settings.ts(22,57): error TS7006: Parameter 'q' implicitly has an 'any' type.
mocks/handlers/settings.ts(28,71): error TS7031: Binding element 'params' implicitly has an 'any' type.
mocks/handlers/settings.ts(30,48): error TS7006: Parameter 'q' implicitly has an 'any' type.
mocks/handlers/settings.ts(35,72): error TS7031: Binding element 'request' implicitly has an 'any' type.
mocks/handlers/settings.ts(51,61): error TS7031: Binding element 'params' implicitly has an 'any' type.
mocks/handlers/settings.ts(53,42): error TS7006: Parameter 'q' implicitly has an 'any' type.
mocks/handlers/settings.ts(62,61): error TS7031: Binding element 'params' implicitly has an 'any' type.
mocks/handlers/settings.ts(62,69): error TS7031: Binding element 'request' implicitly has an 'any' type.
mocks/handlers/settings.ts(65,42): error TS7006: Parameter 'q' implicitly has an 'any' type.
mocks/handlers/storage.ts(5,22): error TS2307: Cannot find module 'msw' or its corresponding type declarations.
mocks/handlers/storage.ts(10,56): error TS7031: Binding element 'request' implicitly has an 'any' type.
mocks/handlers/storage.ts(24,57): error TS7031: Binding element 'request' implicitly has an 'any' type.
mocks/handlers/team.ts(7,22): error TS2307: Cannot find module 'msw' or its corresponding type declarations.
mocks/handlers/team.ts(39,65): error TS7031: Binding element 'params' implicitly has an 'any' type.
mocks/handlers/team.ts(39,73): error TS7031: Binding element 'request' implicitly has an 'any' type.
mocks/handlers/team.ts(47,44): error TS7006: Parameter 'q' implicitly has an 'any' type.
mocks/handlers/team.ts(50,32): error TS7006: Parameter 'm' implicitly has an 'any' type.
mocks/handlers/team.ts(60,75): error TS7031: Binding element 'params' implicitly has an 'any' type.
mocks/handlers/team.ts(63,46): error TS7006: Parameter 'q' implicitly has an 'any' type.
mocks/handlers/team.ts(72,77): error TS7031: Binding element 'params' implicitly has an 'any' type.
mocks/handlers/team.ts(72,85): error TS7031: Binding element 'request' implicitly has an 'any' type.
mocks/handlers/team.ts(76,46): error TS7006: Parameter 'q' implicitly has an 'any' type.
mocks/handlers/team.ts(89,78): error TS7031: Binding element 'params' implicitly has an 'any' type.
mocks/handlers/team.ts(92,46): error TS7006: Parameter 'q' implicitly has an 'any' type.
mocks/handlers/team.ts(105,70): error TS7031: Binding element 'params' implicitly has an 'any' type.
mocks/handlers/team.ts(105,78): error TS7031: Binding element 'request' implicitly has an 'any' type.
mocks/handlers/team.ts(106,11): error TS2304: Cannot find name 'delay'.
mocks/handlers/team.ts(106,17): error TS2304: Cannot find name 'DELAY'.
mocks/handlers/team.ts(139,69): error TS7031: Binding element 'params' implicitly has an 'any' type.
mocks/handlers/team.ts(142,50): error TS7006: Parameter 'q' implicitly has an 'any' type.
mocks/handlers/team.ts(145,36): error TS7006: Parameter 'inv' implicitly has an 'any' type.
mocks/handlers/team.ts(156,86): error TS7031: Binding element 'params' implicitly has an 'any' type.
mocks/handlers/team.ts(159,50): error TS7006: Parameter 'q' implicitly has an 'any' type.
mocks/handlers/typed-responses.ts(8,30): error TS2307: Cannot find module 'msw' or its corresponding type declarations.
mocks/handlers/typed-responses.ts(114,36): error TS2694: Namespace '"C:/Users/Shivam Gupta/Downloads/BACKEND+FRONTEND/Hypedrive Brand/lib/encore-client".organizations' has no exported member 'Member'.
mocks/handlers/utils.ts(10,30): error TS2307: Cannot find module 'msw' or its corresponding type declarations.
mocks/handlers/utils.ts(27,32): error TS2580: Cannot find name 'process'. Do you need to install type definitions for node? Try `npm i --save-dev @types/node`.
mocks/handlers/wallet.ts(7,22): error TS2307: Cannot find module 'msw' or its corresponding type declarations.
mocks/handlers/wallet.ts(19,64): error TS7031: Binding element 'params' implicitly has an 'any' type.
mocks/handlers/wallet.ts(23,49): error TS7006: Parameter 'q' implicitly has an 'any' type.
mocks/handlers/wallet.ts(24,39): error TS7006: Parameter 'q' implicitly has an 'any' type.
mocks/handlers/wallet.ts(50,49): error TS7006: Parameter 'q' implicitly has an 'any' type.
mocks/handlers/wallet.ts(51,39): error TS7006: Parameter 'q' implicitly has an 'any' type.
mocks/handlers/wallet.ts(72,60): error TS7031: Binding element 'request' implicitly has an 'any' type.
mocks/handlers/wallet.ts(79,52): error TS7006: Parameter 'q' implicitly has an 'any' type.
mocks/handlers/wallet.ts(84,33): error TS7006: Parameter 't' implicitly has an 'any' type.
mocks/handlers/wallet.ts(95,77): error TS7031: Binding element 'params' implicitly has an 'any' type.
mocks/handlers/wallet.ts(95,85): error TS7031: Binding element 'request' implicitly has an 'any' type.
mocks/handlers/wallet.ts(102,52): error TS7006: Parameter 'q' implicitly has an 'any' type.
mocks/handlers/wallet.ts(107,33): error TS7006: Parameter 't' implicitly has an 'any' type.
mocks/handlers/wallet.ts(118,70): error TS7031: Binding element 'params' implicitly has an 'any' type.
mocks/handlers/wallet.ts(120,44): error TS7006: Parameter 'q' implicitly has an 'any' type.
mocks/handlers/wallet.ts(123,24): error TS7006: Parameter 'h' implicitly has an 'any' type.
mocks/handlers/wallet.ts(131,72): error TS7031: Binding element 'params' implicitly has an 'any' type.
mocks/handlers/wallet.ts(131,80): error TS7031: Binding element 'request' implicitly has an 'any' type.
mocks/handlers/wallet.ts(135,49): error TS7006: Parameter 'q' implicitly has an 'any' type.
mocks/handlers/wallet.ts(150,74): error TS7031: Binding element 'params' implicitly has an 'any' type.
mocks/handlers/wallet.ts(150,82): error TS7031: Binding element 'request' implicitly has an 'any' type.
mocks/handlers/wallet.ts(154,49): error TS7006: Parameter 'q' implicitly has an 'any' type.
mocks/handlers/wallet.ts(172,69): error TS7031: Binding element 'params' implicitly has an 'any' type.
mocks/handlers/wallet.ts(172,77): error TS7031: Binding element 'request' implicitly has an 'any' type.
mocks/handlers/wallet.ts(189,52): error TS7031: Binding element 'params' implicitly has an 'any' type.
mocks/handlers/wallet.ts(218,60): error TS7031: Binding element 'params' implicitly has an 'any' type.
mocks/handlers/wallet.ts(230,11): error TS2304: Cannot find name 'delay'.
mocks/handlers/wallet.ts(230,17): error TS2304: Cannot find name 'DELAY'.
mocks/handlers/wallet.ts(233,49): error TS7006: Parameter 'q' implicitly has an 'any' type.
mocks/handlers/wallet.ts(234,39): error TS7006: Parameter 'q' implicitly has an 'any' type.
mocks/handlers/wallet.ts(249,56): error TS7031: Binding element 'request' implicitly has an 'any' type.
mocks/handlers/wallet.ts(256,52): error TS7006: Parameter 'q' implicitly has an 'any' type.
mocks/handlers/wallet.ts(261,33): error TS7006: Parameter 't' implicitly has an 'any' type.
mocks/index.ts(10,7): error TS2580: Cannot find name 'process'. Do you need to install type definitions for node? Try `npm i --save-dev @types/node`.
mocks/index.ts(16,7): error TS2580: Cannot find name 'process'. Do you need to install type definitions for node? Try `npm i --save-dev @types/node`.
mocks/server.ts(6,29): error TS2307: Cannot find module 'msw/node' or its corresponding type declarations.
next.config.ts(1,33): error TS2307: Cannot find module 'next' or its corresponding type declarations.
next.config.ts(36,15): error TS7006: Parameter 'config' implicitly has an 'any' type.
next.config.ts(36,25): error TS7031: Binding element 'isServer' implicitly has an 'any' type.
utils/cn.ts(1,39): error TS2307: Cannot find module 'clsx' or its corresponding type declarations.
utils/cn.ts(2,25): error TS2307: Cannot find module 'tailwind-merge' or its corresponding type declarations.
utils/polymorphic.ts(1,24): error TS2307: Cannot find module 'react' or its corresponding type declarations.
utils/recursive-clone-children.ts(1,24): error TS2307: Cannot find module 'react' or its corresponding type declarations.
utils/recursive-clone-children.ts(20,40): error TS7006: Parameter 'child' implicitly has an 'any' type.
utils/recursive-clone-children.ts(20,47): error TS7006: Parameter 'index' implicitly has an 'any' type.
utils/tv.ts(5,56): error TS2307: Cannot find module 'tailwind-variants' or its corresponding type declarations.
